Assuming your lab1 executable is at ./412fe
Running 522 tests...
❌ /clear/courses/comp412/students/ILOC/blocks/lab2/block7.i failed!
- Summary:
	Y
	o
	u
	 
	i
	d
	e
	n
	t
	i
	f
	i
	e
	d
	 
	0
	/
	0
	 
	e
	r
	r
	o
	r
	s
	 
	c
	o
	r
	r
	e
	c
	t
	l
	y
	.
	Y
	o
	u
	 
	i
	d
	e
	n
	t
	i
	f
	i
	e
	d
	 
	0
	 
	c
	o
	r
	r
	e
	c
	t
	 
	l
	i
	n
	e
	s
	 
	a
	s
	 
	e
	r
	r
	o
	r
	s
	.
	Y
	o
	u
	 
	d
	o
	 
	n
	o
	t
	 
	h
	a
	v
	e
	 
	a
	 
	s
	u
	c
	c
	e
	s
	s
	 
	m
	e
	s
	s
	a
	g
	e
	 
	w
	h
	i
	l
	e
	 
	t
	h
	e
	 
	r
	e
	f
	e
	r
	e
	n
	c
	e
	 
	d
	o
	e
	s
	.
	N
	O
	T
	E
	:
	 
	Y
	o
	u
	r
	 
	s
	u
	c
	c
	e
	s
	s
	 
	m
	e
	s
	s
	a
	g
	e
	 
	m
	u
	s
	t
	 
	c
	o
	n
	t
	a
	i
	n
	 
	t
	h
	e
	 
	w
	o
	r
	d
	 
	"
	(
	S
	|
	s
	)
	u
	c
	c
	e
	e
	d
	e
	d
	"
	,
	 
	"
	(
	S
	|
	s
	)
	u
	c
	c
	e
	s
	s
	"
	,
	 
	"
	S
	U
	C
	C
	E
	S
	S
	"
	,
	 
	o
	r
	 
	"
	S
	U
	C
	C
	E
	E
	D
	E
	D
	"
	;
	 
	t
	h
	i
	s
	 
	c
	a
	n
	 
	b
	e
	 
	c
	h
	a
	n
	g
	e
	d
	 
	i
	n
	 
	r
	u
	n
	n
	e
	r
	.
	p
	y
	.
- Reference output:
	P
	a
	r
	s
	e
	 
	s
	u
	c
	c
	e
	e
	d
	e
	d
	,
	 
	f
	i
	n
	d
	i
	n
	g
	 
	4
	7
	 
	I
	L
	O
	C
	 
	o
	p
	e
	r
	a
	t
	i
	o
	n
	s
	.
- Your output:
	P
	O
	O
	 
	P
	O
	O
	O
	 
	P
	O
	O
	

	M
	u
	s
	t
	 
	s
	p
	e
	c
	i
	f
	y
	 
	a
	 
	f
	i
	l
	e
	 
	n
	a
	m
	e
	 
	a
	f
	t
	e
	r
	 
	t
	h
	e
	 
	f
	l
	a
	g
	.
❌ /clear/courses/comp412/students/ILOC/blocks/lab2/block12.i failed!
- Summary:
	Y
	o
	u
	 
	i
	d
	e
	n
	t
	i
	f
	i
	e
	d
	 
	0
	/
	0
	 
	e
	r
	r
	o
	r
	s
	 
	c
	o
	r
	r
	e
	c
	t
	l
	y
	.
	Y
	o
	u
	 
	i
	d
	e
	n
	t
	i
	f
	i
	e
	d
	 
	0
	 
	c
	o
	r
	r
	e
	c
	t
	 
	l
	i
	n
	e
	s
	 
	a
	s
	 
	e
	r
	r
	o
	r
	s
	.
	Y
	o
	u
	 
	d
	o
	 
	n
	o
	t
	 
	h
	a
	v
	e
	 
	a
	 
	s
	u
	c
	c
	e
	s
	s
	 
	m
	e
	s
	s
	a
	g
	e
	 
	w
	h
	i
	l
	e
	 
	t
	h
	e
	 
	r
	e
	f
	e
	r
	e
	n
	c
	e
	 
	d
	o
	e
	s
	.
	N
	O
	T
	E
	:
	 
	Y
	o
	u
	r
	 
	s
	u
	c
	c
	e
	s
	s
	 
	m
	e
	s
	s
	a
	g
	e
	 
	m
	u
	s
	t
	 
	c
	o
	n
	t
	a
	i
	n
	 
	t
	h
	e
	 
	w
	o
	r
	d
	 
	"
	(
	S
	|
	s
	)
	u
	c
	c
	e
	e
	d
	e
	d
	"
	,
	 
	"
	(
	S
	|
	s
	)
	u
	c
	c
	e
	s
	s
	"
	,
	 
	"
	S
	U
	C
	C
	E
	S
	S
	"
	,
	 
	o
	r
	 
	"
	S
	U
	C
	C
	E
	E
	D
	E
	D
	"
	;
	 
	t
	h
	i
	s
	 
	c
	a
	n
	 
	b
	e
	 
	c
	h
	a
	n
	g
	e
	d
	 
	i
	n
	 
	r
	u
	n
	n
	e
	r
	.
	p
	y
	.
- Reference output:
	P
	a
	r
	s
	e
	 
	s
	u
	c
	c
	e
	e
	d
	e
	d
	,
	 
	f
	i
	n
	d
	i
	n
	g
	 
	6
	1
	 
	I
	L
	O
	C
	 
	o
	p
	e
	r
	a
	t
	i
	o
	n
	s
	.
- Your output:
	P
	O
	O
	 
	P
	O
	O
	O
	 
	P
	O
	O
	

	M
	u
	s
	t
	 
	s
	p
	e
	c
	i
	f
	y
	 
	a
	 
	f
	i
	l
	e
	 
	n
	a
	m
	e
	 
	a
	f
	t
	e
	r
	 
	t
	h
	e
	 
	f
	l
	a
	g
	.
❌ /clear/courses/comp412/students/ILOC/blocks/lab2/block9.i failed!
- Summary:
	Y
	o
	u
	 
	i
	d
	e
	n
	t
	i
	f
	i
	e
	d
	 
	0
	/
	0
	 
	e
	r
	r
	o
	r
	s
	 
	c
	o
	r
	r
	e
	c
	t
	l
	y
	.
	Y
	o
	u
	 
	i
	d
	e
	n
	t
	i
	f
	i
	e
	d
	 
	0
	 
	c
	o
	r
	r
	e
	c
	t
	 
	l
	i
	n
	e
	s
	 
	a
	s
	 
	e
	r
	r
	o
	r
	s
	.
	Y
	o
	u
	 
	d
	o
	 
	n
	o
	t
	 
	h
	a
	v
	e
	 
	a
	 
	s
	u
	c
	c
	e
	s
	s
	 
	m
	e
	s
	s
	a
	g
	e
	 
	w
	h
	i
	l
	e
	 
	t
	h
	e
	 
	r
	e
	f
	e
	r
	e
	n
	c
	e
	 
	d
	o
	e
	s
	.
	N
	O
	T
	E
	:
	 
	Y
	o
	u
	r
	 
	s
	u
	c
	c
	e
	s
	s
	 
	m
	e
	s
	s
	a
	g
	e
	 
	m
	u
	s
	t
	 
	c
	o
	n
	t
	a
	i
	n
	 
	t
	h
	e
	 
	w
	o
	r
	d
	 
	"
	(
	S
	|
	s
	)
	u
	c
	c
	e
	e
	d
	e
	d
	"
	,
	 
	"
	(
	S
	|
	s
	)
	u
	c
	c
	e
	s
	s
	"
	,
	 
	"
	S
	U
	C
	C
	E
	S
	S
	"
	,
	 
	o
	r
	 
	"
	S
	U
	C
	C
	E
	E
	D
	E
	D
	"
	;
	 
	t
	h
	i
	s
	 
	c
	a
	n
	 
	b
	e
	 
	c
	h
	a
	n
	g
	e
	d
	 
	i
	n
	 
	r
	u
	n
	n
	e
	r
	.
	p
	y
	.
- Reference output:
	P
	a
	r
	s
	e
	 
	s
	u
	c
	c
	e
	e
	d
	e
	d
	,
	 
	f
	i
	n
	d
	i
	n
	g
	 
	4
	7
	 
	I
	L
	O
	C
	 
	o
	p
	e
	r
	a
	t
	i
	o
	n
	s
	.
- Your output:
	P
	O
	O
	 
	P
	O
	O
	O
	 
	P
	O
	O
	

	M
	u
	s
	t
	 
	s
	p
	e
	c
	i
	f
	y
	 
	a
	 
	f
	i
	l
	e
	 
	n
	a
	m
	e
	 
	a
	f
	t
	e
	r
	 
	t
	h
	e
	 
	f
	l
	a
	g
	.
❌ /clear/courses/comp412/students/ILOC/blocks/lab2/block8.i failed!
- Summary:
	Y
	o
	u
	 
	i
	d
	e
	n
	t
	i
	f
	i
	e
	d
	 
	0
	/
	0
	 
	e
	r
	r
	o
	r
	s
	 
	c
	o
	r
	r
	e
	c
	t
	l
	y
	.
	Y
	o
	u
	 
	i
	d
	e
	n
	t
	i
	f
	i
	e
	d
	 
	0
	 
	c
	o
	r
	r
	e
	c
	t
	 
	l
	i
	n
	e
	s
	 
	a
	s
	 
	e
	r
	r
	o
	r
	s
	.
	Y
	o
	u
	 
	d
	o
	 
	n
	o
	t
	 
	h
	a
	v
	e
	 
	a
	 
	s
	u
	c
	c
	e
	s
	s
	 
	m
	e
	s
	s
	a
	g
	e
	 
	w
	h
	i
	l
	e
	 
	t
	h
	e
	 
	r
	e
	f
	e
	r
	e
	n
	c
	e
	 
	d
	o
	e
	s
	.
	N
	O
	T
	E
	:
	 
	Y
	o
	u
	r
	 
	s
	u
	c
	c
	e
	s
	s
	 
	m
	e
	s
	s
	a
	g
	e
	 
	m
	u
	s
	t
	 
	c
	o
	n
	t
	a
	i
	n
	 
	t
	h
	e
	 
	w
	o
	r
	d
	 
	"
	(
	S
	|
	s
	)
	u
	c
	c
	e
	e
	d
	e
	d
	"
	,
	 
	"
	(
	S
	|
	s
	)
	u
	c
	c
	e
	s
	s
	"
	,
	 
	"
	S
	U
	C
	C
	E
	S
	S
	"
	,
	 
	o
	r
	 
	"
	S
	U
	C
	C
	E
	E
	D
	E
	D
	"
	;
	 
	t
	h
	i
	s
	 
	c
	a
	n
	 
	b
	e
	 
	c
	h
	a
	n
	g
	e
	d
	 
	i
	n
	 
	r
	u
	n
	n
	e
	r
	.
	p
	y
	.
- Reference output:
	P
	a
	r
	s
	e
	 
	s
	u
	c
	c
	e
	e
	d
	e
	d
	,
	 
	f
	i
	n
	d
	i
	n
	g
	 
	3
	5
	 
	I
	L
	O
	C
	 
	o
	p
	e
	r
	a
	t
	i
	o
	n
	s
	.
- Your output:
	P
	O
	O
	 
	P
	O
	O
	O
	 
	P
	O
	O
	

	M
	u
	s
	t
	 
	s
	p
	e
	c
	i
	f
	y
	 
	a
	 
	f
	i
	l
	e
	 
	n
	a
	m
	e
	 
	a
	f
	t
	e
	r
	 
	t
	h
	e
	 
	f
	l
	a
	g
	.
❌ /clear/courses/comp412/students/ILOC/blocks/lab2/block6.i failed!
- Summary:
	Y
	o
	u
	 
	i
	d
	e
	n
	t
	i
	f
	i
	e
	d
	 
	0
	/
	0
	 
	e
	r
	r
	o
	r
	s
	 
	c
	o
	r
	r
	e
	c
	t
	l
	y
	.
	Y
	o
	u
	 
	i
	d
	e
	n
	t
	i
	f
	i
	e
	d
	 
	0
	 
	c
	o
	r
	r
	e
	c
	t
	 
	l
	i
	n
	e
	s
	 
	a
	s
	 
	e
	r
	r
	o
	r
	s
	.
	Y
	o
	u
	 
	d
	o
	 
	n
	o
	t
	 
	h
	a
	v
	e
	 
	a
	 
	s
	u
	c
	c
	e
	s
	s
	 
	m
	e
	s
	s
	a
	g
	e
	 
	w
	h
	i
	l
	e
	 
	t
	h
	e
	 
	r
	e
	f
	e
	r
	e
	n
	c
	e
	 
	d
	o
	e
	s
	.
	N
	O
	T
	E
	:
	 
	Y
	o
	u
	r
	 
	s
	u
	c
	c
	e
	s
	s
	 
	m
	e
	s
	s
	a
	g
	e
	 
	m
	u
	s
	t
	 
	c
	o
	n
	t
	a
	i
	n
	 
	t
	h
	e
	 
	w
	o
	r
	d
	 
	"
	(
	S
	|
	s
	)
	u
	c
	c
	e
	e
	d
	e
	d
	"
	,
	 
	"
	(
	S
	|
	s
	)
	u
	c
	c
	e
	s
	s
	"
	,
	 
	"
	S
	U
	C
	C
	E
	S
	S
	"
	,
	 
	o
	r
	 
	"
	S
	U
	C
	C
	E
	E
	D
	E
	D
	"
	;
	 
	t
	h
	i
	s
	 
	c
	a
	n
	 
	b
	e
	 
	c
	h
	a
	n
	g
	e
	d
	 
	i
	n
	 
	r
	u
	n
	n
	e
	r
	.
	p
	y
	.
- Reference output:
	P
	a
	r
	s
	e
	 
	s
	u
	c
	c
	e
	e
	d
	e
	d
	,
	 
	f
	i
	n
	d
	i
	n
	g
	 
	5
	2
	 
	I
	L
	O
	C
	 
	o
	p
	e
	r
	a
	t
	i
	o
	n
	s
	.
- Your output:
	P
	O
	O
	 
	P
	O
	O
	O
	 
	P
	O
	O
	

	M
	u
	s
	t
	 
	s
	p
	e
	c
	i
	f
	y
	 
	a
	 
	f
	i
	l
	e
	 
	n
	a
	m
	e
	 
	a
	f
	t
	e
	r
	 
	t
	h
	e
	 
	f
	l
	a
	g
	.
❌ /clear/courses/comp412/students/ILOC/blocks/lab2/block11.i failed!
- Summary:
	Y
	o
	u
	 
	i
	d
	e
	n
	t
	i
	f
	i
	e
	d
	 
	0
	/
	0
	 
	e
	r
	r
	o
	r
	s
	 
	c
	o
	r
	r
	e
	c
	t
	l
	y
	.
	Y
	o
	u
	 
	i
	d
	e
	n
	t
	i
	f
	i
	e
	d
	 
	0
	 
	c
	o
	r
	r
	e
	c
	t
	 
	l
	i
	n
	e
	s
	 
	a
	s
	 
	e
	r
	r
	o
	r
	s
	.
	Y
	o
	u
	 
	d
	o
	 
	n
	o
	t
	 
	h
	a
	v
	e
	 
	a
	 
	s
	u
	c
	c
	e
	s
	s
	 
	m
	e
	s
	s
	a
	g
	e
	 
	w
	h
	i
	l
	e
	 
	t
	h
	e
	 
	r
	e
	f
	e
	r
	e
	n
	c
	e
	 
	d
	o
	e
	s
	.
	N
	O
	T
	E
	:
	 
	Y
	o
	u
	r
	 
	s
	u
	c
	c
	e
	s
	s
	 
	m
	e
	s
	s
	a
	g
	e
	 
	m
	u
	s
	t
	 
	c
	o
	n
	t
	a
	i
	n
	 
	t
	h
	e
	 
	w
	o
	r
	d
	 
	"
	(
	S
	|
	s
	)
	u
	c
	c
	e
	e
	d
	e
	d
	"
	,
	 
	"
	(
	S
	|
	s
	)
	u
	c
	c
	e
	s
	s
	"
	,
	 
	"
	S
	U
	C
	C
	E
	S
	S
	"
	,
	 
	o
	r
	 
	"
	S
	U
	C
	C
	E
	E
	D
	E
	D
	"
	;
	 
	t
	h
	i
	s
	 
	c
	a
	n
	 
	b
	e
	 
	c
	h
	a
	n
	g
	e
	d
	 
	i
	n
	 
	r
	u
	n
	n
	e
	r
	.
	p
	y
	.
- Reference output:
	P
	a
	r
	s
	e
	 
	s
	u
	c
	c
	e
	e
	d
	e
	d
	,
	 
	f
	i
	n
	d
	i
	n
	g
	 
	4
	5
	 
	I
	L
	O
	C
	 
	o
	p
	e
	r
	a
	t
	i
	o
	n
	s
	.
- Your output:
	P
	O
	O
	 
	P
	O
	O
	O
	 
	P
	O
	O
	

	M
	u
	s
	t
	 
	s
	p
	e
	c
	i
	f
	y
	 
	a
	 
	f
	i
	l
	e
	 
	n
	a
	m
	e
	 
	a
	f
	t
	e
	r
	 
	t
	h
	e
	 
	f
	l
	a
	g
	.
❌ /clear/courses/comp412/students/ILOC/blocks/lab2/block5.i failed!
- Summary:
	Y
	o
	u
	 
	i
	d
	e
	n
	t
	i
	f
	i
	e
	d
	 
	0
	/
	0
	 
	e
	r
	r
	o
	r
	s
	 
	c
	o
	r
	r
	e
	c
	t
	l
	y
	.
	Y
	o
	u
	 
	i
	d
	e
	n
	t
	i
	f
	i
	e
	d
	 
	0
	 
	c
	o
	r
	r
	e
	c
	t
	 
	l
	i
	n
	e
	s
	 
	a
	s
	 
	e
	r
	r
	o
	r
	s
	.
	Y
	o
	u
	 
	d
	o
	 
	n
	o
	t
	 
	h
	a
	v
	e
	 
	a
	 
	s
	u
	c
	c
	e
	s
	s
	 
	m
	e
	s
	s
	a
	g
	e
	 
	w
	h
	i
	l
	e
	 
	t
	h
	e
	 
	r
	e
	f
	e
	r
	e
	n
	c
	e
	 
	d
	o
	e
	s
	.
	N
	O
	T
	E
	:
	 
	Y
	o
	u
	r
	 
	s
	u
	c
	c
	e
	s
	s
	 
	m
	e
	s
	s
	a
	g
	e
	 
	m
	u
	s
	t
	 
	c
	o
	n
	t
	a
	i
	n
	 
	t
	h
	e
	 
	w
	o
	r
	d
	 
	"
	(
	S
	|
	s
	)
	u
	c
	c
	e
	e
	d
	e
	d
	"
	,
	 
	"
	(
	S
	|
	s
	)
	u
	c
	c
	e
	s
	s
	"
	,
	 
	"
	S
	U
	C
	C
	E
	S
	S
	"
	,
	 
	o
	r
	 
	"
	S
	U
	C
	C
	E
	E
	D
	E
	D
	"
	;
	 
	t
	h
	i
	s
	 
	c
	a
	n
	 
	b
	e
	 
	c
	h
	a
	n
	g
	e
	d
	 
	i
	n
	 
	r
	u
	n
	n
	e
	r
	.
	p
	y
	.
- Reference output:
	P
	a
	r
	s
	e
	 
	s
	u
	c
	c
	e
	e
	d
	e
	d
	,
	 
	f
	i
	n
	d
	i
	n
	g
	 
	7
	2
	 
	I
	L
	O
	C
	 
	o
	p
	e
	r
	a
	t
	i
	o
	n
	s
	.
- Your output:
	P
	O
	O
	 
	P
	O
	O
	O
	 
	P
	O
	O
	

	M
	u
	s
	t
	 
	s
	p
	e
	c
	i
	f
	y
	 
	a
	 
	f
	i
	l
	e
	 
	n
	a
	m
	e
	 
	a
	f
	t
	e
	r
	 
	t
	h
	e
	 
	f
	l
	a
	g
	.
❌ /clear/courses/comp412/students/ILOC/blocks/lab2/block4.i failed!
- Summary:
	Y
	o
	u
	 
	i
	d
	e
	n
	t
	i
	f
	i
	e
	d
	 
	0
	/
	0
	 
	e
	r
	r
	o
	r
	s
	 
	c
	o
	r
	r
	e
	c
	t
	l
	y
	.
	Y
	o
	u
	 
	i
	d
	e
	n
	t
	i
	f
	i
	e
	d
	 
	0
	 
	c
	o
	r
	r
	e
	c
	t
	 
	l
	i
	n
	e
	s
	 
	a
	s
	 
	e
	r
	r
	o
	r
	s
	.
	Y
	o
	u
	 
	d
	o
	 
	n
	o
	t
	 
	h
	a
	v
	e
	 
	a
	 
	s
	u
	c
	c
	e
	s
	s
	 
	m
	e
	s
	s
	a
	g
	e
	 
	w
	h
	i
	l
	e
	 
	t
	h
	e
	 
	r
	e
	f
	e
	r
	e
	n
	c
	e
	 
	d
	o
	e
	s
	.
	N
	O
	T
	E
	:
	 
	Y
	o
	u
	r
	 
	s
	u
	c
	c
	e
	s
	s
	 
	m
	e
	s
	s
	a
	g
	e
	 
	m
	u
	s
	t
	 
	c
	o
	n
	t
	a
	i
	n
	 
	t
	h
	e
	 
	w
	o
	r
	d
	 
	"
	(
	S
	|
	s
	)
	u
	c
	c
	e
	e
	d
	e
	d
	"
	,
	 
	"
	(
	S
	|
	s
	)
	u
	c
	c
	e
	s
	s
	"
	,
	 
	"
	S
	U
	C
	C
	E
	S
	S
	"
	,
	 
	o
	r
	 
	"
	S
	U
	C
	C
	E
	E
	D
	E
	D
	"
	;
	 
	t
	h
	i
	s
	 
	c
	a
	n
	 
	b
	e
	 
	c
	h
	a
	n
	g
	e
	d
	 
	i
	n
	 
	r
	u
	n
	n
	e
	r
	.
	p
	y
	.
- Reference output:
	P
	a
	r
	s
	e
	 
	s
	u
	c
	c
	e
	e
	d
	e
	d
	,
	 
	f
	i
	n
	d
	i
	n
	g
	 
	2
	4
	 
	I
	L
	O
	C
	 
	o
	p
	e
	r
	a
	t
	i
	o
	n
	s
	.
- Your output:
	P
	O
	O
	 
	P
	O
	O
	O
	 
	P
	O
	O
	

	M
	u
	s
	t
	 
	s
	p
	e
	c
	i
	f
	y
	 
	a
	 
	f
	i
	l
	e
	 
	n
	a
	m
	e
	 
	a
	f
	t
	e
	r
	 
	t
	h
	e
	 
	f
	l
	a
	g
	.
❌ /clear/courses/comp412/students/ILOC/blocks/lab2/block3.i failed!
- Summary:
	Y
	o
	u
	 
	i
	d
	e
	n
	t
	i
	f
	i
	e
	d
	 
	0
	/
	0
	 
	e
	r
	r
	o
	r
	s
	 
	c
	o
	r
	r
	e
	c
	t
	l
	y
	.
	Y
	o
	u
	 
	i
	d
	e
	n
	t
	i
	f
	i
	e
	d
	 
	0
	 
	c
	o
	r
	r
	e
	c
	t
	 
	l
	i
	n
	e
	s
	 
	a
	s
	 
	e
	r
	r
	o
	r
	s
	.
	Y
	o
	u
	 
	d
	o
	 
	n
	o
	t
	 
	h
	a
	v
	e
	 
	a
	 
	s
	u
	c
	c
	e
	s
	s
	 
	m
	e
	s
	s
	a
	g
	e
	 
	w
	h
	i
	l
	e
	 
	t
	h
	e
	 
	r
	e
	f
	e
	r
	e
	n
	c
	e
	 
	d
	o
	e
	s
	.
	N
	O
	T
	E
	:
	 
	Y
	o
	u
	r
	 
	s
	u
	c
	c
	e
	s
	s
	 
	m
	e
	s
	s
	a
	g
	e
	 
	m
	u
	s
	t
	 
	c
	o
	n
	t
	a
	i
	n
	 
	t
	h
	e
	 
	w
	o
	r
	d
	 
	"
	(
	S
	|
	s
	)
	u
	c
	c
	e
	e
	d
	e
	d
	"
	,
	 
	"
	(
	S
	|
	s
	)
	u
	c
	c
	e
	s
	s
	"
	,
	 
	"
	S
	U
	C
	C
	E
	S
	S
	"
	,
	 
	o
	r
	 
	"
	S
	U
	C
	C
	E
	E
	D
	E
	D
	"
	;
	 
	t
	h
	i
	s
	 
	c
	a
	n
	 
	b
	e
	 
	c
	h
	a
	n
	g
	e
	d
	 
	i
	n
	 
	r
	u
	n
	n
	e
	r
	.
	p
	y
	.
- Reference output:
	P
	a
	r
	s
	e
	 
	s
	u
	c
	c
	e
	e
	d
	e
	d
	,
	 
	f
	i
	n
	d
	i
	n
	g
	 
	2
	4
	 
	I
	L
	O
	C
	 
	o
	p
	e
	r
	a
	t
	i
	o
	n
	s
	.
- Your output:
	P
	O
	O
	 
	P
	O
	O
	O
	 
	P
	O
	O
	

	M
	u
	s
	t
	 
	s
	p
	e
	c
	i
	f
	y
	 
	a
	 
	f
	i
	l
	e
	 
	n
	a
	m
	e
	 
	a
	f
	t
	e
	r
	 
	t
	h
	e
	 
	f
	l
	a
	g
	.
❌ /clear/courses/comp412/students/ILOC/blocks/lab2/block2.i failed!
- Summary:
	Y
	o
	u
	 
	i
	d
	e
	n
	t
	i
	f
	i
	e
	d
	 
	0
	/
	0
	 
	e
	r
	r
	o
	r
	s
	 
	c
	o
	r
	r
	e
	c
	t
	l
	y
	.
	Y
	o
	u
	 
	i
	d
	e
	n
	t
	i
	f
	i
	e
	d
	 
	0
	 
	c
	o
	r
	r
	e
	c
	t
	 
	l
	i
	n
	e
	s
	 
	a
	s
	 
	e
	r
	r
	o
	r
	s
	.
	Y
	o
	u
	 
	d
	o
	 
	n
	o
	t
	 
	h
	a
	v
	e
	 
	a
	 
	s
	u
	c
	c
	e
	s
	s
	 
	m
	e
	s
	s
	a
	g
	e
	 
	w
	h
	i
	l
	e
	 
	t
	h
	e
	 
	r
	e
	f
	e
	r
	e
	n
	c
	e
	 
	d
	o
	e
	s
	.
	N
	O
	T
	E
	:
	 
	Y
	o
	u
	r
	 
	s
	u
	c
	c
	e
	s
	s
	 
	m
	e
	s
	s
	a
	g
	e
	 
	m
	u
	s
	t
	 
	c
	o
	n
	t
	a
	i
	n
	 
	t
	h
	e
	 
	w
	o
	r
	d
	 
	"
	(
	S
	|
	s
	)
	u
	c
	c
	e
	e
	d
	e
	d
	"
	,
	 
	"
	(
	S
	|
	s
	)
	u
	c
	c
	e
	s
	s
	"
	,
	 
	"
	S
	U
	C
	C
	E
	S
	S
	"
	,
	 
	o
	r
	 
	"
	S
	U
	C
	C
	E
	E
	D
	E
	D
	"
	;
	 
	t
	h
	i
	s
	 
	c
	a
	n
	 
	b
	e
	 
	c
	h
	a
	n
	g
	e
	d
	 
	i
	n
	 
	r
	u
	n
	n
	e
	r
	.
	p
	y
	.
- Reference output:
	P
	a
	r
	s
	e
	 
	s
	u
	c
	c
	e
	e
	d
	e
	d
	,
	 
	f
	i
	n
	d
	i
	n
	g
	 
	5
	7
	 
	I
	L
	O
	C
	 
	o
	p
	e
	r
	a
	t
	i
	o
	n
	s
	.
- Your output:
	P
	O
	O
	 
	P
	O
	O
	O
	 
	P
	O
	O
	

	M
	u
	s
	t
	 
	s
	p
	e
	c
	i
	f
	y
	 
	a
	 
	f
	i
	l
	e
	 
	n
	a
	m
	e
	 
	a
	f
	t
	e
	r
	 
	t
	h
	e
	 
	f
	l
	a
	g
	.
❌ /clear/courses/comp412/students/ILOC/blocks/lab2/block10.i failed!
- Summary:
	Y
	o
	u
	 
	i
	d
	e
	n
	t
	i
	f
	i
	e
	d
	 
	0
	/
	0
	 
	e
	r
	r
	o
	r
	s
	 
	c
	o
	r
	r
	e
	c
	t
	l
	y
	.
	Y
	o
	u
	 
	i
	d
	e
	n
	t
	i
	f
	i
	e
	d
	 
	0
	 
	c
	o
	r
	r
	e
	c
	t
	 
	l
	i
	n
	e
	s
	 
	a
	s
	 
	e
	r
	r
	o
	r
	s
	.
	Y
	o
	u
	 
	d
	o
	 
	n
	o
	t
	 
	h
	a
	v
	e
	 
	a
	 
	s
	u
	c
	c
	e
	s
	s
	 
	m
	e
	s
	s
	a
	g
	e
	 
	w
	h
	i
	l
	e
	 
	t
	h
	e
	 
	r
	e
	f
	e
	r
	e
	n
	c
	e
	 
	d
	o
	e
	s
	.
	N
	O
	T
	E
	:
	 
	Y
	o
	u
	r
	 
	s
	u
	c
	c
	e
	s
	s
	 
	m
	e
	s
	s
	a
	g
	e
	 
	m
	u
	s
	t
	 
	c
	o
	n
	t
	a
	i
	n
	 
	t
	h
	e
	 
	w
	o
	r
	d
	 
	"
	(
	S
	|
	s
	)
	u
	c
	c
	e
	e
	d
	e
	d
	"
	,
	 
	"
	(
	S
	|
	s
	)
	u
	c
	c
	e
	s
	s
	"
	,
	 
	"
	S
	U
	C
	C
	E
	S
	S
	"
	,
	 
	o
	r
	 
	"
	S
	U
	C
	C
	E
	E
	D
	E
	D
	"
	;
	 
	t
	h
	i
	s
	 
	c
	a
	n
	 
	b
	e
	 
	c
	h
	a
	n
	g
	e
	d
	 
	i
	n
	 
	r
	u
	n
	n
	e
	r
	.
	p
	y
	.
- Reference output:
	P
	a
	r
	s
	e
	 
	s
	u
	c
	c
	e
	e
	d
	e
	d
	,
	 
	f
	i
	n
	d
	i
	n
	g
	 
	4
	3
	 
	I
	L
	O
	C
	 
	o
	p
	e
	r
	a
	t
	i
	o
	n
	s
	.
- Your output:
	P
	O
	O
	 
	P
	O
	O
	O
	 
	P
	O
	O
	

	M
	u
	s
	t
	 
	s
	p
	e
	c
	i
	f
	y
	 
	a
	 
	f
	i
	l
	e
	 
	n
	a
	m
	e
	 
	a
	f
	t
	e
	r
	 
	t
	h
	e
	 
	f
	l
	a
	g
	.
❌ /clear/courses/comp412/students/ILOC/blocks/lab2/block1.i failed!
- Summary:
	Y
	o
	u
	 
	i
	d
	e
	n
	t
	i
	f
	i
	e
	d
	 
	0
	/
	0
	 
	e
	r
	r
	o
	r
	s
	 
	c
	o
	r
	r
	e
	c
	t
	l
	y
	.
	Y
	o
	u
	 
	i
	d
	e
	n
	t
	i
	f
	i
	e
	d
	 
	0
	 
	c
	o
	r
	r
	e
	c
	t
	 
	l
	i
	n
	e
	s
	 
	a
	s
	 
	e
	r
	r
	o
	r
	s
	.
	Y
	o
	u
	 
	d
	o
	 
	n
	o
	t
	 
	h
	a
	v
	e
	 
	a
	 
	s
	u
	c
	c
	e
	s
	s
	 
	m
	e
	s
	s
	a
	g
	e
	 
	w
	h
	i
	l
	e
	 
	t
	h
	e
	 
	r
	e
	f
	e
	r
	e
	n
	c
	e
	 
	d
	o
	e
	s
	.
	N
	O
	T
	E
	:
	 
	Y
	o
	u
	r
	 
	s
	u
	c
	c
	e
	s
	s
	 
	m
	e
	s
	s
	a
	g
	e
	 
	m
	u
	s
	t
	 
	c
	o
	n
	t
	a
	i
	n
	 
	t
	h
	e
	 
	w
	o
	r
	d
	 
	"
	(
	S
	|
	s
	)
	u
	c
	c
	e
	e
	d
	e
	d
	"
	,
	 
	"
	(
	S
	|
	s
	)
	u
	c
	c
	e
	s
	s
	"
	,
	 
	"
	S
	U
	C
	C
	E
	S
	S
	"
	,
	 
	o
	r
	 
	"
	S
	U
	C
	C
	E
	E
	D
	E
	D
	"
	;
	 
	t
	h
	i
	s
	 
	c
	a
	n
	 
	b
	e
	 
	c
	h
	a
	n
	g
	e
	d
	 
	i
	n
	 
	r
	u
	n
	n
	e
	r
	.
	p
	y
	.
- Reference output:
	P
	a
	r
	s
	e
	 
	s
	u
	c
	c
	e
	e
	d
	e
	d
	,
	 
	f
	i
	n
	d
	i
	n
	g
	 
	6
	8
	 
	I
	L
	O
	C
	 
	o
	p
	e
	r
	a
	t
	i
	o
	n
	s
	.
- Your output:
	P
	O
	O
	 
	P
	O
	O
	O
	 
	P
	O
	O
	

	M
	u
	s
	t
	 
	s
	p
	e
	c
	i
	f
	y
	 
	a
	 
	f
	i
	l
	e
	 
	n
	a
	m
	e
	 
	a
	f
	t
	e
	r
	 
	t
	h
	e
	 
	f
	l
	a
	g
	.
❌ /clear/courses/comp412/students/ILOC/contributed/2012/lab3/unrelated_stores.i failed!
- Summary:
	Y
	o
	u
	 
	i
	d
	e
	n
	t
	i
	f
	i
	e
	d
	 
	0
	/
	0
	 
	e
	r
	r
	o
	r
	s
	 
	c
	o
	r
	r
	e
	c
	t
	l
	y
	.
	Y
	o
	u
	 
	i
	d
	e
	n
	t
	i
	f
	i
	e
	d
	 
	0
	 
	c
	o
	r
	r
	e
	c
	t
	 
	l
	i
	n
	e
	s
	 
	a
	s
	 
	e
	r
	r
	o
	r
	s
	.
	Y
	o
	u
	 
	d
	o
	 
	n
	o
	t
	 
	h
	a
	v
	e
	 
	a
	 
	s
	u
	c
	c
	e
	s
	s
	 
	m
	e
	s
	s
	a
	g
	e
	 
	w
	h
	i
	l
	e
	 
	t
	h
	e
	 
	r
	e
	f
	e
	r
	e
	n
	c
	e
	 
	d
	o
	e
	s
	.
	N
	O
	T
	E
	:
	 
	Y
	o
	u
	r
	 
	s
	u
	c
	c
	e
	s
	s
	 
	m
	e
	s
	s
	a
	g
	e
	 
	m
	u
	s
	t
	 
	c
	o
	n
	t
	a
	i
	n
	 
	t
	h
	e
	 
	w
	o
	r
	d
	 
	"
	(
	S
	|
	s
	)
	u
	c
	c
	e
	e
	d
	e
	d
	"
	,
	 
	"
	(
	S
	|
	s
	)
	u
	c
	c
	e
	s
	s
	"
	,
	 
	"
	S
	U
	C
	C
	E
	S
	S
	"
	,
	 
	o
	r
	 
	"
	S
	U
	C
	C
	E
	E
	D
	E
	D
	"
	;
	 
	t
	h
	i
	s
	 
	c
	a
	n
	 
	b
	e
	 
	c
	h
	a
	n
	g
	e
	d
	 
	i
	n
	 
	r
	u
	n
	n
	e
	r
	.
	p
	y
	.
- Reference output:
	P
	a
	r
	s
	e
	 
	s
	u
	c
	c
	e
	e
	d
	e
	d
	,
	 
	f
	i
	n
	d
	i
	n
	g
	 
	2
	8
	 
	I
	L
	O
	C
	 
	o
	p
	e
	r
	a
	t
	i
	o
	n
	s
	.
- Your output:
	P
	O
	O
	 
	P
	O
	O
	O
	 
	P
	O
	O
	

	M
	u
	s
	t
	 
	s
	p
	e
	c
	i
	f
	y
	 
	a
	 
	f
	i
	l
	e
	 
	n
	a
	m
	e
	 
	a
	f
	t
	e
	r
	 
	t
	h
	e
	 
	f
	l
	a
	g
	.
❌ /clear/courses/comp412/students/ILOC/contributed/2012/lab3/TestTiebreaking.i failed!
- Summary:
	Y
	o
	u
	 
	i
	d
	e
	n
	t
	i
	f
	i
	e
	d
	 
	0
	/
	0
	 
	e
	r
	r
	o
	r
	s
	 
	c
	o
	r
	r
	e
	c
	t
	l
	y
	.
	Y
	o
	u
	 
	i
	d
	e
	n
	t
	i
	f
	i
	e
	d
	 
	0
	 
	c
	o
	r
	r
	e
	c
	t
	 
	l
	i
	n
	e
	s
	 
	a
	s
	 
	e
	r
	r
	o
	r
	s
	.
	Y
	o
	u
	 
	d
	o
	 
	n
	o
	t
	 
	h
	a
	v
	e
	 
	a
	 
	s
	u
	c
	c
	e
	s
	s
	 
	m
	e
	s
	s
	a
	g
	e
	 
	w
	h
	i
	l
	e
	 
	t
	h
	e
	 
	r
	e
	f
	e
	r
	e
	n
	c
	e
	 
	d
	o
	e
	s
	.
	N
	O
	T
	E
	:
	 
	Y
	o
	u
	r
	 
	s
	u
	c
	c
	e
	s
	s
	 
	m
	e
	s
	s
	a
	g
	e
	 
	m
	u
	s
	t
	 
	c
	o
	n
	t
	a
	i
	n
	 
	t
	h
	e
	 
	w
	o
	r
	d
	 
	"
	(
	S
	|
	s
	)
	u
	c
	c
	e
	e
	d
	e
	d
	"
	,
	 
	"
	(
	S
	|
	s
	)
	u
	c
	c
	e
	s
	s
	"
	,
	 
	"
	S
	U
	C
	C
	E
	S
	S
	"
	,
	 
	o
	r
	 
	"
	S
	U
	C
	C
	E
	E
	D
	E
	D
	"
	;
	 
	t
	h
	i
	s
	 
	c
	a
	n
	 
	b
	e
	 
	c
	h
	a
	n
	g
	e
	d
	 
	i
	n
	 
	r
	u
	n
	n
	e
	r
	.
	p
	y
	.
- Reference output:
	P
	a
	r
	s
	e
	 
	s
	u
	c
	c
	e
	e
	d
	e
	d
	,
	 
	f
	i
	n
	d
	i
	n
	g
	 
	2
	9
	 
	I
	L
	O
	C
	 
	o
	p
	e
	r
	a
	t
	i
	o
	n
	s
	.
- Your output:
	P
	O
	O
	 
	P
	O
	O
	O
	 
	P
	O
	O
	

	M
	u
	s
	t
	 
	s
	p
	e
	c
	i
	f
	y
	 
	a
	 
	f
	i
	l
	e
	 
	n
	a
	m
	e
	 
	a
	f
	t
	e
	r
	 
	t
	h
	e
	 
	f
	l
	a
	g
	.
❌ /clear/courses/comp412/students/ILOC/contributed/2012/lab3/smith-4.i failed!
- Summary:
	Y
	o
	u
	 
	i
	d
	e
	n
	t
	i
	f
	i
	e
	d
	 
	0
	/
	0
	 
	e
	r
	r
	o
	r
	s
	 
	c
	o
	r
	r
	e
	c
	t
	l
	y
	.
	Y
	o
	u
	 
	i
	d
	e
	n
	t
	i
	f
	i
	e
	d
	 
	0
	 
	c
	o
	r
	r
	e
	c
	t
	 
	l
	i
	n
	e
	s
	 
	a
	s
	 
	e
	r
	r
	o
	r
	s
	.
	Y
	o
	u
	 
	d
	o
	 
	n
	o
	t
	 
	h
	a
	v
	e
	 
	a
	 
	s
	u
	c
	c
	e
	s
	s
	 
	m
	e
	s
	s
	a
	g
	e
	 
	w
	h
	i
	l
	e
	 
	t
	h
	e
	 
	r
	e
	f
	e
	r
	e
	n
	c
	e
	 
	d
	o
	e
	s
	.
	N
	O
	T
	E
	:
	 
	Y
	o
	u
	r
	 
	s
	u
	c
	c
	e
	s
	s
	 
	m
	e
	s
	s
	a
	g
	e
	 
	m
	u
	s
	t
	 
	c
	o
	n
	t
	a
	i
	n
	 
	t
	h
	e
	 
	w
	o
	r
	d
	 
	"
	(
	S
	|
	s
	)
	u
	c
	c
	e
	e
	d
	e
	d
	"
	,
	 
	"
	(
	S
	|
	s
	)
	u
	c
	c
	e
	s
	s
	"
	,
	 
	"
	S
	U
	C
	C
	E
	S
	S
	"
	,
	 
	o
	r
	 
	"
	S
	U
	C
	C
	E
	E
	D
	E
	D
	"
	;
	 
	t
	h
	i
	s
	 
	c
	a
	n
	 
	b
	e
	 
	c
	h
	a
	n
	g
	e
	d
	 
	i
	n
	 
	r
	u
	n
	n
	e
	r
	.
	p
	y
	.
- Reference output:
	P
	a
	r
	s
	e
	 
	s
	u
	c
	c
	e
	e
	d
	e
	d
	,
	 
	f
	i
	n
	d
	i
	n
	g
	 
	1
	4
	 
	I
	L
	O
	C
	 
	o
	p
	e
	r
	a
	t
	i
	o
	n
	s
	.
- Your output:
	P
	O
	O
	 
	P
	O
	O
	O
	 
	P
	O
	O
	

	M
	u
	s
	t
	 
	s
	p
	e
	c
	i
	f
	y
	 
	a
	 
	f
	i
	l
	e
	 
	n
	a
	m
	e
	 
	a
	f
	t
	e
	r
	 
	t
	h
	e
	 
	f
	l
	a
	g
	.
❌ /clear/courses/comp412/students/ILOC/contributed/2012/lab3/witt-2.i failed!
- Summary:
	Y
	o
	u
	 
	i
	d
	e
	n
	t
	i
	f
	i
	e
	d
	 
	0
	/
	0
	 
	e
	r
	r
	o
	r
	s
	 
	c
	o
	r
	r
	e
	c
	t
	l
	y
	.
	Y
	o
	u
	 
	i
	d
	e
	n
	t
	i
	f
	i
	e
	d
	 
	0
	 
	c
	o
	r
	r
	e
	c
	t
	 
	l
	i
	n
	e
	s
	 
	a
	s
	 
	e
	r
	r
	o
	r
	s
	.
	Y
	o
	u
	 
	d
	o
	 
	n
	o
	t
	 
	h
	a
	v
	e
	 
	a
	 
	s
	u
	c
	c
	e
	s
	s
	 
	m
	e
	s
	s
	a
	g
	e
	 
	w
	h
	i
	l
	e
	 
	t
	h
	e
	 
	r
	e
	f
	e
	r
	e
	n
	c
	e
	 
	d
	o
	e
	s
	.
	N
	O
	T
	E
	:
	 
	Y
	o
	u
	r
	 
	s
	u
	c
	c
	e
	s
	s
	 
	m
	e
	s
	s
	a
	g
	e
	 
	m
	u
	s
	t
	 
	c
	o
	n
	t
	a
	i
	n
	 
	t
	h
	e
	 
	w
	o
	r
	d
	 
	"
	(
	S
	|
	s
	)
	u
	c
	c
	e
	e
	d
	e
	d
	"
	,
	 
	"
	(
	S
	|
	s
	)
	u
	c
	c
	e
	s
	s
	"
	,
	 
	"
	S
	U
	C
	C
	E
	S
	S
	"
	,
	 
	o
	r
	 
	"
	S
	U
	C
	C
	E
	E
	D
	E
	D
	"
	;
	 
	t
	h
	i
	s
	 
	c
	a
	n
	 
	b
	e
	 
	c
	h
	a
	n
	g
	e
	d
	 
	i
	n
	 
	r
	u
	n
	n
	e
	r
	.
	p
	y
	.
- Reference output:
	P
	a
	r
	s
	e
	 
	s
	u
	c
	c
	e
	e
	d
	e
	d
	,
	 
	f
	i
	n
	d
	i
	n
	g
	 
	9
	 
	I
	L
	O
	C
	 
	o
	p
	e
	r
	a
	t
	i
	o
	n
	s
	.
- Your output:
	P
	O
	O
	 
	P
	O
	O
	O
	 
	P
	O
	O
	

	M
	u
	s
	t
	 
	s
	p
	e
	c
	i
	f
	y
	 
	a
	 
	f
	i
	l
	e
	 
	n
	a
	m
	e
	 
	a
	f
	t
	e
	r
	 
	t
	h
	e
	 
	f
	l
	a
	g
	.
❌ /clear/courses/comp412/students/ILOC/contributed/2012/lab3/yanxinlu.i failed!
- Summary:
	Y
	o
	u
	 
	i
	d
	e
	n
	t
	i
	f
	i
	e
	d
	 
	0
	/
	0
	 
	e
	r
	r
	o
	r
	s
	 
	c
	o
	r
	r
	e
	c
	t
	l
	y
	.
	Y
	o
	u
	 
	i
	d
	e
	n
	t
	i
	f
	i
	e
	d
	 
	0
	 
	c
	o
	r
	r
	e
	c
	t
	 
	l
	i
	n
	e
	s
	 
	a
	s
	 
	e
	r
	r
	o
	r
	s
	.
	Y
	o
	u
	 
	d
	o
	 
	n
	o
	t
	 
	h
	a
	v
	e
	 
	a
	 
	s
	u
	c
	c
	e
	s
	s
	 
	m
	e
	s
	s
	a
	g
	e
	 
	w
	h
	i
	l
	e
	 
	t
	h
	e
	 
	r
	e
	f
	e
	r
	e
	n
	c
	e
	 
	d
	o
	e
	s
	.
	N
	O
	T
	E
	:
	 
	Y
	o
	u
	r
	 
	s
	u
	c
	c
	e
	s
	s
	 
	m
	e
	s
	s
	a
	g
	e
	 
	m
	u
	s
	t
	 
	c
	o
	n
	t
	a
	i
	n
	 
	t
	h
	e
	 
	w
	o
	r
	d
	 
	"
	(
	S
	|
	s
	)
	u
	c
	c
	e
	e
	d
	e
	d
	"
	,
	 
	"
	(
	S
	|
	s
	)
	u
	c
	c
	e
	s
	s
	"
	,
	 
	"
	S
	U
	C
	C
	E
	S
	S
	"
	,
	 
	o
	r
	 
	"
	S
	U
	C
	C
	E
	E
	D
	E
	D
	"
	;
	 
	t
	h
	i
	s
	 
	c
	a
	n
	 
	b
	e
	 
	c
	h
	a
	n
	g
	e
	d
	 
	i
	n
	 
	r
	u
	n
	n
	e
	r
	.
	p
	y
	.
- Reference output:
	P
	a
	r
	s
	e
	 
	s
	u
	c
	c
	e
	e
	d
	e
	d
	,
	 
	f
	i
	n
	d
	i
	n
	g
	 
	1
	2
	 
	I
	L
	O
	C
	 
	o
	p
	e
	r
	a
	t
	i
	o
	n
	s
	.
- Your output:
	P
	O
	O
	 
	P
	O
	O
	O
	 
	P
	O
	O
	

	M
	u
	s
	t
	 
	s
	p
	e
	c
	i
	f
	y
	 
	a
	 
	f
	i
	l
	e
	 
	n
	a
	m
	e
	 
	a
	f
	t
	e
	r
	 
	t
	h
	e
	 
	f
	l
	a
	g
	.
❌ /clear/courses/comp412/students/ILOC/contributed/2012/lab3/witt-3.i failed!
- Summary:
	Y
	o
	u
	 
	i
	d
	e
	n
	t
	i
	f
	i
	e
	d
	 
	0
	/
	0
	 
	e
	r
	r
	o
	r
	s
	 
	c
	o
	r
	r
	e
	c
	t
	l
	y
	.
	Y
	o
	u
	 
	i
	d
	e
	n
	t
	i
	f
	i
	e
	d
	 
	0
	 
	c
	o
	r
	r
	e
	c
	t
	 
	l
	i
	n
	e
	s
	 
	a
	s
	 
	e
	r
	r
	o
	r
	s
	.
	Y
	o
	u
	 
	d
	o
	 
	n
	o
	t
	 
	h
	a
	v
	e
	 
	a
	 
	s
	u
	c
	c
	e
	s
	s
	 
	m
	e
	s
	s
	a
	g
	e
	 
	w
	h
	i
	l
	e
	 
	t
	h
	e
	 
	r
	e
	f
	e
	r
	e
	n
	c
	e
	 
	d
	o
	e
	s
	.
	N
	O
	T
	E
	:
	 
	Y
	o
	u
	r
	 
	s
	u
	c
	c
	e
	s
	s
	 
	m
	e
	s
	s
	a
	g
	e
	 
	m
	u
	s
	t
	 
	c
	o
	n
	t
	a
	i
	n
	 
	t
	h
	e
	 
	w
	o
	r
	d
	 
	"
	(
	S
	|
	s
	)
	u
	c
	c
	e
	e
	d
	e
	d
	"
	,
	 
	"
	(
	S
	|
	s
	)
	u
	c
	c
	e
	s
	s
	"
	,
	 
	"
	S
	U
	C
	C
	E
	S
	S
	"
	,
	 
	o
	r
	 
	"
	S
	U
	C
	C
	E
	E
	D
	E
	D
	"
	;
	 
	t
	h
	i
	s
	 
	c
	a
	n
	 
	b
	e
	 
	c
	h
	a
	n
	g
	e
	d
	 
	i
	n
	 
	r
	u
	n
	n
	e
	r
	.
	p
	y
	.
- Reference output:
	P
	a
	r
	s
	e
	 
	s
	u
	c
	c
	e
	e
	d
	e
	d
	,
	 
	f
	i
	n
	d
	i
	n
	g
	 
	1
	3
	 
	I
	L
	O
	C
	 
	o
	p
	e
	r
	a
	t
	i
	o
	n
	s
	.
- Your output:
	P
	O
	O
	 
	P
	O
	O
	O
	 
	P
	O
	O
	

	M
	u
	s
	t
	 
	s
	p
	e
	c
	i
	f
	y
	 
	a
	 
	f
	i
	l
	e
	 
	n
	a
	m
	e
	 
	a
	f
	t
	e
	r
	 
	t
	h
	e
	 
	f
	l
	a
	g
	.
❌ /clear/courses/comp412/students/ILOC/contributed/2012/lab3/smith-3.i failed!
- Summary:
	Y
	o
	u
	 
	i
	d
	e
	n
	t
	i
	f
	i
	e
	d
	 
	0
	/
	0
	 
	e
	r
	r
	o
	r
	s
	 
	c
	o
	r
	r
	e
	c
	t
	l
	y
	.
	Y
	o
	u
	 
	i
	d
	e
	n
	t
	i
	f
	i
	e
	d
	 
	0
	 
	c
	o
	r
	r
	e
	c
	t
	 
	l
	i
	n
	e
	s
	 
	a
	s
	 
	e
	r
	r
	o
	r
	s
	.
	Y
	o
	u
	 
	d
	o
	 
	n
	o
	t
	 
	h
	a
	v
	e
	 
	a
	 
	s
	u
	c
	c
	e
	s
	s
	 
	m
	e
	s
	s
	a
	g
	e
	 
	w
	h
	i
	l
	e
	 
	t
	h
	e
	 
	r
	e
	f
	e
	r
	e
	n
	c
	e
	 
	d
	o
	e
	s
	.
	N
	O
	T
	E
	:
	 
	Y
	o
	u
	r
	 
	s
	u
	c
	c
	e
	s
	s
	 
	m
	e
	s
	s
	a
	g
	e
	 
	m
	u
	s
	t
	 
	c
	o
	n
	t
	a
	i
	n
	 
	t
	h
	e
	 
	w
	o
	r
	d
	 
	"
	(
	S
	|
	s
	)
	u
	c
	c
	e
	e
	d
	e
	d
	"
	,
	 
	"
	(
	S
	|
	s
	)
	u
	c
	c
	e
	s
	s
	"
	,
	 
	"
	S
	U
	C
	C
	E
	S
	S
	"
	,
	 
	o
	r
	 
	"
	S
	U
	C
	C
	E
	E
	D
	E
	D
	"
	;
	 
	t
	h
	i
	s
	 
	c
	a
	n
	 
	b
	e
	 
	c
	h
	a
	n
	g
	e
	d
	 
	i
	n
	 
	r
	u
	n
	n
	e
	r
	.
	p
	y
	.
- Reference output:
	P
	a
	r
	s
	e
	 
	s
	u
	c
	c
	e
	e
	d
	e
	d
	,
	 
	f
	i
	n
	d
	i
	n
	g
	 
	1
	2
	 
	I
	L
	O
	C
	 
	o
	p
	e
	r
	a
	t
	i
	o
	n
	s
	.
- Your output:
	P
	O
	O
	 
	P
	O
	O
	O
	 
	P
	O
	O
	

	M
	u
	s
	t
	 
	s
	p
	e
	c
	i
	f
	y
	 
	a
	 
	f
	i
	l
	e
	 
	n
	a
	m
	e
	 
	a
	f
	t
	e
	r
	 
	t
	h
	e
	 
	f
	l
	a
	g
	.
❌ /clear/courses/comp412/students/ILOC/contributed/2012/lab3/smith-2.i failed!
- Summary:
	Y
	o
	u
	 
	i
	d
	e
	n
	t
	i
	f
	i
	e
	d
	 
	0
	/
	0
	 
	e
	r
	r
	o
	r
	s
	 
	c
	o
	r
	r
	e
	c
	t
	l
	y
	.
	Y
	o
	u
	 
	i
	d
	e
	n
	t
	i
	f
	i
	e
	d
	 
	0
	 
	c
	o
	r
	r
	e
	c
	t
	 
	l
	i
	n
	e
	s
	 
	a
	s
	 
	e
	r
	r
	o
	r
	s
	.
	Y
	o
	u
	 
	d
	o
	 
	n
	o
	t
	 
	h
	a
	v
	e
	 
	a
	 
	s
	u
	c
	c
	e
	s
	s
	 
	m
	e
	s
	s
	a
	g
	e
	 
	w
	h
	i
	l
	e
	 
	t
	h
	e
	 
	r
	e
	f
	e
	r
	e
	n
	c
	e
	 
	d
	o
	e
	s
	.
	N
	O
	T
	E
	:
	 
	Y
	o
	u
	r
	 
	s
	u
	c
	c
	e
	s
	s
	 
	m
	e
	s
	s
	a
	g
	e
	 
	m
	u
	s
	t
	 
	c
	o
	n
	t
	a
	i
	n
	 
	t
	h
	e
	 
	w
	o
	r
	d
	 
	"
	(
	S
	|
	s
	)
	u
	c
	c
	e
	e
	d
	e
	d
	"
	,
	 
	"
	(
	S
	|
	s
	)
	u
	c
	c
	e
	s
	s
	"
	,
	 
	"
	S
	U
	C
	C
	E
	S
	S
	"
	,
	 
	o
	r
	 
	"
	S
	U
	C
	C
	E
	E
	D
	E
	D
	"
	;
	 
	t
	h
	i
	s
	 
	c
	a
	n
	 
	b
	e
	 
	c
	h
	a
	n
	g
	e
	d
	 
	i
	n
	 
	r
	u
	n
	n
	e
	r
	.
	p
	y
	.
- Reference output:
	P
	a
	r
	s
	e
	 
	s
	u
	c
	c
	e
	e
	d
	e
	d
	,
	 
	f
	i
	n
	d
	i
	n
	g
	 
	1
	4
	 
	I
	L
	O
	C
	 
	o
	p
	e
	r
	a
	t
	i
	o
	n
	s
	.
- Your output:
	P
	O
	O
	 
	P
	O
	O
	O
	 
	P
	O
	O
	

	M
	u
	s
	t
	 
	s
	p
	e
	c
	i
	f
	y
	 
	a
	 
	f
	i
	l
	e
	 
	n
	a
	m
	e
	 
	a
	f
	t
	e
	r
	 
	t
	h
	e
	 
	f
	l
	a
	g
	.
❌ /clear/courses/comp412/students/ILOC/contributed/2012/lab3/prasad.i failed!
- Summary:
	Y
	o
	u
	 
	i
	d
	e
	n
	t
	i
	f
	i
	e
	d
	 
	0
	/
	0
	 
	e
	r
	r
	o
	r
	s
	 
	c
	o
	r
	r
	e
	c
	t
	l
	y
	.
	Y
	o
	u
	 
	i
	d
	e
	n
	t
	i
	f
	i
	e
	d
	 
	0
	 
	c
	o
	r
	r
	e
	c
	t
	 
	l
	i
	n
	e
	s
	 
	a
	s
	 
	e
	r
	r
	o
	r
	s
	.
	Y
	o
	u
	 
	d
	o
	 
	n
	o
	t
	 
	h
	a
	v
	e
	 
	a
	 
	s
	u
	c
	c
	e
	s
	s
	 
	m
	e
	s
	s
	a
	g
	e
	 
	w
	h
	i
	l
	e
	 
	t
	h
	e
	 
	r
	e
	f
	e
	r
	e
	n
	c
	e
	 
	d
	o
	e
	s
	.
	N
	O
	T
	E
	:
	 
	Y
	o
	u
	r
	 
	s
	u
	c
	c
	e
	s
	s
	 
	m
	e
	s
	s
	a
	g
	e
	 
	m
	u
	s
	t
	 
	c
	o
	n
	t
	a
	i
	n
	 
	t
	h
	e
	 
	w
	o
	r
	d
	 
	"
	(
	S
	|
	s
	)
	u
	c
	c
	e
	e
	d
	e
	d
	"
	,
	 
	"
	(
	S
	|
	s
	)
	u
	c
	c
	e
	s
	s
	"
	,
	 
	"
	S
	U
	C
	C
	E
	S
	S
	"
	,
	 
	o
	r
	 
	"
	S
	U
	C
	C
	E
	E
	D
	E
	D
	"
	;
	 
	t
	h
	i
	s
	 
	c
	a
	n
	 
	b
	e
	 
	c
	h
	a
	n
	g
	e
	d
	 
	i
	n
	 
	r
	u
	n
	n
	e
	r
	.
	p
	y
	.
- Reference output:
	P
	a
	r
	s
	e
	 
	s
	u
	c
	c
	e
	e
	d
	e
	d
	,
	 
	f
	i
	n
	d
	i
	n
	g
	 
	1
	4
	 
	I
	L
	O
	C
	 
	o
	p
	e
	r
	a
	t
	i
	o
	n
	s
	.
- Your output:
	P
	O
	O
	 
	P
	O
	O
	O
	 
	P
	O
	O
	

	M
	u
	s
	t
	 
	s
	p
	e
	c
	i
	f
	y
	 
	a
	 
	f
	i
	l
	e
	 
	n
	a
	m
	e
	 
	a
	f
	t
	e
	r
	 
	t
	h
	e
	 
	f
	l
	a
	g
	.
❌ /clear/courses/comp412/students/ILOC/contributed/2012/lab3/simple.i failed!
- Summary:
	Y
	o
	u
	 
	i
	d
	e
	n
	t
	i
	f
	i
	e
	d
	 
	0
	/
	0
	 
	e
	r
	r
	o
	r
	s
	 
	c
	o
	r
	r
	e
	c
	t
	l
	y
	.
	Y
	o
	u
	 
	i
	d
	e
	n
	t
	i
	f
	i
	e
	d
	 
	0
	 
	c
	o
	r
	r
	e
	c
	t
	 
	l
	i
	n
	e
	s
	 
	a
	s
	 
	e
	r
	r
	o
	r
	s
	.
	Y
	o
	u
	 
	d
	o
	 
	n
	o
	t
	 
	h
	a
	v
	e
	 
	a
	 
	s
	u
	c
	c
	e
	s
	s
	 
	m
	e
	s
	s
	a
	g
	e
	 
	w
	h
	i
	l
	e
	 
	t
	h
	e
	 
	r
	e
	f
	e
	r
	e
	n
	c
	e
	 
	d
	o
	e
	s
	.
	N
	O
	T
	E
	:
	 
	Y
	o
	u
	r
	 
	s
	u
	c
	c
	e
	s
	s
	 
	m
	e
	s
	s
	a
	g
	e
	 
	m
	u
	s
	t
	 
	c
	o
	n
	t
	a
	i
	n
	 
	t
	h
	e
	 
	w
	o
	r
	d
	 
	"
	(
	S
	|
	s
	)
	u
	c
	c
	e
	e
	d
	e
	d
	"
	,
	 
	"
	(
	S
	|
	s
	)
	u
	c
	c
	e
	s
	s
	"
	,
	 
	"
	S
	U
	C
	C
	E
	S
	S
	"
	,
	 
	o
	r
	 
	"
	S
	U
	C
	C
	E
	E
	D
	E
	D
	"
	;
	 
	t
	h
	i
	s
	 
	c
	a
	n
	 
	b
	e
	 
	c
	h
	a
	n
	g
	e
	d
	 
	i
	n
	 
	r
	u
	n
	n
	e
	r
	.
	p
	y
	.
- Reference output:
	P
	a
	r
	s
	e
	 
	s
	u
	c
	c
	e
	e
	d
	e
	d
	,
	 
	f
	i
	n
	d
	i
	n
	g
	 
	1
	1
	 
	I
	L
	O
	C
	 
	o
	p
	e
	r
	a
	t
	i
	o
	n
	s
	.
- Your output:
	P
	O
	O
	 
	P
	O
	O
	O
	 
	P
	O
	O
	

	M
	u
	s
	t
	 
	s
	p
	e
	c
	i
	f
	y
	 
	a
	 
	f
	i
	l
	e
	 
	n
	a
	m
	e
	 
	a
	f
	t
	e
	r
	 
	t
	h
	e
	 
	f
	l
	a
	g
	.
❌ /clear/courses/comp412/students/ILOC/contributed/2012/lab3/simple_alternating.i failed!
- Summary:
	Y
	o
	u
	 
	i
	d
	e
	n
	t
	i
	f
	i
	e
	d
	 
	0
	/
	0
	 
	e
	r
	r
	o
	r
	s
	 
	c
	o
	r
	r
	e
	c
	t
	l
	y
	.
	Y
	o
	u
	 
	i
	d
	e
	n
	t
	i
	f
	i
	e
	d
	 
	0
	 
	c
	o
	r
	r
	e
	c
	t
	 
	l
	i
	n
	e
	s
	 
	a
	s
	 
	e
	r
	r
	o
	r
	s
	.
	Y
	o
	u
	 
	d
	o
	 
	n
	o
	t
	 
	h
	a
	v
	e
	 
	a
	 
	s
	u
	c
	c
	e
	s
	s
	 
	m
	e
	s
	s
	a
	g
	e
	 
	w
	h
	i
	l
	e
	 
	t
	h
	e
	 
	r
	e
	f
	e
	r
	e
	n
	c
	e
	 
	d
	o
	e
	s
	.
	N
	O
	T
	E
	:
	 
	Y
	o
	u
	r
	 
	s
	u
	c
	c
	e
	s
	s
	 
	m
	e
	s
	s
	a
	g
	e
	 
	m
	u
	s
	t
	 
	c
	o
	n
	t
	a
	i
	n
	 
	t
	h
	e
	 
	w
	o
	r
	d
	 
	"
	(
	S
	|
	s
	)
	u
	c
	c
	e
	e
	d
	e
	d
	"
	,
	 
	"
	(
	S
	|
	s
	)
	u
	c
	c
	e
	s
	s
	"
	,
	 
	"
	S
	U
	C
	C
	E
	S
	S
	"
	,
	 
	o
	r
	 
	"
	S
	U
	C
	C
	E
	E
	D
	E
	D
	"
	;
	 
	t
	h
	i
	s
	 
	c
	a
	n
	 
	b
	e
	 
	c
	h
	a
	n
	g
	e
	d
	 
	i
	n
	 
	r
	u
	n
	n
	e
	r
	.
	p
	y
	.
- Reference output:
	P
	a
	r
	s
	e
	 
	s
	u
	c
	c
	e
	e
	d
	e
	d
	,
	 
	f
	i
	n
	d
	i
	n
	g
	 
	1
	6
	 
	I
	L
	O
	C
	 
	o
	p
	e
	r
	a
	t
	i
	o
	n
	s
	.
- Your output:
	P
	O
	O
	 
	P
	O
	O
	O
	 
	P
	O
	O
	

	M
	u
	s
	t
	 
	s
	p
	e
	c
	i
	f
	y
	 
	a
	 
	f
	i
	l
	e
	 
	n
	a
	m
	e
	 
	a
	f
	t
	e
	r
	 
	t
	h
	e
	 
	f
	l
	a
	g
	.
❌ /clear/courses/comp412/students/ILOC/contributed/2012/lab3/trickystores.i failed!
- Summary:
	Y
	o
	u
	 
	i
	d
	e
	n
	t
	i
	f
	i
	e
	d
	 
	0
	/
	0
	 
	e
	r
	r
	o
	r
	s
	 
	c
	o
	r
	r
	e
	c
	t
	l
	y
	.
	Y
	o
	u
	 
	i
	d
	e
	n
	t
	i
	f
	i
	e
	d
	 
	0
	 
	c
	o
	r
	r
	e
	c
	t
	 
	l
	i
	n
	e
	s
	 
	a
	s
	 
	e
	r
	r
	o
	r
	s
	.
	Y
	o
	u
	 
	d
	o
	 
	n
	o
	t
	 
	h
	a
	v
	e
	 
	a
	 
	s
	u
	c
	c
	e
	s
	s
	 
	m
	e
	s
	s
	a
	g
	e
	 
	w
	h
	i
	l
	e
	 
	t
	h
	e
	 
	r
	e
	f
	e
	r
	e
	n
	c
	e
	 
	d
	o
	e
	s
	.
	N
	O
	T
	E
	:
	 
	Y
	o
	u
	r
	 
	s
	u
	c
	c
	e
	s
	s
	 
	m
	e
	s
	s
	a
	g
	e
	 
	m
	u
	s
	t
	 
	c
	o
	n
	t
	a
	i
	n
	 
	t
	h
	e
	 
	w
	o
	r
	d
	 
	"
	(
	S
	|
	s
	)
	u
	c
	c
	e
	e
	d
	e
	d
	"
	,
	 
	"
	(
	S
	|
	s
	)
	u
	c
	c
	e
	s
	s
	"
	,
	 
	"
	S
	U
	C
	C
	E
	S
	S
	"
	,
	 
	o
	r
	 
	"
	S
	U
	C
	C
	E
	E
	D
	E
	D
	"
	;
	 
	t
	h
	i
	s
	 
	c
	a
	n
	 
	b
	e
	 
	c
	h
	a
	n
	g
	e
	d
	 
	i
	n
	 
	r
	u
	n
	n
	e
	r
	.
	p
	y
	.
- Reference output:
	P
	a
	r
	s
	e
	 
	s
	u
	c
	c
	e
	e
	d
	e
	d
	,
	 
	f
	i
	n
	d
	i
	n
	g
	 
	9
	 
	I
	L
	O
	C
	 
	o
	p
	e
	r
	a
	t
	i
	o
	n
	s
	.
- Your output:
	P
	O
	O
	 
	P
	O
	O
	O
	 
	P
	O
	O
	

	M
	u
	s
	t
	 
	s
	p
	e
	c
	i
	f
	y
	 
	a
	 
	f
	i
	l
	e
	 
	n
	a
	m
	e
	 
	a
	f
	t
	e
	r
	 
	t
	h
	e
	 
	f
	l
	a
	g
	.
❌ /clear/courses/comp412/students/ILOC/contributed/2012/lab3/jwc.i failed!
- Summary:
	Y
	o
	u
	 
	i
	d
	e
	n
	t
	i
	f
	i
	e
	d
	 
	0
	/
	0
	 
	e
	r
	r
	o
	r
	s
	 
	c
	o
	r
	r
	e
	c
	t
	l
	y
	.
	Y
	o
	u
	 
	i
	d
	e
	n
	t
	i
	f
	i
	e
	d
	 
	0
	 
	c
	o
	r
	r
	e
	c
	t
	 
	l
	i
	n
	e
	s
	 
	a
	s
	 
	e
	r
	r
	o
	r
	s
	.
	Y
	o
	u
	 
	d
	o
	 
	n
	o
	t
	 
	h
	a
	v
	e
	 
	a
	 
	s
	u
	c
	c
	e
	s
	s
	 
	m
	e
	s
	s
	a
	g
	e
	 
	w
	h
	i
	l
	e
	 
	t
	h
	e
	 
	r
	e
	f
	e
	r
	e
	n
	c
	e
	 
	d
	o
	e
	s
	.
	N
	O
	T
	E
	:
	 
	Y
	o
	u
	r
	 
	s
	u
	c
	c
	e
	s
	s
	 
	m
	e
	s
	s
	a
	g
	e
	 
	m
	u
	s
	t
	 
	c
	o
	n
	t
	a
	i
	n
	 
	t
	h
	e
	 
	w
	o
	r
	d
	 
	"
	(
	S
	|
	s
	)
	u
	c
	c
	e
	e
	d
	e
	d
	"
	,
	 
	"
	(
	S
	|
	s
	)
	u
	c
	c
	e
	s
	s
	"
	,
	 
	"
	S
	U
	C
	C
	E
	S
	S
	"
	,
	 
	o
	r
	 
	"
	S
	U
	C
	C
	E
	E
	D
	E
	D
	"
	;
	 
	t
	h
	i
	s
	 
	c
	a
	n
	 
	b
	e
	 
	c
	h
	a
	n
	g
	e
	d
	 
	i
	n
	 
	r
	u
	n
	n
	e
	r
	.
	p
	y
	.
- Reference output:
	P
	a
	r
	s
	e
	 
	s
	u
	c
	c
	e
	e
	d
	e
	d
	,
	 
	f
	i
	n
	d
	i
	n
	g
	 
	1
	5
	 
	I
	L
	O
	C
	 
	o
	p
	e
	r
	a
	t
	i
	o
	n
	s
	.
- Your output:
	P
	O
	O
	 
	P
	O
	O
	O
	 
	P
	O
	O
	

	M
	u
	s
	t
	 
	s
	p
	e
	c
	i
	f
	y
	 
	a
	 
	f
	i
	l
	e
	 
	n
	a
	m
	e
	 
	a
	f
	t
	e
	r
	 
	t
	h
	e
	 
	f
	l
	a
	g
	.
❌ /clear/courses/comp412/students/ILOC/contributed/2012/lab3/smith-1.i failed!
- Summary:
	Y
	o
	u
	 
	i
	d
	e
	n
	t
	i
	f
	i
	e
	d
	 
	0
	/
	0
	 
	e
	r
	r
	o
	r
	s
	 
	c
	o
	r
	r
	e
	c
	t
	l
	y
	.
	Y
	o
	u
	 
	i
	d
	e
	n
	t
	i
	f
	i
	e
	d
	 
	0
	 
	c
	o
	r
	r
	e
	c
	t
	 
	l
	i
	n
	e
	s
	 
	a
	s
	 
	e
	r
	r
	o
	r
	s
	.
	Y
	o
	u
	 
	d
	o
	 
	n
	o
	t
	 
	h
	a
	v
	e
	 
	a
	 
	s
	u
	c
	c
	e
	s
	s
	 
	m
	e
	s
	s
	a
	g
	e
	 
	w
	h
	i
	l
	e
	 
	t
	h
	e
	 
	r
	e
	f
	e
	r
	e
	n
	c
	e
	 
	d
	o
	e
	s
	.
	N
	O
	T
	E
	:
	 
	Y
	o
	u
	r
	 
	s
	u
	c
	c
	e
	s
	s
	 
	m
	e
	s
	s
	a
	g
	e
	 
	m
	u
	s
	t
	 
	c
	o
	n
	t
	a
	i
	n
	 
	t
	h
	e
	 
	w
	o
	r
	d
	 
	"
	(
	S
	|
	s
	)
	u
	c
	c
	e
	e
	d
	e
	d
	"
	,
	 
	"
	(
	S
	|
	s
	)
	u
	c
	c
	e
	s
	s
	"
	,
	 
	"
	S
	U
	C
	C
	E
	S
	S
	"
	,
	 
	o
	r
	 
	"
	S
	U
	C
	C
	E
	E
	D
	E
	D
	"
	;
	 
	t
	h
	i
	s
	 
	c
	a
	n
	 
	b
	e
	 
	c
	h
	a
	n
	g
	e
	d
	 
	i
	n
	 
	r
	u
	n
	n
	e
	r
	.
	p
	y
	.
- Reference output:
	P
	a
	r
	s
	e
	 
	s
	u
	c
	c
	e
	e
	d
	e
	d
	,
	 
	f
	i
	n
	d
	i
	n
	g
	 
	1
	1
	 
	I
	L
	O
	C
	 
	o
	p
	e
	r
	a
	t
	i
	o
	n
	s
	.
- Your output:
	P
	O
	O
	 
	P
	O
	O
	O
	 
	P
	O
	O
	

	M
	u
	s
	t
	 
	s
	p
	e
	c
	i
	f
	y
	 
	a
	 
	f
	i
	l
	e
	 
	n
	a
	m
	e
	 
	a
	f
	t
	e
	r
	 
	t
	h
	e
	 
	f
	l
	a
	g
	.
❌ /clear/courses/comp412/students/ILOC/contributed/2012/lab3/witt-1.i failed!
- Summary:
	Y
	o
	u
	 
	i
	d
	e
	n
	t
	i
	f
	i
	e
	d
	 
	0
	/
	0
	 
	e
	r
	r
	o
	r
	s
	 
	c
	o
	r
	r
	e
	c
	t
	l
	y
	.
	Y
	o
	u
	 
	i
	d
	e
	n
	t
	i
	f
	i
	e
	d
	 
	0
	 
	c
	o
	r
	r
	e
	c
	t
	 
	l
	i
	n
	e
	s
	 
	a
	s
	 
	e
	r
	r
	o
	r
	s
	.
	Y
	o
	u
	 
	d
	o
	 
	n
	o
	t
	 
	h
	a
	v
	e
	 
	a
	 
	s
	u
	c
	c
	e
	s
	s
	 
	m
	e
	s
	s
	a
	g
	e
	 
	w
	h
	i
	l
	e
	 
	t
	h
	e
	 
	r
	e
	f
	e
	r
	e
	n
	c
	e
	 
	d
	o
	e
	s
	.
	N
	O
	T
	E
	:
	 
	Y
	o
	u
	r
	 
	s
	u
	c
	c
	e
	s
	s
	 
	m
	e
	s
	s
	a
	g
	e
	 
	m
	u
	s
	t
	 
	c
	o
	n
	t
	a
	i
	n
	 
	t
	h
	e
	 
	w
	o
	r
	d
	 
	"
	(
	S
	|
	s
	)
	u
	c
	c
	e
	e
	d
	e
	d
	"
	,
	 
	"
	(
	S
	|
	s
	)
	u
	c
	c
	e
	s
	s
	"
	,
	 
	"
	S
	U
	C
	C
	E
	S
	S
	"
	,
	 
	o
	r
	 
	"
	S
	U
	C
	C
	E
	E
	D
	E
	D
	"
	;
	 
	t
	h
	i
	s
	 
	c
	a
	n
	 
	b
	e
	 
	c
	h
	a
	n
	g
	e
	d
	 
	i
	n
	 
	r
	u
	n
	n
	e
	r
	.
	p
	y
	.
- Reference output:
	P
	a
	r
	s
	e
	 
	s
	u
	c
	c
	e
	e
	d
	e
	d
	,
	 
	f
	i
	n
	d
	i
	n
	g
	 
	6
	 
	I
	L
	O
	C
	 
	o
	p
	e
	r
	a
	t
	i
	o
	n
	s
	.
- Your output:
	P
	O
	O
	 
	P
	O
	O
	O
	 
	P
	O
	O
	

	M
	u
	s
	t
	 
	s
	p
	e
	c
	i
	f
	y
	 
	a
	 
	f
	i
	l
	e
	 
	n
	a
	m
	e
	 
	a
	f
	t
	e
	r
	 
	t
	h
	e
	 
	f
	l
	a
	g
	.
❌ /clear/courses/comp412/students/ILOC/contributed/2013/lab2/s31_test4.i failed!
- Summary:
	Y
	o
	u
	 
	i
	d
	e
	n
	t
	i
	f
	i
	e
	d
	 
	0
	/
	0
	 
	e
	r
	r
	o
	r
	s
	 
	c
	o
	r
	r
	e
	c
	t
	l
	y
	.
	Y
	o
	u
	 
	i
	d
	e
	n
	t
	i
	f
	i
	e
	d
	 
	0
	 
	c
	o
	r
	r
	e
	c
	t
	 
	l
	i
	n
	e
	s
	 
	a
	s
	 
	e
	r
	r
	o
	r
	s
	.
	Y
	o
	u
	 
	d
	o
	 
	n
	o
	t
	 
	h
	a
	v
	e
	 
	a
	 
	s
	u
	c
	c
	e
	s
	s
	 
	m
	e
	s
	s
	a
	g
	e
	 
	w
	h
	i
	l
	e
	 
	t
	h
	e
	 
	r
	e
	f
	e
	r
	e
	n
	c
	e
	 
	d
	o
	e
	s
	.
	N
	O
	T
	E
	:
	 
	Y
	o
	u
	r
	 
	s
	u
	c
	c
	e
	s
	s
	 
	m
	e
	s
	s
	a
	g
	e
	 
	m
	u
	s
	t
	 
	c
	o
	n
	t
	a
	i
	n
	 
	t
	h
	e
	 
	w
	o
	r
	d
	 
	"
	(
	S
	|
	s
	)
	u
	c
	c
	e
	e
	d
	e
	d
	"
	,
	 
	"
	(
	S
	|
	s
	)
	u
	c
	c
	e
	s
	s
	"
	,
	 
	"
	S
	U
	C
	C
	E
	S
	S
	"
	,
	 
	o
	r
	 
	"
	S
	U
	C
	C
	E
	E
	D
	E
	D
	"
	;
	 
	t
	h
	i
	s
	 
	c
	a
	n
	 
	b
	e
	 
	c
	h
	a
	n
	g
	e
	d
	 
	i
	n
	 
	r
	u
	n
	n
	e
	r
	.
	p
	y
	.
- Reference output:
	P
	a
	r
	s
	e
	 
	s
	u
	c
	c
	e
	e
	d
	e
	d
	,
	 
	f
	i
	n
	d
	i
	n
	g
	 
	1
	3
	 
	I
	L
	O
	C
	 
	o
	p
	e
	r
	a
	t
	i
	o
	n
	s
	.
- Your output:
	P
	O
	O
	 
	P
	O
	O
	O
	 
	P
	O
	O
	

	M
	u
	s
	t
	 
	s
	p
	e
	c
	i
	f
	y
	 
	a
	 
	f
	i
	l
	e
	 
	n
	a
	m
	e
	 
	a
	f
	t
	e
	r
	 
	t
	h
	e
	 
	f
	l
	a
	g
	.
❌ /clear/courses/comp412/students/ILOC/contributed/2013/lab2/s61_test2.i failed!
- Summary:
	Y
	o
	u
	 
	i
	d
	e
	n
	t
	i
	f
	i
	e
	d
	 
	0
	/
	0
	 
	e
	r
	r
	o
	r
	s
	 
	c
	o
	r
	r
	e
	c
	t
	l
	y
	.
	Y
	o
	u
	 
	i
	d
	e
	n
	t
	i
	f
	i
	e
	d
	 
	0
	 
	c
	o
	r
	r
	e
	c
	t
	 
	l
	i
	n
	e
	s
	 
	a
	s
	 
	e
	r
	r
	o
	r
	s
	.
	Y
	o
	u
	 
	d
	o
	 
	n
	o
	t
	 
	h
	a
	v
	e
	 
	a
	 
	s
	u
	c
	c
	e
	s
	s
	 
	m
	e
	s
	s
	a
	g
	e
	 
	w
	h
	i
	l
	e
	 
	t
	h
	e
	 
	r
	e
	f
	e
	r
	e
	n
	c
	e
	 
	d
	o
	e
	s
	.
	N
	O
	T
	E
	:
	 
	Y
	o
	u
	r
	 
	s
	u
	c
	c
	e
	s
	s
	 
	m
	e
	s
	s
	a
	g
	e
	 
	m
	u
	s
	t
	 
	c
	o
	n
	t
	a
	i
	n
	 
	t
	h
	e
	 
	w
	o
	r
	d
	 
	"
	(
	S
	|
	s
	)
	u
	c
	c
	e
	e
	d
	e
	d
	"
	,
	 
	"
	(
	S
	|
	s
	)
	u
	c
	c
	e
	s
	s
	"
	,
	 
	"
	S
	U
	C
	C
	E
	S
	S
	"
	,
	 
	o
	r
	 
	"
	S
	U
	C
	C
	E
	E
	D
	E
	D
	"
	;
	 
	t
	h
	i
	s
	 
	c
	a
	n
	 
	b
	e
	 
	c
	h
	a
	n
	g
	e
	d
	 
	i
	n
	 
	r
	u
	n
	n
	e
	r
	.
	p
	y
	.
- Reference output:
	P
	a
	r
	s
	e
	 
	s
	u
	c
	c
	e
	e
	d
	e
	d
	,
	 
	f
	i
	n
	d
	i
	n
	g
	 
	1
	6
	 
	I
	L
	O
	C
	 
	o
	p
	e
	r
	a
	t
	i
	o
	n
	s
	.
- Your output:
	P
	O
	O
	 
	P
	O
	O
	O
	 
	P
	O
	O
	

	M
	u
	s
	t
	 
	s
	p
	e
	c
	i
	f
	y
	 
	a
	 
	f
	i
	l
	e
	 
	n
	a
	m
	e
	 
	a
	f
	t
	e
	r
	 
	t
	h
	e
	 
	f
	l
	a
	g
	.
❌ /clear/courses/comp412/students/ILOC/contributed/2013/lab2/s53_test1.i failed!
- Summary:
	Y
	o
	u
	 
	i
	d
	e
	n
	t
	i
	f
	i
	e
	d
	 
	0
	/
	0
	 
	e
	r
	r
	o
	r
	s
	 
	c
	o
	r
	r
	e
	c
	t
	l
	y
	.
	Y
	o
	u
	 
	i
	d
	e
	n
	t
	i
	f
	i
	e
	d
	 
	0
	 
	c
	o
	r
	r
	e
	c
	t
	 
	l
	i
	n
	e
	s
	 
	a
	s
	 
	e
	r
	r
	o
	r
	s
	.
	Y
	o
	u
	 
	d
	o
	 
	n
	o
	t
	 
	h
	a
	v
	e
	 
	a
	 
	s
	u
	c
	c
	e
	s
	s
	 
	m
	e
	s
	s
	a
	g
	e
	 
	w
	h
	i
	l
	e
	 
	t
	h
	e
	 
	r
	e
	f
	e
	r
	e
	n
	c
	e
	 
	d
	o
	e
	s
	.
	N
	O
	T
	E
	:
	 
	Y
	o
	u
	r
	 
	s
	u
	c
	c
	e
	s
	s
	 
	m
	e
	s
	s
	a
	g
	e
	 
	m
	u
	s
	t
	 
	c
	o
	n
	t
	a
	i
	n
	 
	t
	h
	e
	 
	w
	o
	r
	d
	 
	"
	(
	S
	|
	s
	)
	u
	c
	c
	e
	e
	d
	e
	d
	"
	,
	 
	"
	(
	S
	|
	s
	)
	u
	c
	c
	e
	s
	s
	"
	,
	 
	"
	S
	U
	C
	C
	E
	S
	S
	"
	,
	 
	o
	r
	 
	"
	S
	U
	C
	C
	E
	E
	D
	E
	D
	"
	;
	 
	t
	h
	i
	s
	 
	c
	a
	n
	 
	b
	e
	 
	c
	h
	a
	n
	g
	e
	d
	 
	i
	n
	 
	r
	u
	n
	n
	e
	r
	.
	p
	y
	.
- Reference output:
	P
	a
	r
	s
	e
	 
	s
	u
	c
	c
	e
	e
	d
	e
	d
	,
	 
	f
	i
	n
	d
	i
	n
	g
	 
	1
	2
	 
	I
	L
	O
	C
	 
	o
	p
	e
	r
	a
	t
	i
	o
	n
	s
	.
- Your output:
	P
	O
	O
	 
	P
	O
	O
	O
	 
	P
	O
	O
	

	M
	u
	s
	t
	 
	s
	p
	e
	c
	i
	f
	y
	 
	a
	 
	f
	i
	l
	e
	 
	n
	a
	m
	e
	 
	a
	f
	t
	e
	r
	 
	t
	h
	e
	 
	f
	l
	a
	g
	.
❌ /clear/courses/comp412/students/ILOC/contributed/2013/lab2/s30_test4.i failed!
- Summary:
	Y
	o
	u
	 
	i
	d
	e
	n
	t
	i
	f
	i
	e
	d
	 
	0
	/
	0
	 
	e
	r
	r
	o
	r
	s
	 
	c
	o
	r
	r
	e
	c
	t
	l
	y
	.
	Y
	o
	u
	 
	i
	d
	e
	n
	t
	i
	f
	i
	e
	d
	 
	0
	 
	c
	o
	r
	r
	e
	c
	t
	 
	l
	i
	n
	e
	s
	 
	a
	s
	 
	e
	r
	r
	o
	r
	s
	.
	Y
	o
	u
	 
	d
	o
	 
	n
	o
	t
	 
	h
	a
	v
	e
	 
	a
	 
	s
	u
	c
	c
	e
	s
	s
	 
	m
	e
	s
	s
	a
	g
	e
	 
	w
	h
	i
	l
	e
	 
	t
	h
	e
	 
	r
	e
	f
	e
	r
	e
	n
	c
	e
	 
	d
	o
	e
	s
	.
	N
	O
	T
	E
	:
	 
	Y
	o
	u
	r
	 
	s
	u
	c
	c
	e
	s
	s
	 
	m
	e
	s
	s
	a
	g
	e
	 
	m
	u
	s
	t
	 
	c
	o
	n
	t
	a
	i
	n
	 
	t
	h
	e
	 
	w
	o
	r
	d
	 
	"
	(
	S
	|
	s
	)
	u
	c
	c
	e
	e
	d
	e
	d
	"
	,
	 
	"
	(
	S
	|
	s
	)
	u
	c
	c
	e
	s
	s
	"
	,
	 
	"
	S
	U
	C
	C
	E
	S
	S
	"
	,
	 
	o
	r
	 
	"
	S
	U
	C
	C
	E
	E
	D
	E
	D
	"
	;
	 
	t
	h
	i
	s
	 
	c
	a
	n
	 
	b
	e
	 
	c
	h
	a
	n
	g
	e
	d
	 
	i
	n
	 
	r
	u
	n
	n
	e
	r
	.
	p
	y
	.
- Reference output:
	P
	a
	r
	s
	e
	 
	s
	u
	c
	c
	e
	e
	d
	e
	d
	,
	 
	f
	i
	n
	d
	i
	n
	g
	 
	3
	1
	 
	I
	L
	O
	C
	 
	o
	p
	e
	r
	a
	t
	i
	o
	n
	s
	.
- Your output:
	P
	O
	O
	 
	P
	O
	O
	O
	 
	P
	O
	O
	

	M
	u
	s
	t
	 
	s
	p
	e
	c
	i
	f
	y
	 
	a
	 
	f
	i
	l
	e
	 
	n
	a
	m
	e
	 
	a
	f
	t
	e
	r
	 
	t
	h
	e
	 
	f
	l
	a
	g
	.
❌ /clear/courses/comp412/students/ILOC/contributed/2013/lab2/s30_test3.i failed!
- Summary:
	Y
	o
	u
	 
	i
	d
	e
	n
	t
	i
	f
	i
	e
	d
	 
	0
	/
	0
	 
	e
	r
	r
	o
	r
	s
	 
	c
	o
	r
	r
	e
	c
	t
	l
	y
	.
	Y
	o
	u
	 
	i
	d
	e
	n
	t
	i
	f
	i
	e
	d
	 
	0
	 
	c
	o
	r
	r
	e
	c
	t
	 
	l
	i
	n
	e
	s
	 
	a
	s
	 
	e
	r
	r
	o
	r
	s
	.
	Y
	o
	u
	 
	d
	o
	 
	n
	o
	t
	 
	h
	a
	v
	e
	 
	a
	 
	s
	u
	c
	c
	e
	s
	s
	 
	m
	e
	s
	s
	a
	g
	e
	 
	w
	h
	i
	l
	e
	 
	t
	h
	e
	 
	r
	e
	f
	e
	r
	e
	n
	c
	e
	 
	d
	o
	e
	s
	.
	N
	O
	T
	E
	:
	 
	Y
	o
	u
	r
	 
	s
	u
	c
	c
	e
	s
	s
	 
	m
	e
	s
	s
	a
	g
	e
	 
	m
	u
	s
	t
	 
	c
	o
	n
	t
	a
	i
	n
	 
	t
	h
	e
	 
	w
	o
	r
	d
	 
	"
	(
	S
	|
	s
	)
	u
	c
	c
	e
	e
	d
	e
	d
	"
	,
	 
	"
	(
	S
	|
	s
	)
	u
	c
	c
	e
	s
	s
	"
	,
	 
	"
	S
	U
	C
	C
	E
	S
	S
	"
	,
	 
	o
	r
	 
	"
	S
	U
	C
	C
	E
	E
	D
	E
	D
	"
	;
	 
	t
	h
	i
	s
	 
	c
	a
	n
	 
	b
	e
	 
	c
	h
	a
	n
	g
	e
	d
	 
	i
	n
	 
	r
	u
	n
	n
	e
	r
	.
	p
	y
	.
- Reference output:
	P
	a
	r
	s
	e
	 
	s
	u
	c
	c
	e
	e
	d
	e
	d
	,
	 
	f
	i
	n
	d
	i
	n
	g
	 
	1
	8
	 
	I
	L
	O
	C
	 
	o
	p
	e
	r
	a
	t
	i
	o
	n
	s
	.
- Your output:
	P
	O
	O
	 
	P
	O
	O
	O
	 
	P
	O
	O
	

	M
	u
	s
	t
	 
	s
	p
	e
	c
	i
	f
	y
	 
	a
	 
	f
	i
	l
	e
	 
	n
	a
	m
	e
	 
	a
	f
	t
	e
	r
	 
	t
	h
	e
	 
	f
	l
	a
	g
	.
❌ /clear/courses/comp412/students/ILOC/contributed/2013/lab2/s28_test2.i failed!
- Summary:
	Y
	o
	u
	 
	i
	d
	e
	n
	t
	i
	f
	i
	e
	d
	 
	0
	/
	0
	 
	e
	r
	r
	o
	r
	s
	 
	c
	o
	r
	r
	e
	c
	t
	l
	y
	.
	Y
	o
	u
	 
	i
	d
	e
	n
	t
	i
	f
	i
	e
	d
	 
	0
	 
	c
	o
	r
	r
	e
	c
	t
	 
	l
	i
	n
	e
	s
	 
	a
	s
	 
	e
	r
	r
	o
	r
	s
	.
	Y
	o
	u
	 
	d
	o
	 
	n
	o
	t
	 
	h
	a
	v
	e
	 
	a
	 
	s
	u
	c
	c
	e
	s
	s
	 
	m
	e
	s
	s
	a
	g
	e
	 
	w
	h
	i
	l
	e
	 
	t
	h
	e
	 
	r
	e
	f
	e
	r
	e
	n
	c
	e
	 
	d
	o
	e
	s
	.
	N
	O
	T
	E
	:
	 
	Y
	o
	u
	r
	 
	s
	u
	c
	c
	e
	s
	s
	 
	m
	e
	s
	s
	a
	g
	e
	 
	m
	u
	s
	t
	 
	c
	o
	n
	t
	a
	i
	n
	 
	t
	h
	e
	 
	w
	o
	r
	d
	 
	"
	(
	S
	|
	s
	)
	u
	c
	c
	e
	e
	d
	e
	d
	"
	,
	 
	"
	(
	S
	|
	s
	)
	u
	c
	c
	e
	s
	s
	"
	,
	 
	"
	S
	U
	C
	C
	E
	S
	S
	"
	,
	 
	o
	r
	 
	"
	S
	U
	C
	C
	E
	E
	D
	E
	D
	"
	;
	 
	t
	h
	i
	s
	 
	c
	a
	n
	 
	b
	e
	 
	c
	h
	a
	n
	g
	e
	d
	 
	i
	n
	 
	r
	u
	n
	n
	e
	r
	.
	p
	y
	.
- Reference output:
	P
	a
	r
	s
	e
	 
	s
	u
	c
	c
	e
	e
	d
	e
	d
	,
	 
	f
	i
	n
	d
	i
	n
	g
	 
	2
	4
	 
	I
	L
	O
	C
	 
	o
	p
	e
	r
	a
	t
	i
	o
	n
	s
	.
- Your output:
	P
	O
	O
	 
	P
	O
	O
	O
	 
	P
	O
	O
	

	M
	u
	s
	t
	 
	s
	p
	e
	c
	i
	f
	y
	 
	a
	 
	f
	i
	l
	e
	 
	n
	a
	m
	e
	 
	a
	f
	t
	e
	r
	 
	t
	h
	e
	 
	f
	l
	a
	g
	.
❌ /clear/courses/comp412/students/ILOC/contributed/2013/lab2/s50_test1.i failed!
- Summary:
	Y
	o
	u
	 
	i
	d
	e
	n
	t
	i
	f
	i
	e
	d
	 
	0
	/
	0
	 
	e
	r
	r
	o
	r
	s
	 
	c
	o
	r
	r
	e
	c
	t
	l
	y
	.
	Y
	o
	u
	 
	i
	d
	e
	n
	t
	i
	f
	i
	e
	d
	 
	0
	 
	c
	o
	r
	r
	e
	c
	t
	 
	l
	i
	n
	e
	s
	 
	a
	s
	 
	e
	r
	r
	o
	r
	s
	.
	Y
	o
	u
	 
	d
	o
	 
	n
	o
	t
	 
	h
	a
	v
	e
	 
	a
	 
	s
	u
	c
	c
	e
	s
	s
	 
	m
	e
	s
	s
	a
	g
	e
	 
	w
	h
	i
	l
	e
	 
	t
	h
	e
	 
	r
	e
	f
	e
	r
	e
	n
	c
	e
	 
	d
	o
	e
	s
	.
	N
	O
	T
	E
	:
	 
	Y
	o
	u
	r
	 
	s
	u
	c
	c
	e
	s
	s
	 
	m
	e
	s
	s
	a
	g
	e
	 
	m
	u
	s
	t
	 
	c
	o
	n
	t
	a
	i
	n
	 
	t
	h
	e
	 
	w
	o
	r
	d
	 
	"
	(
	S
	|
	s
	)
	u
	c
	c
	e
	e
	d
	e
	d
	"
	,
	 
	"
	(
	S
	|
	s
	)
	u
	c
	c
	e
	s
	s
	"
	,
	 
	"
	S
	U
	C
	C
	E
	S
	S
	"
	,
	 
	o
	r
	 
	"
	S
	U
	C
	C
	E
	E
	D
	E
	D
	"
	;
	 
	t
	h
	i
	s
	 
	c
	a
	n
	 
	b
	e
	 
	c
	h
	a
	n
	g
	e
	d
	 
	i
	n
	 
	r
	u
	n
	n
	e
	r
	.
	p
	y
	.
- Reference output:
	P
	a
	r
	s
	e
	 
	s
	u
	c
	c
	e
	e
	d
	e
	d
	,
	 
	f
	i
	n
	d
	i
	n
	g
	 
	6
	3
	 
	I
	L
	O
	C
	 
	o
	p
	e
	r
	a
	t
	i
	o
	n
	s
	.
- Your output:
	P
	O
	O
	 
	P
	O
	O
	O
	 
	P
	O
	O
	

	M
	u
	s
	t
	 
	s
	p
	e
	c
	i
	f
	y
	 
	a
	 
	f
	i
	l
	e
	 
	n
	a
	m
	e
	 
	a
	f
	t
	e
	r
	 
	t
	h
	e
	 
	f
	l
	a
	g
	.
❌ /clear/courses/comp412/students/ILOC/contributed/2013/lab2/s40_test1.i failed!
- Summary:
	Y
	o
	u
	 
	i
	d
	e
	n
	t
	i
	f
	i
	e
	d
	 
	0
	/
	0
	 
	e
	r
	r
	o
	r
	s
	 
	c
	o
	r
	r
	e
	c
	t
	l
	y
	.
	Y
	o
	u
	 
	i
	d
	e
	n
	t
	i
	f
	i
	e
	d
	 
	0
	 
	c
	o
	r
	r
	e
	c
	t
	 
	l
	i
	n
	e
	s
	 
	a
	s
	 
	e
	r
	r
	o
	r
	s
	.
	Y
	o
	u
	 
	d
	o
	 
	n
	o
	t
	 
	h
	a
	v
	e
	 
	a
	 
	s
	u
	c
	c
	e
	s
	s
	 
	m
	e
	s
	s
	a
	g
	e
	 
	w
	h
	i
	l
	e
	 
	t
	h
	e
	 
	r
	e
	f
	e
	r
	e
	n
	c
	e
	 
	d
	o
	e
	s
	.
	N
	O
	T
	E
	:
	 
	Y
	o
	u
	r
	 
	s
	u
	c
	c
	e
	s
	s
	 
	m
	e
	s
	s
	a
	g
	e
	 
	m
	u
	s
	t
	 
	c
	o
	n
	t
	a
	i
	n
	 
	t
	h
	e
	 
	w
	o
	r
	d
	 
	"
	(
	S
	|
	s
	)
	u
	c
	c
	e
	e
	d
	e
	d
	"
	,
	 
	"
	(
	S
	|
	s
	)
	u
	c
	c
	e
	s
	s
	"
	,
	 
	"
	S
	U
	C
	C
	E
	S
	S
	"
	,
	 
	o
	r
	 
	"
	S
	U
	C
	C
	E
	E
	D
	E
	D
	"
	;
	 
	t
	h
	i
	s
	 
	c
	a
	n
	 
	b
	e
	 
	c
	h
	a
	n
	g
	e
	d
	 
	i
	n
	 
	r
	u
	n
	n
	e
	r
	.
	p
	y
	.
- Reference output:
	P
	a
	r
	s
	e
	 
	s
	u
	c
	c
	e
	e
	d
	e
	d
	,
	 
	f
	i
	n
	d
	i
	n
	g
	 
	2
	3
	 
	I
	L
	O
	C
	 
	o
	p
	e
	r
	a
	t
	i
	o
	n
	s
	.
- Your output:
	P
	O
	O
	 
	P
	O
	O
	O
	 
	P
	O
	O
	

	M
	u
	s
	t
	 
	s
	p
	e
	c
	i
	f
	y
	 
	a
	 
	f
	i
	l
	e
	 
	n
	a
	m
	e
	 
	a
	f
	t
	e
	r
	 
	t
	h
	e
	 
	f
	l
	a
	g
	.
❌ /clear/courses/comp412/students/ILOC/contributed/2013/lab2/s32_test2.i failed!
- Summary:
	Y
	o
	u
	 
	i
	d
	e
	n
	t
	i
	f
	i
	e
	d
	 
	0
	/
	0
	 
	e
	r
	r
	o
	r
	s
	 
	c
	o
	r
	r
	e
	c
	t
	l
	y
	.
	Y
	o
	u
	 
	i
	d
	e
	n
	t
	i
	f
	i
	e
	d
	 
	0
	 
	c
	o
	r
	r
	e
	c
	t
	 
	l
	i
	n
	e
	s
	 
	a
	s
	 
	e
	r
	r
	o
	r
	s
	.
	Y
	o
	u
	 
	d
	o
	 
	n
	o
	t
	 
	h
	a
	v
	e
	 
	a
	 
	s
	u
	c
	c
	e
	s
	s
	 
	m
	e
	s
	s
	a
	g
	e
	 
	w
	h
	i
	l
	e
	 
	t
	h
	e
	 
	r
	e
	f
	e
	r
	e
	n
	c
	e
	 
	d
	o
	e
	s
	.
	N
	O
	T
	E
	:
	 
	Y
	o
	u
	r
	 
	s
	u
	c
	c
	e
	s
	s
	 
	m
	e
	s
	s
	a
	g
	e
	 
	m
	u
	s
	t
	 
	c
	o
	n
	t
	a
	i
	n
	 
	t
	h
	e
	 
	w
	o
	r
	d
	 
	"
	(
	S
	|
	s
	)
	u
	c
	c
	e
	e
	d
	e
	d
	"
	,
	 
	"
	(
	S
	|
	s
	)
	u
	c
	c
	e
	s
	s
	"
	,
	 
	"
	S
	U
	C
	C
	E
	S
	S
	"
	,
	 
	o
	r
	 
	"
	S
	U
	C
	C
	E
	E
	D
	E
	D
	"
	;
	 
	t
	h
	i
	s
	 
	c
	a
	n
	 
	b
	e
	 
	c
	h
	a
	n
	g
	e
	d
	 
	i
	n
	 
	r
	u
	n
	n
	e
	r
	.
	p
	y
	.
- Reference output:
	P
	a
	r
	s
	e
	 
	s
	u
	c
	c
	e
	e
	d
	e
	d
	,
	 
	f
	i
	n
	d
	i
	n
	g
	 
	1
	3
	 
	I
	L
	O
	C
	 
	o
	p
	e
	r
	a
	t
	i
	o
	n
	s
	.
- Your output:
	P
	O
	O
	 
	P
	O
	O
	O
	 
	P
	O
	O
	

	M
	u
	s
	t
	 
	s
	p
	e
	c
	i
	f
	y
	 
	a
	 
	f
	i
	l
	e
	 
	n
	a
	m
	e
	 
	a
	f
	t
	e
	r
	 
	t
	h
	e
	 
	f
	l
	a
	g
	.
❌ /clear/courses/comp412/students/ILOC/contributed/2013/lab2/s16_test1.i failed!
- Summary:
	Y
	o
	u
	 
	i
	d
	e
	n
	t
	i
	f
	i
	e
	d
	 
	0
	/
	0
	 
	e
	r
	r
	o
	r
	s
	 
	c
	o
	r
	r
	e
	c
	t
	l
	y
	.
	Y
	o
	u
	 
	i
	d
	e
	n
	t
	i
	f
	i
	e
	d
	 
	0
	 
	c
	o
	r
	r
	e
	c
	t
	 
	l
	i
	n
	e
	s
	 
	a
	s
	 
	e
	r
	r
	o
	r
	s
	.
	Y
	o
	u
	 
	d
	o
	 
	n
	o
	t
	 
	h
	a
	v
	e
	 
	a
	 
	s
	u
	c
	c
	e
	s
	s
	 
	m
	e
	s
	s
	a
	g
	e
	 
	w
	h
	i
	l
	e
	 
	t
	h
	e
	 
	r
	e
	f
	e
	r
	e
	n
	c
	e
	 
	d
	o
	e
	s
	.
	N
	O
	T
	E
	:
	 
	Y
	o
	u
	r
	 
	s
	u
	c
	c
	e
	s
	s
	 
	m
	e
	s
	s
	a
	g
	e
	 
	m
	u
	s
	t
	 
	c
	o
	n
	t
	a
	i
	n
	 
	t
	h
	e
	 
	w
	o
	r
	d
	 
	"
	(
	S
	|
	s
	)
	u
	c
	c
	e
	e
	d
	e
	d
	"
	,
	 
	"
	(
	S
	|
	s
	)
	u
	c
	c
	e
	s
	s
	"
	,
	 
	"
	S
	U
	C
	C
	E
	S
	S
	"
	,
	 
	o
	r
	 
	"
	S
	U
	C
	C
	E
	E
	D
	E
	D
	"
	;
	 
	t
	h
	i
	s
	 
	c
	a
	n
	 
	b
	e
	 
	c
	h
	a
	n
	g
	e
	d
	 
	i
	n
	 
	r
	u
	n
	n
	e
	r
	.
	p
	y
	.
- Reference output:
	P
	a
	r
	s
	e
	 
	s
	u
	c
	c
	e
	e
	d
	e
	d
	,
	 
	f
	i
	n
	d
	i
	n
	g
	 
	1
	2
	 
	I
	L
	O
	C
	 
	o
	p
	e
	r
	a
	t
	i
	o
	n
	s
	.
- Your output:
	P
	O
	O
	 
	P
	O
	O
	O
	 
	P
	O
	O
	

	M
	u
	s
	t
	 
	s
	p
	e
	c
	i
	f
	y
	 
	a
	 
	f
	i
	l
	e
	 
	n
	a
	m
	e
	 
	a
	f
	t
	e
	r
	 
	t
	h
	e
	 
	f
	l
	a
	g
	.
❌ /clear/courses/comp412/students/ILOC/contributed/2013/lab2/s51_test2.i failed!
- Summary:
	Y
	o
	u
	 
	i
	d
	e
	n
	t
	i
	f
	i
	e
	d
	 
	0
	/
	0
	 
	e
	r
	r
	o
	r
	s
	 
	c
	o
	r
	r
	e
	c
	t
	l
	y
	.
	Y
	o
	u
	 
	i
	d
	e
	n
	t
	i
	f
	i
	e
	d
	 
	0
	 
	c
	o
	r
	r
	e
	c
	t
	 
	l
	i
	n
	e
	s
	 
	a
	s
	 
	e
	r
	r
	o
	r
	s
	.
	Y
	o
	u
	 
	d
	o
	 
	n
	o
	t
	 
	h
	a
	v
	e
	 
	a
	 
	s
	u
	c
	c
	e
	s
	s
	 
	m
	e
	s
	s
	a
	g
	e
	 
	w
	h
	i
	l
	e
	 
	t
	h
	e
	 
	r
	e
	f
	e
	r
	e
	n
	c
	e
	 
	d
	o
	e
	s
	.
	N
	O
	T
	E
	:
	 
	Y
	o
	u
	r
	 
	s
	u
	c
	c
	e
	s
	s
	 
	m
	e
	s
	s
	a
	g
	e
	 
	m
	u
	s
	t
	 
	c
	o
	n
	t
	a
	i
	n
	 
	t
	h
	e
	 
	w
	o
	r
	d
	 
	"
	(
	S
	|
	s
	)
	u
	c
	c
	e
	e
	d
	e
	d
	"
	,
	 
	"
	(
	S
	|
	s
	)
	u
	c
	c
	e
	s
	s
	"
	,
	 
	"
	S
	U
	C
	C
	E
	S
	S
	"
	,
	 
	o
	r
	 
	"
	S
	U
	C
	C
	E
	E
	D
	E
	D
	"
	;
	 
	t
	h
	i
	s
	 
	c
	a
	n
	 
	b
	e
	 
	c
	h
	a
	n
	g
	e
	d
	 
	i
	n
	 
	r
	u
	n
	n
	e
	r
	.
	p
	y
	.
- Reference output:
	P
	a
	r
	s
	e
	 
	s
	u
	c
	c
	e
	e
	d
	e
	d
	,
	 
	f
	i
	n
	d
	i
	n
	g
	 
	9
	 
	I
	L
	O
	C
	 
	o
	p
	e
	r
	a
	t
	i
	o
	n
	s
	.
- Your output:
	P
	O
	O
	 
	P
	O
	O
	O
	 
	P
	O
	O
	

	M
	u
	s
	t
	 
	s
	p
	e
	c
	i
	f
	y
	 
	a
	 
	f
	i
	l
	e
	 
	n
	a
	m
	e
	 
	a
	f
	t
	e
	r
	 
	t
	h
	e
	 
	f
	l
	a
	g
	.
❌ /clear/courses/comp412/students/ILOC/contributed/2013/lab2/s52_test1.i failed!
- Summary:
	Y
	o
	u
	 
	i
	d
	e
	n
	t
	i
	f
	i
	e
	d
	 
	0
	/
	0
	 
	e
	r
	r
	o
	r
	s
	 
	c
	o
	r
	r
	e
	c
	t
	l
	y
	.
	Y
	o
	u
	 
	i
	d
	e
	n
	t
	i
	f
	i
	e
	d
	 
	0
	 
	c
	o
	r
	r
	e
	c
	t
	 
	l
	i
	n
	e
	s
	 
	a
	s
	 
	e
	r
	r
	o
	r
	s
	.
	Y
	o
	u
	 
	d
	o
	 
	n
	o
	t
	 
	h
	a
	v
	e
	 
	a
	 
	s
	u
	c
	c
	e
	s
	s
	 
	m
	e
	s
	s
	a
	g
	e
	 
	w
	h
	i
	l
	e
	 
	t
	h
	e
	 
	r
	e
	f
	e
	r
	e
	n
	c
	e
	 
	d
	o
	e
	s
	.
	N
	O
	T
	E
	:
	 
	Y
	o
	u
	r
	 
	s
	u
	c
	c
	e
	s
	s
	 
	m
	e
	s
	s
	a
	g
	e
	 
	m
	u
	s
	t
	 
	c
	o
	n
	t
	a
	i
	n
	 
	t
	h
	e
	 
	w
	o
	r
	d
	 
	"
	(
	S
	|
	s
	)
	u
	c
	c
	e
	e
	d
	e
	d
	"
	,
	 
	"
	(
	S
	|
	s
	)
	u
	c
	c
	e
	s
	s
	"
	,
	 
	"
	S
	U
	C
	C
	E
	S
	S
	"
	,
	 
	o
	r
	 
	"
	S
	U
	C
	C
	E
	E
	D
	E
	D
	"
	;
	 
	t
	h
	i
	s
	 
	c
	a
	n
	 
	b
	e
	 
	c
	h
	a
	n
	g
	e
	d
	 
	i
	n
	 
	r
	u
	n
	n
	e
	r
	.
	p
	y
	.
- Reference output:
	P
	a
	r
	s
	e
	 
	s
	u
	c
	c
	e
	e
	d
	e
	d
	,
	 
	f
	i
	n
	d
	i
	n
	g
	 
	1
	3
	 
	I
	L
	O
	C
	 
	o
	p
	e
	r
	a
	t
	i
	o
	n
	s
	.
- Your output:
	P
	O
	O
	 
	P
	O
	O
	O
	 
	P
	O
	O
	

	M
	u
	s
	t
	 
	s
	p
	e
	c
	i
	f
	y
	 
	a
	 
	f
	i
	l
	e
	 
	n
	a
	m
	e
	 
	a
	f
	t
	e
	r
	 
	t
	h
	e
	 
	f
	l
	a
	g
	.
❌ /clear/courses/comp412/students/ILOC/contributed/2013/lab2/s26_integersum.i failed!
- Summary:
	Y
	o
	u
	 
	i
	d
	e
	n
	t
	i
	f
	i
	e
	d
	 
	0
	/
	0
	 
	e
	r
	r
	o
	r
	s
	 
	c
	o
	r
	r
	e
	c
	t
	l
	y
	.
	Y
	o
	u
	 
	i
	d
	e
	n
	t
	i
	f
	i
	e
	d
	 
	0
	 
	c
	o
	r
	r
	e
	c
	t
	 
	l
	i
	n
	e
	s
	 
	a
	s
	 
	e
	r
	r
	o
	r
	s
	.
	Y
	o
	u
	 
	d
	o
	 
	n
	o
	t
	 
	h
	a
	v
	e
	 
	a
	 
	s
	u
	c
	c
	e
	s
	s
	 
	m
	e
	s
	s
	a
	g
	e
	 
	w
	h
	i
	l
	e
	 
	t
	h
	e
	 
	r
	e
	f
	e
	r
	e
	n
	c
	e
	 
	d
	o
	e
	s
	.
	N
	O
	T
	E
	:
	 
	Y
	o
	u
	r
	 
	s
	u
	c
	c
	e
	s
	s
	 
	m
	e
	s
	s
	a
	g
	e
	 
	m
	u
	s
	t
	 
	c
	o
	n
	t
	a
	i
	n
	 
	t
	h
	e
	 
	w
	o
	r
	d
	 
	"
	(
	S
	|
	s
	)
	u
	c
	c
	e
	e
	d
	e
	d
	"
	,
	 
	"
	(
	S
	|
	s
	)
	u
	c
	c
	e
	s
	s
	"
	,
	 
	"
	S
	U
	C
	C
	E
	S
	S
	"
	,
	 
	o
	r
	 
	"
	S
	U
	C
	C
	E
	E
	D
	E
	D
	"
	;
	 
	t
	h
	i
	s
	 
	c
	a
	n
	 
	b
	e
	 
	c
	h
	a
	n
	g
	e
	d
	 
	i
	n
	 
	r
	u
	n
	n
	e
	r
	.
	p
	y
	.
- Reference output:
	P
	a
	r
	s
	e
	 
	s
	u
	c
	c
	e
	e
	d
	e
	d
	,
	 
	f
	i
	n
	d
	i
	n
	g
	 
	4
	8
	 
	I
	L
	O
	C
	 
	o
	p
	e
	r
	a
	t
	i
	o
	n
	s
	.
- Your output:
	P
	O
	O
	 
	P
	O
	O
	O
	 
	P
	O
	O
	

	M
	u
	s
	t
	 
	s
	p
	e
	c
	i
	f
	y
	 
	a
	 
	f
	i
	l
	e
	 
	n
	a
	m
	e
	 
	a
	f
	t
	e
	r
	 
	t
	h
	e
	 
	f
	l
	a
	g
	.
❌ /clear/courses/comp412/students/ILOC/contributed/2013/lab2/s23_test_lshift2.i failed!
- Summary:
	Y
	o
	u
	 
	i
	d
	e
	n
	t
	i
	f
	i
	e
	d
	 
	0
	/
	0
	 
	e
	r
	r
	o
	r
	s
	 
	c
	o
	r
	r
	e
	c
	t
	l
	y
	.
	Y
	o
	u
	 
	i
	d
	e
	n
	t
	i
	f
	i
	e
	d
	 
	0
	 
	c
	o
	r
	r
	e
	c
	t
	 
	l
	i
	n
	e
	s
	 
	a
	s
	 
	e
	r
	r
	o
	r
	s
	.
	Y
	o
	u
	 
	d
	o
	 
	n
	o
	t
	 
	h
	a
	v
	e
	 
	a
	 
	s
	u
	c
	c
	e
	s
	s
	 
	m
	e
	s
	s
	a
	g
	e
	 
	w
	h
	i
	l
	e
	 
	t
	h
	e
	 
	r
	e
	f
	e
	r
	e
	n
	c
	e
	 
	d
	o
	e
	s
	.
	N
	O
	T
	E
	:
	 
	Y
	o
	u
	r
	 
	s
	u
	c
	c
	e
	s
	s
	 
	m
	e
	s
	s
	a
	g
	e
	 
	m
	u
	s
	t
	 
	c
	o
	n
	t
	a
	i
	n
	 
	t
	h
	e
	 
	w
	o
	r
	d
	 
	"
	(
	S
	|
	s
	)
	u
	c
	c
	e
	e
	d
	e
	d
	"
	,
	 
	"
	(
	S
	|
	s
	)
	u
	c
	c
	e
	s
	s
	"
	,
	 
	"
	S
	U
	C
	C
	E
	S
	S
	"
	,
	 
	o
	r
	 
	"
	S
	U
	C
	C
	E
	E
	D
	E
	D
	"
	;
	 
	t
	h
	i
	s
	 
	c
	a
	n
	 
	b
	e
	 
	c
	h
	a
	n
	g
	e
	d
	 
	i
	n
	 
	r
	u
	n
	n
	e
	r
	.
	p
	y
	.
- Reference output:
	P
	a
	r
	s
	e
	 
	s
	u
	c
	c
	e
	e
	d
	e
	d
	,
	 
	f
	i
	n
	d
	i
	n
	g
	 
	1
	1
	 
	I
	L
	O
	C
	 
	o
	p
	e
	r
	a
	t
	i
	o
	n
	s
	.
- Your output:
	P
	O
	O
	 
	P
	O
	O
	O
	 
	P
	O
	O
	

	M
	u
	s
	t
	 
	s
	p
	e
	c
	i
	f
	y
	 
	a
	 
	f
	i
	l
	e
	 
	n
	a
	m
	e
	 
	a
	f
	t
	e
	r
	 
	t
	h
	e
	 
	f
	l
	a
	g
	.
❌ /clear/courses/comp412/students/ILOC/contributed/2013/lab2/s13_block2.i failed!
- Summary:
	Y
	o
	u
	 
	i
	d
	e
	n
	t
	i
	f
	i
	e
	d
	 
	0
	/
	0
	 
	e
	r
	r
	o
	r
	s
	 
	c
	o
	r
	r
	e
	c
	t
	l
	y
	.
	Y
	o
	u
	 
	i
	d
	e
	n
	t
	i
	f
	i
	e
	d
	 
	0
	 
	c
	o
	r
	r
	e
	c
	t
	 
	l
	i
	n
	e
	s
	 
	a
	s
	 
	e
	r
	r
	o
	r
	s
	.
	Y
	o
	u
	 
	d
	o
	 
	n
	o
	t
	 
	h
	a
	v
	e
	 
	a
	 
	s
	u
	c
	c
	e
	s
	s
	 
	m
	e
	s
	s
	a
	g
	e
	 
	w
	h
	i
	l
	e
	 
	t
	h
	e
	 
	r
	e
	f
	e
	r
	e
	n
	c
	e
	 
	d
	o
	e
	s
	.
	N
	O
	T
	E
	:
	 
	Y
	o
	u
	r
	 
	s
	u
	c
	c
	e
	s
	s
	 
	m
	e
	s
	s
	a
	g
	e
	 
	m
	u
	s
	t
	 
	c
	o
	n
	t
	a
	i
	n
	 
	t
	h
	e
	 
	w
	o
	r
	d
	 
	"
	(
	S
	|
	s
	)
	u
	c
	c
	e
	e
	d
	e
	d
	"
	,
	 
	"
	(
	S
	|
	s
	)
	u
	c
	c
	e
	s
	s
	"
	,
	 
	"
	S
	U
	C
	C
	E
	S
	S
	"
	,
	 
	o
	r
	 
	"
	S
	U
	C
	C
	E
	E
	D
	E
	D
	"
	;
	 
	t
	h
	i
	s
	 
	c
	a
	n
	 
	b
	e
	 
	c
	h
	a
	n
	g
	e
	d
	 
	i
	n
	 
	r
	u
	n
	n
	e
	r
	.
	p
	y
	.
- Reference output:
	P
	a
	r
	s
	e
	 
	s
	u
	c
	c
	e
	e
	d
	e
	d
	,
	 
	f
	i
	n
	d
	i
	n
	g
	 
	8
	 
	I
	L
	O
	C
	 
	o
	p
	e
	r
	a
	t
	i
	o
	n
	s
	.
- Your output:
	P
	O
	O
	 
	P
	O
	O
	O
	 
	P
	O
	O
	

	M
	u
	s
	t
	 
	s
	p
	e
	c
	i
	f
	y
	 
	a
	 
	f
	i
	l
	e
	 
	n
	a
	m
	e
	 
	a
	f
	t
	e
	r
	 
	t
	h
	e
	 
	f
	l
	a
	g
	.
❌ /clear/courses/comp412/students/ILOC/contributed/2013/lab2/s26_fibonacci.i failed!
- Summary:
	Y
	o
	u
	 
	i
	d
	e
	n
	t
	i
	f
	i
	e
	d
	 
	0
	/
	0
	 
	e
	r
	r
	o
	r
	s
	 
	c
	o
	r
	r
	e
	c
	t
	l
	y
	.
	Y
	o
	u
	 
	i
	d
	e
	n
	t
	i
	f
	i
	e
	d
	 
	0
	 
	c
	o
	r
	r
	e
	c
	t
	 
	l
	i
	n
	e
	s
	 
	a
	s
	 
	e
	r
	r
	o
	r
	s
	.
	Y
	o
	u
	 
	d
	o
	 
	n
	o
	t
	 
	h
	a
	v
	e
	 
	a
	 
	s
	u
	c
	c
	e
	s
	s
	 
	m
	e
	s
	s
	a
	g
	e
	 
	w
	h
	i
	l
	e
	 
	t
	h
	e
	 
	r
	e
	f
	e
	r
	e
	n
	c
	e
	 
	d
	o
	e
	s
	.
	N
	O
	T
	E
	:
	 
	Y
	o
	u
	r
	 
	s
	u
	c
	c
	e
	s
	s
	 
	m
	e
	s
	s
	a
	g
	e
	 
	m
	u
	s
	t
	 
	c
	o
	n
	t
	a
	i
	n
	 
	t
	h
	e
	 
	w
	o
	r
	d
	 
	"
	(
	S
	|
	s
	)
	u
	c
	c
	e
	e
	d
	e
	d
	"
	,
	 
	"
	(
	S
	|
	s
	)
	u
	c
	c
	e
	s
	s
	"
	,
	 
	"
	S
	U
	C
	C
	E
	S
	S
	"
	,
	 
	o
	r
	 
	"
	S
	U
	C
	C
	E
	E
	D
	E
	D
	"
	;
	 
	t
	h
	i
	s
	 
	c
	a
	n
	 
	b
	e
	 
	c
	h
	a
	n
	g
	e
	d
	 
	i
	n
	 
	r
	u
	n
	n
	e
	r
	.
	p
	y
	.
- Reference output:
	P
	a
	r
	s
	e
	 
	s
	u
	c
	c
	e
	e
	d
	e
	d
	,
	 
	f
	i
	n
	d
	i
	n
	g
	 
	5
	6
	 
	I
	L
	O
	C
	 
	o
	p
	e
	r
	a
	t
	i
	o
	n
	s
	.
- Your output:
	P
	O
	O
	 
	P
	O
	O
	O
	 
	P
	O
	O
	

	M
	u
	s
	t
	 
	s
	p
	e
	c
	i
	f
	y
	 
	a
	 
	f
	i
	l
	e
	 
	n
	a
	m
	e
	 
	a
	f
	t
	e
	r
	 
	t
	h
	e
	 
	f
	l
	a
	g
	.
❌ /clear/courses/comp412/students/ILOC/contributed/2013/lab2/s32_test3.i failed!
- Summary:
	Y
	o
	u
	 
	i
	d
	e
	n
	t
	i
	f
	i
	e
	d
	 
	0
	/
	0
	 
	e
	r
	r
	o
	r
	s
	 
	c
	o
	r
	r
	e
	c
	t
	l
	y
	.
	Y
	o
	u
	 
	i
	d
	e
	n
	t
	i
	f
	i
	e
	d
	 
	0
	 
	c
	o
	r
	r
	e
	c
	t
	 
	l
	i
	n
	e
	s
	 
	a
	s
	 
	e
	r
	r
	o
	r
	s
	.
	Y
	o
	u
	 
	d
	o
	 
	n
	o
	t
	 
	h
	a
	v
	e
	 
	a
	 
	s
	u
	c
	c
	e
	s
	s
	 
	m
	e
	s
	s
	a
	g
	e
	 
	w
	h
	i
	l
	e
	 
	t
	h
	e
	 
	r
	e
	f
	e
	r
	e
	n
	c
	e
	 
	d
	o
	e
	s
	.
	N
	O
	T
	E
	:
	 
	Y
	o
	u
	r
	 
	s
	u
	c
	c
	e
	s
	s
	 
	m
	e
	s
	s
	a
	g
	e
	 
	m
	u
	s
	t
	 
	c
	o
	n
	t
	a
	i
	n
	 
	t
	h
	e
	 
	w
	o
	r
	d
	 
	"
	(
	S
	|
	s
	)
	u
	c
	c
	e
	e
	d
	e
	d
	"
	,
	 
	"
	(
	S
	|
	s
	)
	u
	c
	c
	e
	s
	s
	"
	,
	 
	"
	S
	U
	C
	C
	E
	S
	S
	"
	,
	 
	o
	r
	 
	"
	S
	U
	C
	C
	E
	E
	D
	E
	D
	"
	;
	 
	t
	h
	i
	s
	 
	c
	a
	n
	 
	b
	e
	 
	c
	h
	a
	n
	g
	e
	d
	 
	i
	n
	 
	r
	u
	n
	n
	e
	r
	.
	p
	y
	.
- Reference output:
	P
	a
	r
	s
	e
	 
	s
	u
	c
	c
	e
	e
	d
	e
	d
	,
	 
	f
	i
	n
	d
	i
	n
	g
	 
	2
	5
	 
	I
	L
	O
	C
	 
	o
	p
	e
	r
	a
	t
	i
	o
	n
	s
	.
- Your output:
	P
	O
	O
	 
	P
	O
	O
	O
	 
	P
	O
	O
	

	M
	u
	s
	t
	 
	s
	p
	e
	c
	i
	f
	y
	 
	a
	 
	f
	i
	l
	e
	 
	n
	a
	m
	e
	 
	a
	f
	t
	e
	r
	 
	t
	h
	e
	 
	f
	l
	a
	g
	.
❌ /clear/courses/comp412/students/ILOC/contributed/2013/lab2/s41_test1.i failed!
- Summary:
	Y
	o
	u
	 
	i
	d
	e
	n
	t
	i
	f
	i
	e
	d
	 
	0
	/
	0
	 
	e
	r
	r
	o
	r
	s
	 
	c
	o
	r
	r
	e
	c
	t
	l
	y
	.
	Y
	o
	u
	 
	i
	d
	e
	n
	t
	i
	f
	i
	e
	d
	 
	0
	 
	c
	o
	r
	r
	e
	c
	t
	 
	l
	i
	n
	e
	s
	 
	a
	s
	 
	e
	r
	r
	o
	r
	s
	.
	Y
	o
	u
	 
	d
	o
	 
	n
	o
	t
	 
	h
	a
	v
	e
	 
	a
	 
	s
	u
	c
	c
	e
	s
	s
	 
	m
	e
	s
	s
	a
	g
	e
	 
	w
	h
	i
	l
	e
	 
	t
	h
	e
	 
	r
	e
	f
	e
	r
	e
	n
	c
	e
	 
	d
	o
	e
	s
	.
	N
	O
	T
	E
	:
	 
	Y
	o
	u
	r
	 
	s
	u
	c
	c
	e
	s
	s
	 
	m
	e
	s
	s
	a
	g
	e
	 
	m
	u
	s
	t
	 
	c
	o
	n
	t
	a
	i
	n
	 
	t
	h
	e
	 
	w
	o
	r
	d
	 
	"
	(
	S
	|
	s
	)
	u
	c
	c
	e
	e
	d
	e
	d
	"
	,
	 
	"
	(
	S
	|
	s
	)
	u
	c
	c
	e
	s
	s
	"
	,
	 
	"
	S
	U
	C
	C
	E
	S
	S
	"
	,
	 
	o
	r
	 
	"
	S
	U
	C
	C
	E
	E
	D
	E
	D
	"
	;
	 
	t
	h
	i
	s
	 
	c
	a
	n
	 
	b
	e
	 
	c
	h
	a
	n
	g
	e
	d
	 
	i
	n
	 
	r
	u
	n
	n
	e
	r
	.
	p
	y
	.
- Reference output:
	P
	a
	r
	s
	e
	 
	s
	u
	c
	c
	e
	e
	d
	e
	d
	,
	 
	f
	i
	n
	d
	i
	n
	g
	 
	1
	3
	 
	I
	L
	O
	C
	 
	o
	p
	e
	r
	a
	t
	i
	o
	n
	s
	.
- Your output:
	P
	O
	O
	 
	P
	O
	O
	O
	 
	P
	O
	O
	

	M
	u
	s
	t
	 
	s
	p
	e
	c
	i
	f
	y
	 
	a
	 
	f
	i
	l
	e
	 
	n
	a
	m
	e
	 
	a
	f
	t
	e
	r
	 
	t
	h
	e
	 
	f
	l
	a
	g
	.
❌ /clear/courses/comp412/students/ILOC/contributed/2013/lab2/s15_block2.i failed!
- Summary:
	Y
	o
	u
	 
	i
	d
	e
	n
	t
	i
	f
	i
	e
	d
	 
	0
	/
	0
	 
	e
	r
	r
	o
	r
	s
	 
	c
	o
	r
	r
	e
	c
	t
	l
	y
	.
	Y
	o
	u
	 
	i
	d
	e
	n
	t
	i
	f
	i
	e
	d
	 
	0
	 
	c
	o
	r
	r
	e
	c
	t
	 
	l
	i
	n
	e
	s
	 
	a
	s
	 
	e
	r
	r
	o
	r
	s
	.
	Y
	o
	u
	 
	d
	o
	 
	n
	o
	t
	 
	h
	a
	v
	e
	 
	a
	 
	s
	u
	c
	c
	e
	s
	s
	 
	m
	e
	s
	s
	a
	g
	e
	 
	w
	h
	i
	l
	e
	 
	t
	h
	e
	 
	r
	e
	f
	e
	r
	e
	n
	c
	e
	 
	d
	o
	e
	s
	.
	N
	O
	T
	E
	:
	 
	Y
	o
	u
	r
	 
	s
	u
	c
	c
	e
	s
	s
	 
	m
	e
	s
	s
	a
	g
	e
	 
	m
	u
	s
	t
	 
	c
	o
	n
	t
	a
	i
	n
	 
	t
	h
	e
	 
	w
	o
	r
	d
	 
	"
	(
	S
	|
	s
	)
	u
	c
	c
	e
	e
	d
	e
	d
	"
	,
	 
	"
	(
	S
	|
	s
	)
	u
	c
	c
	e
	s
	s
	"
	,
	 
	"
	S
	U
	C
	C
	E
	S
	S
	"
	,
	 
	o
	r
	 
	"
	S
	U
	C
	C
	E
	E
	D
	E
	D
	"
	;
	 
	t
	h
	i
	s
	 
	c
	a
	n
	 
	b
	e
	 
	c
	h
	a
	n
	g
	e
	d
	 
	i
	n
	 
	r
	u
	n
	n
	e
	r
	.
	p
	y
	.
- Reference output:
	P
	a
	r
	s
	e
	 
	s
	u
	c
	c
	e
	e
	d
	e
	d
	,
	 
	f
	i
	n
	d
	i
	n
	g
	 
	5
	6
	 
	I
	L
	O
	C
	 
	o
	p
	e
	r
	a
	t
	i
	o
	n
	s
	.
- Your output:
	P
	O
	O
	 
	P
	O
	O
	O
	 
	P
	O
	O
	

	M
	u
	s
	t
	 
	s
	p
	e
	c
	i
	f
	y
	 
	a
	 
	f
	i
	l
	e
	 
	n
	a
	m
	e
	 
	a
	f
	t
	e
	r
	 
	t
	h
	e
	 
	f
	l
	a
	g
	.
❌ /clear/courses/comp412/students/ILOC/contributed/2013/lab2/s24_test3.i failed!
- Summary:
	Y
	o
	u
	 
	i
	d
	e
	n
	t
	i
	f
	i
	e
	d
	 
	0
	/
	0
	 
	e
	r
	r
	o
	r
	s
	 
	c
	o
	r
	r
	e
	c
	t
	l
	y
	.
	Y
	o
	u
	 
	i
	d
	e
	n
	t
	i
	f
	i
	e
	d
	 
	0
	 
	c
	o
	r
	r
	e
	c
	t
	 
	l
	i
	n
	e
	s
	 
	a
	s
	 
	e
	r
	r
	o
	r
	s
	.
	Y
	o
	u
	 
	d
	o
	 
	n
	o
	t
	 
	h
	a
	v
	e
	 
	a
	 
	s
	u
	c
	c
	e
	s
	s
	 
	m
	e
	s
	s
	a
	g
	e
	 
	w
	h
	i
	l
	e
	 
	t
	h
	e
	 
	r
	e
	f
	e
	r
	e
	n
	c
	e
	 
	d
	o
	e
	s
	.
	N
	O
	T
	E
	:
	 
	Y
	o
	u
	r
	 
	s
	u
	c
	c
	e
	s
	s
	 
	m
	e
	s
	s
	a
	g
	e
	 
	m
	u
	s
	t
	 
	c
	o
	n
	t
	a
	i
	n
	 
	t
	h
	e
	 
	w
	o
	r
	d
	 
	"
	(
	S
	|
	s
	)
	u
	c
	c
	e
	e
	d
	e
	d
	"
	,
	 
	"
	(
	S
	|
	s
	)
	u
	c
	c
	e
	s
	s
	"
	,
	 
	"
	S
	U
	C
	C
	E
	S
	S
	"
	,
	 
	o
	r
	 
	"
	S
	U
	C
	C
	E
	E
	D
	E
	D
	"
	;
	 
	t
	h
	i
	s
	 
	c
	a
	n
	 
	b
	e
	 
	c
	h
	a
	n
	g
	e
	d
	 
	i
	n
	 
	r
	u
	n
	n
	e
	r
	.
	p
	y
	.
- Reference output:
	P
	a
	r
	s
	e
	 
	s
	u
	c
	c
	e
	e
	d
	e
	d
	,
	 
	f
	i
	n
	d
	i
	n
	g
	 
	1
	5
	 
	I
	L
	O
	C
	 
	o
	p
	e
	r
	a
	t
	i
	o
	n
	s
	.
- Your output:
	P
	O
	O
	 
	P
	O
	O
	O
	 
	P
	O
	O
	

	M
	u
	s
	t
	 
	s
	p
	e
	c
	i
	f
	y
	 
	a
	 
	f
	i
	l
	e
	 
	n
	a
	m
	e
	 
	a
	f
	t
	e
	r
	 
	t
	h
	e
	 
	f
	l
	a
	g
	.
❌ /clear/courses/comp412/students/ILOC/contributed/2013/lab2/s51_test3.i failed!
- Summary:
	Y
	o
	u
	 
	i
	d
	e
	n
	t
	i
	f
	i
	e
	d
	 
	0
	/
	0
	 
	e
	r
	r
	o
	r
	s
	 
	c
	o
	r
	r
	e
	c
	t
	l
	y
	.
	Y
	o
	u
	 
	i
	d
	e
	n
	t
	i
	f
	i
	e
	d
	 
	0
	 
	c
	o
	r
	r
	e
	c
	t
	 
	l
	i
	n
	e
	s
	 
	a
	s
	 
	e
	r
	r
	o
	r
	s
	.
	Y
	o
	u
	 
	d
	o
	 
	n
	o
	t
	 
	h
	a
	v
	e
	 
	a
	 
	s
	u
	c
	c
	e
	s
	s
	 
	m
	e
	s
	s
	a
	g
	e
	 
	w
	h
	i
	l
	e
	 
	t
	h
	e
	 
	r
	e
	f
	e
	r
	e
	n
	c
	e
	 
	d
	o
	e
	s
	.
	N
	O
	T
	E
	:
	 
	Y
	o
	u
	r
	 
	s
	u
	c
	c
	e
	s
	s
	 
	m
	e
	s
	s
	a
	g
	e
	 
	m
	u
	s
	t
	 
	c
	o
	n
	t
	a
	i
	n
	 
	t
	h
	e
	 
	w
	o
	r
	d
	 
	"
	(
	S
	|
	s
	)
	u
	c
	c
	e
	e
	d
	e
	d
	"
	,
	 
	"
	(
	S
	|
	s
	)
	u
	c
	c
	e
	s
	s
	"
	,
	 
	"
	S
	U
	C
	C
	E
	S
	S
	"
	,
	 
	o
	r
	 
	"
	S
	U
	C
	C
	E
	E
	D
	E
	D
	"
	;
	 
	t
	h
	i
	s
	 
	c
	a
	n
	 
	b
	e
	 
	c
	h
	a
	n
	g
	e
	d
	 
	i
	n
	 
	r
	u
	n
	n
	e
	r
	.
	p
	y
	.
- Reference output:
	P
	a
	r
	s
	e
	 
	s
	u
	c
	c
	e
	e
	d
	e
	d
	,
	 
	f
	i
	n
	d
	i
	n
	g
	 
	2
	7
	 
	I
	L
	O
	C
	 
	o
	p
	e
	r
	a
	t
	i
	o
	n
	s
	.
- Your output:
	P
	O
	O
	 
	P
	O
	O
	O
	 
	P
	O
	O
	

	M
	u
	s
	t
	 
	s
	p
	e
	c
	i
	f
	y
	 
	a
	 
	f
	i
	l
	e
	 
	n
	a
	m
	e
	 
	a
	f
	t
	e
	r
	 
	t
	h
	e
	 
	f
	l
	a
	g
	.
❌ /clear/courses/comp412/students/ILOC/contributed/2013/lab2/s40_test4.i failed!
- Summary:
	Y
	o
	u
	 
	i
	d
	e
	n
	t
	i
	f
	i
	e
	d
	 
	0
	/
	0
	 
	e
	r
	r
	o
	r
	s
	 
	c
	o
	r
	r
	e
	c
	t
	l
	y
	.
	Y
	o
	u
	 
	i
	d
	e
	n
	t
	i
	f
	i
	e
	d
	 
	0
	 
	c
	o
	r
	r
	e
	c
	t
	 
	l
	i
	n
	e
	s
	 
	a
	s
	 
	e
	r
	r
	o
	r
	s
	.
	Y
	o
	u
	 
	d
	o
	 
	n
	o
	t
	 
	h
	a
	v
	e
	 
	a
	 
	s
	u
	c
	c
	e
	s
	s
	 
	m
	e
	s
	s
	a
	g
	e
	 
	w
	h
	i
	l
	e
	 
	t
	h
	e
	 
	r
	e
	f
	e
	r
	e
	n
	c
	e
	 
	d
	o
	e
	s
	.
	N
	O
	T
	E
	:
	 
	Y
	o
	u
	r
	 
	s
	u
	c
	c
	e
	s
	s
	 
	m
	e
	s
	s
	a
	g
	e
	 
	m
	u
	s
	t
	 
	c
	o
	n
	t
	a
	i
	n
	 
	t
	h
	e
	 
	w
	o
	r
	d
	 
	"
	(
	S
	|
	s
	)
	u
	c
	c
	e
	e
	d
	e
	d
	"
	,
	 
	"
	(
	S
	|
	s
	)
	u
	c
	c
	e
	s
	s
	"
	,
	 
	"
	S
	U
	C
	C
	E
	S
	S
	"
	,
	 
	o
	r
	 
	"
	S
	U
	C
	C
	E
	E
	D
	E
	D
	"
	;
	 
	t
	h
	i
	s
	 
	c
	a
	n
	 
	b
	e
	 
	c
	h
	a
	n
	g
	e
	d
	 
	i
	n
	 
	r
	u
	n
	n
	e
	r
	.
	p
	y
	.
- Reference output:
	P
	a
	r
	s
	e
	 
	s
	u
	c
	c
	e
	e
	d
	e
	d
	,
	 
	f
	i
	n
	d
	i
	n
	g
	 
	2
	3
	 
	I
	L
	O
	C
	 
	o
	p
	e
	r
	a
	t
	i
	o
	n
	s
	.
- Your output:
	P
	O
	O
	 
	P
	O
	O
	O
	 
	P
	O
	O
	

	M
	u
	s
	t
	 
	s
	p
	e
	c
	i
	f
	y
	 
	a
	 
	f
	i
	l
	e
	 
	n
	a
	m
	e
	 
	a
	f
	t
	e
	r
	 
	t
	h
	e
	 
	f
	l
	a
	g
	.
❌ /clear/courses/comp412/students/ILOC/contributed/2013/lab2/s43_block1.i failed!
- Summary:
	Y
	o
	u
	 
	i
	d
	e
	n
	t
	i
	f
	i
	e
	d
	 
	0
	/
	0
	 
	e
	r
	r
	o
	r
	s
	 
	c
	o
	r
	r
	e
	c
	t
	l
	y
	.
	Y
	o
	u
	 
	i
	d
	e
	n
	t
	i
	f
	i
	e
	d
	 
	0
	 
	c
	o
	r
	r
	e
	c
	t
	 
	l
	i
	n
	e
	s
	 
	a
	s
	 
	e
	r
	r
	o
	r
	s
	.
	Y
	o
	u
	 
	d
	o
	 
	n
	o
	t
	 
	h
	a
	v
	e
	 
	a
	 
	s
	u
	c
	c
	e
	s
	s
	 
	m
	e
	s
	s
	a
	g
	e
	 
	w
	h
	i
	l
	e
	 
	t
	h
	e
	 
	r
	e
	f
	e
	r
	e
	n
	c
	e
	 
	d
	o
	e
	s
	.
	N
	O
	T
	E
	:
	 
	Y
	o
	u
	r
	 
	s
	u
	c
	c
	e
	s
	s
	 
	m
	e
	s
	s
	a
	g
	e
	 
	m
	u
	s
	t
	 
	c
	o
	n
	t
	a
	i
	n
	 
	t
	h
	e
	 
	w
	o
	r
	d
	 
	"
	(
	S
	|
	s
	)
	u
	c
	c
	e
	e
	d
	e
	d
	"
	,
	 
	"
	(
	S
	|
	s
	)
	u
	c
	c
	e
	s
	s
	"
	,
	 
	"
	S
	U
	C
	C
	E
	S
	S
	"
	,
	 
	o
	r
	 
	"
	S
	U
	C
	C
	E
	E
	D
	E
	D
	"
	;
	 
	t
	h
	i
	s
	 
	c
	a
	n
	 
	b
	e
	 
	c
	h
	a
	n
	g
	e
	d
	 
	i
	n
	 
	r
	u
	n
	n
	e
	r
	.
	p
	y
	.
- Reference output:
	P
	a
	r
	s
	e
	 
	s
	u
	c
	c
	e
	e
	d
	e
	d
	,
	 
	f
	i
	n
	d
	i
	n
	g
	 
	8
	 
	I
	L
	O
	C
	 
	o
	p
	e
	r
	a
	t
	i
	o
	n
	s
	.
- Your output:
	P
	O
	O
	 
	P
	O
	O
	O
	 
	P
	O
	O
	

	M
	u
	s
	t
	 
	s
	p
	e
	c
	i
	f
	y
	 
	a
	 
	f
	i
	l
	e
	 
	n
	a
	m
	e
	 
	a
	f
	t
	e
	r
	 
	t
	h
	e
	 
	f
	l
	a
	g
	.
❌ /clear/courses/comp412/students/ILOC/contributed/2013/lab2/s57_test3.i failed!
- Summary:
	Y
	o
	u
	 
	i
	d
	e
	n
	t
	i
	f
	i
	e
	d
	 
	0
	/
	0
	 
	e
	r
	r
	o
	r
	s
	 
	c
	o
	r
	r
	e
	c
	t
	l
	y
	.
	Y
	o
	u
	 
	i
	d
	e
	n
	t
	i
	f
	i
	e
	d
	 
	0
	 
	c
	o
	r
	r
	e
	c
	t
	 
	l
	i
	n
	e
	s
	 
	a
	s
	 
	e
	r
	r
	o
	r
	s
	.
	Y
	o
	u
	 
	d
	o
	 
	n
	o
	t
	 
	h
	a
	v
	e
	 
	a
	 
	s
	u
	c
	c
	e
	s
	s
	 
	m
	e
	s
	s
	a
	g
	e
	 
	w
	h
	i
	l
	e
	 
	t
	h
	e
	 
	r
	e
	f
	e
	r
	e
	n
	c
	e
	 
	d
	o
	e
	s
	.
	N
	O
	T
	E
	:
	 
	Y
	o
	u
	r
	 
	s
	u
	c
	c
	e
	s
	s
	 
	m
	e
	s
	s
	a
	g
	e
	 
	m
	u
	s
	t
	 
	c
	o
	n
	t
	a
	i
	n
	 
	t
	h
	e
	 
	w
	o
	r
	d
	 
	"
	(
	S
	|
	s
	)
	u
	c
	c
	e
	e
	d
	e
	d
	"
	,
	 
	"
	(
	S
	|
	s
	)
	u
	c
	c
	e
	s
	s
	"
	,
	 
	"
	S
	U
	C
	C
	E
	S
	S
	"
	,
	 
	o
	r
	 
	"
	S
	U
	C
	C
	E
	E
	D
	E
	D
	"
	;
	 
	t
	h
	i
	s
	 
	c
	a
	n
	 
	b
	e
	 
	c
	h
	a
	n
	g
	e
	d
	 
	i
	n
	 
	r
	u
	n
	n
	e
	r
	.
	p
	y
	.
- Reference output:
	P
	a
	r
	s
	e
	 
	s
	u
	c
	c
	e
	e
	d
	e
	d
	,
	 
	f
	i
	n
	d
	i
	n
	g
	 
	8
	 
	I
	L
	O
	C
	 
	o
	p
	e
	r
	a
	t
	i
	o
	n
	s
	.
- Your output:
	P
	O
	O
	 
	P
	O
	O
	O
	 
	P
	O
	O
	

	M
	u
	s
	t
	 
	s
	p
	e
	c
	i
	f
	y
	 
	a
	 
	f
	i
	l
	e
	 
	n
	a
	m
	e
	 
	a
	f
	t
	e
	r
	 
	t
	h
	e
	 
	f
	l
	a
	g
	.
❌ /clear/courses/comp412/students/ILOC/contributed/2013/lab2/s25_test1.i failed!
- Summary:
	Y
	o
	u
	 
	i
	d
	e
	n
	t
	i
	f
	i
	e
	d
	 
	0
	/
	0
	 
	e
	r
	r
	o
	r
	s
	 
	c
	o
	r
	r
	e
	c
	t
	l
	y
	.
	Y
	o
	u
	 
	i
	d
	e
	n
	t
	i
	f
	i
	e
	d
	 
	0
	 
	c
	o
	r
	r
	e
	c
	t
	 
	l
	i
	n
	e
	s
	 
	a
	s
	 
	e
	r
	r
	o
	r
	s
	.
	Y
	o
	u
	 
	d
	o
	 
	n
	o
	t
	 
	h
	a
	v
	e
	 
	a
	 
	s
	u
	c
	c
	e
	s
	s
	 
	m
	e
	s
	s
	a
	g
	e
	 
	w
	h
	i
	l
	e
	 
	t
	h
	e
	 
	r
	e
	f
	e
	r
	e
	n
	c
	e
	 
	d
	o
	e
	s
	.
	N
	O
	T
	E
	:
	 
	Y
	o
	u
	r
	 
	s
	u
	c
	c
	e
	s
	s
	 
	m
	e
	s
	s
	a
	g
	e
	 
	m
	u
	s
	t
	 
	c
	o
	n
	t
	a
	i
	n
	 
	t
	h
	e
	 
	w
	o
	r
	d
	 
	"
	(
	S
	|
	s
	)
	u
	c
	c
	e
	e
	d
	e
	d
	"
	,
	 
	"
	(
	S
	|
	s
	)
	u
	c
	c
	e
	s
	s
	"
	,
	 
	"
	S
	U
	C
	C
	E
	S
	S
	"
	,
	 
	o
	r
	 
	"
	S
	U
	C
	C
	E
	E
	D
	E
	D
	"
	;
	 
	t
	h
	i
	s
	 
	c
	a
	n
	 
	b
	e
	 
	c
	h
	a
	n
	g
	e
	d
	 
	i
	n
	 
	r
	u
	n
	n
	e
	r
	.
	p
	y
	.
- Reference output:
	P
	a
	r
	s
	e
	 
	s
	u
	c
	c
	e
	e
	d
	e
	d
	,
	 
	f
	i
	n
	d
	i
	n
	g
	 
	1
	2
	 
	I
	L
	O
	C
	 
	o
	p
	e
	r
	a
	t
	i
	o
	n
	s
	.
- Your output:
	P
	O
	O
	 
	P
	O
	O
	O
	 
	P
	O
	O
	

	M
	u
	s
	t
	 
	s
	p
	e
	c
	i
	f
	y
	 
	a
	 
	f
	i
	l
	e
	 
	n
	a
	m
	e
	 
	a
	f
	t
	e
	r
	 
	t
	h
	e
	 
	f
	l
	a
	g
	.
❌ /clear/courses/comp412/students/ILOC/contributed/2013/lab2/s44_block3.i failed!
- Summary:
	Y
	o
	u
	 
	i
	d
	e
	n
	t
	i
	f
	i
	e
	d
	 
	0
	/
	0
	 
	e
	r
	r
	o
	r
	s
	 
	c
	o
	r
	r
	e
	c
	t
	l
	y
	.
	Y
	o
	u
	 
	i
	d
	e
	n
	t
	i
	f
	i
	e
	d
	 
	0
	 
	c
	o
	r
	r
	e
	c
	t
	 
	l
	i
	n
	e
	s
	 
	a
	s
	 
	e
	r
	r
	o
	r
	s
	.
	Y
	o
	u
	 
	d
	o
	 
	n
	o
	t
	 
	h
	a
	v
	e
	 
	a
	 
	s
	u
	c
	c
	e
	s
	s
	 
	m
	e
	s
	s
	a
	g
	e
	 
	w
	h
	i
	l
	e
	 
	t
	h
	e
	 
	r
	e
	f
	e
	r
	e
	n
	c
	e
	 
	d
	o
	e
	s
	.
	N
	O
	T
	E
	:
	 
	Y
	o
	u
	r
	 
	s
	u
	c
	c
	e
	s
	s
	 
	m
	e
	s
	s
	a
	g
	e
	 
	m
	u
	s
	t
	 
	c
	o
	n
	t
	a
	i
	n
	 
	t
	h
	e
	 
	w
	o
	r
	d
	 
	"
	(
	S
	|
	s
	)
	u
	c
	c
	e
	e
	d
	e
	d
	"
	,
	 
	"
	(
	S
	|
	s
	)
	u
	c
	c
	e
	s
	s
	"
	,
	 
	"
	S
	U
	C
	C
	E
	S
	S
	"
	,
	 
	o
	r
	 
	"
	S
	U
	C
	C
	E
	E
	D
	E
	D
	"
	;
	 
	t
	h
	i
	s
	 
	c
	a
	n
	 
	b
	e
	 
	c
	h
	a
	n
	g
	e
	d
	 
	i
	n
	 
	r
	u
	n
	n
	e
	r
	.
	p
	y
	.
- Reference output:
	P
	a
	r
	s
	e
	 
	s
	u
	c
	c
	e
	e
	d
	e
	d
	,
	 
	f
	i
	n
	d
	i
	n
	g
	 
	1
	7
	 
	I
	L
	O
	C
	 
	o
	p
	e
	r
	a
	t
	i
	o
	n
	s
	.
- Your output:
	P
	O
	O
	 
	P
	O
	O
	O
	 
	P
	O
	O
	

	M
	u
	s
	t
	 
	s
	p
	e
	c
	i
	f
	y
	 
	a
	 
	f
	i
	l
	e
	 
	n
	a
	m
	e
	 
	a
	f
	t
	e
	r
	 
	t
	h
	e
	 
	f
	l
	a
	g
	.
❌ /clear/courses/comp412/students/ILOC/contributed/2013/lab2/s61_test3.i failed!
- Summary:
	Y
	o
	u
	 
	i
	d
	e
	n
	t
	i
	f
	i
	e
	d
	 
	0
	/
	0
	 
	e
	r
	r
	o
	r
	s
	 
	c
	o
	r
	r
	e
	c
	t
	l
	y
	.
	Y
	o
	u
	 
	i
	d
	e
	n
	t
	i
	f
	i
	e
	d
	 
	0
	 
	c
	o
	r
	r
	e
	c
	t
	 
	l
	i
	n
	e
	s
	 
	a
	s
	 
	e
	r
	r
	o
	r
	s
	.
	Y
	o
	u
	 
	d
	o
	 
	n
	o
	t
	 
	h
	a
	v
	e
	 
	a
	 
	s
	u
	c
	c
	e
	s
	s
	 
	m
	e
	s
	s
	a
	g
	e
	 
	w
	h
	i
	l
	e
	 
	t
	h
	e
	 
	r
	e
	f
	e
	r
	e
	n
	c
	e
	 
	d
	o
	e
	s
	.
	N
	O
	T
	E
	:
	 
	Y
	o
	u
	r
	 
	s
	u
	c
	c
	e
	s
	s
	 
	m
	e
	s
	s
	a
	g
	e
	 
	m
	u
	s
	t
	 
	c
	o
	n
	t
	a
	i
	n
	 
	t
	h
	e
	 
	w
	o
	r
	d
	 
	"
	(
	S
	|
	s
	)
	u
	c
	c
	e
	e
	d
	e
	d
	"
	,
	 
	"
	(
	S
	|
	s
	)
	u
	c
	c
	e
	s
	s
	"
	,
	 
	"
	S
	U
	C
	C
	E
	S
	S
	"
	,
	 
	o
	r
	 
	"
	S
	U
	C
	C
	E
	E
	D
	E
	D
	"
	;
	 
	t
	h
	i
	s
	 
	c
	a
	n
	 
	b
	e
	 
	c
	h
	a
	n
	g
	e
	d
	 
	i
	n
	 
	r
	u
	n
	n
	e
	r
	.
	p
	y
	.
- Reference output:
	P
	a
	r
	s
	e
	 
	s
	u
	c
	c
	e
	e
	d
	e
	d
	,
	 
	f
	i
	n
	d
	i
	n
	g
	 
	9
	 
	I
	L
	O
	C
	 
	o
	p
	e
	r
	a
	t
	i
	o
	n
	s
	.
- Your output:
	P
	O
	O
	 
	P
	O
	O
	O
	 
	P
	O
	O
	

	M
	u
	s
	t
	 
	s
	p
	e
	c
	i
	f
	y
	 
	a
	 
	f
	i
	l
	e
	 
	n
	a
	m
	e
	 
	a
	f
	t
	e
	r
	 
	t
	h
	e
	 
	f
	l
	a
	g
	.
❌ /clear/courses/comp412/students/ILOC/contributed/2013/lab2/s31_test2.i failed!
- Summary:
	Y
	o
	u
	 
	i
	d
	e
	n
	t
	i
	f
	i
	e
	d
	 
	0
	/
	0
	 
	e
	r
	r
	o
	r
	s
	 
	c
	o
	r
	r
	e
	c
	t
	l
	y
	.
	Y
	o
	u
	 
	i
	d
	e
	n
	t
	i
	f
	i
	e
	d
	 
	0
	 
	c
	o
	r
	r
	e
	c
	t
	 
	l
	i
	n
	e
	s
	 
	a
	s
	 
	e
	r
	r
	o
	r
	s
	.
	Y
	o
	u
	 
	d
	o
	 
	n
	o
	t
	 
	h
	a
	v
	e
	 
	a
	 
	s
	u
	c
	c
	e
	s
	s
	 
	m
	e
	s
	s
	a
	g
	e
	 
	w
	h
	i
	l
	e
	 
	t
	h
	e
	 
	r
	e
	f
	e
	r
	e
	n
	c
	e
	 
	d
	o
	e
	s
	.
	N
	O
	T
	E
	:
	 
	Y
	o
	u
	r
	 
	s
	u
	c
	c
	e
	s
	s
	 
	m
	e
	s
	s
	a
	g
	e
	 
	m
	u
	s
	t
	 
	c
	o
	n
	t
	a
	i
	n
	 
	t
	h
	e
	 
	w
	o
	r
	d
	 
	"
	(
	S
	|
	s
	)
	u
	c
	c
	e
	e
	d
	e
	d
	"
	,
	 
	"
	(
	S
	|
	s
	)
	u
	c
	c
	e
	s
	s
	"
	,
	 
	"
	S
	U
	C
	C
	E
	S
	S
	"
	,
	 
	o
	r
	 
	"
	S
	U
	C
	C
	E
	E
	D
	E
	D
	"
	;
	 
	t
	h
	i
	s
	 
	c
	a
	n
	 
	b
	e
	 
	c
	h
	a
	n
	g
	e
	d
	 
	i
	n
	 
	r
	u
	n
	n
	e
	r
	.
	p
	y
	.
- Reference output:
	P
	a
	r
	s
	e
	 
	s
	u
	c
	c
	e
	e
	d
	e
	d
	,
	 
	f
	i
	n
	d
	i
	n
	g
	 
	1
	1
	 
	I
	L
	O
	C
	 
	o
	p
	e
	r
	a
	t
	i
	o
	n
	s
	.
- Your output:
	P
	O
	O
	 
	P
	O
	O
	O
	 
	P
	O
	O
	

	M
	u
	s
	t
	 
	s
	p
	e
	c
	i
	f
	y
	 
	a
	 
	f
	i
	l
	e
	 
	n
	a
	m
	e
	 
	a
	f
	t
	e
	r
	 
	t
	h
	e
	 
	f
	l
	a
	g
	.
❌ /clear/courses/comp412/students/ILOC/contributed/2013/lab2/s03_test3.i failed!
- Summary:
	Y
	o
	u
	 
	i
	d
	e
	n
	t
	i
	f
	i
	e
	d
	 
	0
	/
	0
	 
	e
	r
	r
	o
	r
	s
	 
	c
	o
	r
	r
	e
	c
	t
	l
	y
	.
	Y
	o
	u
	 
	i
	d
	e
	n
	t
	i
	f
	i
	e
	d
	 
	0
	 
	c
	o
	r
	r
	e
	c
	t
	 
	l
	i
	n
	e
	s
	 
	a
	s
	 
	e
	r
	r
	o
	r
	s
	.
	Y
	o
	u
	 
	d
	o
	 
	n
	o
	t
	 
	h
	a
	v
	e
	 
	a
	 
	s
	u
	c
	c
	e
	s
	s
	 
	m
	e
	s
	s
	a
	g
	e
	 
	w
	h
	i
	l
	e
	 
	t
	h
	e
	 
	r
	e
	f
	e
	r
	e
	n
	c
	e
	 
	d
	o
	e
	s
	.
	N
	O
	T
	E
	:
	 
	Y
	o
	u
	r
	 
	s
	u
	c
	c
	e
	s
	s
	 
	m
	e
	s
	s
	a
	g
	e
	 
	m
	u
	s
	t
	 
	c
	o
	n
	t
	a
	i
	n
	 
	t
	h
	e
	 
	w
	o
	r
	d
	 
	"
	(
	S
	|
	s
	)
	u
	c
	c
	e
	e
	d
	e
	d
	"
	,
	 
	"
	(
	S
	|
	s
	)
	u
	c
	c
	e
	s
	s
	"
	,
	 
	"
	S
	U
	C
	C
	E
	S
	S
	"
	,
	 
	o
	r
	 
	"
	S
	U
	C
	C
	E
	E
	D
	E
	D
	"
	;
	 
	t
	h
	i
	s
	 
	c
	a
	n
	 
	b
	e
	 
	c
	h
	a
	n
	g
	e
	d
	 
	i
	n
	 
	r
	u
	n
	n
	e
	r
	.
	p
	y
	.
- Reference output:
	P
	a
	r
	s
	e
	 
	s
	u
	c
	c
	e
	e
	d
	e
	d
	,
	 
	f
	i
	n
	d
	i
	n
	g
	 
	1
	5
	 
	I
	L
	O
	C
	 
	o
	p
	e
	r
	a
	t
	i
	o
	n
	s
	.
- Your output:
	P
	O
	O
	 
	P
	O
	O
	O
	 
	P
	O
	O
	

	M
	u
	s
	t
	 
	s
	p
	e
	c
	i
	f
	y
	 
	a
	 
	f
	i
	l
	e
	 
	n
	a
	m
	e
	 
	a
	f
	t
	e
	r
	 
	t
	h
	e
	 
	f
	l
	a
	g
	.
❌ /clear/courses/comp412/students/ILOC/contributed/2013/lab2/s19_test2.i failed!
- Summary:
	Y
	o
	u
	 
	i
	d
	e
	n
	t
	i
	f
	i
	e
	d
	 
	0
	/
	0
	 
	e
	r
	r
	o
	r
	s
	 
	c
	o
	r
	r
	e
	c
	t
	l
	y
	.
	Y
	o
	u
	 
	i
	d
	e
	n
	t
	i
	f
	i
	e
	d
	 
	0
	 
	c
	o
	r
	r
	e
	c
	t
	 
	l
	i
	n
	e
	s
	 
	a
	s
	 
	e
	r
	r
	o
	r
	s
	.
	Y
	o
	u
	 
	d
	o
	 
	n
	o
	t
	 
	h
	a
	v
	e
	 
	a
	 
	s
	u
	c
	c
	e
	s
	s
	 
	m
	e
	s
	s
	a
	g
	e
	 
	w
	h
	i
	l
	e
	 
	t
	h
	e
	 
	r
	e
	f
	e
	r
	e
	n
	c
	e
	 
	d
	o
	e
	s
	.
	N
	O
	T
	E
	:
	 
	Y
	o
	u
	r
	 
	s
	u
	c
	c
	e
	s
	s
	 
	m
	e
	s
	s
	a
	g
	e
	 
	m
	u
	s
	t
	 
	c
	o
	n
	t
	a
	i
	n
	 
	t
	h
	e
	 
	w
	o
	r
	d
	 
	"
	(
	S
	|
	s
	)
	u
	c
	c
	e
	e
	d
	e
	d
	"
	,
	 
	"
	(
	S
	|
	s
	)
	u
	c
	c
	e
	s
	s
	"
	,
	 
	"
	S
	U
	C
	C
	E
	S
	S
	"
	,
	 
	o
	r
	 
	"
	S
	U
	C
	C
	E
	E
	D
	E
	D
	"
	;
	 
	t
	h
	i
	s
	 
	c
	a
	n
	 
	b
	e
	 
	c
	h
	a
	n
	g
	e
	d
	 
	i
	n
	 
	r
	u
	n
	n
	e
	r
	.
	p
	y
	.
- Reference output:
	P
	a
	r
	s
	e
	 
	s
	u
	c
	c
	e
	e
	d
	e
	d
	,
	 
	f
	i
	n
	d
	i
	n
	g
	 
	1
	3
	 
	I
	L
	O
	C
	 
	o
	p
	e
	r
	a
	t
	i
	o
	n
	s
	.
- Your output:
	P
	O
	O
	 
	P
	O
	O
	O
	 
	P
	O
	O
	

	M
	u
	s
	t
	 
	s
	p
	e
	c
	i
	f
	y
	 
	a
	 
	f
	i
	l
	e
	 
	n
	a
	m
	e
	 
	a
	f
	t
	e
	r
	 
	t
	h
	e
	 
	f
	l
	a
	g
	.
❌ /clear/courses/comp412/students/ILOC/contributed/2013/lab2/s33_test2.i failed!
- Summary:
	Y
	o
	u
	 
	i
	d
	e
	n
	t
	i
	f
	i
	e
	d
	 
	0
	/
	0
	 
	e
	r
	r
	o
	r
	s
	 
	c
	o
	r
	r
	e
	c
	t
	l
	y
	.
	Y
	o
	u
	 
	i
	d
	e
	n
	t
	i
	f
	i
	e
	d
	 
	0
	 
	c
	o
	r
	r
	e
	c
	t
	 
	l
	i
	n
	e
	s
	 
	a
	s
	 
	e
	r
	r
	o
	r
	s
	.
	Y
	o
	u
	 
	d
	o
	 
	n
	o
	t
	 
	h
	a
	v
	e
	 
	a
	 
	s
	u
	c
	c
	e
	s
	s
	 
	m
	e
	s
	s
	a
	g
	e
	 
	w
	h
	i
	l
	e
	 
	t
	h
	e
	 
	r
	e
	f
	e
	r
	e
	n
	c
	e
	 
	d
	o
	e
	s
	.
	N
	O
	T
	E
	:
	 
	Y
	o
	u
	r
	 
	s
	u
	c
	c
	e
	s
	s
	 
	m
	e
	s
	s
	a
	g
	e
	 
	m
	u
	s
	t
	 
	c
	o
	n
	t
	a
	i
	n
	 
	t
	h
	e
	 
	w
	o
	r
	d
	 
	"
	(
	S
	|
	s
	)
	u
	c
	c
	e
	e
	d
	e
	d
	"
	,
	 
	"
	(
	S
	|
	s
	)
	u
	c
	c
	e
	s
	s
	"
	,
	 
	"
	S
	U
	C
	C
	E
	S
	S
	"
	,
	 
	o
	r
	 
	"
	S
	U
	C
	C
	E
	E
	D
	E
	D
	"
	;
	 
	t
	h
	i
	s
	 
	c
	a
	n
	 
	b
	e
	 
	c
	h
	a
	n
	g
	e
	d
	 
	i
	n
	 
	r
	u
	n
	n
	e
	r
	.
	p
	y
	.
- Reference output:
	P
	a
	r
	s
	e
	 
	s
	u
	c
	c
	e
	e
	d
	e
	d
	,
	 
	f
	i
	n
	d
	i
	n
	g
	 
	1
	0
	 
	I
	L
	O
	C
	 
	o
	p
	e
	r
	a
	t
	i
	o
	n
	s
	.
- Your output:
	P
	O
	O
	 
	P
	O
	O
	O
	 
	P
	O
	O
	

	M
	u
	s
	t
	 
	s
	p
	e
	c
	i
	f
	y
	 
	a
	 
	f
	i
	l
	e
	 
	n
	a
	m
	e
	 
	a
	f
	t
	e
	r
	 
	t
	h
	e
	 
	f
	l
	a
	g
	.
❌ /clear/courses/comp412/students/ILOC/contributed/2013/lab2/s23_test_mult3.i failed!
- Summary:
	Y
	o
	u
	 
	i
	d
	e
	n
	t
	i
	f
	i
	e
	d
	 
	0
	/
	0
	 
	e
	r
	r
	o
	r
	s
	 
	c
	o
	r
	r
	e
	c
	t
	l
	y
	.
	Y
	o
	u
	 
	i
	d
	e
	n
	t
	i
	f
	i
	e
	d
	 
	0
	 
	c
	o
	r
	r
	e
	c
	t
	 
	l
	i
	n
	e
	s
	 
	a
	s
	 
	e
	r
	r
	o
	r
	s
	.
	Y
	o
	u
	 
	d
	o
	 
	n
	o
	t
	 
	h
	a
	v
	e
	 
	a
	 
	s
	u
	c
	c
	e
	s
	s
	 
	m
	e
	s
	s
	a
	g
	e
	 
	w
	h
	i
	l
	e
	 
	t
	h
	e
	 
	r
	e
	f
	e
	r
	e
	n
	c
	e
	 
	d
	o
	e
	s
	.
	N
	O
	T
	E
	:
	 
	Y
	o
	u
	r
	 
	s
	u
	c
	c
	e
	s
	s
	 
	m
	e
	s
	s
	a
	g
	e
	 
	m
	u
	s
	t
	 
	c
	o
	n
	t
	a
	i
	n
	 
	t
	h
	e
	 
	w
	o
	r
	d
	 
	"
	(
	S
	|
	s
	)
	u
	c
	c
	e
	e
	d
	e
	d
	"
	,
	 
	"
	(
	S
	|
	s
	)
	u
	c
	c
	e
	s
	s
	"
	,
	 
	"
	S
	U
	C
	C
	E
	S
	S
	"
	,
	 
	o
	r
	 
	"
	S
	U
	C
	C
	E
	E
	D
	E
	D
	"
	;
	 
	t
	h
	i
	s
	 
	c
	a
	n
	 
	b
	e
	 
	c
	h
	a
	n
	g
	e
	d
	 
	i
	n
	 
	r
	u
	n
	n
	e
	r
	.
	p
	y
	.
- Reference output:
	P
	a
	r
	s
	e
	 
	s
	u
	c
	c
	e
	e
	d
	e
	d
	,
	 
	f
	i
	n
	d
	i
	n
	g
	 
	1
	1
	 
	I
	L
	O
	C
	 
	o
	p
	e
	r
	a
	t
	i
	o
	n
	s
	.
- Your output:
	P
	O
	O
	 
	P
	O
	O
	O
	 
	P
	O
	O
	

	M
	u
	s
	t
	 
	s
	p
	e
	c
	i
	f
	y
	 
	a
	 
	f
	i
	l
	e
	 
	n
	a
	m
	e
	 
	a
	f
	t
	e
	r
	 
	t
	h
	e
	 
	f
	l
	a
	g
	.
❌ /clear/courses/comp412/students/ILOC/contributed/2013/lab2/s40_test3.i failed!
- Summary:
	Y
	o
	u
	 
	i
	d
	e
	n
	t
	i
	f
	i
	e
	d
	 
	0
	/
	0
	 
	e
	r
	r
	o
	r
	s
	 
	c
	o
	r
	r
	e
	c
	t
	l
	y
	.
	Y
	o
	u
	 
	i
	d
	e
	n
	t
	i
	f
	i
	e
	d
	 
	0
	 
	c
	o
	r
	r
	e
	c
	t
	 
	l
	i
	n
	e
	s
	 
	a
	s
	 
	e
	r
	r
	o
	r
	s
	.
	Y
	o
	u
	 
	d
	o
	 
	n
	o
	t
	 
	h
	a
	v
	e
	 
	a
	 
	s
	u
	c
	c
	e
	s
	s
	 
	m
	e
	s
	s
	a
	g
	e
	 
	w
	h
	i
	l
	e
	 
	t
	h
	e
	 
	r
	e
	f
	e
	r
	e
	n
	c
	e
	 
	d
	o
	e
	s
	.
	N
	O
	T
	E
	:
	 
	Y
	o
	u
	r
	 
	s
	u
	c
	c
	e
	s
	s
	 
	m
	e
	s
	s
	a
	g
	e
	 
	m
	u
	s
	t
	 
	c
	o
	n
	t
	a
	i
	n
	 
	t
	h
	e
	 
	w
	o
	r
	d
	 
	"
	(
	S
	|
	s
	)
	u
	c
	c
	e
	e
	d
	e
	d
	"
	,
	 
	"
	(
	S
	|
	s
	)
	u
	c
	c
	e
	s
	s
	"
	,
	 
	"
	S
	U
	C
	C
	E
	S
	S
	"
	,
	 
	o
	r
	 
	"
	S
	U
	C
	C
	E
	E
	D
	E
	D
	"
	;
	 
	t
	h
	i
	s
	 
	c
	a
	n
	 
	b
	e
	 
	c
	h
	a
	n
	g
	e
	d
	 
	i
	n
	 
	r
	u
	n
	n
	e
	r
	.
	p
	y
	.
- Reference output:
	P
	a
	r
	s
	e
	 
	s
	u
	c
	c
	e
	e
	d
	e
	d
	,
	 
	f
	i
	n
	d
	i
	n
	g
	 
	2
	2
	 
	I
	L
	O
	C
	 
	o
	p
	e
	r
	a
	t
	i
	o
	n
	s
	.
- Your output:
	P
	O
	O
	 
	P
	O
	O
	O
	 
	P
	O
	O
	

	M
	u
	s
	t
	 
	s
	p
	e
	c
	i
	f
	y
	 
	a
	 
	f
	i
	l
	e
	 
	n
	a
	m
	e
	 
	a
	f
	t
	e
	r
	 
	t
	h
	e
	 
	f
	l
	a
	g
	.
❌ /clear/courses/comp412/students/ILOC/contributed/2013/lab2/s53_test4.i failed!
- Summary:
	Y
	o
	u
	 
	i
	d
	e
	n
	t
	i
	f
	i
	e
	d
	 
	0
	/
	0
	 
	e
	r
	r
	o
	r
	s
	 
	c
	o
	r
	r
	e
	c
	t
	l
	y
	.
	Y
	o
	u
	 
	i
	d
	e
	n
	t
	i
	f
	i
	e
	d
	 
	0
	 
	c
	o
	r
	r
	e
	c
	t
	 
	l
	i
	n
	e
	s
	 
	a
	s
	 
	e
	r
	r
	o
	r
	s
	.
	Y
	o
	u
	 
	d
	o
	 
	n
	o
	t
	 
	h
	a
	v
	e
	 
	a
	 
	s
	u
	c
	c
	e
	s
	s
	 
	m
	e
	s
	s
	a
	g
	e
	 
	w
	h
	i
	l
	e
	 
	t
	h
	e
	 
	r
	e
	f
	e
	r
	e
	n
	c
	e
	 
	d
	o
	e
	s
	.
	N
	O
	T
	E
	:
	 
	Y
	o
	u
	r
	 
	s
	u
	c
	c
	e
	s
	s
	 
	m
	e
	s
	s
	a
	g
	e
	 
	m
	u
	s
	t
	 
	c
	o
	n
	t
	a
	i
	n
	 
	t
	h
	e
	 
	w
	o
	r
	d
	 
	"
	(
	S
	|
	s
	)
	u
	c
	c
	e
	e
	d
	e
	d
	"
	,
	 
	"
	(
	S
	|
	s
	)
	u
	c
	c
	e
	s
	s
	"
	,
	 
	"
	S
	U
	C
	C
	E
	S
	S
	"
	,
	 
	o
	r
	 
	"
	S
	U
	C
	C
	E
	E
	D
	E
	D
	"
	;
	 
	t
	h
	i
	s
	 
	c
	a
	n
	 
	b
	e
	 
	c
	h
	a
	n
	g
	e
	d
	 
	i
	n
	 
	r
	u
	n
	n
	e
	r
	.
	p
	y
	.
- Reference output:
	P
	a
	r
	s
	e
	 
	s
	u
	c
	c
	e
	e
	d
	e
	d
	,
	 
	f
	i
	n
	d
	i
	n
	g
	 
	2
	0
	 
	I
	L
	O
	C
	 
	o
	p
	e
	r
	a
	t
	i
	o
	n
	s
	.
- Your output:
	P
	O
	O
	 
	P
	O
	O
	O
	 
	P
	O
	O
	

	M
	u
	s
	t
	 
	s
	p
	e
	c
	i
	f
	y
	 
	a
	 
	f
	i
	l
	e
	 
	n
	a
	m
	e
	 
	a
	f
	t
	e
	r
	 
	t
	h
	e
	 
	f
	l
	a
	g
	.
❌ /clear/courses/comp412/students/ILOC/contributed/2013/lab2/s27_test1.i failed!
- Summary:
	Y
	o
	u
	 
	i
	d
	e
	n
	t
	i
	f
	i
	e
	d
	 
	0
	/
	0
	 
	e
	r
	r
	o
	r
	s
	 
	c
	o
	r
	r
	e
	c
	t
	l
	y
	.
	Y
	o
	u
	 
	i
	d
	e
	n
	t
	i
	f
	i
	e
	d
	 
	0
	 
	c
	o
	r
	r
	e
	c
	t
	 
	l
	i
	n
	e
	s
	 
	a
	s
	 
	e
	r
	r
	o
	r
	s
	.
	Y
	o
	u
	 
	d
	o
	 
	n
	o
	t
	 
	h
	a
	v
	e
	 
	a
	 
	s
	u
	c
	c
	e
	s
	s
	 
	m
	e
	s
	s
	a
	g
	e
	 
	w
	h
	i
	l
	e
	 
	t
	h
	e
	 
	r
	e
	f
	e
	r
	e
	n
	c
	e
	 
	d
	o
	e
	s
	.
	N
	O
	T
	E
	:
	 
	Y
	o
	u
	r
	 
	s
	u
	c
	c
	e
	s
	s
	 
	m
	e
	s
	s
	a
	g
	e
	 
	m
	u
	s
	t
	 
	c
	o
	n
	t
	a
	i
	n
	 
	t
	h
	e
	 
	w
	o
	r
	d
	 
	"
	(
	S
	|
	s
	)
	u
	c
	c
	e
	e
	d
	e
	d
	"
	,
	 
	"
	(
	S
	|
	s
	)
	u
	c
	c
	e
	s
	s
	"
	,
	 
	"
	S
	U
	C
	C
	E
	S
	S
	"
	,
	 
	o
	r
	 
	"
	S
	U
	C
	C
	E
	E
	D
	E
	D
	"
	;
	 
	t
	h
	i
	s
	 
	c
	a
	n
	 
	b
	e
	 
	c
	h
	a
	n
	g
	e
	d
	 
	i
	n
	 
	r
	u
	n
	n
	e
	r
	.
	p
	y
	.
- Reference output:
	P
	a
	r
	s
	e
	 
	s
	u
	c
	c
	e
	e
	d
	e
	d
	,
	 
	f
	i
	n
	d
	i
	n
	g
	 
	2
	5
	 
	I
	L
	O
	C
	 
	o
	p
	e
	r
	a
	t
	i
	o
	n
	s
	.
- Your output:
	P
	O
	O
	 
	P
	O
	O
	O
	 
	P
	O
	O
	

	M
	u
	s
	t
	 
	s
	p
	e
	c
	i
	f
	y
	 
	a
	 
	f
	i
	l
	e
	 
	n
	a
	m
	e
	 
	a
	f
	t
	e
	r
	 
	t
	h
	e
	 
	f
	l
	a
	g
	.
❌ /clear/courses/comp412/students/ILOC/contributed/2013/lab2/s33_test3.i failed!
- Summary:
	Y
	o
	u
	 
	i
	d
	e
	n
	t
	i
	f
	i
	e
	d
	 
	0
	/
	0
	 
	e
	r
	r
	o
	r
	s
	 
	c
	o
	r
	r
	e
	c
	t
	l
	y
	.
	Y
	o
	u
	 
	i
	d
	e
	n
	t
	i
	f
	i
	e
	d
	 
	0
	 
	c
	o
	r
	r
	e
	c
	t
	 
	l
	i
	n
	e
	s
	 
	a
	s
	 
	e
	r
	r
	o
	r
	s
	.
	Y
	o
	u
	 
	d
	o
	 
	n
	o
	t
	 
	h
	a
	v
	e
	 
	a
	 
	s
	u
	c
	c
	e
	s
	s
	 
	m
	e
	s
	s
	a
	g
	e
	 
	w
	h
	i
	l
	e
	 
	t
	h
	e
	 
	r
	e
	f
	e
	r
	e
	n
	c
	e
	 
	d
	o
	e
	s
	.
	N
	O
	T
	E
	:
	 
	Y
	o
	u
	r
	 
	s
	u
	c
	c
	e
	s
	s
	 
	m
	e
	s
	s
	a
	g
	e
	 
	m
	u
	s
	t
	 
	c
	o
	n
	t
	a
	i
	n
	 
	t
	h
	e
	 
	w
	o
	r
	d
	 
	"
	(
	S
	|
	s
	)
	u
	c
	c
	e
	e
	d
	e
	d
	"
	,
	 
	"
	(
	S
	|
	s
	)
	u
	c
	c
	e
	s
	s
	"
	,
	 
	"
	S
	U
	C
	C
	E
	S
	S
	"
	,
	 
	o
	r
	 
	"
	S
	U
	C
	C
	E
	E
	D
	E
	D
	"
	;
	 
	t
	h
	i
	s
	 
	c
	a
	n
	 
	b
	e
	 
	c
	h
	a
	n
	g
	e
	d
	 
	i
	n
	 
	r
	u
	n
	n
	e
	r
	.
	p
	y
	.
- Reference output:
	P
	a
	r
	s
	e
	 
	s
	u
	c
	c
	e
	e
	d
	e
	d
	,
	 
	f
	i
	n
	d
	i
	n
	g
	 
	1
	3
	 
	I
	L
	O
	C
	 
	o
	p
	e
	r
	a
	t
	i
	o
	n
	s
	.
- Your output:
	P
	O
	O
	 
	P
	O
	O
	O
	 
	P
	O
	O
	

	M
	u
	s
	t
	 
	s
	p
	e
	c
	i
	f
	y
	 
	a
	 
	f
	i
	l
	e
	 
	n
	a
	m
	e
	 
	a
	f
	t
	e
	r
	 
	t
	h
	e
	 
	f
	l
	a
	g
	.
❌ /clear/courses/comp412/students/ILOC/contributed/2013/lab2/s61_test1.i failed!
- Summary:
	Y
	o
	u
	 
	i
	d
	e
	n
	t
	i
	f
	i
	e
	d
	 
	0
	/
	0
	 
	e
	r
	r
	o
	r
	s
	 
	c
	o
	r
	r
	e
	c
	t
	l
	y
	.
	Y
	o
	u
	 
	i
	d
	e
	n
	t
	i
	f
	i
	e
	d
	 
	0
	 
	c
	o
	r
	r
	e
	c
	t
	 
	l
	i
	n
	e
	s
	 
	a
	s
	 
	e
	r
	r
	o
	r
	s
	.
	Y
	o
	u
	 
	d
	o
	 
	n
	o
	t
	 
	h
	a
	v
	e
	 
	a
	 
	s
	u
	c
	c
	e
	s
	s
	 
	m
	e
	s
	s
	a
	g
	e
	 
	w
	h
	i
	l
	e
	 
	t
	h
	e
	 
	r
	e
	f
	e
	r
	e
	n
	c
	e
	 
	d
	o
	e
	s
	.
	N
	O
	T
	E
	:
	 
	Y
	o
	u
	r
	 
	s
	u
	c
	c
	e
	s
	s
	 
	m
	e
	s
	s
	a
	g
	e
	 
	m
	u
	s
	t
	 
	c
	o
	n
	t
	a
	i
	n
	 
	t
	h
	e
	 
	w
	o
	r
	d
	 
	"
	(
	S
	|
	s
	)
	u
	c
	c
	e
	e
	d
	e
	d
	"
	,
	 
	"
	(
	S
	|
	s
	)
	u
	c
	c
	e
	s
	s
	"
	,
	 
	"
	S
	U
	C
	C
	E
	S
	S
	"
	,
	 
	o
	r
	 
	"
	S
	U
	C
	C
	E
	E
	D
	E
	D
	"
	;
	 
	t
	h
	i
	s
	 
	c
	a
	n
	 
	b
	e
	 
	c
	h
	a
	n
	g
	e
	d
	 
	i
	n
	 
	r
	u
	n
	n
	e
	r
	.
	p
	y
	.
- Reference output:
	P
	a
	r
	s
	e
	 
	s
	u
	c
	c
	e
	e
	d
	e
	d
	,
	 
	f
	i
	n
	d
	i
	n
	g
	 
	2
	7
	 
	I
	L
	O
	C
	 
	o
	p
	e
	r
	a
	t
	i
	o
	n
	s
	.
- Your output:
	P
	O
	O
	 
	P
	O
	O
	O
	 
	P
	O
	O
	

	M
	u
	s
	t
	 
	s
	p
	e
	c
	i
	f
	y
	 
	a
	 
	f
	i
	l
	e
	 
	n
	a
	m
	e
	 
	a
	f
	t
	e
	r
	 
	t
	h
	e
	 
	f
	l
	a
	g
	.
❌ /clear/courses/comp412/students/ILOC/contributed/2013/lab2/s32_test1.i failed!
- Summary:
	Y
	o
	u
	 
	i
	d
	e
	n
	t
	i
	f
	i
	e
	d
	 
	0
	/
	0
	 
	e
	r
	r
	o
	r
	s
	 
	c
	o
	r
	r
	e
	c
	t
	l
	y
	.
	Y
	o
	u
	 
	i
	d
	e
	n
	t
	i
	f
	i
	e
	d
	 
	0
	 
	c
	o
	r
	r
	e
	c
	t
	 
	l
	i
	n
	e
	s
	 
	a
	s
	 
	e
	r
	r
	o
	r
	s
	.
	Y
	o
	u
	 
	d
	o
	 
	n
	o
	t
	 
	h
	a
	v
	e
	 
	a
	 
	s
	u
	c
	c
	e
	s
	s
	 
	m
	e
	s
	s
	a
	g
	e
	 
	w
	h
	i
	l
	e
	 
	t
	h
	e
	 
	r
	e
	f
	e
	r
	e
	n
	c
	e
	 
	d
	o
	e
	s
	.
	N
	O
	T
	E
	:
	 
	Y
	o
	u
	r
	 
	s
	u
	c
	c
	e
	s
	s
	 
	m
	e
	s
	s
	a
	g
	e
	 
	m
	u
	s
	t
	 
	c
	o
	n
	t
	a
	i
	n
	 
	t
	h
	e
	 
	w
	o
	r
	d
	 
	"
	(
	S
	|
	s
	)
	u
	c
	c
	e
	e
	d
	e
	d
	"
	,
	 
	"
	(
	S
	|
	s
	)
	u
	c
	c
	e
	s
	s
	"
	,
	 
	"
	S
	U
	C
	C
	E
	S
	S
	"
	,
	 
	o
	r
	 
	"
	S
	U
	C
	C
	E
	E
	D
	E
	D
	"
	;
	 
	t
	h
	i
	s
	 
	c
	a
	n
	 
	b
	e
	 
	c
	h
	a
	n
	g
	e
	d
	 
	i
	n
	 
	r
	u
	n
	n
	e
	r
	.
	p
	y
	.
- Reference output:
	P
	a
	r
	s
	e
	 
	s
	u
	c
	c
	e
	e
	d
	e
	d
	,
	 
	f
	i
	n
	d
	i
	n
	g
	 
	1
	1
	 
	I
	L
	O
	C
	 
	o
	p
	e
	r
	a
	t
	i
	o
	n
	s
	.
- Your output:
	P
	O
	O
	 
	P
	O
	O
	O
	 
	P
	O
	O
	

	M
	u
	s
	t
	 
	s
	p
	e
	c
	i
	f
	y
	 
	a
	 
	f
	i
	l
	e
	 
	n
	a
	m
	e
	 
	a
	f
	t
	e
	r
	 
	t
	h
	e
	 
	f
	l
	a
	g
	.
❌ /clear/courses/comp412/students/ILOC/contributed/2013/lab2/s43_block3.i failed!
- Summary:
	Y
	o
	u
	 
	i
	d
	e
	n
	t
	i
	f
	i
	e
	d
	 
	0
	/
	0
	 
	e
	r
	r
	o
	r
	s
	 
	c
	o
	r
	r
	e
	c
	t
	l
	y
	.
	Y
	o
	u
	 
	i
	d
	e
	n
	t
	i
	f
	i
	e
	d
	 
	0
	 
	c
	o
	r
	r
	e
	c
	t
	 
	l
	i
	n
	e
	s
	 
	a
	s
	 
	e
	r
	r
	o
	r
	s
	.
	Y
	o
	u
	 
	d
	o
	 
	n
	o
	t
	 
	h
	a
	v
	e
	 
	a
	 
	s
	u
	c
	c
	e
	s
	s
	 
	m
	e
	s
	s
	a
	g
	e
	 
	w
	h
	i
	l
	e
	 
	t
	h
	e
	 
	r
	e
	f
	e
	r
	e
	n
	c
	e
	 
	d
	o
	e
	s
	.
	N
	O
	T
	E
	:
	 
	Y
	o
	u
	r
	 
	s
	u
	c
	c
	e
	s
	s
	 
	m
	e
	s
	s
	a
	g
	e
	 
	m
	u
	s
	t
	 
	c
	o
	n
	t
	a
	i
	n
	 
	t
	h
	e
	 
	w
	o
	r
	d
	 
	"
	(
	S
	|
	s
	)
	u
	c
	c
	e
	e
	d
	e
	d
	"
	,
	 
	"
	(
	S
	|
	s
	)
	u
	c
	c
	e
	s
	s
	"
	,
	 
	"
	S
	U
	C
	C
	E
	S
	S
	"
	,
	 
	o
	r
	 
	"
	S
	U
	C
	C
	E
	E
	D
	E
	D
	"
	;
	 
	t
	h
	i
	s
	 
	c
	a
	n
	 
	b
	e
	 
	c
	h
	a
	n
	g
	e
	d
	 
	i
	n
	 
	r
	u
	n
	n
	e
	r
	.
	p
	y
	.
- Reference output:
	P
	a
	r
	s
	e
	 
	s
	u
	c
	c
	e
	e
	d
	e
	d
	,
	 
	f
	i
	n
	d
	i
	n
	g
	 
	1
	8
	 
	I
	L
	O
	C
	 
	o
	p
	e
	r
	a
	t
	i
	o
	n
	s
	.
- Your output:
	P
	O
	O
	 
	P
	O
	O
	O
	 
	P
	O
	O
	

	M
	u
	s
	t
	 
	s
	p
	e
	c
	i
	f
	y
	 
	a
	 
	f
	i
	l
	e
	 
	n
	a
	m
	e
	 
	a
	f
	t
	e
	r
	 
	t
	h
	e
	 
	f
	l
	a
	g
	.
❌ /clear/courses/comp412/students/ILOC/contributed/2013/lab2/s23_test_sub5.i failed!
- Summary:
	Y
	o
	u
	 
	i
	d
	e
	n
	t
	i
	f
	i
	e
	d
	 
	0
	/
	0
	 
	e
	r
	r
	o
	r
	s
	 
	c
	o
	r
	r
	e
	c
	t
	l
	y
	.
	Y
	o
	u
	 
	i
	d
	e
	n
	t
	i
	f
	i
	e
	d
	 
	0
	 
	c
	o
	r
	r
	e
	c
	t
	 
	l
	i
	n
	e
	s
	 
	a
	s
	 
	e
	r
	r
	o
	r
	s
	.
	Y
	o
	u
	 
	d
	o
	 
	n
	o
	t
	 
	h
	a
	v
	e
	 
	a
	 
	s
	u
	c
	c
	e
	s
	s
	 
	m
	e
	s
	s
	a
	g
	e
	 
	w
	h
	i
	l
	e
	 
	t
	h
	e
	 
	r
	e
	f
	e
	r
	e
	n
	c
	e
	 
	d
	o
	e
	s
	.
	N
	O
	T
	E
	:
	 
	Y
	o
	u
	r
	 
	s
	u
	c
	c
	e
	s
	s
	 
	m
	e
	s
	s
	a
	g
	e
	 
	m
	u
	s
	t
	 
	c
	o
	n
	t
	a
	i
	n
	 
	t
	h
	e
	 
	w
	o
	r
	d
	 
	"
	(
	S
	|
	s
	)
	u
	c
	c
	e
	e
	d
	e
	d
	"
	,
	 
	"
	(
	S
	|
	s
	)
	u
	c
	c
	e
	s
	s
	"
	,
	 
	"
	S
	U
	C
	C
	E
	S
	S
	"
	,
	 
	o
	r
	 
	"
	S
	U
	C
	C
	E
	E
	D
	E
	D
	"
	;
	 
	t
	h
	i
	s
	 
	c
	a
	n
	 
	b
	e
	 
	c
	h
	a
	n
	g
	e
	d
	 
	i
	n
	 
	r
	u
	n
	n
	e
	r
	.
	p
	y
	.
- Reference output:
	P
	a
	r
	s
	e
	 
	s
	u
	c
	c
	e
	e
	d
	e
	d
	,
	 
	f
	i
	n
	d
	i
	n
	g
	 
	1
	1
	 
	I
	L
	O
	C
	 
	o
	p
	e
	r
	a
	t
	i
	o
	n
	s
	.
- Your output:
	P
	O
	O
	 
	P
	O
	O
	O
	 
	P
	O
	O
	

	M
	u
	s
	t
	 
	s
	p
	e
	c
	i
	f
	y
	 
	a
	 
	f
	i
	l
	e
	 
	n
	a
	m
	e
	 
	a
	f
	t
	e
	r
	 
	t
	h
	e
	 
	f
	l
	a
	g
	.
❌ /clear/courses/comp412/students/ILOC/contributed/2013/lab2/s55_test4.i failed!
- Summary:
	Y
	o
	u
	 
	i
	d
	e
	n
	t
	i
	f
	i
	e
	d
	 
	0
	/
	0
	 
	e
	r
	r
	o
	r
	s
	 
	c
	o
	r
	r
	e
	c
	t
	l
	y
	.
	Y
	o
	u
	 
	i
	d
	e
	n
	t
	i
	f
	i
	e
	d
	 
	0
	 
	c
	o
	r
	r
	e
	c
	t
	 
	l
	i
	n
	e
	s
	 
	a
	s
	 
	e
	r
	r
	o
	r
	s
	.
	Y
	o
	u
	 
	d
	o
	 
	n
	o
	t
	 
	h
	a
	v
	e
	 
	a
	 
	s
	u
	c
	c
	e
	s
	s
	 
	m
	e
	s
	s
	a
	g
	e
	 
	w
	h
	i
	l
	e
	 
	t
	h
	e
	 
	r
	e
	f
	e
	r
	e
	n
	c
	e
	 
	d
	o
	e
	s
	.
	N
	O
	T
	E
	:
	 
	Y
	o
	u
	r
	 
	s
	u
	c
	c
	e
	s
	s
	 
	m
	e
	s
	s
	a
	g
	e
	 
	m
	u
	s
	t
	 
	c
	o
	n
	t
	a
	i
	n
	 
	t
	h
	e
	 
	w
	o
	r
	d
	 
	"
	(
	S
	|
	s
	)
	u
	c
	c
	e
	e
	d
	e
	d
	"
	,
	 
	"
	(
	S
	|
	s
	)
	u
	c
	c
	e
	s
	s
	"
	,
	 
	"
	S
	U
	C
	C
	E
	S
	S
	"
	,
	 
	o
	r
	 
	"
	S
	U
	C
	C
	E
	E
	D
	E
	D
	"
	;
	 
	t
	h
	i
	s
	 
	c
	a
	n
	 
	b
	e
	 
	c
	h
	a
	n
	g
	e
	d
	 
	i
	n
	 
	r
	u
	n
	n
	e
	r
	.
	p
	y
	.
- Reference output:
	P
	a
	r
	s
	e
	 
	s
	u
	c
	c
	e
	e
	d
	e
	d
	,
	 
	f
	i
	n
	d
	i
	n
	g
	 
	1
	6
	 
	I
	L
	O
	C
	 
	o
	p
	e
	r
	a
	t
	i
	o
	n
	s
	.
- Your output:
	P
	O
	O
	 
	P
	O
	O
	O
	 
	P
	O
	O
	

	M
	u
	s
	t
	 
	s
	p
	e
	c
	i
	f
	y
	 
	a
	 
	f
	i
	l
	e
	 
	n
	a
	m
	e
	 
	a
	f
	t
	e
	r
	 
	t
	h
	e
	 
	f
	l
	a
	g
	.
❌ /clear/courses/comp412/students/ILOC/contributed/2013/lab2/s30_test1.i failed!
- Summary:
	Y
	o
	u
	 
	i
	d
	e
	n
	t
	i
	f
	i
	e
	d
	 
	0
	/
	0
	 
	e
	r
	r
	o
	r
	s
	 
	c
	o
	r
	r
	e
	c
	t
	l
	y
	.
	Y
	o
	u
	 
	i
	d
	e
	n
	t
	i
	f
	i
	e
	d
	 
	0
	 
	c
	o
	r
	r
	e
	c
	t
	 
	l
	i
	n
	e
	s
	 
	a
	s
	 
	e
	r
	r
	o
	r
	s
	.
	Y
	o
	u
	 
	d
	o
	 
	n
	o
	t
	 
	h
	a
	v
	e
	 
	a
	 
	s
	u
	c
	c
	e
	s
	s
	 
	m
	e
	s
	s
	a
	g
	e
	 
	w
	h
	i
	l
	e
	 
	t
	h
	e
	 
	r
	e
	f
	e
	r
	e
	n
	c
	e
	 
	d
	o
	e
	s
	.
	N
	O
	T
	E
	:
	 
	Y
	o
	u
	r
	 
	s
	u
	c
	c
	e
	s
	s
	 
	m
	e
	s
	s
	a
	g
	e
	 
	m
	u
	s
	t
	 
	c
	o
	n
	t
	a
	i
	n
	 
	t
	h
	e
	 
	w
	o
	r
	d
	 
	"
	(
	S
	|
	s
	)
	u
	c
	c
	e
	e
	d
	e
	d
	"
	,
	 
	"
	(
	S
	|
	s
	)
	u
	c
	c
	e
	s
	s
	"
	,
	 
	"
	S
	U
	C
	C
	E
	S
	S
	"
	,
	 
	o
	r
	 
	"
	S
	U
	C
	C
	E
	E
	D
	E
	D
	"
	;
	 
	t
	h
	i
	s
	 
	c
	a
	n
	 
	b
	e
	 
	c
	h
	a
	n
	g
	e
	d
	 
	i
	n
	 
	r
	u
	n
	n
	e
	r
	.
	p
	y
	.
- Reference output:
	P
	a
	r
	s
	e
	 
	s
	u
	c
	c
	e
	e
	d
	e
	d
	,
	 
	f
	i
	n
	d
	i
	n
	g
	 
	1
	2
	 
	I
	L
	O
	C
	 
	o
	p
	e
	r
	a
	t
	i
	o
	n
	s
	.
- Your output:
	P
	O
	O
	 
	P
	O
	O
	O
	 
	P
	O
	O
	

	M
	u
	s
	t
	 
	s
	p
	e
	c
	i
	f
	y
	 
	a
	 
	f
	i
	l
	e
	 
	n
	a
	m
	e
	 
	a
	f
	t
	e
	r
	 
	t
	h
	e
	 
	f
	l
	a
	g
	.
❌ /clear/courses/comp412/students/ILOC/contributed/2013/lab2/s24_test4.i failed!
- Summary:
	Y
	o
	u
	 
	i
	d
	e
	n
	t
	i
	f
	i
	e
	d
	 
	0
	/
	0
	 
	e
	r
	r
	o
	r
	s
	 
	c
	o
	r
	r
	e
	c
	t
	l
	y
	.
	Y
	o
	u
	 
	i
	d
	e
	n
	t
	i
	f
	i
	e
	d
	 
	0
	 
	c
	o
	r
	r
	e
	c
	t
	 
	l
	i
	n
	e
	s
	 
	a
	s
	 
	e
	r
	r
	o
	r
	s
	.
	Y
	o
	u
	 
	d
	o
	 
	n
	o
	t
	 
	h
	a
	v
	e
	 
	a
	 
	s
	u
	c
	c
	e
	s
	s
	 
	m
	e
	s
	s
	a
	g
	e
	 
	w
	h
	i
	l
	e
	 
	t
	h
	e
	 
	r
	e
	f
	e
	r
	e
	n
	c
	e
	 
	d
	o
	e
	s
	.
	N
	O
	T
	E
	:
	 
	Y
	o
	u
	r
	 
	s
	u
	c
	c
	e
	s
	s
	 
	m
	e
	s
	s
	a
	g
	e
	 
	m
	u
	s
	t
	 
	c
	o
	n
	t
	a
	i
	n
	 
	t
	h
	e
	 
	w
	o
	r
	d
	 
	"
	(
	S
	|
	s
	)
	u
	c
	c
	e
	e
	d
	e
	d
	"
	,
	 
	"
	(
	S
	|
	s
	)
	u
	c
	c
	e
	s
	s
	"
	,
	 
	"
	S
	U
	C
	C
	E
	S
	S
	"
	,
	 
	o
	r
	 
	"
	S
	U
	C
	C
	E
	E
	D
	E
	D
	"
	;
	 
	t
	h
	i
	s
	 
	c
	a
	n
	 
	b
	e
	 
	c
	h
	a
	n
	g
	e
	d
	 
	i
	n
	 
	r
	u
	n
	n
	e
	r
	.
	p
	y
	.
- Reference output:
	P
	a
	r
	s
	e
	 
	s
	u
	c
	c
	e
	e
	d
	e
	d
	,
	 
	f
	i
	n
	d
	i
	n
	g
	 
	9
	 
	I
	L
	O
	C
	 
	o
	p
	e
	r
	a
	t
	i
	o
	n
	s
	.
- Your output:
	P
	O
	O
	 
	P
	O
	O
	O
	 
	P
	O
	O
	

	M
	u
	s
	t
	 
	s
	p
	e
	c
	i
	f
	y
	 
	a
	 
	f
	i
	l
	e
	 
	n
	a
	m
	e
	 
	a
	f
	t
	e
	r
	 
	t
	h
	e
	 
	f
	l
	a
	g
	.
❌ /clear/courses/comp412/students/ILOC/contributed/2013/lab2/s18_test2.i failed!
- Summary:
	Y
	o
	u
	 
	i
	d
	e
	n
	t
	i
	f
	i
	e
	d
	 
	0
	/
	0
	 
	e
	r
	r
	o
	r
	s
	 
	c
	o
	r
	r
	e
	c
	t
	l
	y
	.
	Y
	o
	u
	 
	i
	d
	e
	n
	t
	i
	f
	i
	e
	d
	 
	0
	 
	c
	o
	r
	r
	e
	c
	t
	 
	l
	i
	n
	e
	s
	 
	a
	s
	 
	e
	r
	r
	o
	r
	s
	.
	Y
	o
	u
	 
	d
	o
	 
	n
	o
	t
	 
	h
	a
	v
	e
	 
	a
	 
	s
	u
	c
	c
	e
	s
	s
	 
	m
	e
	s
	s
	a
	g
	e
	 
	w
	h
	i
	l
	e
	 
	t
	h
	e
	 
	r
	e
	f
	e
	r
	e
	n
	c
	e
	 
	d
	o
	e
	s
	.
	N
	O
	T
	E
	:
	 
	Y
	o
	u
	r
	 
	s
	u
	c
	c
	e
	s
	s
	 
	m
	e
	s
	s
	a
	g
	e
	 
	m
	u
	s
	t
	 
	c
	o
	n
	t
	a
	i
	n
	 
	t
	h
	e
	 
	w
	o
	r
	d
	 
	"
	(
	S
	|
	s
	)
	u
	c
	c
	e
	e
	d
	e
	d
	"
	,
	 
	"
	(
	S
	|
	s
	)
	u
	c
	c
	e
	s
	s
	"
	,
	 
	"
	S
	U
	C
	C
	E
	S
	S
	"
	,
	 
	o
	r
	 
	"
	S
	U
	C
	C
	E
	E
	D
	E
	D
	"
	;
	 
	t
	h
	i
	s
	 
	c
	a
	n
	 
	b
	e
	 
	c
	h
	a
	n
	g
	e
	d
	 
	i
	n
	 
	r
	u
	n
	n
	e
	r
	.
	p
	y
	.
- Reference output:
	P
	a
	r
	s
	e
	 
	s
	u
	c
	c
	e
	e
	d
	e
	d
	,
	 
	f
	i
	n
	d
	i
	n
	g
	 
	1
	1
	 
	I
	L
	O
	C
	 
	o
	p
	e
	r
	a
	t
	i
	o
	n
	s
	.
- Your output:
	P
	O
	O
	 
	P
	O
	O
	O
	 
	P
	O
	O
	

	M
	u
	s
	t
	 
	s
	p
	e
	c
	i
	f
	y
	 
	a
	 
	f
	i
	l
	e
	 
	n
	a
	m
	e
	 
	a
	f
	t
	e
	r
	 
	t
	h
	e
	 
	f
	l
	a
	g
	.
❌ /clear/courses/comp412/students/ILOC/contributed/2013/lab2/s13_block6.i failed!
- Summary:
	Y
	o
	u
	 
	i
	d
	e
	n
	t
	i
	f
	i
	e
	d
	 
	0
	/
	0
	 
	e
	r
	r
	o
	r
	s
	 
	c
	o
	r
	r
	e
	c
	t
	l
	y
	.
	Y
	o
	u
	 
	i
	d
	e
	n
	t
	i
	f
	i
	e
	d
	 
	0
	 
	c
	o
	r
	r
	e
	c
	t
	 
	l
	i
	n
	e
	s
	 
	a
	s
	 
	e
	r
	r
	o
	r
	s
	.
	Y
	o
	u
	 
	d
	o
	 
	n
	o
	t
	 
	h
	a
	v
	e
	 
	a
	 
	s
	u
	c
	c
	e
	s
	s
	 
	m
	e
	s
	s
	a
	g
	e
	 
	w
	h
	i
	l
	e
	 
	t
	h
	e
	 
	r
	e
	f
	e
	r
	e
	n
	c
	e
	 
	d
	o
	e
	s
	.
	N
	O
	T
	E
	:
	 
	Y
	o
	u
	r
	 
	s
	u
	c
	c
	e
	s
	s
	 
	m
	e
	s
	s
	a
	g
	e
	 
	m
	u
	s
	t
	 
	c
	o
	n
	t
	a
	i
	n
	 
	t
	h
	e
	 
	w
	o
	r
	d
	 
	"
	(
	S
	|
	s
	)
	u
	c
	c
	e
	e
	d
	e
	d
	"
	,
	 
	"
	(
	S
	|
	s
	)
	u
	c
	c
	e
	s
	s
	"
	,
	 
	"
	S
	U
	C
	C
	E
	S
	S
	"
	,
	 
	o
	r
	 
	"
	S
	U
	C
	C
	E
	E
	D
	E
	D
	"
	;
	 
	t
	h
	i
	s
	 
	c
	a
	n
	 
	b
	e
	 
	c
	h
	a
	n
	g
	e
	d
	 
	i
	n
	 
	r
	u
	n
	n
	e
	r
	.
	p
	y
	.
- Reference output:
	P
	a
	r
	s
	e
	 
	s
	u
	c
	c
	e
	e
	d
	e
	d
	,
	 
	f
	i
	n
	d
	i
	n
	g
	 
	9
	 
	I
	L
	O
	C
	 
	o
	p
	e
	r
	a
	t
	i
	o
	n
	s
	.
- Your output:
	P
	O
	O
	 
	P
	O
	O
	O
	 
	P
	O
	O
	

	M
	u
	s
	t
	 
	s
	p
	e
	c
	i
	f
	y
	 
	a
	 
	f
	i
	l
	e
	 
	n
	a
	m
	e
	 
	a
	f
	t
	e
	r
	 
	t
	h
	e
	 
	f
	l
	a
	g
	.
❌ /clear/courses/comp412/students/ILOC/contributed/2013/lab2/s15_block1.i failed!
- Summary:
	Y
	o
	u
	 
	i
	d
	e
	n
	t
	i
	f
	i
	e
	d
	 
	0
	/
	0
	 
	e
	r
	r
	o
	r
	s
	 
	c
	o
	r
	r
	e
	c
	t
	l
	y
	.
	Y
	o
	u
	 
	i
	d
	e
	n
	t
	i
	f
	i
	e
	d
	 
	0
	 
	c
	o
	r
	r
	e
	c
	t
	 
	l
	i
	n
	e
	s
	 
	a
	s
	 
	e
	r
	r
	o
	r
	s
	.
	Y
	o
	u
	 
	d
	o
	 
	n
	o
	t
	 
	h
	a
	v
	e
	 
	a
	 
	s
	u
	c
	c
	e
	s
	s
	 
	m
	e
	s
	s
	a
	g
	e
	 
	w
	h
	i
	l
	e
	 
	t
	h
	e
	 
	r
	e
	f
	e
	r
	e
	n
	c
	e
	 
	d
	o
	e
	s
	.
	N
	O
	T
	E
	:
	 
	Y
	o
	u
	r
	 
	s
	u
	c
	c
	e
	s
	s
	 
	m
	e
	s
	s
	a
	g
	e
	 
	m
	u
	s
	t
	 
	c
	o
	n
	t
	a
	i
	n
	 
	t
	h
	e
	 
	w
	o
	r
	d
	 
	"
	(
	S
	|
	s
	)
	u
	c
	c
	e
	e
	d
	e
	d
	"
	,
	 
	"
	(
	S
	|
	s
	)
	u
	c
	c
	e
	s
	s
	"
	,
	 
	"
	S
	U
	C
	C
	E
	S
	S
	"
	,
	 
	o
	r
	 
	"
	S
	U
	C
	C
	E
	E
	D
	E
	D
	"
	;
	 
	t
	h
	i
	s
	 
	c
	a
	n
	 
	b
	e
	 
	c
	h
	a
	n
	g
	e
	d
	 
	i
	n
	 
	r
	u
	n
	n
	e
	r
	.
	p
	y
	.
- Reference output:
	P
	a
	r
	s
	e
	 
	s
	u
	c
	c
	e
	e
	d
	e
	d
	,
	 
	f
	i
	n
	d
	i
	n
	g
	 
	1
	9
	 
	I
	L
	O
	C
	 
	o
	p
	e
	r
	a
	t
	i
	o
	n
	s
	.
- Your output:
	P
	O
	O
	 
	P
	O
	O
	O
	 
	P
	O
	O
	

	M
	u
	s
	t
	 
	s
	p
	e
	c
	i
	f
	y
	 
	a
	 
	f
	i
	l
	e
	 
	n
	a
	m
	e
	 
	a
	f
	t
	e
	r
	 
	t
	h
	e
	 
	f
	l
	a
	g
	.
❌ /clear/courses/comp412/students/ILOC/contributed/2013/lab2/s38_letters.i failed!
- Summary:
	Y
	o
	u
	 
	i
	d
	e
	n
	t
	i
	f
	i
	e
	d
	 
	0
	/
	0
	 
	e
	r
	r
	o
	r
	s
	 
	c
	o
	r
	r
	e
	c
	t
	l
	y
	.
	Y
	o
	u
	 
	i
	d
	e
	n
	t
	i
	f
	i
	e
	d
	 
	0
	 
	c
	o
	r
	r
	e
	c
	t
	 
	l
	i
	n
	e
	s
	 
	a
	s
	 
	e
	r
	r
	o
	r
	s
	.
	Y
	o
	u
	 
	d
	o
	 
	n
	o
	t
	 
	h
	a
	v
	e
	 
	a
	 
	s
	u
	c
	c
	e
	s
	s
	 
	m
	e
	s
	s
	a
	g
	e
	 
	w
	h
	i
	l
	e
	 
	t
	h
	e
	 
	r
	e
	f
	e
	r
	e
	n
	c
	e
	 
	d
	o
	e
	s
	.
	N
	O
	T
	E
	:
	 
	Y
	o
	u
	r
	 
	s
	u
	c
	c
	e
	s
	s
	 
	m
	e
	s
	s
	a
	g
	e
	 
	m
	u
	s
	t
	 
	c
	o
	n
	t
	a
	i
	n
	 
	t
	h
	e
	 
	w
	o
	r
	d
	 
	"
	(
	S
	|
	s
	)
	u
	c
	c
	e
	e
	d
	e
	d
	"
	,
	 
	"
	(
	S
	|
	s
	)
	u
	c
	c
	e
	s
	s
	"
	,
	 
	"
	S
	U
	C
	C
	E
	S
	S
	"
	,
	 
	o
	r
	 
	"
	S
	U
	C
	C
	E
	E
	D
	E
	D
	"
	;
	 
	t
	h
	i
	s
	 
	c
	a
	n
	 
	b
	e
	 
	c
	h
	a
	n
	g
	e
	d
	 
	i
	n
	 
	r
	u
	n
	n
	e
	r
	.
	p
	y
	.
- Reference output:
	P
	a
	r
	s
	e
	 
	s
	u
	c
	c
	e
	e
	d
	e
	d
	,
	 
	f
	i
	n
	d
	i
	n
	g
	 
	3
	0
	 
	I
	L
	O
	C
	 
	o
	p
	e
	r
	a
	t
	i
	o
	n
	s
	.
- Your output:
	P
	O
	O
	 
	P
	O
	O
	O
	 
	P
	O
	O
	

	M
	u
	s
	t
	 
	s
	p
	e
	c
	i
	f
	y
	 
	a
	 
	f
	i
	l
	e
	 
	n
	a
	m
	e
	 
	a
	f
	t
	e
	r
	 
	t
	h
	e
	 
	f
	l
	a
	g
	.
❌ /clear/courses/comp412/students/ILOC/contributed/2013/lab2/s17_test1.i failed!
- Summary:
	Y
	o
	u
	 
	i
	d
	e
	n
	t
	i
	f
	i
	e
	d
	 
	0
	/
	0
	 
	e
	r
	r
	o
	r
	s
	 
	c
	o
	r
	r
	e
	c
	t
	l
	y
	.
	Y
	o
	u
	 
	i
	d
	e
	n
	t
	i
	f
	i
	e
	d
	 
	0
	 
	c
	o
	r
	r
	e
	c
	t
	 
	l
	i
	n
	e
	s
	 
	a
	s
	 
	e
	r
	r
	o
	r
	s
	.
	Y
	o
	u
	 
	d
	o
	 
	n
	o
	t
	 
	h
	a
	v
	e
	 
	a
	 
	s
	u
	c
	c
	e
	s
	s
	 
	m
	e
	s
	s
	a
	g
	e
	 
	w
	h
	i
	l
	e
	 
	t
	h
	e
	 
	r
	e
	f
	e
	r
	e
	n
	c
	e
	 
	d
	o
	e
	s
	.
	N
	O
	T
	E
	:
	 
	Y
	o
	u
	r
	 
	s
	u
	c
	c
	e
	s
	s
	 
	m
	e
	s
	s
	a
	g
	e
	 
	m
	u
	s
	t
	 
	c
	o
	n
	t
	a
	i
	n
	 
	t
	h
	e
	 
	w
	o
	r
	d
	 
	"
	(
	S
	|
	s
	)
	u
	c
	c
	e
	e
	d
	e
	d
	"
	,
	 
	"
	(
	S
	|
	s
	)
	u
	c
	c
	e
	s
	s
	"
	,
	 
	"
	S
	U
	C
	C
	E
	S
	S
	"
	,
	 
	o
	r
	 
	"
	S
	U
	C
	C
	E
	E
	D
	E
	D
	"
	;
	 
	t
	h
	i
	s
	 
	c
	a
	n
	 
	b
	e
	 
	c
	h
	a
	n
	g
	e
	d
	 
	i
	n
	 
	r
	u
	n
	n
	e
	r
	.
	p
	y
	.
- Reference output:
	P
	a
	r
	s
	e
	 
	s
	u
	c
	c
	e
	e
	d
	e
	d
	,
	 
	f
	i
	n
	d
	i
	n
	g
	 
	1
	0
	 
	I
	L
	O
	C
	 
	o
	p
	e
	r
	a
	t
	i
	o
	n
	s
	.
- Your output:
	P
	O
	O
	 
	P
	O
	O
	O
	 
	P
	O
	O
	

	M
	u
	s
	t
	 
	s
	p
	e
	c
	i
	f
	y
	 
	a
	 
	f
	i
	l
	e
	 
	n
	a
	m
	e
	 
	a
	f
	t
	e
	r
	 
	t
	h
	e
	 
	f
	l
	a
	g
	.
❌ /clear/courses/comp412/students/ILOC/contributed/2013/lab2/s55_test3.i failed!
- Summary:
	Y
	o
	u
	 
	i
	d
	e
	n
	t
	i
	f
	i
	e
	d
	 
	0
	/
	0
	 
	e
	r
	r
	o
	r
	s
	 
	c
	o
	r
	r
	e
	c
	t
	l
	y
	.
	Y
	o
	u
	 
	i
	d
	e
	n
	t
	i
	f
	i
	e
	d
	 
	0
	 
	c
	o
	r
	r
	e
	c
	t
	 
	l
	i
	n
	e
	s
	 
	a
	s
	 
	e
	r
	r
	o
	r
	s
	.
	Y
	o
	u
	 
	d
	o
	 
	n
	o
	t
	 
	h
	a
	v
	e
	 
	a
	 
	s
	u
	c
	c
	e
	s
	s
	 
	m
	e
	s
	s
	a
	g
	e
	 
	w
	h
	i
	l
	e
	 
	t
	h
	e
	 
	r
	e
	f
	e
	r
	e
	n
	c
	e
	 
	d
	o
	e
	s
	.
	N
	O
	T
	E
	:
	 
	Y
	o
	u
	r
	 
	s
	u
	c
	c
	e
	s
	s
	 
	m
	e
	s
	s
	a
	g
	e
	 
	m
	u
	s
	t
	 
	c
	o
	n
	t
	a
	i
	n
	 
	t
	h
	e
	 
	w
	o
	r
	d
	 
	"
	(
	S
	|
	s
	)
	u
	c
	c
	e
	e
	d
	e
	d
	"
	,
	 
	"
	(
	S
	|
	s
	)
	u
	c
	c
	e
	s
	s
	"
	,
	 
	"
	S
	U
	C
	C
	E
	S
	S
	"
	,
	 
	o
	r
	 
	"
	S
	U
	C
	C
	E
	E
	D
	E
	D
	"
	;
	 
	t
	h
	i
	s
	 
	c
	a
	n
	 
	b
	e
	 
	c
	h
	a
	n
	g
	e
	d
	 
	i
	n
	 
	r
	u
	n
	n
	e
	r
	.
	p
	y
	.
- Reference output:
	P
	a
	r
	s
	e
	 
	s
	u
	c
	c
	e
	e
	d
	e
	d
	,
	 
	f
	i
	n
	d
	i
	n
	g
	 
	1
	2
	 
	I
	L
	O
	C
	 
	o
	p
	e
	r
	a
	t
	i
	o
	n
	s
	.
- Your output:
	P
	O
	O
	 
	P
	O
	O
	O
	 
	P
	O
	O
	

	M
	u
	s
	t
	 
	s
	p
	e
	c
	i
	f
	y
	 
	a
	 
	f
	i
	l
	e
	 
	n
	a
	m
	e
	 
	a
	f
	t
	e
	r
	 
	t
	h
	e
	 
	f
	l
	a
	g
	.
❌ /clear/courses/comp412/students/ILOC/contributed/2013/lab2/s12_testblock4.i failed!
- Summary:
	Y
	o
	u
	 
	i
	d
	e
	n
	t
	i
	f
	i
	e
	d
	 
	0
	/
	0
	 
	e
	r
	r
	o
	r
	s
	 
	c
	o
	r
	r
	e
	c
	t
	l
	y
	.
	Y
	o
	u
	 
	i
	d
	e
	n
	t
	i
	f
	i
	e
	d
	 
	0
	 
	c
	o
	r
	r
	e
	c
	t
	 
	l
	i
	n
	e
	s
	 
	a
	s
	 
	e
	r
	r
	o
	r
	s
	.
	Y
	o
	u
	 
	d
	o
	 
	n
	o
	t
	 
	h
	a
	v
	e
	 
	a
	 
	s
	u
	c
	c
	e
	s
	s
	 
	m
	e
	s
	s
	a
	g
	e
	 
	w
	h
	i
	l
	e
	 
	t
	h
	e
	 
	r
	e
	f
	e
	r
	e
	n
	c
	e
	 
	d
	o
	e
	s
	.
	N
	O
	T
	E
	:
	 
	Y
	o
	u
	r
	 
	s
	u
	c
	c
	e
	s
	s
	 
	m
	e
	s
	s
	a
	g
	e
	 
	m
	u
	s
	t
	 
	c
	o
	n
	t
	a
	i
	n
	 
	t
	h
	e
	 
	w
	o
	r
	d
	 
	"
	(
	S
	|
	s
	)
	u
	c
	c
	e
	e
	d
	e
	d
	"
	,
	 
	"
	(
	S
	|
	s
	)
	u
	c
	c
	e
	s
	s
	"
	,
	 
	"
	S
	U
	C
	C
	E
	S
	S
	"
	,
	 
	o
	r
	 
	"
	S
	U
	C
	C
	E
	E
	D
	E
	D
	"
	;
	 
	t
	h
	i
	s
	 
	c
	a
	n
	 
	b
	e
	 
	c
	h
	a
	n
	g
	e
	d
	 
	i
	n
	 
	r
	u
	n
	n
	e
	r
	.
	p
	y
	.
- Reference output:
	P
	a
	r
	s
	e
	 
	s
	u
	c
	c
	e
	e
	d
	e
	d
	,
	 
	f
	i
	n
	d
	i
	n
	g
	 
	6
	8
	 
	I
	L
	O
	C
	 
	o
	p
	e
	r
	a
	t
	i
	o
	n
	s
	.
- Your output:
	P
	O
	O
	 
	P
	O
	O
	O
	 
	P
	O
	O
	

	M
	u
	s
	t
	 
	s
	p
	e
	c
	i
	f
	y
	 
	a
	 
	f
	i
	l
	e
	 
	n
	a
	m
	e
	 
	a
	f
	t
	e
	r
	 
	t
	h
	e
	 
	f
	l
	a
	g
	.
❌ /clear/courses/comp412/students/ILOC/contributed/2013/lab2/s09_test3.i failed!
- Summary:
	Y
	o
	u
	 
	i
	d
	e
	n
	t
	i
	f
	i
	e
	d
	 
	0
	/
	0
	 
	e
	r
	r
	o
	r
	s
	 
	c
	o
	r
	r
	e
	c
	t
	l
	y
	.
	Y
	o
	u
	 
	i
	d
	e
	n
	t
	i
	f
	i
	e
	d
	 
	0
	 
	c
	o
	r
	r
	e
	c
	t
	 
	l
	i
	n
	e
	s
	 
	a
	s
	 
	e
	r
	r
	o
	r
	s
	.
	Y
	o
	u
	 
	d
	o
	 
	n
	o
	t
	 
	h
	a
	v
	e
	 
	a
	 
	s
	u
	c
	c
	e
	s
	s
	 
	m
	e
	s
	s
	a
	g
	e
	 
	w
	h
	i
	l
	e
	 
	t
	h
	e
	 
	r
	e
	f
	e
	r
	e
	n
	c
	e
	 
	d
	o
	e
	s
	.
	N
	O
	T
	E
	:
	 
	Y
	o
	u
	r
	 
	s
	u
	c
	c
	e
	s
	s
	 
	m
	e
	s
	s
	a
	g
	e
	 
	m
	u
	s
	t
	 
	c
	o
	n
	t
	a
	i
	n
	 
	t
	h
	e
	 
	w
	o
	r
	d
	 
	"
	(
	S
	|
	s
	)
	u
	c
	c
	e
	e
	d
	e
	d
	"
	,
	 
	"
	(
	S
	|
	s
	)
	u
	c
	c
	e
	s
	s
	"
	,
	 
	"
	S
	U
	C
	C
	E
	S
	S
	"
	,
	 
	o
	r
	 
	"
	S
	U
	C
	C
	E
	E
	D
	E
	D
	"
	;
	 
	t
	h
	i
	s
	 
	c
	a
	n
	 
	b
	e
	 
	c
	h
	a
	n
	g
	e
	d
	 
	i
	n
	 
	r
	u
	n
	n
	e
	r
	.
	p
	y
	.
- Reference output:
	P
	a
	r
	s
	e
	 
	s
	u
	c
	c
	e
	e
	d
	e
	d
	,
	 
	f
	i
	n
	d
	i
	n
	g
	 
	9
	 
	I
	L
	O
	C
	 
	o
	p
	e
	r
	a
	t
	i
	o
	n
	s
	.
- Your output:
	P
	O
	O
	 
	P
	O
	O
	O
	 
	P
	O
	O
	

	M
	u
	s
	t
	 
	s
	p
	e
	c
	i
	f
	y
	 
	a
	 
	f
	i
	l
	e
	 
	n
	a
	m
	e
	 
	a
	f
	t
	e
	r
	 
	t
	h
	e
	 
	f
	l
	a
	g
	.
❌ /clear/courses/comp412/students/ILOC/contributed/2013/lab2/s56_test3.i failed!
- Summary:
	Y
	o
	u
	 
	i
	d
	e
	n
	t
	i
	f
	i
	e
	d
	 
	0
	/
	0
	 
	e
	r
	r
	o
	r
	s
	 
	c
	o
	r
	r
	e
	c
	t
	l
	y
	.
	Y
	o
	u
	 
	i
	d
	e
	n
	t
	i
	f
	i
	e
	d
	 
	0
	 
	c
	o
	r
	r
	e
	c
	t
	 
	l
	i
	n
	e
	s
	 
	a
	s
	 
	e
	r
	r
	o
	r
	s
	.
	Y
	o
	u
	 
	d
	o
	 
	n
	o
	t
	 
	h
	a
	v
	e
	 
	a
	 
	s
	u
	c
	c
	e
	s
	s
	 
	m
	e
	s
	s
	a
	g
	e
	 
	w
	h
	i
	l
	e
	 
	t
	h
	e
	 
	r
	e
	f
	e
	r
	e
	n
	c
	e
	 
	d
	o
	e
	s
	.
	N
	O
	T
	E
	:
	 
	Y
	o
	u
	r
	 
	s
	u
	c
	c
	e
	s
	s
	 
	m
	e
	s
	s
	a
	g
	e
	 
	m
	u
	s
	t
	 
	c
	o
	n
	t
	a
	i
	n
	 
	t
	h
	e
	 
	w
	o
	r
	d
	 
	"
	(
	S
	|
	s
	)
	u
	c
	c
	e
	e
	d
	e
	d
	"
	,
	 
	"
	(
	S
	|
	s
	)
	u
	c
	c
	e
	s
	s
	"
	,
	 
	"
	S
	U
	C
	C
	E
	S
	S
	"
	,
	 
	o
	r
	 
	"
	S
	U
	C
	C
	E
	E
	D
	E
	D
	"
	;
	 
	t
	h
	i
	s
	 
	c
	a
	n
	 
	b
	e
	 
	c
	h
	a
	n
	g
	e
	d
	 
	i
	n
	 
	r
	u
	n
	n
	e
	r
	.
	p
	y
	.
- Reference output:
	P
	a
	r
	s
	e
	 
	s
	u
	c
	c
	e
	e
	d
	e
	d
	,
	 
	f
	i
	n
	d
	i
	n
	g
	 
	9
	 
	I
	L
	O
	C
	 
	o
	p
	e
	r
	a
	t
	i
	o
	n
	s
	.
- Your output:
	P
	O
	O
	 
	P
	O
	O
	O
	 
	P
	O
	O
	

	M
	u
	s
	t
	 
	s
	p
	e
	c
	i
	f
	y
	 
	a
	 
	f
	i
	l
	e
	 
	n
	a
	m
	e
	 
	a
	f
	t
	e
	r
	 
	t
	h
	e
	 
	f
	l
	a
	g
	.
❌ /clear/courses/comp412/students/ILOC/contributed/2013/lab2/s26_sum.i failed!
- Summary:
	Y
	o
	u
	 
	i
	d
	e
	n
	t
	i
	f
	i
	e
	d
	 
	0
	/
	0
	 
	e
	r
	r
	o
	r
	s
	 
	c
	o
	r
	r
	e
	c
	t
	l
	y
	.
	Y
	o
	u
	 
	i
	d
	e
	n
	t
	i
	f
	i
	e
	d
	 
	0
	 
	c
	o
	r
	r
	e
	c
	t
	 
	l
	i
	n
	e
	s
	 
	a
	s
	 
	e
	r
	r
	o
	r
	s
	.
	Y
	o
	u
	 
	d
	o
	 
	n
	o
	t
	 
	h
	a
	v
	e
	 
	a
	 
	s
	u
	c
	c
	e
	s
	s
	 
	m
	e
	s
	s
	a
	g
	e
	 
	w
	h
	i
	l
	e
	 
	t
	h
	e
	 
	r
	e
	f
	e
	r
	e
	n
	c
	e
	 
	d
	o
	e
	s
	.
	N
	O
	T
	E
	:
	 
	Y
	o
	u
	r
	 
	s
	u
	c
	c
	e
	s
	s
	 
	m
	e
	s
	s
	a
	g
	e
	 
	m
	u
	s
	t
	 
	c
	o
	n
	t
	a
	i
	n
	 
	t
	h
	e
	 
	w
	o
	r
	d
	 
	"
	(
	S
	|
	s
	)
	u
	c
	c
	e
	e
	d
	e
	d
	"
	,
	 
	"
	(
	S
	|
	s
	)
	u
	c
	c
	e
	s
	s
	"
	,
	 
	"
	S
	U
	C
	C
	E
	S
	S
	"
	,
	 
	o
	r
	 
	"
	S
	U
	C
	C
	E
	E
	D
	E
	D
	"
	;
	 
	t
	h
	i
	s
	 
	c
	a
	n
	 
	b
	e
	 
	c
	h
	a
	n
	g
	e
	d
	 
	i
	n
	 
	r
	u
	n
	n
	e
	r
	.
	p
	y
	.
- Reference output:
	P
	a
	r
	s
	e
	 
	s
	u
	c
	c
	e
	e
	d
	e
	d
	,
	 
	f
	i
	n
	d
	i
	n
	g
	 
	1
	3
	 
	I
	L
	O
	C
	 
	o
	p
	e
	r
	a
	t
	i
	o
	n
	s
	.
- Your output:
	P
	O
	O
	 
	P
	O
	O
	O
	 
	P
	O
	O
	

	M
	u
	s
	t
	 
	s
	p
	e
	c
	i
	f
	y
	 
	a
	 
	f
	i
	l
	e
	 
	n
	a
	m
	e
	 
	a
	f
	t
	e
	r
	 
	t
	h
	e
	 
	f
	l
	a
	g
	.
❌ /clear/courses/comp412/students/ILOC/contributed/2013/lab2/s16_test3.i failed!
- Summary:
	Y
	o
	u
	 
	i
	d
	e
	n
	t
	i
	f
	i
	e
	d
	 
	0
	/
	0
	 
	e
	r
	r
	o
	r
	s
	 
	c
	o
	r
	r
	e
	c
	t
	l
	y
	.
	Y
	o
	u
	 
	i
	d
	e
	n
	t
	i
	f
	i
	e
	d
	 
	0
	 
	c
	o
	r
	r
	e
	c
	t
	 
	l
	i
	n
	e
	s
	 
	a
	s
	 
	e
	r
	r
	o
	r
	s
	.
	Y
	o
	u
	 
	d
	o
	 
	n
	o
	t
	 
	h
	a
	v
	e
	 
	a
	 
	s
	u
	c
	c
	e
	s
	s
	 
	m
	e
	s
	s
	a
	g
	e
	 
	w
	h
	i
	l
	e
	 
	t
	h
	e
	 
	r
	e
	f
	e
	r
	e
	n
	c
	e
	 
	d
	o
	e
	s
	.
	N
	O
	T
	E
	:
	 
	Y
	o
	u
	r
	 
	s
	u
	c
	c
	e
	s
	s
	 
	m
	e
	s
	s
	a
	g
	e
	 
	m
	u
	s
	t
	 
	c
	o
	n
	t
	a
	i
	n
	 
	t
	h
	e
	 
	w
	o
	r
	d
	 
	"
	(
	S
	|
	s
	)
	u
	c
	c
	e
	e
	d
	e
	d
	"
	,
	 
	"
	(
	S
	|
	s
	)
	u
	c
	c
	e
	s
	s
	"
	,
	 
	"
	S
	U
	C
	C
	E
	S
	S
	"
	,
	 
	o
	r
	 
	"
	S
	U
	C
	C
	E
	E
	D
	E
	D
	"
	;
	 
	t
	h
	i
	s
	 
	c
	a
	n
	 
	b
	e
	 
	c
	h
	a
	n
	g
	e
	d
	 
	i
	n
	 
	r
	u
	n
	n
	e
	r
	.
	p
	y
	.
- Reference output:
	P
	a
	r
	s
	e
	 
	s
	u
	c
	c
	e
	e
	d
	e
	d
	,
	 
	f
	i
	n
	d
	i
	n
	g
	 
	9
	 
	I
	L
	O
	C
	 
	o
	p
	e
	r
	a
	t
	i
	o
	n
	s
	.
- Your output:
	P
	O
	O
	 
	P
	O
	O
	O
	 
	P
	O
	O
	

	M
	u
	s
	t
	 
	s
	p
	e
	c
	i
	f
	y
	 
	a
	 
	f
	i
	l
	e
	 
	n
	a
	m
	e
	 
	a
	f
	t
	e
	r
	 
	t
	h
	e
	 
	f
	l
	a
	g
	.
❌ /clear/courses/comp412/students/ILOC/contributed/2013/lab2/s05_reverse.i failed!
- Summary:
	Y
	o
	u
	 
	i
	d
	e
	n
	t
	i
	f
	i
	e
	d
	 
	0
	/
	0
	 
	e
	r
	r
	o
	r
	s
	 
	c
	o
	r
	r
	e
	c
	t
	l
	y
	.
	Y
	o
	u
	 
	i
	d
	e
	n
	t
	i
	f
	i
	e
	d
	 
	0
	 
	c
	o
	r
	r
	e
	c
	t
	 
	l
	i
	n
	e
	s
	 
	a
	s
	 
	e
	r
	r
	o
	r
	s
	.
	Y
	o
	u
	 
	d
	o
	 
	n
	o
	t
	 
	h
	a
	v
	e
	 
	a
	 
	s
	u
	c
	c
	e
	s
	s
	 
	m
	e
	s
	s
	a
	g
	e
	 
	w
	h
	i
	l
	e
	 
	t
	h
	e
	 
	r
	e
	f
	e
	r
	e
	n
	c
	e
	 
	d
	o
	e
	s
	.
	N
	O
	T
	E
	:
	 
	Y
	o
	u
	r
	 
	s
	u
	c
	c
	e
	s
	s
	 
	m
	e
	s
	s
	a
	g
	e
	 
	m
	u
	s
	t
	 
	c
	o
	n
	t
	a
	i
	n
	 
	t
	h
	e
	 
	w
	o
	r
	d
	 
	"
	(
	S
	|
	s
	)
	u
	c
	c
	e
	e
	d
	e
	d
	"
	,
	 
	"
	(
	S
	|
	s
	)
	u
	c
	c
	e
	s
	s
	"
	,
	 
	"
	S
	U
	C
	C
	E
	S
	S
	"
	,
	 
	o
	r
	 
	"
	S
	U
	C
	C
	E
	E
	D
	E
	D
	"
	;
	 
	t
	h
	i
	s
	 
	c
	a
	n
	 
	b
	e
	 
	c
	h
	a
	n
	g
	e
	d
	 
	i
	n
	 
	r
	u
	n
	n
	e
	r
	.
	p
	y
	.
- Reference output:
	P
	a
	r
	s
	e
	 
	s
	u
	c
	c
	e
	e
	d
	e
	d
	,
	 
	f
	i
	n
	d
	i
	n
	g
	 
	3
	5
	 
	I
	L
	O
	C
	 
	o
	p
	e
	r
	a
	t
	i
	o
	n
	s
	.
- Your output:
	P
	O
	O
	 
	P
	O
	O
	O
	 
	P
	O
	O
	

	M
	u
	s
	t
	 
	s
	p
	e
	c
	i
	f
	y
	 
	a
	 
	f
	i
	l
	e
	 
	n
	a
	m
	e
	 
	a
	f
	t
	e
	r
	 
	t
	h
	e
	 
	f
	l
	a
	g
	.
❌ /clear/courses/comp412/students/ILOC/contributed/2013/lab2/s17_test2.i failed!
- Summary:
	Y
	o
	u
	 
	i
	d
	e
	n
	t
	i
	f
	i
	e
	d
	 
	0
	/
	0
	 
	e
	r
	r
	o
	r
	s
	 
	c
	o
	r
	r
	e
	c
	t
	l
	y
	.
	Y
	o
	u
	 
	i
	d
	e
	n
	t
	i
	f
	i
	e
	d
	 
	0
	 
	c
	o
	r
	r
	e
	c
	t
	 
	l
	i
	n
	e
	s
	 
	a
	s
	 
	e
	r
	r
	o
	r
	s
	.
	Y
	o
	u
	 
	d
	o
	 
	n
	o
	t
	 
	h
	a
	v
	e
	 
	a
	 
	s
	u
	c
	c
	e
	s
	s
	 
	m
	e
	s
	s
	a
	g
	e
	 
	w
	h
	i
	l
	e
	 
	t
	h
	e
	 
	r
	e
	f
	e
	r
	e
	n
	c
	e
	 
	d
	o
	e
	s
	.
	N
	O
	T
	E
	:
	 
	Y
	o
	u
	r
	 
	s
	u
	c
	c
	e
	s
	s
	 
	m
	e
	s
	s
	a
	g
	e
	 
	m
	u
	s
	t
	 
	c
	o
	n
	t
	a
	i
	n
	 
	t
	h
	e
	 
	w
	o
	r
	d
	 
	"
	(
	S
	|
	s
	)
	u
	c
	c
	e
	e
	d
	e
	d
	"
	,
	 
	"
	(
	S
	|
	s
	)
	u
	c
	c
	e
	s
	s
	"
	,
	 
	"
	S
	U
	C
	C
	E
	S
	S
	"
	,
	 
	o
	r
	 
	"
	S
	U
	C
	C
	E
	E
	D
	E
	D
	"
	;
	 
	t
	h
	i
	s
	 
	c
	a
	n
	 
	b
	e
	 
	c
	h
	a
	n
	g
	e
	d
	 
	i
	n
	 
	r
	u
	n
	n
	e
	r
	.
	p
	y
	.
- Reference output:
	P
	a
	r
	s
	e
	 
	s
	u
	c
	c
	e
	e
	d
	e
	d
	,
	 
	f
	i
	n
	d
	i
	n
	g
	 
	2
	7
	 
	I
	L
	O
	C
	 
	o
	p
	e
	r
	a
	t
	i
	o
	n
	s
	.
- Your output:
	P
	O
	O
	 
	P
	O
	O
	O
	 
	P
	O
	O
	

	M
	u
	s
	t
	 
	s
	p
	e
	c
	i
	f
	y
	 
	a
	 
	f
	i
	l
	e
	 
	n
	a
	m
	e
	 
	a
	f
	t
	e
	r
	 
	t
	h
	e
	 
	f
	l
	a
	g
	.
❌ /clear/courses/comp412/students/ILOC/contributed/2013/lab2/s16_test0.i failed!
- Summary:
	Y
	o
	u
	 
	i
	d
	e
	n
	t
	i
	f
	i
	e
	d
	 
	0
	/
	0
	 
	e
	r
	r
	o
	r
	s
	 
	c
	o
	r
	r
	e
	c
	t
	l
	y
	.
	Y
	o
	u
	 
	i
	d
	e
	n
	t
	i
	f
	i
	e
	d
	 
	0
	 
	c
	o
	r
	r
	e
	c
	t
	 
	l
	i
	n
	e
	s
	 
	a
	s
	 
	e
	r
	r
	o
	r
	s
	.
	Y
	o
	u
	 
	d
	o
	 
	n
	o
	t
	 
	h
	a
	v
	e
	 
	a
	 
	s
	u
	c
	c
	e
	s
	s
	 
	m
	e
	s
	s
	a
	g
	e
	 
	w
	h
	i
	l
	e
	 
	t
	h
	e
	 
	r
	e
	f
	e
	r
	e
	n
	c
	e
	 
	d
	o
	e
	s
	.
	N
	O
	T
	E
	:
	 
	Y
	o
	u
	r
	 
	s
	u
	c
	c
	e
	s
	s
	 
	m
	e
	s
	s
	a
	g
	e
	 
	m
	u
	s
	t
	 
	c
	o
	n
	t
	a
	i
	n
	 
	t
	h
	e
	 
	w
	o
	r
	d
	 
	"
	(
	S
	|
	s
	)
	u
	c
	c
	e
	e
	d
	e
	d
	"
	,
	 
	"
	(
	S
	|
	s
	)
	u
	c
	c
	e
	s
	s
	"
	,
	 
	"
	S
	U
	C
	C
	E
	S
	S
	"
	,
	 
	o
	r
	 
	"
	S
	U
	C
	C
	E
	E
	D
	E
	D
	"
	;
	 
	t
	h
	i
	s
	 
	c
	a
	n
	 
	b
	e
	 
	c
	h
	a
	n
	g
	e
	d
	 
	i
	n
	 
	r
	u
	n
	n
	e
	r
	.
	p
	y
	.
- Reference output:
	P
	a
	r
	s
	e
	 
	s
	u
	c
	c
	e
	e
	d
	e
	d
	,
	 
	f
	i
	n
	d
	i
	n
	g
	 
	1
	1
	 
	I
	L
	O
	C
	 
	o
	p
	e
	r
	a
	t
	i
	o
	n
	s
	.
- Your output:
	P
	O
	O
	 
	P
	O
	O
	O
	 
	P
	O
	O
	

	M
	u
	s
	t
	 
	s
	p
	e
	c
	i
	f
	y
	 
	a
	 
	f
	i
	l
	e
	 
	n
	a
	m
	e
	 
	a
	f
	t
	e
	r
	 
	t
	h
	e
	 
	f
	l
	a
	g
	.
❌ /clear/courses/comp412/students/ILOC/contributed/2013/lab2/s09_test1.i failed!
- Summary:
	Y
	o
	u
	 
	i
	d
	e
	n
	t
	i
	f
	i
	e
	d
	 
	0
	/
	0
	 
	e
	r
	r
	o
	r
	s
	 
	c
	o
	r
	r
	e
	c
	t
	l
	y
	.
	Y
	o
	u
	 
	i
	d
	e
	n
	t
	i
	f
	i
	e
	d
	 
	0
	 
	c
	o
	r
	r
	e
	c
	t
	 
	l
	i
	n
	e
	s
	 
	a
	s
	 
	e
	r
	r
	o
	r
	s
	.
	Y
	o
	u
	 
	d
	o
	 
	n
	o
	t
	 
	h
	a
	v
	e
	 
	a
	 
	s
	u
	c
	c
	e
	s
	s
	 
	m
	e
	s
	s
	a
	g
	e
	 
	w
	h
	i
	l
	e
	 
	t
	h
	e
	 
	r
	e
	f
	e
	r
	e
	n
	c
	e
	 
	d
	o
	e
	s
	.
	N
	O
	T
	E
	:
	 
	Y
	o
	u
	r
	 
	s
	u
	c
	c
	e
	s
	s
	 
	m
	e
	s
	s
	a
	g
	e
	 
	m
	u
	s
	t
	 
	c
	o
	n
	t
	a
	i
	n
	 
	t
	h
	e
	 
	w
	o
	r
	d
	 
	"
	(
	S
	|
	s
	)
	u
	c
	c
	e
	e
	d
	e
	d
	"
	,
	 
	"
	(
	S
	|
	s
	)
	u
	c
	c
	e
	s
	s
	"
	,
	 
	"
	S
	U
	C
	C
	E
	S
	S
	"
	,
	 
	o
	r
	 
	"
	S
	U
	C
	C
	E
	E
	D
	E
	D
	"
	;
	 
	t
	h
	i
	s
	 
	c
	a
	n
	 
	b
	e
	 
	c
	h
	a
	n
	g
	e
	d
	 
	i
	n
	 
	r
	u
	n
	n
	e
	r
	.
	p
	y
	.
- Reference output:
	P
	a
	r
	s
	e
	 
	s
	u
	c
	c
	e
	e
	d
	e
	d
	,
	 
	f
	i
	n
	d
	i
	n
	g
	 
	1
	1
	 
	I
	L
	O
	C
	 
	o
	p
	e
	r
	a
	t
	i
	o
	n
	s
	.
- Your output:
	P
	O
	O
	 
	P
	O
	O
	O
	 
	P
	O
	O
	

	M
	u
	s
	t
	 
	s
	p
	e
	c
	i
	f
	y
	 
	a
	 
	f
	i
	l
	e
	 
	n
	a
	m
	e
	 
	a
	f
	t
	e
	r
	 
	t
	h
	e
	 
	f
	l
	a
	g
	.
❌ /clear/courses/comp412/students/ILOC/contributed/2013/lab2/s14_test2.i failed!
- Summary:
	Y
	o
	u
	 
	i
	d
	e
	n
	t
	i
	f
	i
	e
	d
	 
	0
	/
	0
	 
	e
	r
	r
	o
	r
	s
	 
	c
	o
	r
	r
	e
	c
	t
	l
	y
	.
	Y
	o
	u
	 
	i
	d
	e
	n
	t
	i
	f
	i
	e
	d
	 
	0
	 
	c
	o
	r
	r
	e
	c
	t
	 
	l
	i
	n
	e
	s
	 
	a
	s
	 
	e
	r
	r
	o
	r
	s
	.
	Y
	o
	u
	 
	d
	o
	 
	n
	o
	t
	 
	h
	a
	v
	e
	 
	a
	 
	s
	u
	c
	c
	e
	s
	s
	 
	m
	e
	s
	s
	a
	g
	e
	 
	w
	h
	i
	l
	e
	 
	t
	h
	e
	 
	r
	e
	f
	e
	r
	e
	n
	c
	e
	 
	d
	o
	e
	s
	.
	N
	O
	T
	E
	:
	 
	Y
	o
	u
	r
	 
	s
	u
	c
	c
	e
	s
	s
	 
	m
	e
	s
	s
	a
	g
	e
	 
	m
	u
	s
	t
	 
	c
	o
	n
	t
	a
	i
	n
	 
	t
	h
	e
	 
	w
	o
	r
	d
	 
	"
	(
	S
	|
	s
	)
	u
	c
	c
	e
	e
	d
	e
	d
	"
	,
	 
	"
	(
	S
	|
	s
	)
	u
	c
	c
	e
	s
	s
	"
	,
	 
	"
	S
	U
	C
	C
	E
	S
	S
	"
	,
	 
	o
	r
	 
	"
	S
	U
	C
	C
	E
	E
	D
	E
	D
	"
	;
	 
	t
	h
	i
	s
	 
	c
	a
	n
	 
	b
	e
	 
	c
	h
	a
	n
	g
	e
	d
	 
	i
	n
	 
	r
	u
	n
	n
	e
	r
	.
	p
	y
	.
- Reference output:
	P
	a
	r
	s
	e
	 
	s
	u
	c
	c
	e
	e
	d
	e
	d
	,
	 
	f
	i
	n
	d
	i
	n
	g
	 
	6
	 
	I
	L
	O
	C
	 
	o
	p
	e
	r
	a
	t
	i
	o
	n
	s
	.
- Your output:
	P
	O
	O
	 
	P
	O
	O
	O
	 
	P
	O
	O
	

	M
	u
	s
	t
	 
	s
	p
	e
	c
	i
	f
	y
	 
	a
	 
	f
	i
	l
	e
	 
	n
	a
	m
	e
	 
	a
	f
	t
	e
	r
	 
	t
	h
	e
	 
	f
	l
	a
	g
	.
❌ /clear/courses/comp412/students/ILOC/contributed/2013/lab2/s08_test3.i failed!
- Summary:
	Y
	o
	u
	 
	i
	d
	e
	n
	t
	i
	f
	i
	e
	d
	 
	0
	/
	0
	 
	e
	r
	r
	o
	r
	s
	 
	c
	o
	r
	r
	e
	c
	t
	l
	y
	.
	Y
	o
	u
	 
	i
	d
	e
	n
	t
	i
	f
	i
	e
	d
	 
	0
	 
	c
	o
	r
	r
	e
	c
	t
	 
	l
	i
	n
	e
	s
	 
	a
	s
	 
	e
	r
	r
	o
	r
	s
	.
	Y
	o
	u
	 
	d
	o
	 
	n
	o
	t
	 
	h
	a
	v
	e
	 
	a
	 
	s
	u
	c
	c
	e
	s
	s
	 
	m
	e
	s
	s
	a
	g
	e
	 
	w
	h
	i
	l
	e
	 
	t
	h
	e
	 
	r
	e
	f
	e
	r
	e
	n
	c
	e
	 
	d
	o
	e
	s
	.
	N
	O
	T
	E
	:
	 
	Y
	o
	u
	r
	 
	s
	u
	c
	c
	e
	s
	s
	 
	m
	e
	s
	s
	a
	g
	e
	 
	m
	u
	s
	t
	 
	c
	o
	n
	t
	a
	i
	n
	 
	t
	h
	e
	 
	w
	o
	r
	d
	 
	"
	(
	S
	|
	s
	)
	u
	c
	c
	e
	e
	d
	e
	d
	"
	,
	 
	"
	(
	S
	|
	s
	)
	u
	c
	c
	e
	s
	s
	"
	,
	 
	"
	S
	U
	C
	C
	E
	S
	S
	"
	,
	 
	o
	r
	 
	"
	S
	U
	C
	C
	E
	E
	D
	E
	D
	"
	;
	 
	t
	h
	i
	s
	 
	c
	a
	n
	 
	b
	e
	 
	c
	h
	a
	n
	g
	e
	d
	 
	i
	n
	 
	r
	u
	n
	n
	e
	r
	.
	p
	y
	.
- Reference output:
	P
	a
	r
	s
	e
	 
	s
	u
	c
	c
	e
	e
	d
	e
	d
	,
	 
	f
	i
	n
	d
	i
	n
	g
	 
	1
	7
	 
	I
	L
	O
	C
	 
	o
	p
	e
	r
	a
	t
	i
	o
	n
	s
	.
- Your output:
	P
	O
	O
	 
	P
	O
	O
	O
	 
	P
	O
	O
	

	M
	u
	s
	t
	 
	s
	p
	e
	c
	i
	f
	y
	 
	a
	 
	f
	i
	l
	e
	 
	n
	a
	m
	e
	 
	a
	f
	t
	e
	r
	 
	t
	h
	e
	 
	f
	l
	a
	g
	.
❌ /clear/courses/comp412/students/ILOC/contributed/2013/lab2/s16_test2.i failed!
- Summary:
	Y
	o
	u
	 
	i
	d
	e
	n
	t
	i
	f
	i
	e
	d
	 
	0
	/
	0
	 
	e
	r
	r
	o
	r
	s
	 
	c
	o
	r
	r
	e
	c
	t
	l
	y
	.
	Y
	o
	u
	 
	i
	d
	e
	n
	t
	i
	f
	i
	e
	d
	 
	0
	 
	c
	o
	r
	r
	e
	c
	t
	 
	l
	i
	n
	e
	s
	 
	a
	s
	 
	e
	r
	r
	o
	r
	s
	.
	Y
	o
	u
	 
	d
	o
	 
	n
	o
	t
	 
	h
	a
	v
	e
	 
	a
	 
	s
	u
	c
	c
	e
	s
	s
	 
	m
	e
	s
	s
	a
	g
	e
	 
	w
	h
	i
	l
	e
	 
	t
	h
	e
	 
	r
	e
	f
	e
	r
	e
	n
	c
	e
	 
	d
	o
	e
	s
	.
	N
	O
	T
	E
	:
	 
	Y
	o
	u
	r
	 
	s
	u
	c
	c
	e
	s
	s
	 
	m
	e
	s
	s
	a
	g
	e
	 
	m
	u
	s
	t
	 
	c
	o
	n
	t
	a
	i
	n
	 
	t
	h
	e
	 
	w
	o
	r
	d
	 
	"
	(
	S
	|
	s
	)
	u
	c
	c
	e
	e
	d
	e
	d
	"
	,
	 
	"
	(
	S
	|
	s
	)
	u
	c
	c
	e
	s
	s
	"
	,
	 
	"
	S
	U
	C
	C
	E
	S
	S
	"
	,
	 
	o
	r
	 
	"
	S
	U
	C
	C
	E
	E
	D
	E
	D
	"
	;
	 
	t
	h
	i
	s
	 
	c
	a
	n
	 
	b
	e
	 
	c
	h
	a
	n
	g
	e
	d
	 
	i
	n
	 
	r
	u
	n
	n
	e
	r
	.
	p
	y
	.
- Reference output:
	P
	a
	r
	s
	e
	 
	s
	u
	c
	c
	e
	e
	d
	e
	d
	,
	 
	f
	i
	n
	d
	i
	n
	g
	 
	1
	7
	 
	I
	L
	O
	C
	 
	o
	p
	e
	r
	a
	t
	i
	o
	n
	s
	.
- Your output:
	P
	O
	O
	 
	P
	O
	O
	O
	 
	P
	O
	O
	

	M
	u
	s
	t
	 
	s
	p
	e
	c
	i
	f
	y
	 
	a
	 
	f
	i
	l
	e
	 
	n
	a
	m
	e
	 
	a
	f
	t
	e
	r
	 
	t
	h
	e
	 
	f
	l
	a
	g
	.
❌ /clear/courses/comp412/students/ILOC/contributed/2013/lab2/s18_test3.i failed!
- Summary:
	Y
	o
	u
	 
	i
	d
	e
	n
	t
	i
	f
	i
	e
	d
	 
	0
	/
	0
	 
	e
	r
	r
	o
	r
	s
	 
	c
	o
	r
	r
	e
	c
	t
	l
	y
	.
	Y
	o
	u
	 
	i
	d
	e
	n
	t
	i
	f
	i
	e
	d
	 
	0
	 
	c
	o
	r
	r
	e
	c
	t
	 
	l
	i
	n
	e
	s
	 
	a
	s
	 
	e
	r
	r
	o
	r
	s
	.
	Y
	o
	u
	 
	d
	o
	 
	n
	o
	t
	 
	h
	a
	v
	e
	 
	a
	 
	s
	u
	c
	c
	e
	s
	s
	 
	m
	e
	s
	s
	a
	g
	e
	 
	w
	h
	i
	l
	e
	 
	t
	h
	e
	 
	r
	e
	f
	e
	r
	e
	n
	c
	e
	 
	d
	o
	e
	s
	.
	N
	O
	T
	E
	:
	 
	Y
	o
	u
	r
	 
	s
	u
	c
	c
	e
	s
	s
	 
	m
	e
	s
	s
	a
	g
	e
	 
	m
	u
	s
	t
	 
	c
	o
	n
	t
	a
	i
	n
	 
	t
	h
	e
	 
	w
	o
	r
	d
	 
	"
	(
	S
	|
	s
	)
	u
	c
	c
	e
	e
	d
	e
	d
	"
	,
	 
	"
	(
	S
	|
	s
	)
	u
	c
	c
	e
	s
	s
	"
	,
	 
	"
	S
	U
	C
	C
	E
	S
	S
	"
	,
	 
	o
	r
	 
	"
	S
	U
	C
	C
	E
	E
	D
	E
	D
	"
	;
	 
	t
	h
	i
	s
	 
	c
	a
	n
	 
	b
	e
	 
	c
	h
	a
	n
	g
	e
	d
	 
	i
	n
	 
	r
	u
	n
	n
	e
	r
	.
	p
	y
	.
- Reference output:
	P
	a
	r
	s
	e
	 
	s
	u
	c
	c
	e
	e
	d
	e
	d
	,
	 
	f
	i
	n
	d
	i
	n
	g
	 
	2
	7
	 
	I
	L
	O
	C
	 
	o
	p
	e
	r
	a
	t
	i
	o
	n
	s
	.
- Your output:
	P
	O
	O
	 
	P
	O
	O
	O
	 
	P
	O
	O
	

	M
	u
	s
	t
	 
	s
	p
	e
	c
	i
	f
	y
	 
	a
	 
	f
	i
	l
	e
	 
	n
	a
	m
	e
	 
	a
	f
	t
	e
	r
	 
	t
	h
	e
	 
	f
	l
	a
	g
	.
❌ /clear/courses/comp412/students/ILOC/contributed/2013/lab2/s63_test1.i failed!
- Summary:
	Y
	o
	u
	 
	i
	d
	e
	n
	t
	i
	f
	i
	e
	d
	 
	0
	/
	0
	 
	e
	r
	r
	o
	r
	s
	 
	c
	o
	r
	r
	e
	c
	t
	l
	y
	.
	Y
	o
	u
	 
	i
	d
	e
	n
	t
	i
	f
	i
	e
	d
	 
	0
	 
	c
	o
	r
	r
	e
	c
	t
	 
	l
	i
	n
	e
	s
	 
	a
	s
	 
	e
	r
	r
	o
	r
	s
	.
	Y
	o
	u
	 
	d
	o
	 
	n
	o
	t
	 
	h
	a
	v
	e
	 
	a
	 
	s
	u
	c
	c
	e
	s
	s
	 
	m
	e
	s
	s
	a
	g
	e
	 
	w
	h
	i
	l
	e
	 
	t
	h
	e
	 
	r
	e
	f
	e
	r
	e
	n
	c
	e
	 
	d
	o
	e
	s
	.
	N
	O
	T
	E
	:
	 
	Y
	o
	u
	r
	 
	s
	u
	c
	c
	e
	s
	s
	 
	m
	e
	s
	s
	a
	g
	e
	 
	m
	u
	s
	t
	 
	c
	o
	n
	t
	a
	i
	n
	 
	t
	h
	e
	 
	w
	o
	r
	d
	 
	"
	(
	S
	|
	s
	)
	u
	c
	c
	e
	e
	d
	e
	d
	"
	,
	 
	"
	(
	S
	|
	s
	)
	u
	c
	c
	e
	s
	s
	"
	,
	 
	"
	S
	U
	C
	C
	E
	S
	S
	"
	,
	 
	o
	r
	 
	"
	S
	U
	C
	C
	E
	E
	D
	E
	D
	"
	;
	 
	t
	h
	i
	s
	 
	c
	a
	n
	 
	b
	e
	 
	c
	h
	a
	n
	g
	e
	d
	 
	i
	n
	 
	r
	u
	n
	n
	e
	r
	.
	p
	y
	.
- Reference output:
	P
	a
	r
	s
	e
	 
	s
	u
	c
	c
	e
	e
	d
	e
	d
	,
	 
	f
	i
	n
	d
	i
	n
	g
	 
	1
	0
	 
	I
	L
	O
	C
	 
	o
	p
	e
	r
	a
	t
	i
	o
	n
	s
	.
- Your output:
	P
	O
	O
	 
	P
	O
	O
	O
	 
	P
	O
	O
	

	M
	u
	s
	t
	 
	s
	p
	e
	c
	i
	f
	y
	 
	a
	 
	f
	i
	l
	e
	 
	n
	a
	m
	e
	 
	a
	f
	t
	e
	r
	 
	t
	h
	e
	 
	f
	l
	a
	g
	.
❌ /clear/courses/comp412/students/ILOC/contributed/2013/lab2/s33_test4.i failed!
- Summary:
	Y
	o
	u
	 
	i
	d
	e
	n
	t
	i
	f
	i
	e
	d
	 
	0
	/
	0
	 
	e
	r
	r
	o
	r
	s
	 
	c
	o
	r
	r
	e
	c
	t
	l
	y
	.
	Y
	o
	u
	 
	i
	d
	e
	n
	t
	i
	f
	i
	e
	d
	 
	0
	 
	c
	o
	r
	r
	e
	c
	t
	 
	l
	i
	n
	e
	s
	 
	a
	s
	 
	e
	r
	r
	o
	r
	s
	.
	Y
	o
	u
	 
	d
	o
	 
	n
	o
	t
	 
	h
	a
	v
	e
	 
	a
	 
	s
	u
	c
	c
	e
	s
	s
	 
	m
	e
	s
	s
	a
	g
	e
	 
	w
	h
	i
	l
	e
	 
	t
	h
	e
	 
	r
	e
	f
	e
	r
	e
	n
	c
	e
	 
	d
	o
	e
	s
	.
	N
	O
	T
	E
	:
	 
	Y
	o
	u
	r
	 
	s
	u
	c
	c
	e
	s
	s
	 
	m
	e
	s
	s
	a
	g
	e
	 
	m
	u
	s
	t
	 
	c
	o
	n
	t
	a
	i
	n
	 
	t
	h
	e
	 
	w
	o
	r
	d
	 
	"
	(
	S
	|
	s
	)
	u
	c
	c
	e
	e
	d
	e
	d
	"
	,
	 
	"
	(
	S
	|
	s
	)
	u
	c
	c
	e
	s
	s
	"
	,
	 
	"
	S
	U
	C
	C
	E
	S
	S
	"
	,
	 
	o
	r
	 
	"
	S
	U
	C
	C
	E
	E
	D
	E
	D
	"
	;
	 
	t
	h
	i
	s
	 
	c
	a
	n
	 
	b
	e
	 
	c
	h
	a
	n
	g
	e
	d
	 
	i
	n
	 
	r
	u
	n
	n
	e
	r
	.
	p
	y
	.
- Reference output:
	P
	a
	r
	s
	e
	 
	s
	u
	c
	c
	e
	e
	d
	e
	d
	,
	 
	f
	i
	n
	d
	i
	n
	g
	 
	1
	2
	 
	I
	L
	O
	C
	 
	o
	p
	e
	r
	a
	t
	i
	o
	n
	s
	.
- Your output:
	P
	O
	O
	 
	P
	O
	O
	O
	 
	P
	O
	O
	

	M
	u
	s
	t
	 
	s
	p
	e
	c
	i
	f
	y
	 
	a
	 
	f
	i
	l
	e
	 
	n
	a
	m
	e
	 
	a
	f
	t
	e
	r
	 
	t
	h
	e
	 
	f
	l
	a
	g
	.
❌ /clear/courses/comp412/students/ILOC/contributed/2013/lab2/s05_factorial.i failed!
- Summary:
	Y
	o
	u
	 
	i
	d
	e
	n
	t
	i
	f
	i
	e
	d
	 
	0
	/
	0
	 
	e
	r
	r
	o
	r
	s
	 
	c
	o
	r
	r
	e
	c
	t
	l
	y
	.
	Y
	o
	u
	 
	i
	d
	e
	n
	t
	i
	f
	i
	e
	d
	 
	0
	 
	c
	o
	r
	r
	e
	c
	t
	 
	l
	i
	n
	e
	s
	 
	a
	s
	 
	e
	r
	r
	o
	r
	s
	.
	Y
	o
	u
	 
	d
	o
	 
	n
	o
	t
	 
	h
	a
	v
	e
	 
	a
	 
	s
	u
	c
	c
	e
	s
	s
	 
	m
	e
	s
	s
	a
	g
	e
	 
	w
	h
	i
	l
	e
	 
	t
	h
	e
	 
	r
	e
	f
	e
	r
	e
	n
	c
	e
	 
	d
	o
	e
	s
	.
	N
	O
	T
	E
	:
	 
	Y
	o
	u
	r
	 
	s
	u
	c
	c
	e
	s
	s
	 
	m
	e
	s
	s
	a
	g
	e
	 
	m
	u
	s
	t
	 
	c
	o
	n
	t
	a
	i
	n
	 
	t
	h
	e
	 
	w
	o
	r
	d
	 
	"
	(
	S
	|
	s
	)
	u
	c
	c
	e
	e
	d
	e
	d
	"
	,
	 
	"
	(
	S
	|
	s
	)
	u
	c
	c
	e
	s
	s
	"
	,
	 
	"
	S
	U
	C
	C
	E
	S
	S
	"
	,
	 
	o
	r
	 
	"
	S
	U
	C
	C
	E
	E
	D
	E
	D
	"
	;
	 
	t
	h
	i
	s
	 
	c
	a
	n
	 
	b
	e
	 
	c
	h
	a
	n
	g
	e
	d
	 
	i
	n
	 
	r
	u
	n
	n
	e
	r
	.
	p
	y
	.
- Reference output:
	P
	a
	r
	s
	e
	 
	s
	u
	c
	c
	e
	e
	d
	e
	d
	,
	 
	f
	i
	n
	d
	i
	n
	g
	 
	1
	6
	 
	I
	L
	O
	C
	 
	o
	p
	e
	r
	a
	t
	i
	o
	n
	s
	.
- Your output:
	P
	O
	O
	 
	P
	O
	O
	O
	 
	P
	O
	O
	

	M
	u
	s
	t
	 
	s
	p
	e
	c
	i
	f
	y
	 
	a
	 
	f
	i
	l
	e
	 
	n
	a
	m
	e
	 
	a
	f
	t
	e
	r
	 
	t
	h
	e
	 
	f
	l
	a
	g
	.
❌ /clear/courses/comp412/students/ILOC/contributed/2013/lab2/s57_test2.i failed!
- Summary:
	Y
	o
	u
	 
	i
	d
	e
	n
	t
	i
	f
	i
	e
	d
	 
	0
	/
	0
	 
	e
	r
	r
	o
	r
	s
	 
	c
	o
	r
	r
	e
	c
	t
	l
	y
	.
	Y
	o
	u
	 
	i
	d
	e
	n
	t
	i
	f
	i
	e
	d
	 
	0
	 
	c
	o
	r
	r
	e
	c
	t
	 
	l
	i
	n
	e
	s
	 
	a
	s
	 
	e
	r
	r
	o
	r
	s
	.
	Y
	o
	u
	 
	d
	o
	 
	n
	o
	t
	 
	h
	a
	v
	e
	 
	a
	 
	s
	u
	c
	c
	e
	s
	s
	 
	m
	e
	s
	s
	a
	g
	e
	 
	w
	h
	i
	l
	e
	 
	t
	h
	e
	 
	r
	e
	f
	e
	r
	e
	n
	c
	e
	 
	d
	o
	e
	s
	.
	N
	O
	T
	E
	:
	 
	Y
	o
	u
	r
	 
	s
	u
	c
	c
	e
	s
	s
	 
	m
	e
	s
	s
	a
	g
	e
	 
	m
	u
	s
	t
	 
	c
	o
	n
	t
	a
	i
	n
	 
	t
	h
	e
	 
	w
	o
	r
	d
	 
	"
	(
	S
	|
	s
	)
	u
	c
	c
	e
	e
	d
	e
	d
	"
	,
	 
	"
	(
	S
	|
	s
	)
	u
	c
	c
	e
	s
	s
	"
	,
	 
	"
	S
	U
	C
	C
	E
	S
	S
	"
	,
	 
	o
	r
	 
	"
	S
	U
	C
	C
	E
	E
	D
	E
	D
	"
	;
	 
	t
	h
	i
	s
	 
	c
	a
	n
	 
	b
	e
	 
	c
	h
	a
	n
	g
	e
	d
	 
	i
	n
	 
	r
	u
	n
	n
	e
	r
	.
	p
	y
	.
- Reference output:
	P
	a
	r
	s
	e
	 
	s
	u
	c
	c
	e
	e
	d
	e
	d
	,
	 
	f
	i
	n
	d
	i
	n
	g
	 
	1
	0
	 
	I
	L
	O
	C
	 
	o
	p
	e
	r
	a
	t
	i
	o
	n
	s
	.
- Your output:
	P
	O
	O
	 
	P
	O
	O
	O
	 
	P
	O
	O
	

	M
	u
	s
	t
	 
	s
	p
	e
	c
	i
	f
	y
	 
	a
	 
	f
	i
	l
	e
	 
	n
	a
	m
	e
	 
	a
	f
	t
	e
	r
	 
	t
	h
	e
	 
	f
	l
	a
	g
	.
❌ /clear/courses/comp412/students/ILOC/contributed/2013/lab2/s23_test_add1.i failed!
- Summary:
	Y
	o
	u
	 
	i
	d
	e
	n
	t
	i
	f
	i
	e
	d
	 
	0
	/
	0
	 
	e
	r
	r
	o
	r
	s
	 
	c
	o
	r
	r
	e
	c
	t
	l
	y
	.
	Y
	o
	u
	 
	i
	d
	e
	n
	t
	i
	f
	i
	e
	d
	 
	0
	 
	c
	o
	r
	r
	e
	c
	t
	 
	l
	i
	n
	e
	s
	 
	a
	s
	 
	e
	r
	r
	o
	r
	s
	.
	Y
	o
	u
	 
	d
	o
	 
	n
	o
	t
	 
	h
	a
	v
	e
	 
	a
	 
	s
	u
	c
	c
	e
	s
	s
	 
	m
	e
	s
	s
	a
	g
	e
	 
	w
	h
	i
	l
	e
	 
	t
	h
	e
	 
	r
	e
	f
	e
	r
	e
	n
	c
	e
	 
	d
	o
	e
	s
	.
	N
	O
	T
	E
	:
	 
	Y
	o
	u
	r
	 
	s
	u
	c
	c
	e
	s
	s
	 
	m
	e
	s
	s
	a
	g
	e
	 
	m
	u
	s
	t
	 
	c
	o
	n
	t
	a
	i
	n
	 
	t
	h
	e
	 
	w
	o
	r
	d
	 
	"
	(
	S
	|
	s
	)
	u
	c
	c
	e
	e
	d
	e
	d
	"
	,
	 
	"
	(
	S
	|
	s
	)
	u
	c
	c
	e
	s
	s
	"
	,
	 
	"
	S
	U
	C
	C
	E
	S
	S
	"
	,
	 
	o
	r
	 
	"
	S
	U
	C
	C
	E
	E
	D
	E
	D
	"
	;
	 
	t
	h
	i
	s
	 
	c
	a
	n
	 
	b
	e
	 
	c
	h
	a
	n
	g
	e
	d
	 
	i
	n
	 
	r
	u
	n
	n
	e
	r
	.
	p
	y
	.
- Reference output:
	P
	a
	r
	s
	e
	 
	s
	u
	c
	c
	e
	e
	d
	e
	d
	,
	 
	f
	i
	n
	d
	i
	n
	g
	 
	8
	 
	I
	L
	O
	C
	 
	o
	p
	e
	r
	a
	t
	i
	o
	n
	s
	.
- Your output:
	P
	O
	O
	 
	P
	O
	O
	O
	 
	P
	O
	O
	

	M
	u
	s
	t
	 
	s
	p
	e
	c
	i
	f
	y
	 
	a
	 
	f
	i
	l
	e
	 
	n
	a
	m
	e
	 
	a
	f
	t
	e
	r
	 
	t
	h
	e
	 
	f
	l
	a
	g
	.
❌ /clear/courses/comp412/students/ILOC/contributed/2013/lab2/s12_testblock1.i failed!
- Summary:
	Y
	o
	u
	 
	i
	d
	e
	n
	t
	i
	f
	i
	e
	d
	 
	0
	/
	0
	 
	e
	r
	r
	o
	r
	s
	 
	c
	o
	r
	r
	e
	c
	t
	l
	y
	.
	Y
	o
	u
	 
	i
	d
	e
	n
	t
	i
	f
	i
	e
	d
	 
	0
	 
	c
	o
	r
	r
	e
	c
	t
	 
	l
	i
	n
	e
	s
	 
	a
	s
	 
	e
	r
	r
	o
	r
	s
	.
	Y
	o
	u
	 
	d
	o
	 
	n
	o
	t
	 
	h
	a
	v
	e
	 
	a
	 
	s
	u
	c
	c
	e
	s
	s
	 
	m
	e
	s
	s
	a
	g
	e
	 
	w
	h
	i
	l
	e
	 
	t
	h
	e
	 
	r
	e
	f
	e
	r
	e
	n
	c
	e
	 
	d
	o
	e
	s
	.
	N
	O
	T
	E
	:
	 
	Y
	o
	u
	r
	 
	s
	u
	c
	c
	e
	s
	s
	 
	m
	e
	s
	s
	a
	g
	e
	 
	m
	u
	s
	t
	 
	c
	o
	n
	t
	a
	i
	n
	 
	t
	h
	e
	 
	w
	o
	r
	d
	 
	"
	(
	S
	|
	s
	)
	u
	c
	c
	e
	e
	d
	e
	d
	"
	,
	 
	"
	(
	S
	|
	s
	)
	u
	c
	c
	e
	s
	s
	"
	,
	 
	"
	S
	U
	C
	C
	E
	S
	S
	"
	,
	 
	o
	r
	 
	"
	S
	U
	C
	C
	E
	E
	D
	E
	D
	"
	;
	 
	t
	h
	i
	s
	 
	c
	a
	n
	 
	b
	e
	 
	c
	h
	a
	n
	g
	e
	d
	 
	i
	n
	 
	r
	u
	n
	n
	e
	r
	.
	p
	y
	.
- Reference output:
	P
	a
	r
	s
	e
	 
	s
	u
	c
	c
	e
	e
	d
	e
	d
	,
	 
	f
	i
	n
	d
	i
	n
	g
	 
	6
	6
	 
	I
	L
	O
	C
	 
	o
	p
	e
	r
	a
	t
	i
	o
	n
	s
	.
- Your output:
	P
	O
	O
	 
	P
	O
	O
	O
	 
	P
	O
	O
	

	M
	u
	s
	t
	 
	s
	p
	e
	c
	i
	f
	y
	 
	a
	 
	f
	i
	l
	e
	 
	n
	a
	m
	e
	 
	a
	f
	t
	e
	r
	 
	t
	h
	e
	 
	f
	l
	a
	g
	.
❌ /clear/courses/comp412/students/ILOC/contributed/2013/lab2/s29_test3.i failed!
- Summary:
	Y
	o
	u
	 
	i
	d
	e
	n
	t
	i
	f
	i
	e
	d
	 
	0
	/
	0
	 
	e
	r
	r
	o
	r
	s
	 
	c
	o
	r
	r
	e
	c
	t
	l
	y
	.
	Y
	o
	u
	 
	i
	d
	e
	n
	t
	i
	f
	i
	e
	d
	 
	0
	 
	c
	o
	r
	r
	e
	c
	t
	 
	l
	i
	n
	e
	s
	 
	a
	s
	 
	e
	r
	r
	o
	r
	s
	.
	Y
	o
	u
	 
	d
	o
	 
	n
	o
	t
	 
	h
	a
	v
	e
	 
	a
	 
	s
	u
	c
	c
	e
	s
	s
	 
	m
	e
	s
	s
	a
	g
	e
	 
	w
	h
	i
	l
	e
	 
	t
	h
	e
	 
	r
	e
	f
	e
	r
	e
	n
	c
	e
	 
	d
	o
	e
	s
	.
	N
	O
	T
	E
	:
	 
	Y
	o
	u
	r
	 
	s
	u
	c
	c
	e
	s
	s
	 
	m
	e
	s
	s
	a
	g
	e
	 
	m
	u
	s
	t
	 
	c
	o
	n
	t
	a
	i
	n
	 
	t
	h
	e
	 
	w
	o
	r
	d
	 
	"
	(
	S
	|
	s
	)
	u
	c
	c
	e
	e
	d
	e
	d
	"
	,
	 
	"
	(
	S
	|
	s
	)
	u
	c
	c
	e
	s
	s
	"
	,
	 
	"
	S
	U
	C
	C
	E
	S
	S
	"
	,
	 
	o
	r
	 
	"
	S
	U
	C
	C
	E
	E
	D
	E
	D
	"
	;
	 
	t
	h
	i
	s
	 
	c
	a
	n
	 
	b
	e
	 
	c
	h
	a
	n
	g
	e
	d
	 
	i
	n
	 
	r
	u
	n
	n
	e
	r
	.
	p
	y
	.
- Reference output:
	P
	a
	r
	s
	e
	 
	s
	u
	c
	c
	e
	e
	d
	e
	d
	,
	 
	f
	i
	n
	d
	i
	n
	g
	 
	1
	0
	 
	I
	L
	O
	C
	 
	o
	p
	e
	r
	a
	t
	i
	o
	n
	s
	.
- Your output:
	P
	O
	O
	 
	P
	O
	O
	O
	 
	P
	O
	O
	

	M
	u
	s
	t
	 
	s
	p
	e
	c
	i
	f
	y
	 
	a
	 
	f
	i
	l
	e
	 
	n
	a
	m
	e
	 
	a
	f
	t
	e
	r
	 
	t
	h
	e
	 
	f
	l
	a
	g
	.
❌ /clear/courses/comp412/students/ILOC/contributed/2013/lab2/s52_test2.i failed!
- Summary:
	Y
	o
	u
	 
	i
	d
	e
	n
	t
	i
	f
	i
	e
	d
	 
	0
	/
	0
	 
	e
	r
	r
	o
	r
	s
	 
	c
	o
	r
	r
	e
	c
	t
	l
	y
	.
	Y
	o
	u
	 
	i
	d
	e
	n
	t
	i
	f
	i
	e
	d
	 
	0
	 
	c
	o
	r
	r
	e
	c
	t
	 
	l
	i
	n
	e
	s
	 
	a
	s
	 
	e
	r
	r
	o
	r
	s
	.
	Y
	o
	u
	 
	d
	o
	 
	n
	o
	t
	 
	h
	a
	v
	e
	 
	a
	 
	s
	u
	c
	c
	e
	s
	s
	 
	m
	e
	s
	s
	a
	g
	e
	 
	w
	h
	i
	l
	e
	 
	t
	h
	e
	 
	r
	e
	f
	e
	r
	e
	n
	c
	e
	 
	d
	o
	e
	s
	.
	N
	O
	T
	E
	:
	 
	Y
	o
	u
	r
	 
	s
	u
	c
	c
	e
	s
	s
	 
	m
	e
	s
	s
	a
	g
	e
	 
	m
	u
	s
	t
	 
	c
	o
	n
	t
	a
	i
	n
	 
	t
	h
	e
	 
	w
	o
	r
	d
	 
	"
	(
	S
	|
	s
	)
	u
	c
	c
	e
	e
	d
	e
	d
	"
	,
	 
	"
	(
	S
	|
	s
	)
	u
	c
	c
	e
	s
	s
	"
	,
	 
	"
	S
	U
	C
	C
	E
	S
	S
	"
	,
	 
	o
	r
	 
	"
	S
	U
	C
	C
	E
	E
	D
	E
	D
	"
	;
	 
	t
	h
	i
	s
	 
	c
	a
	n
	 
	b
	e
	 
	c
	h
	a
	n
	g
	e
	d
	 
	i
	n
	 
	r
	u
	n
	n
	e
	r
	.
	p
	y
	.
- Reference output:
	P
	a
	r
	s
	e
	 
	s
	u
	c
	c
	e
	e
	d
	e
	d
	,
	 
	f
	i
	n
	d
	i
	n
	g
	 
	3
	1
	 
	I
	L
	O
	C
	 
	o
	p
	e
	r
	a
	t
	i
	o
	n
	s
	.
- Your output:
	P
	O
	O
	 
	P
	O
	O
	O
	 
	P
	O
	O
	

	M
	u
	s
	t
	 
	s
	p
	e
	c
	i
	f
	y
	 
	a
	 
	f
	i
	l
	e
	 
	n
	a
	m
	e
	 
	a
	f
	t
	e
	r
	 
	t
	h
	e
	 
	f
	l
	a
	g
	.
❌ /clear/courses/comp412/students/ILOC/contributed/2013/lab2/s11_test3.i failed!
- Summary:
	Y
	o
	u
	 
	i
	d
	e
	n
	t
	i
	f
	i
	e
	d
	 
	0
	/
	0
	 
	e
	r
	r
	o
	r
	s
	 
	c
	o
	r
	r
	e
	c
	t
	l
	y
	.
	Y
	o
	u
	 
	i
	d
	e
	n
	t
	i
	f
	i
	e
	d
	 
	0
	 
	c
	o
	r
	r
	e
	c
	t
	 
	l
	i
	n
	e
	s
	 
	a
	s
	 
	e
	r
	r
	o
	r
	s
	.
	Y
	o
	u
	 
	d
	o
	 
	n
	o
	t
	 
	h
	a
	v
	e
	 
	a
	 
	s
	u
	c
	c
	e
	s
	s
	 
	m
	e
	s
	s
	a
	g
	e
	 
	w
	h
	i
	l
	e
	 
	t
	h
	e
	 
	r
	e
	f
	e
	r
	e
	n
	c
	e
	 
	d
	o
	e
	s
	.
	N
	O
	T
	E
	:
	 
	Y
	o
	u
	r
	 
	s
	u
	c
	c
	e
	s
	s
	 
	m
	e
	s
	s
	a
	g
	e
	 
	m
	u
	s
	t
	 
	c
	o
	n
	t
	a
	i
	n
	 
	t
	h
	e
	 
	w
	o
	r
	d
	 
	"
	(
	S
	|
	s
	)
	u
	c
	c
	e
	e
	d
	e
	d
	"
	,
	 
	"
	(
	S
	|
	s
	)
	u
	c
	c
	e
	s
	s
	"
	,
	 
	"
	S
	U
	C
	C
	E
	S
	S
	"
	,
	 
	o
	r
	 
	"
	S
	U
	C
	C
	E
	E
	D
	E
	D
	"
	;
	 
	t
	h
	i
	s
	 
	c
	a
	n
	 
	b
	e
	 
	c
	h
	a
	n
	g
	e
	d
	 
	i
	n
	 
	r
	u
	n
	n
	e
	r
	.
	p
	y
	.
- Reference output:
	P
	a
	r
	s
	e
	 
	s
	u
	c
	c
	e
	e
	d
	e
	d
	,
	 
	f
	i
	n
	d
	i
	n
	g
	 
	3
	5
	 
	I
	L
	O
	C
	 
	o
	p
	e
	r
	a
	t
	i
	o
	n
	s
	.
- Your output:
	P
	O
	O
	 
	P
	O
	O
	O
	 
	P
	O
	O
	

	M
	u
	s
	t
	 
	s
	p
	e
	c
	i
	f
	y
	 
	a
	 
	f
	i
	l
	e
	 
	n
	a
	m
	e
	 
	a
	f
	t
	e
	r
	 
	t
	h
	e
	 
	f
	l
	a
	g
	.
❌ /clear/courses/comp412/students/ILOC/contributed/2013/lab2/s45_block3.i failed!
- Summary:
	Y
	o
	u
	 
	i
	d
	e
	n
	t
	i
	f
	i
	e
	d
	 
	0
	/
	0
	 
	e
	r
	r
	o
	r
	s
	 
	c
	o
	r
	r
	e
	c
	t
	l
	y
	.
	Y
	o
	u
	 
	i
	d
	e
	n
	t
	i
	f
	i
	e
	d
	 
	0
	 
	c
	o
	r
	r
	e
	c
	t
	 
	l
	i
	n
	e
	s
	 
	a
	s
	 
	e
	r
	r
	o
	r
	s
	.
	Y
	o
	u
	 
	d
	o
	 
	n
	o
	t
	 
	h
	a
	v
	e
	 
	a
	 
	s
	u
	c
	c
	e
	s
	s
	 
	m
	e
	s
	s
	a
	g
	e
	 
	w
	h
	i
	l
	e
	 
	t
	h
	e
	 
	r
	e
	f
	e
	r
	e
	n
	c
	e
	 
	d
	o
	e
	s
	.
	N
	O
	T
	E
	:
	 
	Y
	o
	u
	r
	 
	s
	u
	c
	c
	e
	s
	s
	 
	m
	e
	s
	s
	a
	g
	e
	 
	m
	u
	s
	t
	 
	c
	o
	n
	t
	a
	i
	n
	 
	t
	h
	e
	 
	w
	o
	r
	d
	 
	"
	(
	S
	|
	s
	)
	u
	c
	c
	e
	e
	d
	e
	d
	"
	,
	 
	"
	(
	S
	|
	s
	)
	u
	c
	c
	e
	s
	s
	"
	,
	 
	"
	S
	U
	C
	C
	E
	S
	S
	"
	,
	 
	o
	r
	 
	"
	S
	U
	C
	C
	E
	E
	D
	E
	D
	"
	;
	 
	t
	h
	i
	s
	 
	c
	a
	n
	 
	b
	e
	 
	c
	h
	a
	n
	g
	e
	d
	 
	i
	n
	 
	r
	u
	n
	n
	e
	r
	.
	p
	y
	.
- Reference output:
	P
	a
	r
	s
	e
	 
	s
	u
	c
	c
	e
	e
	d
	e
	d
	,
	 
	f
	i
	n
	d
	i
	n
	g
	 
	9
	 
	I
	L
	O
	C
	 
	o
	p
	e
	r
	a
	t
	i
	o
	n
	s
	.
- Your output:
	P
	O
	O
	 
	P
	O
	O
	O
	 
	P
	O
	O
	

	M
	u
	s
	t
	 
	s
	p
	e
	c
	i
	f
	y
	 
	a
	 
	f
	i
	l
	e
	 
	n
	a
	m
	e
	 
	a
	f
	t
	e
	r
	 
	t
	h
	e
	 
	f
	l
	a
	g
	.
❌ /clear/courses/comp412/students/ILOC/contributed/2013/lab2/s43_block2.i failed!
- Summary:
	Y
	o
	u
	 
	i
	d
	e
	n
	t
	i
	f
	i
	e
	d
	 
	0
	/
	0
	 
	e
	r
	r
	o
	r
	s
	 
	c
	o
	r
	r
	e
	c
	t
	l
	y
	.
	Y
	o
	u
	 
	i
	d
	e
	n
	t
	i
	f
	i
	e
	d
	 
	0
	 
	c
	o
	r
	r
	e
	c
	t
	 
	l
	i
	n
	e
	s
	 
	a
	s
	 
	e
	r
	r
	o
	r
	s
	.
	Y
	o
	u
	 
	d
	o
	 
	n
	o
	t
	 
	h
	a
	v
	e
	 
	a
	 
	s
	u
	c
	c
	e
	s
	s
	 
	m
	e
	s
	s
	a
	g
	e
	 
	w
	h
	i
	l
	e
	 
	t
	h
	e
	 
	r
	e
	f
	e
	r
	e
	n
	c
	e
	 
	d
	o
	e
	s
	.
	N
	O
	T
	E
	:
	 
	Y
	o
	u
	r
	 
	s
	u
	c
	c
	e
	s
	s
	 
	m
	e
	s
	s
	a
	g
	e
	 
	m
	u
	s
	t
	 
	c
	o
	n
	t
	a
	i
	n
	 
	t
	h
	e
	 
	w
	o
	r
	d
	 
	"
	(
	S
	|
	s
	)
	u
	c
	c
	e
	e
	d
	e
	d
	"
	,
	 
	"
	(
	S
	|
	s
	)
	u
	c
	c
	e
	s
	s
	"
	,
	 
	"
	S
	U
	C
	C
	E
	S
	S
	"
	,
	 
	o
	r
	 
	"
	S
	U
	C
	C
	E
	E
	D
	E
	D
	"
	;
	 
	t
	h
	i
	s
	 
	c
	a
	n
	 
	b
	e
	 
	c
	h
	a
	n
	g
	e
	d
	 
	i
	n
	 
	r
	u
	n
	n
	e
	r
	.
	p
	y
	.
- Reference output:
	P
	a
	r
	s
	e
	 
	s
	u
	c
	c
	e
	e
	d
	e
	d
	,
	 
	f
	i
	n
	d
	i
	n
	g
	 
	8
	 
	I
	L
	O
	C
	 
	o
	p
	e
	r
	a
	t
	i
	o
	n
	s
	.
- Your output:
	P
	O
	O
	 
	P
	O
	O
	O
	 
	P
	O
	O
	

	M
	u
	s
	t
	 
	s
	p
	e
	c
	i
	f
	y
	 
	a
	 
	f
	i
	l
	e
	 
	n
	a
	m
	e
	 
	a
	f
	t
	e
	r
	 
	t
	h
	e
	 
	f
	l
	a
	g
	.
❌ /clear/courses/comp412/students/ILOC/contributed/2013/lab2/s21_largeRegTest.i failed!
- Summary:
	Y
	o
	u
	 
	i
	d
	e
	n
	t
	i
	f
	i
	e
	d
	 
	0
	/
	0
	 
	e
	r
	r
	o
	r
	s
	 
	c
	o
	r
	r
	e
	c
	t
	l
	y
	.
	Y
	o
	u
	 
	i
	d
	e
	n
	t
	i
	f
	i
	e
	d
	 
	0
	 
	c
	o
	r
	r
	e
	c
	t
	 
	l
	i
	n
	e
	s
	 
	a
	s
	 
	e
	r
	r
	o
	r
	s
	.
	Y
	o
	u
	 
	d
	o
	 
	n
	o
	t
	 
	h
	a
	v
	e
	 
	a
	 
	s
	u
	c
	c
	e
	s
	s
	 
	m
	e
	s
	s
	a
	g
	e
	 
	w
	h
	i
	l
	e
	 
	t
	h
	e
	 
	r
	e
	f
	e
	r
	e
	n
	c
	e
	 
	d
	o
	e
	s
	.
	N
	O
	T
	E
	:
	 
	Y
	o
	u
	r
	 
	s
	u
	c
	c
	e
	s
	s
	 
	m
	e
	s
	s
	a
	g
	e
	 
	m
	u
	s
	t
	 
	c
	o
	n
	t
	a
	i
	n
	 
	t
	h
	e
	 
	w
	o
	r
	d
	 
	"
	(
	S
	|
	s
	)
	u
	c
	c
	e
	e
	d
	e
	d
	"
	,
	 
	"
	(
	S
	|
	s
	)
	u
	c
	c
	e
	s
	s
	"
	,
	 
	"
	S
	U
	C
	C
	E
	S
	S
	"
	,
	 
	o
	r
	 
	"
	S
	U
	C
	C
	E
	E
	D
	E
	D
	"
	;
	 
	t
	h
	i
	s
	 
	c
	a
	n
	 
	b
	e
	 
	c
	h
	a
	n
	g
	e
	d
	 
	i
	n
	 
	r
	u
	n
	n
	e
	r
	.
	p
	y
	.
- Reference output:
	P
	a
	r
	s
	e
	 
	s
	u
	c
	c
	e
	e
	d
	e
	d
	,
	 
	f
	i
	n
	d
	i
	n
	g
	 
	6
	3
	 
	I
	L
	O
	C
	 
	o
	p
	e
	r
	a
	t
	i
	o
	n
	s
	.
- Your output:
	P
	O
	O
	 
	P
	O
	O
	O
	 
	P
	O
	O
	

	M
	u
	s
	t
	 
	s
	p
	e
	c
	i
	f
	y
	 
	a
	 
	f
	i
	l
	e
	 
	n
	a
	m
	e
	 
	a
	f
	t
	e
	r
	 
	t
	h
	e
	 
	f
	l
	a
	g
	.
❌ /clear/courses/comp412/students/ILOC/contributed/2013/lab2/s21_block1ZeroTest.i failed!
- Summary:
	Y
	o
	u
	 
	i
	d
	e
	n
	t
	i
	f
	i
	e
	d
	 
	0
	/
	0
	 
	e
	r
	r
	o
	r
	s
	 
	c
	o
	r
	r
	e
	c
	t
	l
	y
	.
	Y
	o
	u
	 
	i
	d
	e
	n
	t
	i
	f
	i
	e
	d
	 
	0
	 
	c
	o
	r
	r
	e
	c
	t
	 
	l
	i
	n
	e
	s
	 
	a
	s
	 
	e
	r
	r
	o
	r
	s
	.
	Y
	o
	u
	 
	d
	o
	 
	n
	o
	t
	 
	h
	a
	v
	e
	 
	a
	 
	s
	u
	c
	c
	e
	s
	s
	 
	m
	e
	s
	s
	a
	g
	e
	 
	w
	h
	i
	l
	e
	 
	t
	h
	e
	 
	r
	e
	f
	e
	r
	e
	n
	c
	e
	 
	d
	o
	e
	s
	.
	N
	O
	T
	E
	:
	 
	Y
	o
	u
	r
	 
	s
	u
	c
	c
	e
	s
	s
	 
	m
	e
	s
	s
	a
	g
	e
	 
	m
	u
	s
	t
	 
	c
	o
	n
	t
	a
	i
	n
	 
	t
	h
	e
	 
	w
	o
	r
	d
	 
	"
	(
	S
	|
	s
	)
	u
	c
	c
	e
	e
	d
	e
	d
	"
	,
	 
	"
	(
	S
	|
	s
	)
	u
	c
	c
	e
	s
	s
	"
	,
	 
	"
	S
	U
	C
	C
	E
	S
	S
	"
	,
	 
	o
	r
	 
	"
	S
	U
	C
	C
	E
	E
	D
	E
	D
	"
	;
	 
	t
	h
	i
	s
	 
	c
	a
	n
	 
	b
	e
	 
	c
	h
	a
	n
	g
	e
	d
	 
	i
	n
	 
	r
	u
	n
	n
	e
	r
	.
	p
	y
	.
- Reference output:
	P
	a
	r
	s
	e
	 
	s
	u
	c
	c
	e
	e
	d
	e
	d
	,
	 
	f
	i
	n
	d
	i
	n
	g
	 
	6
	8
	 
	I
	L
	O
	C
	 
	o
	p
	e
	r
	a
	t
	i
	o
	n
	s
	.
- Your output:
	P
	O
	O
	 
	P
	O
	O
	O
	 
	P
	O
	O
	

	M
	u
	s
	t
	 
	s
	p
	e
	c
	i
	f
	y
	 
	a
	 
	f
	i
	l
	e
	 
	n
	a
	m
	e
	 
	a
	f
	t
	e
	r
	 
	t
	h
	e
	 
	f
	l
	a
	g
	.
❌ /clear/courses/comp412/students/ILOC/contributed/2013/lab2/s40_test2.i failed!
- Summary:
	Y
	o
	u
	 
	i
	d
	e
	n
	t
	i
	f
	i
	e
	d
	 
	0
	/
	0
	 
	e
	r
	r
	o
	r
	s
	 
	c
	o
	r
	r
	e
	c
	t
	l
	y
	.
	Y
	o
	u
	 
	i
	d
	e
	n
	t
	i
	f
	i
	e
	d
	 
	0
	 
	c
	o
	r
	r
	e
	c
	t
	 
	l
	i
	n
	e
	s
	 
	a
	s
	 
	e
	r
	r
	o
	r
	s
	.
	Y
	o
	u
	 
	d
	o
	 
	n
	o
	t
	 
	h
	a
	v
	e
	 
	a
	 
	s
	u
	c
	c
	e
	s
	s
	 
	m
	e
	s
	s
	a
	g
	e
	 
	w
	h
	i
	l
	e
	 
	t
	h
	e
	 
	r
	e
	f
	e
	r
	e
	n
	c
	e
	 
	d
	o
	e
	s
	.
	N
	O
	T
	E
	:
	 
	Y
	o
	u
	r
	 
	s
	u
	c
	c
	e
	s
	s
	 
	m
	e
	s
	s
	a
	g
	e
	 
	m
	u
	s
	t
	 
	c
	o
	n
	t
	a
	i
	n
	 
	t
	h
	e
	 
	w
	o
	r
	d
	 
	"
	(
	S
	|
	s
	)
	u
	c
	c
	e
	e
	d
	e
	d
	"
	,
	 
	"
	(
	S
	|
	s
	)
	u
	c
	c
	e
	s
	s
	"
	,
	 
	"
	S
	U
	C
	C
	E
	S
	S
	"
	,
	 
	o
	r
	 
	"
	S
	U
	C
	C
	E
	E
	D
	E
	D
	"
	;
	 
	t
	h
	i
	s
	 
	c
	a
	n
	 
	b
	e
	 
	c
	h
	a
	n
	g
	e
	d
	 
	i
	n
	 
	r
	u
	n
	n
	e
	r
	.
	p
	y
	.
- Reference output:
	P
	a
	r
	s
	e
	 
	s
	u
	c
	c
	e
	e
	d
	e
	d
	,
	 
	f
	i
	n
	d
	i
	n
	g
	 
	1
	7
	 
	I
	L
	O
	C
	 
	o
	p
	e
	r
	a
	t
	i
	o
	n
	s
	.
- Your output:
	P
	O
	O
	 
	P
	O
	O
	O
	 
	P
	O
	O
	

	M
	u
	s
	t
	 
	s
	p
	e
	c
	i
	f
	y
	 
	a
	 
	f
	i
	l
	e
	 
	n
	a
	m
	e
	 
	a
	f
	t
	e
	r
	 
	t
	h
	e
	 
	f
	l
	a
	g
	.
❌ /clear/courses/comp412/students/ILOC/contributed/2013/lab2/s32_test4.i failed!
- Summary:
	Y
	o
	u
	 
	i
	d
	e
	n
	t
	i
	f
	i
	e
	d
	 
	0
	/
	0
	 
	e
	r
	r
	o
	r
	s
	 
	c
	o
	r
	r
	e
	c
	t
	l
	y
	.
	Y
	o
	u
	 
	i
	d
	e
	n
	t
	i
	f
	i
	e
	d
	 
	0
	 
	c
	o
	r
	r
	e
	c
	t
	 
	l
	i
	n
	e
	s
	 
	a
	s
	 
	e
	r
	r
	o
	r
	s
	.
	Y
	o
	u
	 
	d
	o
	 
	n
	o
	t
	 
	h
	a
	v
	e
	 
	a
	 
	s
	u
	c
	c
	e
	s
	s
	 
	m
	e
	s
	s
	a
	g
	e
	 
	w
	h
	i
	l
	e
	 
	t
	h
	e
	 
	r
	e
	f
	e
	r
	e
	n
	c
	e
	 
	d
	o
	e
	s
	.
	N
	O
	T
	E
	:
	 
	Y
	o
	u
	r
	 
	s
	u
	c
	c
	e
	s
	s
	 
	m
	e
	s
	s
	a
	g
	e
	 
	m
	u
	s
	t
	 
	c
	o
	n
	t
	a
	i
	n
	 
	t
	h
	e
	 
	w
	o
	r
	d
	 
	"
	(
	S
	|
	s
	)
	u
	c
	c
	e
	e
	d
	e
	d
	"
	,
	 
	"
	(
	S
	|
	s
	)
	u
	c
	c
	e
	s
	s
	"
	,
	 
	"
	S
	U
	C
	C
	E
	S
	S
	"
	,
	 
	o
	r
	 
	"
	S
	U
	C
	C
	E
	E
	D
	E
	D
	"
	;
	 
	t
	h
	i
	s
	 
	c
	a
	n
	 
	b
	e
	 
	c
	h
	a
	n
	g
	e
	d
	 
	i
	n
	 
	r
	u
	n
	n
	e
	r
	.
	p
	y
	.
- Reference output:
	P
	a
	r
	s
	e
	 
	s
	u
	c
	c
	e
	e
	d
	e
	d
	,
	 
	f
	i
	n
	d
	i
	n
	g
	 
	2
	1
	 
	I
	L
	O
	C
	 
	o
	p
	e
	r
	a
	t
	i
	o
	n
	s
	.
- Your output:
	P
	O
	O
	 
	P
	O
	O
	O
	 
	P
	O
	O
	

	M
	u
	s
	t
	 
	s
	p
	e
	c
	i
	f
	y
	 
	a
	 
	f
	i
	l
	e
	 
	n
	a
	m
	e
	 
	a
	f
	t
	e
	r
	 
	t
	h
	e
	 
	f
	l
	a
	g
	.
❌ /clear/courses/comp412/students/ILOC/contributed/2013/lab2/s38_squares.i failed!
- Summary:
	Y
	o
	u
	 
	i
	d
	e
	n
	t
	i
	f
	i
	e
	d
	 
	0
	/
	0
	 
	e
	r
	r
	o
	r
	s
	 
	c
	o
	r
	r
	e
	c
	t
	l
	y
	.
	Y
	o
	u
	 
	i
	d
	e
	n
	t
	i
	f
	i
	e
	d
	 
	0
	 
	c
	o
	r
	r
	e
	c
	t
	 
	l
	i
	n
	e
	s
	 
	a
	s
	 
	e
	r
	r
	o
	r
	s
	.
	Y
	o
	u
	 
	d
	o
	 
	n
	o
	t
	 
	h
	a
	v
	e
	 
	a
	 
	s
	u
	c
	c
	e
	s
	s
	 
	m
	e
	s
	s
	a
	g
	e
	 
	w
	h
	i
	l
	e
	 
	t
	h
	e
	 
	r
	e
	f
	e
	r
	e
	n
	c
	e
	 
	d
	o
	e
	s
	.
	N
	O
	T
	E
	:
	 
	Y
	o
	u
	r
	 
	s
	u
	c
	c
	e
	s
	s
	 
	m
	e
	s
	s
	a
	g
	e
	 
	m
	u
	s
	t
	 
	c
	o
	n
	t
	a
	i
	n
	 
	t
	h
	e
	 
	w
	o
	r
	d
	 
	"
	(
	S
	|
	s
	)
	u
	c
	c
	e
	e
	d
	e
	d
	"
	,
	 
	"
	(
	S
	|
	s
	)
	u
	c
	c
	e
	s
	s
	"
	,
	 
	"
	S
	U
	C
	C
	E
	S
	S
	"
	,
	 
	o
	r
	 
	"
	S
	U
	C
	C
	E
	E
	D
	E
	D
	"
	;
	 
	t
	h
	i
	s
	 
	c
	a
	n
	 
	b
	e
	 
	c
	h
	a
	n
	g
	e
	d
	 
	i
	n
	 
	r
	u
	n
	n
	e
	r
	.
	p
	y
	.
- Reference output:
	P
	a
	r
	s
	e
	 
	s
	u
	c
	c
	e
	e
	d
	e
	d
	,
	 
	f
	i
	n
	d
	i
	n
	g
	 
	2
	7
	 
	I
	L
	O
	C
	 
	o
	p
	e
	r
	a
	t
	i
	o
	n
	s
	.
- Your output:
	P
	O
	O
	 
	P
	O
	O
	O
	 
	P
	O
	O
	

	M
	u
	s
	t
	 
	s
	p
	e
	c
	i
	f
	y
	 
	a
	 
	f
	i
	l
	e
	 
	n
	a
	m
	e
	 
	a
	f
	t
	e
	r
	 
	t
	h
	e
	 
	f
	l
	a
	g
	.
❌ /clear/courses/comp412/students/ILOC/contributed/2013/lab2/s35_block3.i failed!
- Summary:
	Y
	o
	u
	 
	i
	d
	e
	n
	t
	i
	f
	i
	e
	d
	 
	0
	/
	0
	 
	e
	r
	r
	o
	r
	s
	 
	c
	o
	r
	r
	e
	c
	t
	l
	y
	.
	Y
	o
	u
	 
	i
	d
	e
	n
	t
	i
	f
	i
	e
	d
	 
	0
	 
	c
	o
	r
	r
	e
	c
	t
	 
	l
	i
	n
	e
	s
	 
	a
	s
	 
	e
	r
	r
	o
	r
	s
	.
	Y
	o
	u
	 
	d
	o
	 
	n
	o
	t
	 
	h
	a
	v
	e
	 
	a
	 
	s
	u
	c
	c
	e
	s
	s
	 
	m
	e
	s
	s
	a
	g
	e
	 
	w
	h
	i
	l
	e
	 
	t
	h
	e
	 
	r
	e
	f
	e
	r
	e
	n
	c
	e
	 
	d
	o
	e
	s
	.
	N
	O
	T
	E
	:
	 
	Y
	o
	u
	r
	 
	s
	u
	c
	c
	e
	s
	s
	 
	m
	e
	s
	s
	a
	g
	e
	 
	m
	u
	s
	t
	 
	c
	o
	n
	t
	a
	i
	n
	 
	t
	h
	e
	 
	w
	o
	r
	d
	 
	"
	(
	S
	|
	s
	)
	u
	c
	c
	e
	e
	d
	e
	d
	"
	,
	 
	"
	(
	S
	|
	s
	)
	u
	c
	c
	e
	s
	s
	"
	,
	 
	"
	S
	U
	C
	C
	E
	S
	S
	"
	,
	 
	o
	r
	 
	"
	S
	U
	C
	C
	E
	E
	D
	E
	D
	"
	;
	 
	t
	h
	i
	s
	 
	c
	a
	n
	 
	b
	e
	 
	c
	h
	a
	n
	g
	e
	d
	 
	i
	n
	 
	r
	u
	n
	n
	e
	r
	.
	p
	y
	.
- Reference output:
	P
	a
	r
	s
	e
	 
	s
	u
	c
	c
	e
	e
	d
	e
	d
	,
	 
	f
	i
	n
	d
	i
	n
	g
	 
	6
	 
	I
	L
	O
	C
	 
	o
	p
	e
	r
	a
	t
	i
	o
	n
	s
	.
- Your output:
	P
	O
	O
	 
	P
	O
	O
	O
	 
	P
	O
	O
	

	M
	u
	s
	t
	 
	s
	p
	e
	c
	i
	f
	y
	 
	a
	 
	f
	i
	l
	e
	 
	n
	a
	m
	e
	 
	a
	f
	t
	e
	r
	 
	t
	h
	e
	 
	f
	l
	a
	g
	.
❌ /clear/courses/comp412/students/ILOC/contributed/2013/lab2/s42_test1.i failed!
- Summary:
	Y
	o
	u
	 
	i
	d
	e
	n
	t
	i
	f
	i
	e
	d
	 
	0
	/
	0
	 
	e
	r
	r
	o
	r
	s
	 
	c
	o
	r
	r
	e
	c
	t
	l
	y
	.
	Y
	o
	u
	 
	i
	d
	e
	n
	t
	i
	f
	i
	e
	d
	 
	0
	 
	c
	o
	r
	r
	e
	c
	t
	 
	l
	i
	n
	e
	s
	 
	a
	s
	 
	e
	r
	r
	o
	r
	s
	.
	Y
	o
	u
	 
	d
	o
	 
	n
	o
	t
	 
	h
	a
	v
	e
	 
	a
	 
	s
	u
	c
	c
	e
	s
	s
	 
	m
	e
	s
	s
	a
	g
	e
	 
	w
	h
	i
	l
	e
	 
	t
	h
	e
	 
	r
	e
	f
	e
	r
	e
	n
	c
	e
	 
	d
	o
	e
	s
	.
	N
	O
	T
	E
	:
	 
	Y
	o
	u
	r
	 
	s
	u
	c
	c
	e
	s
	s
	 
	m
	e
	s
	s
	a
	g
	e
	 
	m
	u
	s
	t
	 
	c
	o
	n
	t
	a
	i
	n
	 
	t
	h
	e
	 
	w
	o
	r
	d
	 
	"
	(
	S
	|
	s
	)
	u
	c
	c
	e
	e
	d
	e
	d
	"
	,
	 
	"
	(
	S
	|
	s
	)
	u
	c
	c
	e
	s
	s
	"
	,
	 
	"
	S
	U
	C
	C
	E
	S
	S
	"
	,
	 
	o
	r
	 
	"
	S
	U
	C
	C
	E
	E
	D
	E
	D
	"
	;
	 
	t
	h
	i
	s
	 
	c
	a
	n
	 
	b
	e
	 
	c
	h
	a
	n
	g
	e
	d
	 
	i
	n
	 
	r
	u
	n
	n
	e
	r
	.
	p
	y
	.
- Reference output:
	P
	a
	r
	s
	e
	 
	s
	u
	c
	c
	e
	e
	d
	e
	d
	,
	 
	f
	i
	n
	d
	i
	n
	g
	 
	5
	7
	 
	I
	L
	O
	C
	 
	o
	p
	e
	r
	a
	t
	i
	o
	n
	s
	.
- Your output:
	P
	O
	O
	 
	P
	O
	O
	O
	 
	P
	O
	O
	

	M
	u
	s
	t
	 
	s
	p
	e
	c
	i
	f
	y
	 
	a
	 
	f
	i
	l
	e
	 
	n
	a
	m
	e
	 
	a
	f
	t
	e
	r
	 
	t
	h
	e
	 
	f
	l
	a
	g
	.
❌ /clear/courses/comp412/students/ILOC/contributed/2013/lab2/s28_test1.i failed!
- Summary:
	Y
	o
	u
	 
	i
	d
	e
	n
	t
	i
	f
	i
	e
	d
	 
	0
	/
	0
	 
	e
	r
	r
	o
	r
	s
	 
	c
	o
	r
	r
	e
	c
	t
	l
	y
	.
	Y
	o
	u
	 
	i
	d
	e
	n
	t
	i
	f
	i
	e
	d
	 
	0
	 
	c
	o
	r
	r
	e
	c
	t
	 
	l
	i
	n
	e
	s
	 
	a
	s
	 
	e
	r
	r
	o
	r
	s
	.
	Y
	o
	u
	 
	d
	o
	 
	n
	o
	t
	 
	h
	a
	v
	e
	 
	a
	 
	s
	u
	c
	c
	e
	s
	s
	 
	m
	e
	s
	s
	a
	g
	e
	 
	w
	h
	i
	l
	e
	 
	t
	h
	e
	 
	r
	e
	f
	e
	r
	e
	n
	c
	e
	 
	d
	o
	e
	s
	.
	N
	O
	T
	E
	:
	 
	Y
	o
	u
	r
	 
	s
	u
	c
	c
	e
	s
	s
	 
	m
	e
	s
	s
	a
	g
	e
	 
	m
	u
	s
	t
	 
	c
	o
	n
	t
	a
	i
	n
	 
	t
	h
	e
	 
	w
	o
	r
	d
	 
	"
	(
	S
	|
	s
	)
	u
	c
	c
	e
	e
	d
	e
	d
	"
	,
	 
	"
	(
	S
	|
	s
	)
	u
	c
	c
	e
	s
	s
	"
	,
	 
	"
	S
	U
	C
	C
	E
	S
	S
	"
	,
	 
	o
	r
	 
	"
	S
	U
	C
	C
	E
	E
	D
	E
	D
	"
	;
	 
	t
	h
	i
	s
	 
	c
	a
	n
	 
	b
	e
	 
	c
	h
	a
	n
	g
	e
	d
	 
	i
	n
	 
	r
	u
	n
	n
	e
	r
	.
	p
	y
	.
- Reference output:
	P
	a
	r
	s
	e
	 
	s
	u
	c
	c
	e
	e
	d
	e
	d
	,
	 
	f
	i
	n
	d
	i
	n
	g
	 
	6
	8
	 
	I
	L
	O
	C
	 
	o
	p
	e
	r
	a
	t
	i
	o
	n
	s
	.
- Your output:
	P
	O
	O
	 
	P
	O
	O
	O
	 
	P
	O
	O
	

	M
	u
	s
	t
	 
	s
	p
	e
	c
	i
	f
	y
	 
	a
	 
	f
	i
	l
	e
	 
	n
	a
	m
	e
	 
	a
	f
	t
	e
	r
	 
	t
	h
	e
	 
	f
	l
	a
	g
	.
❌ /clear/courses/comp412/students/ILOC/contributed/2013/lab2/s29_test2.i failed!
- Summary:
	Y
	o
	u
	 
	i
	d
	e
	n
	t
	i
	f
	i
	e
	d
	 
	0
	/
	0
	 
	e
	r
	r
	o
	r
	s
	 
	c
	o
	r
	r
	e
	c
	t
	l
	y
	.
	Y
	o
	u
	 
	i
	d
	e
	n
	t
	i
	f
	i
	e
	d
	 
	0
	 
	c
	o
	r
	r
	e
	c
	t
	 
	l
	i
	n
	e
	s
	 
	a
	s
	 
	e
	r
	r
	o
	r
	s
	.
	Y
	o
	u
	 
	d
	o
	 
	n
	o
	t
	 
	h
	a
	v
	e
	 
	a
	 
	s
	u
	c
	c
	e
	s
	s
	 
	m
	e
	s
	s
	a
	g
	e
	 
	w
	h
	i
	l
	e
	 
	t
	h
	e
	 
	r
	e
	f
	e
	r
	e
	n
	c
	e
	 
	d
	o
	e
	s
	.
	N
	O
	T
	E
	:
	 
	Y
	o
	u
	r
	 
	s
	u
	c
	c
	e
	s
	s
	 
	m
	e
	s
	s
	a
	g
	e
	 
	m
	u
	s
	t
	 
	c
	o
	n
	t
	a
	i
	n
	 
	t
	h
	e
	 
	w
	o
	r
	d
	 
	"
	(
	S
	|
	s
	)
	u
	c
	c
	e
	e
	d
	e
	d
	"
	,
	 
	"
	(
	S
	|
	s
	)
	u
	c
	c
	e
	s
	s
	"
	,
	 
	"
	S
	U
	C
	C
	E
	S
	S
	"
	,
	 
	o
	r
	 
	"
	S
	U
	C
	C
	E
	E
	D
	E
	D
	"
	;
	 
	t
	h
	i
	s
	 
	c
	a
	n
	 
	b
	e
	 
	c
	h
	a
	n
	g
	e
	d
	 
	i
	n
	 
	r
	u
	n
	n
	e
	r
	.
	p
	y
	.
- Reference output:
	P
	a
	r
	s
	e
	 
	s
	u
	c
	c
	e
	e
	d
	e
	d
	,
	 
	f
	i
	n
	d
	i
	n
	g
	 
	1
	0
	 
	I
	L
	O
	C
	 
	o
	p
	e
	r
	a
	t
	i
	o
	n
	s
	.
- Your output:
	P
	O
	O
	 
	P
	O
	O
	O
	 
	P
	O
	O
	

	M
	u
	s
	t
	 
	s
	p
	e
	c
	i
	f
	y
	 
	a
	 
	f
	i
	l
	e
	 
	n
	a
	m
	e
	 
	a
	f
	t
	e
	r
	 
	t
	h
	e
	 
	f
	l
	a
	g
	.
❌ /clear/courses/comp412/students/ILOC/contributed/2013/lab2/s24_test1.i failed!
- Summary:
	Y
	o
	u
	 
	i
	d
	e
	n
	t
	i
	f
	i
	e
	d
	 
	0
	/
	0
	 
	e
	r
	r
	o
	r
	s
	 
	c
	o
	r
	r
	e
	c
	t
	l
	y
	.
	Y
	o
	u
	 
	i
	d
	e
	n
	t
	i
	f
	i
	e
	d
	 
	0
	 
	c
	o
	r
	r
	e
	c
	t
	 
	l
	i
	n
	e
	s
	 
	a
	s
	 
	e
	r
	r
	o
	r
	s
	.
	Y
	o
	u
	 
	d
	o
	 
	n
	o
	t
	 
	h
	a
	v
	e
	 
	a
	 
	s
	u
	c
	c
	e
	s
	s
	 
	m
	e
	s
	s
	a
	g
	e
	 
	w
	h
	i
	l
	e
	 
	t
	h
	e
	 
	r
	e
	f
	e
	r
	e
	n
	c
	e
	 
	d
	o
	e
	s
	.
	N
	O
	T
	E
	:
	 
	Y
	o
	u
	r
	 
	s
	u
	c
	c
	e
	s
	s
	 
	m
	e
	s
	s
	a
	g
	e
	 
	m
	u
	s
	t
	 
	c
	o
	n
	t
	a
	i
	n
	 
	t
	h
	e
	 
	w
	o
	r
	d
	 
	"
	(
	S
	|
	s
	)
	u
	c
	c
	e
	e
	d
	e
	d
	"
	,
	 
	"
	(
	S
	|
	s
	)
	u
	c
	c
	e
	s
	s
	"
	,
	 
	"
	S
	U
	C
	C
	E
	S
	S
	"
	,
	 
	o
	r
	 
	"
	S
	U
	C
	C
	E
	E
	D
	E
	D
	"
	;
	 
	t
	h
	i
	s
	 
	c
	a
	n
	 
	b
	e
	 
	c
	h
	a
	n
	g
	e
	d
	 
	i
	n
	 
	r
	u
	n
	n
	e
	r
	.
	p
	y
	.
- Reference output:
	P
	a
	r
	s
	e
	 
	s
	u
	c
	c
	e
	e
	d
	e
	d
	,
	 
	f
	i
	n
	d
	i
	n
	g
	 
	1
	4
	 
	I
	L
	O
	C
	 
	o
	p
	e
	r
	a
	t
	i
	o
	n
	s
	.
- Your output:
	P
	O
	O
	 
	P
	O
	O
	O
	 
	P
	O
	O
	

	M
	u
	s
	t
	 
	s
	p
	e
	c
	i
	f
	y
	 
	a
	 
	f
	i
	l
	e
	 
	n
	a
	m
	e
	 
	a
	f
	t
	e
	r
	 
	t
	h
	e
	 
	f
	l
	a
	g
	.
❌ /clear/courses/comp412/students/ILOC/contributed/2013/lab2/s13_block5.i failed!
- Summary:
	Y
	o
	u
	 
	i
	d
	e
	n
	t
	i
	f
	i
	e
	d
	 
	0
	/
	0
	 
	e
	r
	r
	o
	r
	s
	 
	c
	o
	r
	r
	e
	c
	t
	l
	y
	.
	Y
	o
	u
	 
	i
	d
	e
	n
	t
	i
	f
	i
	e
	d
	 
	0
	 
	c
	o
	r
	r
	e
	c
	t
	 
	l
	i
	n
	e
	s
	 
	a
	s
	 
	e
	r
	r
	o
	r
	s
	.
	Y
	o
	u
	 
	d
	o
	 
	n
	o
	t
	 
	h
	a
	v
	e
	 
	a
	 
	s
	u
	c
	c
	e
	s
	s
	 
	m
	e
	s
	s
	a
	g
	e
	 
	w
	h
	i
	l
	e
	 
	t
	h
	e
	 
	r
	e
	f
	e
	r
	e
	n
	c
	e
	 
	d
	o
	e
	s
	.
	N
	O
	T
	E
	:
	 
	Y
	o
	u
	r
	 
	s
	u
	c
	c
	e
	s
	s
	 
	m
	e
	s
	s
	a
	g
	e
	 
	m
	u
	s
	t
	 
	c
	o
	n
	t
	a
	i
	n
	 
	t
	h
	e
	 
	w
	o
	r
	d
	 
	"
	(
	S
	|
	s
	)
	u
	c
	c
	e
	e
	d
	e
	d
	"
	,
	 
	"
	(
	S
	|
	s
	)
	u
	c
	c
	e
	s
	s
	"
	,
	 
	"
	S
	U
	C
	C
	E
	S
	S
	"
	,
	 
	o
	r
	 
	"
	S
	U
	C
	C
	E
	E
	D
	E
	D
	"
	;
	 
	t
	h
	i
	s
	 
	c
	a
	n
	 
	b
	e
	 
	c
	h
	a
	n
	g
	e
	d
	 
	i
	n
	 
	r
	u
	n
	n
	e
	r
	.
	p
	y
	.
- Reference output:
	P
	a
	r
	s
	e
	 
	s
	u
	c
	c
	e
	e
	d
	e
	d
	,
	 
	f
	i
	n
	d
	i
	n
	g
	 
	1
	2
	 
	I
	L
	O
	C
	 
	o
	p
	e
	r
	a
	t
	i
	o
	n
	s
	.
- Your output:
	P
	O
	O
	 
	P
	O
	O
	O
	 
	P
	O
	O
	

	M
	u
	s
	t
	 
	s
	p
	e
	c
	i
	f
	y
	 
	a
	 
	f
	i
	l
	e
	 
	n
	a
	m
	e
	 
	a
	f
	t
	e
	r
	 
	t
	h
	e
	 
	f
	l
	a
	g
	.
❌ /clear/courses/comp412/students/ILOC/contributed/2013/lab2/s11_test6.i failed!
- Summary:
	Y
	o
	u
	 
	i
	d
	e
	n
	t
	i
	f
	i
	e
	d
	 
	0
	/
	0
	 
	e
	r
	r
	o
	r
	s
	 
	c
	o
	r
	r
	e
	c
	t
	l
	y
	.
	Y
	o
	u
	 
	i
	d
	e
	n
	t
	i
	f
	i
	e
	d
	 
	0
	 
	c
	o
	r
	r
	e
	c
	t
	 
	l
	i
	n
	e
	s
	 
	a
	s
	 
	e
	r
	r
	o
	r
	s
	.
	Y
	o
	u
	 
	d
	o
	 
	n
	o
	t
	 
	h
	a
	v
	e
	 
	a
	 
	s
	u
	c
	c
	e
	s
	s
	 
	m
	e
	s
	s
	a
	g
	e
	 
	w
	h
	i
	l
	e
	 
	t
	h
	e
	 
	r
	e
	f
	e
	r
	e
	n
	c
	e
	 
	d
	o
	e
	s
	.
	N
	O
	T
	E
	:
	 
	Y
	o
	u
	r
	 
	s
	u
	c
	c
	e
	s
	s
	 
	m
	e
	s
	s
	a
	g
	e
	 
	m
	u
	s
	t
	 
	c
	o
	n
	t
	a
	i
	n
	 
	t
	h
	e
	 
	w
	o
	r
	d
	 
	"
	(
	S
	|
	s
	)
	u
	c
	c
	e
	e
	d
	e
	d
	"
	,
	 
	"
	(
	S
	|
	s
	)
	u
	c
	c
	e
	s
	s
	"
	,
	 
	"
	S
	U
	C
	C
	E
	S
	S
	"
	,
	 
	o
	r
	 
	"
	S
	U
	C
	C
	E
	E
	D
	E
	D
	"
	;
	 
	t
	h
	i
	s
	 
	c
	a
	n
	 
	b
	e
	 
	c
	h
	a
	n
	g
	e
	d
	 
	i
	n
	 
	r
	u
	n
	n
	e
	r
	.
	p
	y
	.
- Reference output:
	P
	a
	r
	s
	e
	 
	s
	u
	c
	c
	e
	e
	d
	e
	d
	,
	 
	f
	i
	n
	d
	i
	n
	g
	 
	8
	 
	I
	L
	O
	C
	 
	o
	p
	e
	r
	a
	t
	i
	o
	n
	s
	.
- Your output:
	P
	O
	O
	 
	P
	O
	O
	O
	 
	P
	O
	O
	

	M
	u
	s
	t
	 
	s
	p
	e
	c
	i
	f
	y
	 
	a
	 
	f
	i
	l
	e
	 
	n
	a
	m
	e
	 
	a
	f
	t
	e
	r
	 
	t
	h
	e
	 
	f
	l
	a
	g
	.
❌ /clear/courses/comp412/students/ILOC/contributed/2013/lab2/s33_test1.i failed!
- Summary:
	Y
	o
	u
	 
	i
	d
	e
	n
	t
	i
	f
	i
	e
	d
	 
	0
	/
	0
	 
	e
	r
	r
	o
	r
	s
	 
	c
	o
	r
	r
	e
	c
	t
	l
	y
	.
	Y
	o
	u
	 
	i
	d
	e
	n
	t
	i
	f
	i
	e
	d
	 
	0
	 
	c
	o
	r
	r
	e
	c
	t
	 
	l
	i
	n
	e
	s
	 
	a
	s
	 
	e
	r
	r
	o
	r
	s
	.
	Y
	o
	u
	 
	d
	o
	 
	n
	o
	t
	 
	h
	a
	v
	e
	 
	a
	 
	s
	u
	c
	c
	e
	s
	s
	 
	m
	e
	s
	s
	a
	g
	e
	 
	w
	h
	i
	l
	e
	 
	t
	h
	e
	 
	r
	e
	f
	e
	r
	e
	n
	c
	e
	 
	d
	o
	e
	s
	.
	N
	O
	T
	E
	:
	 
	Y
	o
	u
	r
	 
	s
	u
	c
	c
	e
	s
	s
	 
	m
	e
	s
	s
	a
	g
	e
	 
	m
	u
	s
	t
	 
	c
	o
	n
	t
	a
	i
	n
	 
	t
	h
	e
	 
	w
	o
	r
	d
	 
	"
	(
	S
	|
	s
	)
	u
	c
	c
	e
	e
	d
	e
	d
	"
	,
	 
	"
	(
	S
	|
	s
	)
	u
	c
	c
	e
	s
	s
	"
	,
	 
	"
	S
	U
	C
	C
	E
	S
	S
	"
	,
	 
	o
	r
	 
	"
	S
	U
	C
	C
	E
	E
	D
	E
	D
	"
	;
	 
	t
	h
	i
	s
	 
	c
	a
	n
	 
	b
	e
	 
	c
	h
	a
	n
	g
	e
	d
	 
	i
	n
	 
	r
	u
	n
	n
	e
	r
	.
	p
	y
	.
- Reference output:
	P
	a
	r
	s
	e
	 
	s
	u
	c
	c
	e
	e
	d
	e
	d
	,
	 
	f
	i
	n
	d
	i
	n
	g
	 
	1
	7
	 
	I
	L
	O
	C
	 
	o
	p
	e
	r
	a
	t
	i
	o
	n
	s
	.
- Your output:
	P
	O
	O
	 
	P
	O
	O
	O
	 
	P
	O
	O
	

	M
	u
	s
	t
	 
	s
	p
	e
	c
	i
	f
	y
	 
	a
	 
	f
	i
	l
	e
	 
	n
	a
	m
	e
	 
	a
	f
	t
	e
	r
	 
	t
	h
	e
	 
	f
	l
	a
	g
	.
❌ /clear/courses/comp412/students/ILOC/contributed/2013/lab2/s09_test2.i failed!
- Summary:
	Y
	o
	u
	 
	i
	d
	e
	n
	t
	i
	f
	i
	e
	d
	 
	0
	/
	0
	 
	e
	r
	r
	o
	r
	s
	 
	c
	o
	r
	r
	e
	c
	t
	l
	y
	.
	Y
	o
	u
	 
	i
	d
	e
	n
	t
	i
	f
	i
	e
	d
	 
	0
	 
	c
	o
	r
	r
	e
	c
	t
	 
	l
	i
	n
	e
	s
	 
	a
	s
	 
	e
	r
	r
	o
	r
	s
	.
	Y
	o
	u
	 
	d
	o
	 
	n
	o
	t
	 
	h
	a
	v
	e
	 
	a
	 
	s
	u
	c
	c
	e
	s
	s
	 
	m
	e
	s
	s
	a
	g
	e
	 
	w
	h
	i
	l
	e
	 
	t
	h
	e
	 
	r
	e
	f
	e
	r
	e
	n
	c
	e
	 
	d
	o
	e
	s
	.
	N
	O
	T
	E
	:
	 
	Y
	o
	u
	r
	 
	s
	u
	c
	c
	e
	s
	s
	 
	m
	e
	s
	s
	a
	g
	e
	 
	m
	u
	s
	t
	 
	c
	o
	n
	t
	a
	i
	n
	 
	t
	h
	e
	 
	w
	o
	r
	d
	 
	"
	(
	S
	|
	s
	)
	u
	c
	c
	e
	e
	d
	e
	d
	"
	,
	 
	"
	(
	S
	|
	s
	)
	u
	c
	c
	e
	s
	s
	"
	,
	 
	"
	S
	U
	C
	C
	E
	S
	S
	"
	,
	 
	o
	r
	 
	"
	S
	U
	C
	C
	E
	E
	D
	E
	D
	"
	;
	 
	t
	h
	i
	s
	 
	c
	a
	n
	 
	b
	e
	 
	c
	h
	a
	n
	g
	e
	d
	 
	i
	n
	 
	r
	u
	n
	n
	e
	r
	.
	p
	y
	.
- Reference output:
	P
	a
	r
	s
	e
	 
	s
	u
	c
	c
	e
	e
	d
	e
	d
	,
	 
	f
	i
	n
	d
	i
	n
	g
	 
	1
	0
	 
	I
	L
	O
	C
	 
	o
	p
	e
	r
	a
	t
	i
	o
	n
	s
	.
- Your output:
	P
	O
	O
	 
	P
	O
	O
	O
	 
	P
	O
	O
	

	M
	u
	s
	t
	 
	s
	p
	e
	c
	i
	f
	y
	 
	a
	 
	f
	i
	l
	e
	 
	n
	a
	m
	e
	 
	a
	f
	t
	e
	r
	 
	t
	h
	e
	 
	f
	l
	a
	g
	.
❌ /clear/courses/comp412/students/ILOC/contributed/2013/lab2/s41_test3.i failed!
- Summary:
	Y
	o
	u
	 
	i
	d
	e
	n
	t
	i
	f
	i
	e
	d
	 
	0
	/
	0
	 
	e
	r
	r
	o
	r
	s
	 
	c
	o
	r
	r
	e
	c
	t
	l
	y
	.
	Y
	o
	u
	 
	i
	d
	e
	n
	t
	i
	f
	i
	e
	d
	 
	0
	 
	c
	o
	r
	r
	e
	c
	t
	 
	l
	i
	n
	e
	s
	 
	a
	s
	 
	e
	r
	r
	o
	r
	s
	.
	Y
	o
	u
	 
	d
	o
	 
	n
	o
	t
	 
	h
	a
	v
	e
	 
	a
	 
	s
	u
	c
	c
	e
	s
	s
	 
	m
	e
	s
	s
	a
	g
	e
	 
	w
	h
	i
	l
	e
	 
	t
	h
	e
	 
	r
	e
	f
	e
	r
	e
	n
	c
	e
	 
	d
	o
	e
	s
	.
	N
	O
	T
	E
	:
	 
	Y
	o
	u
	r
	 
	s
	u
	c
	c
	e
	s
	s
	 
	m
	e
	s
	s
	a
	g
	e
	 
	m
	u
	s
	t
	 
	c
	o
	n
	t
	a
	i
	n
	 
	t
	h
	e
	 
	w
	o
	r
	d
	 
	"
	(
	S
	|
	s
	)
	u
	c
	c
	e
	e
	d
	e
	d
	"
	,
	 
	"
	(
	S
	|
	s
	)
	u
	c
	c
	e
	s
	s
	"
	,
	 
	"
	S
	U
	C
	C
	E
	S
	S
	"
	,
	 
	o
	r
	 
	"
	S
	U
	C
	C
	E
	E
	D
	E
	D
	"
	;
	 
	t
	h
	i
	s
	 
	c
	a
	n
	 
	b
	e
	 
	c
	h
	a
	n
	g
	e
	d
	 
	i
	n
	 
	r
	u
	n
	n
	e
	r
	.
	p
	y
	.
- Reference output:
	P
	a
	r
	s
	e
	 
	s
	u
	c
	c
	e
	e
	d
	e
	d
	,
	 
	f
	i
	n
	d
	i
	n
	g
	 
	1
	5
	 
	I
	L
	O
	C
	 
	o
	p
	e
	r
	a
	t
	i
	o
	n
	s
	.
- Your output:
	P
	O
	O
	 
	P
	O
	O
	O
	 
	P
	O
	O
	

	M
	u
	s
	t
	 
	s
	p
	e
	c
	i
	f
	y
	 
	a
	 
	f
	i
	l
	e
	 
	n
	a
	m
	e
	 
	a
	f
	t
	e
	r
	 
	t
	h
	e
	 
	f
	l
	a
	g
	.
❌ /clear/courses/comp412/students/ILOC/contributed/2013/lab2/s63_test3.i failed!
- Summary:
	Y
	o
	u
	 
	i
	d
	e
	n
	t
	i
	f
	i
	e
	d
	 
	0
	/
	0
	 
	e
	r
	r
	o
	r
	s
	 
	c
	o
	r
	r
	e
	c
	t
	l
	y
	.
	Y
	o
	u
	 
	i
	d
	e
	n
	t
	i
	f
	i
	e
	d
	 
	0
	 
	c
	o
	r
	r
	e
	c
	t
	 
	l
	i
	n
	e
	s
	 
	a
	s
	 
	e
	r
	r
	o
	r
	s
	.
	Y
	o
	u
	 
	d
	o
	 
	n
	o
	t
	 
	h
	a
	v
	e
	 
	a
	 
	s
	u
	c
	c
	e
	s
	s
	 
	m
	e
	s
	s
	a
	g
	e
	 
	w
	h
	i
	l
	e
	 
	t
	h
	e
	 
	r
	e
	f
	e
	r
	e
	n
	c
	e
	 
	d
	o
	e
	s
	.
	N
	O
	T
	E
	:
	 
	Y
	o
	u
	r
	 
	s
	u
	c
	c
	e
	s
	s
	 
	m
	e
	s
	s
	a
	g
	e
	 
	m
	u
	s
	t
	 
	c
	o
	n
	t
	a
	i
	n
	 
	t
	h
	e
	 
	w
	o
	r
	d
	 
	"
	(
	S
	|
	s
	)
	u
	c
	c
	e
	e
	d
	e
	d
	"
	,
	 
	"
	(
	S
	|
	s
	)
	u
	c
	c
	e
	s
	s
	"
	,
	 
	"
	S
	U
	C
	C
	E
	S
	S
	"
	,
	 
	o
	r
	 
	"
	S
	U
	C
	C
	E
	E
	D
	E
	D
	"
	;
	 
	t
	h
	i
	s
	 
	c
	a
	n
	 
	b
	e
	 
	c
	h
	a
	n
	g
	e
	d
	 
	i
	n
	 
	r
	u
	n
	n
	e
	r
	.
	p
	y
	.
- Reference output:
	P
	a
	r
	s
	e
	 
	s
	u
	c
	c
	e
	e
	d
	e
	d
	,
	 
	f
	i
	n
	d
	i
	n
	g
	 
	2
	4
	 
	I
	L
	O
	C
	 
	o
	p
	e
	r
	a
	t
	i
	o
	n
	s
	.
- Your output:
	P
	O
	O
	 
	P
	O
	O
	O
	 
	P
	O
	O
	

	M
	u
	s
	t
	 
	s
	p
	e
	c
	i
	f
	y
	 
	a
	 
	f
	i
	l
	e
	 
	n
	a
	m
	e
	 
	a
	f
	t
	e
	r
	 
	t
	h
	e
	 
	f
	l
	a
	g
	.
❌ /clear/courses/comp412/students/ILOC/contributed/2013/lab2/s19_test1.i failed!
- Summary:
	Y
	o
	u
	 
	i
	d
	e
	n
	t
	i
	f
	i
	e
	d
	 
	0
	/
	0
	 
	e
	r
	r
	o
	r
	s
	 
	c
	o
	r
	r
	e
	c
	t
	l
	y
	.
	Y
	o
	u
	 
	i
	d
	e
	n
	t
	i
	f
	i
	e
	d
	 
	0
	 
	c
	o
	r
	r
	e
	c
	t
	 
	l
	i
	n
	e
	s
	 
	a
	s
	 
	e
	r
	r
	o
	r
	s
	.
	Y
	o
	u
	 
	d
	o
	 
	n
	o
	t
	 
	h
	a
	v
	e
	 
	a
	 
	s
	u
	c
	c
	e
	s
	s
	 
	m
	e
	s
	s
	a
	g
	e
	 
	w
	h
	i
	l
	e
	 
	t
	h
	e
	 
	r
	e
	f
	e
	r
	e
	n
	c
	e
	 
	d
	o
	e
	s
	.
	N
	O
	T
	E
	:
	 
	Y
	o
	u
	r
	 
	s
	u
	c
	c
	e
	s
	s
	 
	m
	e
	s
	s
	a
	g
	e
	 
	m
	u
	s
	t
	 
	c
	o
	n
	t
	a
	i
	n
	 
	t
	h
	e
	 
	w
	o
	r
	d
	 
	"
	(
	S
	|
	s
	)
	u
	c
	c
	e
	e
	d
	e
	d
	"
	,
	 
	"
	(
	S
	|
	s
	)
	u
	c
	c
	e
	s
	s
	"
	,
	 
	"
	S
	U
	C
	C
	E
	S
	S
	"
	,
	 
	o
	r
	 
	"
	S
	U
	C
	C
	E
	E
	D
	E
	D
	"
	;
	 
	t
	h
	i
	s
	 
	c
	a
	n
	 
	b
	e
	 
	c
	h
	a
	n
	g
	e
	d
	 
	i
	n
	 
	r
	u
	n
	n
	e
	r
	.
	p
	y
	.
- Reference output:
	P
	a
	r
	s
	e
	 
	s
	u
	c
	c
	e
	e
	d
	e
	d
	,
	 
	f
	i
	n
	d
	i
	n
	g
	 
	8
	 
	I
	L
	O
	C
	 
	o
	p
	e
	r
	a
	t
	i
	o
	n
	s
	.
- Your output:
	P
	O
	O
	 
	P
	O
	O
	O
	 
	P
	O
	O
	

	M
	u
	s
	t
	 
	s
	p
	e
	c
	i
	f
	y
	 
	a
	 
	f
	i
	l
	e
	 
	n
	a
	m
	e
	 
	a
	f
	t
	e
	r
	 
	t
	h
	e
	 
	f
	l
	a
	g
	.
❌ /clear/courses/comp412/students/ILOC/contributed/2013/lab2/s52_test3.i failed!
- Summary:
	Y
	o
	u
	 
	i
	d
	e
	n
	t
	i
	f
	i
	e
	d
	 
	0
	/
	0
	 
	e
	r
	r
	o
	r
	s
	 
	c
	o
	r
	r
	e
	c
	t
	l
	y
	.
	Y
	o
	u
	 
	i
	d
	e
	n
	t
	i
	f
	i
	e
	d
	 
	0
	 
	c
	o
	r
	r
	e
	c
	t
	 
	l
	i
	n
	e
	s
	 
	a
	s
	 
	e
	r
	r
	o
	r
	s
	.
	Y
	o
	u
	 
	d
	o
	 
	n
	o
	t
	 
	h
	a
	v
	e
	 
	a
	 
	s
	u
	c
	c
	e
	s
	s
	 
	m
	e
	s
	s
	a
	g
	e
	 
	w
	h
	i
	l
	e
	 
	t
	h
	e
	 
	r
	e
	f
	e
	r
	e
	n
	c
	e
	 
	d
	o
	e
	s
	.
	N
	O
	T
	E
	:
	 
	Y
	o
	u
	r
	 
	s
	u
	c
	c
	e
	s
	s
	 
	m
	e
	s
	s
	a
	g
	e
	 
	m
	u
	s
	t
	 
	c
	o
	n
	t
	a
	i
	n
	 
	t
	h
	e
	 
	w
	o
	r
	d
	 
	"
	(
	S
	|
	s
	)
	u
	c
	c
	e
	e
	d
	e
	d
	"
	,
	 
	"
	(
	S
	|
	s
	)
	u
	c
	c
	e
	s
	s
	"
	,
	 
	"
	S
	U
	C
	C
	E
	S
	S
	"
	,
	 
	o
	r
	 
	"
	S
	U
	C
	C
	E
	E
	D
	E
	D
	"
	;
	 
	t
	h
	i
	s
	 
	c
	a
	n
	 
	b
	e
	 
	c
	h
	a
	n
	g
	e
	d
	 
	i
	n
	 
	r
	u
	n
	n
	e
	r
	.
	p
	y
	.
- Reference output:
	P
	a
	r
	s
	e
	 
	s
	u
	c
	c
	e
	e
	d
	e
	d
	,
	 
	f
	i
	n
	d
	i
	n
	g
	 
	1
	1
	 
	I
	L
	O
	C
	 
	o
	p
	e
	r
	a
	t
	i
	o
	n
	s
	.
- Your output:
	P
	O
	O
	 
	P
	O
	O
	O
	 
	P
	O
	O
	

	M
	u
	s
	t
	 
	s
	p
	e
	c
	i
	f
	y
	 
	a
	 
	f
	i
	l
	e
	 
	n
	a
	m
	e
	 
	a
	f
	t
	e
	r
	 
	t
	h
	e
	 
	f
	l
	a
	g
	.
❌ /clear/courses/comp412/students/ILOC/contributed/2013/lab2/s01_block1.i failed!
- Summary:
	Y
	o
	u
	 
	i
	d
	e
	n
	t
	i
	f
	i
	e
	d
	 
	0
	/
	0
	 
	e
	r
	r
	o
	r
	s
	 
	c
	o
	r
	r
	e
	c
	t
	l
	y
	.
	Y
	o
	u
	 
	i
	d
	e
	n
	t
	i
	f
	i
	e
	d
	 
	0
	 
	c
	o
	r
	r
	e
	c
	t
	 
	l
	i
	n
	e
	s
	 
	a
	s
	 
	e
	r
	r
	o
	r
	s
	.
	Y
	o
	u
	 
	d
	o
	 
	n
	o
	t
	 
	h
	a
	v
	e
	 
	a
	 
	s
	u
	c
	c
	e
	s
	s
	 
	m
	e
	s
	s
	a
	g
	e
	 
	w
	h
	i
	l
	e
	 
	t
	h
	e
	 
	r
	e
	f
	e
	r
	e
	n
	c
	e
	 
	d
	o
	e
	s
	.
	N
	O
	T
	E
	:
	 
	Y
	o
	u
	r
	 
	s
	u
	c
	c
	e
	s
	s
	 
	m
	e
	s
	s
	a
	g
	e
	 
	m
	u
	s
	t
	 
	c
	o
	n
	t
	a
	i
	n
	 
	t
	h
	e
	 
	w
	o
	r
	d
	 
	"
	(
	S
	|
	s
	)
	u
	c
	c
	e
	e
	d
	e
	d
	"
	,
	 
	"
	(
	S
	|
	s
	)
	u
	c
	c
	e
	s
	s
	"
	,
	 
	"
	S
	U
	C
	C
	E
	S
	S
	"
	,
	 
	o
	r
	 
	"
	S
	U
	C
	C
	E
	E
	D
	E
	D
	"
	;
	 
	t
	h
	i
	s
	 
	c
	a
	n
	 
	b
	e
	 
	c
	h
	a
	n
	g
	e
	d
	 
	i
	n
	 
	r
	u
	n
	n
	e
	r
	.
	p
	y
	.
- Reference output:
	P
	a
	r
	s
	e
	 
	s
	u
	c
	c
	e
	e
	d
	e
	d
	,
	 
	f
	i
	n
	d
	i
	n
	g
	 
	8
	 
	I
	L
	O
	C
	 
	o
	p
	e
	r
	a
	t
	i
	o
	n
	s
	.
- Your output:
	P
	O
	O
	 
	P
	O
	O
	O
	 
	P
	O
	O
	

	M
	u
	s
	t
	 
	s
	p
	e
	c
	i
	f
	y
	 
	a
	 
	f
	i
	l
	e
	 
	n
	a
	m
	e
	 
	a
	f
	t
	e
	r
	 
	t
	h
	e
	 
	f
	l
	a
	g
	.
❌ /clear/courses/comp412/students/ILOC/contributed/2013/lab2/s20_test4.i failed!
- Summary:
	Y
	o
	u
	 
	i
	d
	e
	n
	t
	i
	f
	i
	e
	d
	 
	0
	/
	0
	 
	e
	r
	r
	o
	r
	s
	 
	c
	o
	r
	r
	e
	c
	t
	l
	y
	.
	Y
	o
	u
	 
	i
	d
	e
	n
	t
	i
	f
	i
	e
	d
	 
	0
	 
	c
	o
	r
	r
	e
	c
	t
	 
	l
	i
	n
	e
	s
	 
	a
	s
	 
	e
	r
	r
	o
	r
	s
	.
	Y
	o
	u
	 
	d
	o
	 
	n
	o
	t
	 
	h
	a
	v
	e
	 
	a
	 
	s
	u
	c
	c
	e
	s
	s
	 
	m
	e
	s
	s
	a
	g
	e
	 
	w
	h
	i
	l
	e
	 
	t
	h
	e
	 
	r
	e
	f
	e
	r
	e
	n
	c
	e
	 
	d
	o
	e
	s
	.
	N
	O
	T
	E
	:
	 
	Y
	o
	u
	r
	 
	s
	u
	c
	c
	e
	s
	s
	 
	m
	e
	s
	s
	a
	g
	e
	 
	m
	u
	s
	t
	 
	c
	o
	n
	t
	a
	i
	n
	 
	t
	h
	e
	 
	w
	o
	r
	d
	 
	"
	(
	S
	|
	s
	)
	u
	c
	c
	e
	e
	d
	e
	d
	"
	,
	 
	"
	(
	S
	|
	s
	)
	u
	c
	c
	e
	s
	s
	"
	,
	 
	"
	S
	U
	C
	C
	E
	S
	S
	"
	,
	 
	o
	r
	 
	"
	S
	U
	C
	C
	E
	E
	D
	E
	D
	"
	;
	 
	t
	h
	i
	s
	 
	c
	a
	n
	 
	b
	e
	 
	c
	h
	a
	n
	g
	e
	d
	 
	i
	n
	 
	r
	u
	n
	n
	e
	r
	.
	p
	y
	.
- Reference output:
	P
	a
	r
	s
	e
	 
	s
	u
	c
	c
	e
	e
	d
	e
	d
	,
	 
	f
	i
	n
	d
	i
	n
	g
	 
	3
	4
	 
	I
	L
	O
	C
	 
	o
	p
	e
	r
	a
	t
	i
	o
	n
	s
	.
- Your output:
	P
	O
	O
	 
	P
	O
	O
	O
	 
	P
	O
	O
	

	M
	u
	s
	t
	 
	s
	p
	e
	c
	i
	f
	y
	 
	a
	 
	f
	i
	l
	e
	 
	n
	a
	m
	e
	 
	a
	f
	t
	e
	r
	 
	t
	h
	e
	 
	f
	l
	a
	g
	.
❌ /clear/courses/comp412/students/ILOC/contributed/2013/lab2/s03_test1.i failed!
- Summary:
	Y
	o
	u
	 
	i
	d
	e
	n
	t
	i
	f
	i
	e
	d
	 
	0
	/
	0
	 
	e
	r
	r
	o
	r
	s
	 
	c
	o
	r
	r
	e
	c
	t
	l
	y
	.
	Y
	o
	u
	 
	i
	d
	e
	n
	t
	i
	f
	i
	e
	d
	 
	0
	 
	c
	o
	r
	r
	e
	c
	t
	 
	l
	i
	n
	e
	s
	 
	a
	s
	 
	e
	r
	r
	o
	r
	s
	.
	Y
	o
	u
	 
	d
	o
	 
	n
	o
	t
	 
	h
	a
	v
	e
	 
	a
	 
	s
	u
	c
	c
	e
	s
	s
	 
	m
	e
	s
	s
	a
	g
	e
	 
	w
	h
	i
	l
	e
	 
	t
	h
	e
	 
	r
	e
	f
	e
	r
	e
	n
	c
	e
	 
	d
	o
	e
	s
	.
	N
	O
	T
	E
	:
	 
	Y
	o
	u
	r
	 
	s
	u
	c
	c
	e
	s
	s
	 
	m
	e
	s
	s
	a
	g
	e
	 
	m
	u
	s
	t
	 
	c
	o
	n
	t
	a
	i
	n
	 
	t
	h
	e
	 
	w
	o
	r
	d
	 
	"
	(
	S
	|
	s
	)
	u
	c
	c
	e
	e
	d
	e
	d
	"
	,
	 
	"
	(
	S
	|
	s
	)
	u
	c
	c
	e
	s
	s
	"
	,
	 
	"
	S
	U
	C
	C
	E
	S
	S
	"
	,
	 
	o
	r
	 
	"
	S
	U
	C
	C
	E
	E
	D
	E
	D
	"
	;
	 
	t
	h
	i
	s
	 
	c
	a
	n
	 
	b
	e
	 
	c
	h
	a
	n
	g
	e
	d
	 
	i
	n
	 
	r
	u
	n
	n
	e
	r
	.
	p
	y
	.
- Reference output:
	P
	a
	r
	s
	e
	 
	s
	u
	c
	c
	e
	e
	d
	e
	d
	,
	 
	f
	i
	n
	d
	i
	n
	g
	 
	1
	2
	 
	I
	L
	O
	C
	 
	o
	p
	e
	r
	a
	t
	i
	o
	n
	s
	.
- Your output:
	P
	O
	O
	 
	P
	O
	O
	O
	 
	P
	O
	O
	

	M
	u
	s
	t
	 
	s
	p
	e
	c
	i
	f
	y
	 
	a
	 
	f
	i
	l
	e
	 
	n
	a
	m
	e
	 
	a
	f
	t
	e
	r
	 
	t
	h
	e
	 
	f
	l
	a
	g
	.
❌ /clear/courses/comp412/students/ILOC/contributed/2013/lab2/s56_test4.i failed!
- Summary:
	Y
	o
	u
	 
	i
	d
	e
	n
	t
	i
	f
	i
	e
	d
	 
	0
	/
	0
	 
	e
	r
	r
	o
	r
	s
	 
	c
	o
	r
	r
	e
	c
	t
	l
	y
	.
	Y
	o
	u
	 
	i
	d
	e
	n
	t
	i
	f
	i
	e
	d
	 
	0
	 
	c
	o
	r
	r
	e
	c
	t
	 
	l
	i
	n
	e
	s
	 
	a
	s
	 
	e
	r
	r
	o
	r
	s
	.
	Y
	o
	u
	 
	d
	o
	 
	n
	o
	t
	 
	h
	a
	v
	e
	 
	a
	 
	s
	u
	c
	c
	e
	s
	s
	 
	m
	e
	s
	s
	a
	g
	e
	 
	w
	h
	i
	l
	e
	 
	t
	h
	e
	 
	r
	e
	f
	e
	r
	e
	n
	c
	e
	 
	d
	o
	e
	s
	.
	N
	O
	T
	E
	:
	 
	Y
	o
	u
	r
	 
	s
	u
	c
	c
	e
	s
	s
	 
	m
	e
	s
	s
	a
	g
	e
	 
	m
	u
	s
	t
	 
	c
	o
	n
	t
	a
	i
	n
	 
	t
	h
	e
	 
	w
	o
	r
	d
	 
	"
	(
	S
	|
	s
	)
	u
	c
	c
	e
	e
	d
	e
	d
	"
	,
	 
	"
	(
	S
	|
	s
	)
	u
	c
	c
	e
	s
	s
	"
	,
	 
	"
	S
	U
	C
	C
	E
	S
	S
	"
	,
	 
	o
	r
	 
	"
	S
	U
	C
	C
	E
	E
	D
	E
	D
	"
	;
	 
	t
	h
	i
	s
	 
	c
	a
	n
	 
	b
	e
	 
	c
	h
	a
	n
	g
	e
	d
	 
	i
	n
	 
	r
	u
	n
	n
	e
	r
	.
	p
	y
	.
- Reference output:
	P
	a
	r
	s
	e
	 
	s
	u
	c
	c
	e
	e
	d
	e
	d
	,
	 
	f
	i
	n
	d
	i
	n
	g
	 
	5
	 
	I
	L
	O
	C
	 
	o
	p
	e
	r
	a
	t
	i
	o
	n
	s
	.
- Your output:
	P
	O
	O
	 
	P
	O
	O
	O
	 
	P
	O
	O
	

	M
	u
	s
	t
	 
	s
	p
	e
	c
	i
	f
	y
	 
	a
	 
	f
	i
	l
	e
	 
	n
	a
	m
	e
	 
	a
	f
	t
	e
	r
	 
	t
	h
	e
	 
	f
	l
	a
	g
	.
❌ /clear/courses/comp412/students/ILOC/contributed/2013/lab2/s22_test_block3.i failed!
- Summary:
	Y
	o
	u
	 
	i
	d
	e
	n
	t
	i
	f
	i
	e
	d
	 
	0
	/
	0
	 
	e
	r
	r
	o
	r
	s
	 
	c
	o
	r
	r
	e
	c
	t
	l
	y
	.
	Y
	o
	u
	 
	i
	d
	e
	n
	t
	i
	f
	i
	e
	d
	 
	0
	 
	c
	o
	r
	r
	e
	c
	t
	 
	l
	i
	n
	e
	s
	 
	a
	s
	 
	e
	r
	r
	o
	r
	s
	.
	Y
	o
	u
	 
	d
	o
	 
	n
	o
	t
	 
	h
	a
	v
	e
	 
	a
	 
	s
	u
	c
	c
	e
	s
	s
	 
	m
	e
	s
	s
	a
	g
	e
	 
	w
	h
	i
	l
	e
	 
	t
	h
	e
	 
	r
	e
	f
	e
	r
	e
	n
	c
	e
	 
	d
	o
	e
	s
	.
	N
	O
	T
	E
	:
	 
	Y
	o
	u
	r
	 
	s
	u
	c
	c
	e
	s
	s
	 
	m
	e
	s
	s
	a
	g
	e
	 
	m
	u
	s
	t
	 
	c
	o
	n
	t
	a
	i
	n
	 
	t
	h
	e
	 
	w
	o
	r
	d
	 
	"
	(
	S
	|
	s
	)
	u
	c
	c
	e
	e
	d
	e
	d
	"
	,
	 
	"
	(
	S
	|
	s
	)
	u
	c
	c
	e
	s
	s
	"
	,
	 
	"
	S
	U
	C
	C
	E
	S
	S
	"
	,
	 
	o
	r
	 
	"
	S
	U
	C
	C
	E
	E
	D
	E
	D
	"
	;
	 
	t
	h
	i
	s
	 
	c
	a
	n
	 
	b
	e
	 
	c
	h
	a
	n
	g
	e
	d
	 
	i
	n
	 
	r
	u
	n
	n
	e
	r
	.
	p
	y
	.
- Reference output:
	P
	a
	r
	s
	e
	 
	s
	u
	c
	c
	e
	e
	d
	e
	d
	,
	 
	f
	i
	n
	d
	i
	n
	g
	 
	3
	3
	 
	I
	L
	O
	C
	 
	o
	p
	e
	r
	a
	t
	i
	o
	n
	s
	.
- Your output:
	P
	O
	O
	 
	P
	O
	O
	O
	 
	P
	O
	O
	

	M
	u
	s
	t
	 
	s
	p
	e
	c
	i
	f
	y
	 
	a
	 
	f
	i
	l
	e
	 
	n
	a
	m
	e
	 
	a
	f
	t
	e
	r
	 
	t
	h
	e
	 
	f
	l
	a
	g
	.
❌ /clear/courses/comp412/students/ILOC/contributed/2013/lab2/s25_test2.i failed!
- Summary:
	Y
	o
	u
	 
	i
	d
	e
	n
	t
	i
	f
	i
	e
	d
	 
	0
	/
	0
	 
	e
	r
	r
	o
	r
	s
	 
	c
	o
	r
	r
	e
	c
	t
	l
	y
	.
	Y
	o
	u
	 
	i
	d
	e
	n
	t
	i
	f
	i
	e
	d
	 
	0
	 
	c
	o
	r
	r
	e
	c
	t
	 
	l
	i
	n
	e
	s
	 
	a
	s
	 
	e
	r
	r
	o
	r
	s
	.
	Y
	o
	u
	 
	d
	o
	 
	n
	o
	t
	 
	h
	a
	v
	e
	 
	a
	 
	s
	u
	c
	c
	e
	s
	s
	 
	m
	e
	s
	s
	a
	g
	e
	 
	w
	h
	i
	l
	e
	 
	t
	h
	e
	 
	r
	e
	f
	e
	r
	e
	n
	c
	e
	 
	d
	o
	e
	s
	.
	N
	O
	T
	E
	:
	 
	Y
	o
	u
	r
	 
	s
	u
	c
	c
	e
	s
	s
	 
	m
	e
	s
	s
	a
	g
	e
	 
	m
	u
	s
	t
	 
	c
	o
	n
	t
	a
	i
	n
	 
	t
	h
	e
	 
	w
	o
	r
	d
	 
	"
	(
	S
	|
	s
	)
	u
	c
	c
	e
	e
	d
	e
	d
	"
	,
	 
	"
	(
	S
	|
	s
	)
	u
	c
	c
	e
	s
	s
	"
	,
	 
	"
	S
	U
	C
	C
	E
	S
	S
	"
	,
	 
	o
	r
	 
	"
	S
	U
	C
	C
	E
	E
	D
	E
	D
	"
	;
	 
	t
	h
	i
	s
	 
	c
	a
	n
	 
	b
	e
	 
	c
	h
	a
	n
	g
	e
	d
	 
	i
	n
	 
	r
	u
	n
	n
	e
	r
	.
	p
	y
	.
- Reference output:
	P
	a
	r
	s
	e
	 
	s
	u
	c
	c
	e
	e
	d
	e
	d
	,
	 
	f
	i
	n
	d
	i
	n
	g
	 
	1
	0
	 
	I
	L
	O
	C
	 
	o
	p
	e
	r
	a
	t
	i
	o
	n
	s
	.
- Your output:
	P
	O
	O
	 
	P
	O
	O
	O
	 
	P
	O
	O
	

	M
	u
	s
	t
	 
	s
	p
	e
	c
	i
	f
	y
	 
	a
	 
	f
	i
	l
	e
	 
	n
	a
	m
	e
	 
	a
	f
	t
	e
	r
	 
	t
	h
	e
	 
	f
	l
	a
	g
	.
❌ /clear/courses/comp412/students/ILOC/contributed/2013/lab2/s11_test4.i failed!
- Summary:
	Y
	o
	u
	 
	i
	d
	e
	n
	t
	i
	f
	i
	e
	d
	 
	0
	/
	0
	 
	e
	r
	r
	o
	r
	s
	 
	c
	o
	r
	r
	e
	c
	t
	l
	y
	.
	Y
	o
	u
	 
	i
	d
	e
	n
	t
	i
	f
	i
	e
	d
	 
	0
	 
	c
	o
	r
	r
	e
	c
	t
	 
	l
	i
	n
	e
	s
	 
	a
	s
	 
	e
	r
	r
	o
	r
	s
	.
	Y
	o
	u
	 
	d
	o
	 
	n
	o
	t
	 
	h
	a
	v
	e
	 
	a
	 
	s
	u
	c
	c
	e
	s
	s
	 
	m
	e
	s
	s
	a
	g
	e
	 
	w
	h
	i
	l
	e
	 
	t
	h
	e
	 
	r
	e
	f
	e
	r
	e
	n
	c
	e
	 
	d
	o
	e
	s
	.
	N
	O
	T
	E
	:
	 
	Y
	o
	u
	r
	 
	s
	u
	c
	c
	e
	s
	s
	 
	m
	e
	s
	s
	a
	g
	e
	 
	m
	u
	s
	t
	 
	c
	o
	n
	t
	a
	i
	n
	 
	t
	h
	e
	 
	w
	o
	r
	d
	 
	"
	(
	S
	|
	s
	)
	u
	c
	c
	e
	e
	d
	e
	d
	"
	,
	 
	"
	(
	S
	|
	s
	)
	u
	c
	c
	e
	s
	s
	"
	,
	 
	"
	S
	U
	C
	C
	E
	S
	S
	"
	,
	 
	o
	r
	 
	"
	S
	U
	C
	C
	E
	E
	D
	E
	D
	"
	;
	 
	t
	h
	i
	s
	 
	c
	a
	n
	 
	b
	e
	 
	c
	h
	a
	n
	g
	e
	d
	 
	i
	n
	 
	r
	u
	n
	n
	e
	r
	.
	p
	y
	.
- Reference output:
	P
	a
	r
	s
	e
	 
	s
	u
	c
	c
	e
	e
	d
	e
	d
	,
	 
	f
	i
	n
	d
	i
	n
	g
	 
	3
	0
	 
	I
	L
	O
	C
	 
	o
	p
	e
	r
	a
	t
	i
	o
	n
	s
	.
- Your output:
	P
	O
	O
	 
	P
	O
	O
	O
	 
	P
	O
	O
	

	M
	u
	s
	t
	 
	s
	p
	e
	c
	i
	f
	y
	 
	a
	 
	f
	i
	l
	e
	 
	n
	a
	m
	e
	 
	a
	f
	t
	e
	r
	 
	t
	h
	e
	 
	f
	l
	a
	g
	.
❌ /clear/courses/comp412/students/ILOC/contributed/2013/lab2/s20_test2.i failed!
- Summary:
	Y
	o
	u
	 
	i
	d
	e
	n
	t
	i
	f
	i
	e
	d
	 
	0
	/
	0
	 
	e
	r
	r
	o
	r
	s
	 
	c
	o
	r
	r
	e
	c
	t
	l
	y
	.
	Y
	o
	u
	 
	i
	d
	e
	n
	t
	i
	f
	i
	e
	d
	 
	0
	 
	c
	o
	r
	r
	e
	c
	t
	 
	l
	i
	n
	e
	s
	 
	a
	s
	 
	e
	r
	r
	o
	r
	s
	.
	Y
	o
	u
	 
	d
	o
	 
	n
	o
	t
	 
	h
	a
	v
	e
	 
	a
	 
	s
	u
	c
	c
	e
	s
	s
	 
	m
	e
	s
	s
	a
	g
	e
	 
	w
	h
	i
	l
	e
	 
	t
	h
	e
	 
	r
	e
	f
	e
	r
	e
	n
	c
	e
	 
	d
	o
	e
	s
	.
	N
	O
	T
	E
	:
	 
	Y
	o
	u
	r
	 
	s
	u
	c
	c
	e
	s
	s
	 
	m
	e
	s
	s
	a
	g
	e
	 
	m
	u
	s
	t
	 
	c
	o
	n
	t
	a
	i
	n
	 
	t
	h
	e
	 
	w
	o
	r
	d
	 
	"
	(
	S
	|
	s
	)
	u
	c
	c
	e
	e
	d
	e
	d
	"
	,
	 
	"
	(
	S
	|
	s
	)
	u
	c
	c
	e
	s
	s
	"
	,
	 
	"
	S
	U
	C
	C
	E
	S
	S
	"
	,
	 
	o
	r
	 
	"
	S
	U
	C
	C
	E
	E
	D
	E
	D
	"
	;
	 
	t
	h
	i
	s
	 
	c
	a
	n
	 
	b
	e
	 
	c
	h
	a
	n
	g
	e
	d
	 
	i
	n
	 
	r
	u
	n
	n
	e
	r
	.
	p
	y
	.
- Reference output:
	P
	a
	r
	s
	e
	 
	s
	u
	c
	c
	e
	e
	d
	e
	d
	,
	 
	f
	i
	n
	d
	i
	n
	g
	 
	1
	2
	9
	 
	I
	L
	O
	C
	 
	o
	p
	e
	r
	a
	t
	i
	o
	n
	s
	.
- Your output:
	P
	O
	O
	 
	P
	O
	O
	O
	 
	P
	O
	O
	

	M
	u
	s
	t
	 
	s
	p
	e
	c
	i
	f
	y
	 
	a
	 
	f
	i
	l
	e
	 
	n
	a
	m
	e
	 
	a
	f
	t
	e
	r
	 
	t
	h
	e
	 
	f
	l
	a
	g
	.
❌ /clear/courses/comp412/students/ILOC/contributed/2013/lab2/s61_test4.i failed!
- Summary:
	Y
	o
	u
	 
	i
	d
	e
	n
	t
	i
	f
	i
	e
	d
	 
	0
	/
	0
	 
	e
	r
	r
	o
	r
	s
	 
	c
	o
	r
	r
	e
	c
	t
	l
	y
	.
	Y
	o
	u
	 
	i
	d
	e
	n
	t
	i
	f
	i
	e
	d
	 
	0
	 
	c
	o
	r
	r
	e
	c
	t
	 
	l
	i
	n
	e
	s
	 
	a
	s
	 
	e
	r
	r
	o
	r
	s
	.
	Y
	o
	u
	 
	d
	o
	 
	n
	o
	t
	 
	h
	a
	v
	e
	 
	a
	 
	s
	u
	c
	c
	e
	s
	s
	 
	m
	e
	s
	s
	a
	g
	e
	 
	w
	h
	i
	l
	e
	 
	t
	h
	e
	 
	r
	e
	f
	e
	r
	e
	n
	c
	e
	 
	d
	o
	e
	s
	.
	N
	O
	T
	E
	:
	 
	Y
	o
	u
	r
	 
	s
	u
	c
	c
	e
	s
	s
	 
	m
	e
	s
	s
	a
	g
	e
	 
	m
	u
	s
	t
	 
	c
	o
	n
	t
	a
	i
	n
	 
	t
	h
	e
	 
	w
	o
	r
	d
	 
	"
	(
	S
	|
	s
	)
	u
	c
	c
	e
	e
	d
	e
	d
	"
	,
	 
	"
	(
	S
	|
	s
	)
	u
	c
	c
	e
	s
	s
	"
	,
	 
	"
	S
	U
	C
	C
	E
	S
	S
	"
	,
	 
	o
	r
	 
	"
	S
	U
	C
	C
	E
	E
	D
	E
	D
	"
	;
	 
	t
	h
	i
	s
	 
	c
	a
	n
	 
	b
	e
	 
	c
	h
	a
	n
	g
	e
	d
	 
	i
	n
	 
	r
	u
	n
	n
	e
	r
	.
	p
	y
	.
- Reference output:
	P
	a
	r
	s
	e
	 
	s
	u
	c
	c
	e
	e
	d
	e
	d
	,
	 
	f
	i
	n
	d
	i
	n
	g
	 
	9
	 
	I
	L
	O
	C
	 
	o
	p
	e
	r
	a
	t
	i
	o
	n
	s
	.
- Your output:
	P
	O
	O
	 
	P
	O
	O
	O
	 
	P
	O
	O
	

	M
	u
	s
	t
	 
	s
	p
	e
	c
	i
	f
	y
	 
	a
	 
	f
	i
	l
	e
	 
	n
	a
	m
	e
	 
	a
	f
	t
	e
	r
	 
	t
	h
	e
	 
	f
	l
	a
	g
	.
❌ /clear/courses/comp412/students/ILOC/contributed/2013/lab2/s01_block3.i failed!
- Summary:
	Y
	o
	u
	 
	i
	d
	e
	n
	t
	i
	f
	i
	e
	d
	 
	0
	/
	0
	 
	e
	r
	r
	o
	r
	s
	 
	c
	o
	r
	r
	e
	c
	t
	l
	y
	.
	Y
	o
	u
	 
	i
	d
	e
	n
	t
	i
	f
	i
	e
	d
	 
	0
	 
	c
	o
	r
	r
	e
	c
	t
	 
	l
	i
	n
	e
	s
	 
	a
	s
	 
	e
	r
	r
	o
	r
	s
	.
	Y
	o
	u
	 
	d
	o
	 
	n
	o
	t
	 
	h
	a
	v
	e
	 
	a
	 
	s
	u
	c
	c
	e
	s
	s
	 
	m
	e
	s
	s
	a
	g
	e
	 
	w
	h
	i
	l
	e
	 
	t
	h
	e
	 
	r
	e
	f
	e
	r
	e
	n
	c
	e
	 
	d
	o
	e
	s
	.
	N
	O
	T
	E
	:
	 
	Y
	o
	u
	r
	 
	s
	u
	c
	c
	e
	s
	s
	 
	m
	e
	s
	s
	a
	g
	e
	 
	m
	u
	s
	t
	 
	c
	o
	n
	t
	a
	i
	n
	 
	t
	h
	e
	 
	w
	o
	r
	d
	 
	"
	(
	S
	|
	s
	)
	u
	c
	c
	e
	e
	d
	e
	d
	"
	,
	 
	"
	(
	S
	|
	s
	)
	u
	c
	c
	e
	s
	s
	"
	,
	 
	"
	S
	U
	C
	C
	E
	S
	S
	"
	,
	 
	o
	r
	 
	"
	S
	U
	C
	C
	E
	E
	D
	E
	D
	"
	;
	 
	t
	h
	i
	s
	 
	c
	a
	n
	 
	b
	e
	 
	c
	h
	a
	n
	g
	e
	d
	 
	i
	n
	 
	r
	u
	n
	n
	e
	r
	.
	p
	y
	.
- Reference output:
	P
	a
	r
	s
	e
	 
	s
	u
	c
	c
	e
	e
	d
	e
	d
	,
	 
	f
	i
	n
	d
	i
	n
	g
	 
	1
	6
	 
	I
	L
	O
	C
	 
	o
	p
	e
	r
	a
	t
	i
	o
	n
	s
	.
- Your output:
	P
	O
	O
	 
	P
	O
	O
	O
	 
	P
	O
	O
	

	M
	u
	s
	t
	 
	s
	p
	e
	c
	i
	f
	y
	 
	a
	 
	f
	i
	l
	e
	 
	n
	a
	m
	e
	 
	a
	f
	t
	e
	r
	 
	t
	h
	e
	 
	f
	l
	a
	g
	.
❌ /clear/courses/comp412/students/ILOC/contributed/2013/lab2/s20_test1.i failed!
- Summary:
	Y
	o
	u
	 
	i
	d
	e
	n
	t
	i
	f
	i
	e
	d
	 
	0
	/
	0
	 
	e
	r
	r
	o
	r
	s
	 
	c
	o
	r
	r
	e
	c
	t
	l
	y
	.
	Y
	o
	u
	 
	i
	d
	e
	n
	t
	i
	f
	i
	e
	d
	 
	0
	 
	c
	o
	r
	r
	e
	c
	t
	 
	l
	i
	n
	e
	s
	 
	a
	s
	 
	e
	r
	r
	o
	r
	s
	.
	Y
	o
	u
	 
	d
	o
	 
	n
	o
	t
	 
	h
	a
	v
	e
	 
	a
	 
	s
	u
	c
	c
	e
	s
	s
	 
	m
	e
	s
	s
	a
	g
	e
	 
	w
	h
	i
	l
	e
	 
	t
	h
	e
	 
	r
	e
	f
	e
	r
	e
	n
	c
	e
	 
	d
	o
	e
	s
	.
	N
	O
	T
	E
	:
	 
	Y
	o
	u
	r
	 
	s
	u
	c
	c
	e
	s
	s
	 
	m
	e
	s
	s
	a
	g
	e
	 
	m
	u
	s
	t
	 
	c
	o
	n
	t
	a
	i
	n
	 
	t
	h
	e
	 
	w
	o
	r
	d
	 
	"
	(
	S
	|
	s
	)
	u
	c
	c
	e
	e
	d
	e
	d
	"
	,
	 
	"
	(
	S
	|
	s
	)
	u
	c
	c
	e
	s
	s
	"
	,
	 
	"
	S
	U
	C
	C
	E
	S
	S
	"
	,
	 
	o
	r
	 
	"
	S
	U
	C
	C
	E
	E
	D
	E
	D
	"
	;
	 
	t
	h
	i
	s
	 
	c
	a
	n
	 
	b
	e
	 
	c
	h
	a
	n
	g
	e
	d
	 
	i
	n
	 
	r
	u
	n
	n
	e
	r
	.
	p
	y
	.
- Reference output:
	P
	a
	r
	s
	e
	 
	s
	u
	c
	c
	e
	e
	d
	e
	d
	,
	 
	f
	i
	n
	d
	i
	n
	g
	 
	1
	4
	 
	I
	L
	O
	C
	 
	o
	p
	e
	r
	a
	t
	i
	o
	n
	s
	.
- Your output:
	P
	O
	O
	 
	P
	O
	O
	O
	 
	P
	O
	O
	

	M
	u
	s
	t
	 
	s
	p
	e
	c
	i
	f
	y
	 
	a
	 
	f
	i
	l
	e
	 
	n
	a
	m
	e
	 
	a
	f
	t
	e
	r
	 
	t
	h
	e
	 
	f
	l
	a
	g
	.
❌ /clear/courses/comp412/students/ILOC/contributed/2013/lab2/s45_block2.i failed!
- Summary:
	Y
	o
	u
	 
	i
	d
	e
	n
	t
	i
	f
	i
	e
	d
	 
	0
	/
	0
	 
	e
	r
	r
	o
	r
	s
	 
	c
	o
	r
	r
	e
	c
	t
	l
	y
	.
	Y
	o
	u
	 
	i
	d
	e
	n
	t
	i
	f
	i
	e
	d
	 
	0
	 
	c
	o
	r
	r
	e
	c
	t
	 
	l
	i
	n
	e
	s
	 
	a
	s
	 
	e
	r
	r
	o
	r
	s
	.
	Y
	o
	u
	 
	d
	o
	 
	n
	o
	t
	 
	h
	a
	v
	e
	 
	a
	 
	s
	u
	c
	c
	e
	s
	s
	 
	m
	e
	s
	s
	a
	g
	e
	 
	w
	h
	i
	l
	e
	 
	t
	h
	e
	 
	r
	e
	f
	e
	r
	e
	n
	c
	e
	 
	d
	o
	e
	s
	.
	N
	O
	T
	E
	:
	 
	Y
	o
	u
	r
	 
	s
	u
	c
	c
	e
	s
	s
	 
	m
	e
	s
	s
	a
	g
	e
	 
	m
	u
	s
	t
	 
	c
	o
	n
	t
	a
	i
	n
	 
	t
	h
	e
	 
	w
	o
	r
	d
	 
	"
	(
	S
	|
	s
	)
	u
	c
	c
	e
	e
	d
	e
	d
	"
	,
	 
	"
	(
	S
	|
	s
	)
	u
	c
	c
	e
	s
	s
	"
	,
	 
	"
	S
	U
	C
	C
	E
	S
	S
	"
	,
	 
	o
	r
	 
	"
	S
	U
	C
	C
	E
	E
	D
	E
	D
	"
	;
	 
	t
	h
	i
	s
	 
	c
	a
	n
	 
	b
	e
	 
	c
	h
	a
	n
	g
	e
	d
	 
	i
	n
	 
	r
	u
	n
	n
	e
	r
	.
	p
	y
	.
- Reference output:
	P
	a
	r
	s
	e
	 
	s
	u
	c
	c
	e
	e
	d
	e
	d
	,
	 
	f
	i
	n
	d
	i
	n
	g
	 
	2
	7
	 
	I
	L
	O
	C
	 
	o
	p
	e
	r
	a
	t
	i
	o
	n
	s
	.
- Your output:
	P
	O
	O
	 
	P
	O
	O
	O
	 
	P
	O
	O
	

	M
	u
	s
	t
	 
	s
	p
	e
	c
	i
	f
	y
	 
	a
	 
	f
	i
	l
	e
	 
	n
	a
	m
	e
	 
	a
	f
	t
	e
	r
	 
	t
	h
	e
	 
	f
	l
	a
	g
	.
❌ /clear/courses/comp412/students/ILOC/contributed/2013/lab2/s22_test_block4.i failed!
- Summary:
	Y
	o
	u
	 
	i
	d
	e
	n
	t
	i
	f
	i
	e
	d
	 
	0
	/
	0
	 
	e
	r
	r
	o
	r
	s
	 
	c
	o
	r
	r
	e
	c
	t
	l
	y
	.
	Y
	o
	u
	 
	i
	d
	e
	n
	t
	i
	f
	i
	e
	d
	 
	0
	 
	c
	o
	r
	r
	e
	c
	t
	 
	l
	i
	n
	e
	s
	 
	a
	s
	 
	e
	r
	r
	o
	r
	s
	.
	Y
	o
	u
	 
	d
	o
	 
	n
	o
	t
	 
	h
	a
	v
	e
	 
	a
	 
	s
	u
	c
	c
	e
	s
	s
	 
	m
	e
	s
	s
	a
	g
	e
	 
	w
	h
	i
	l
	e
	 
	t
	h
	e
	 
	r
	e
	f
	e
	r
	e
	n
	c
	e
	 
	d
	o
	e
	s
	.
	N
	O
	T
	E
	:
	 
	Y
	o
	u
	r
	 
	s
	u
	c
	c
	e
	s
	s
	 
	m
	e
	s
	s
	a
	g
	e
	 
	m
	u
	s
	t
	 
	c
	o
	n
	t
	a
	i
	n
	 
	t
	h
	e
	 
	w
	o
	r
	d
	 
	"
	(
	S
	|
	s
	)
	u
	c
	c
	e
	e
	d
	e
	d
	"
	,
	 
	"
	(
	S
	|
	s
	)
	u
	c
	c
	e
	s
	s
	"
	,
	 
	"
	S
	U
	C
	C
	E
	S
	S
	"
	,
	 
	o
	r
	 
	"
	S
	U
	C
	C
	E
	E
	D
	E
	D
	"
	;
	 
	t
	h
	i
	s
	 
	c
	a
	n
	 
	b
	e
	 
	c
	h
	a
	n
	g
	e
	d
	 
	i
	n
	 
	r
	u
	n
	n
	e
	r
	.
	p
	y
	.
- Reference output:
	P
	a
	r
	s
	e
	 
	s
	u
	c
	c
	e
	e
	d
	e
	d
	,
	 
	f
	i
	n
	d
	i
	n
	g
	 
	3
	8
	 
	I
	L
	O
	C
	 
	o
	p
	e
	r
	a
	t
	i
	o
	n
	s
	.
- Your output:
	P
	O
	O
	 
	P
	O
	O
	O
	 
	P
	O
	O
	

	M
	u
	s
	t
	 
	s
	p
	e
	c
	i
	f
	y
	 
	a
	 
	f
	i
	l
	e
	 
	n
	a
	m
	e
	 
	a
	f
	t
	e
	r
	 
	t
	h
	e
	 
	f
	l
	a
	g
	.
❌ /clear/courses/comp412/students/ILOC/contributed/2013/lab2/s14_test1.i failed!
- Summary:
	Y
	o
	u
	 
	i
	d
	e
	n
	t
	i
	f
	i
	e
	d
	 
	0
	/
	0
	 
	e
	r
	r
	o
	r
	s
	 
	c
	o
	r
	r
	e
	c
	t
	l
	y
	.
	Y
	o
	u
	 
	i
	d
	e
	n
	t
	i
	f
	i
	e
	d
	 
	0
	 
	c
	o
	r
	r
	e
	c
	t
	 
	l
	i
	n
	e
	s
	 
	a
	s
	 
	e
	r
	r
	o
	r
	s
	.
	Y
	o
	u
	 
	d
	o
	 
	n
	o
	t
	 
	h
	a
	v
	e
	 
	a
	 
	s
	u
	c
	c
	e
	s
	s
	 
	m
	e
	s
	s
	a
	g
	e
	 
	w
	h
	i
	l
	e
	 
	t
	h
	e
	 
	r
	e
	f
	e
	r
	e
	n
	c
	e
	 
	d
	o
	e
	s
	.
	N
	O
	T
	E
	:
	 
	Y
	o
	u
	r
	 
	s
	u
	c
	c
	e
	s
	s
	 
	m
	e
	s
	s
	a
	g
	e
	 
	m
	u
	s
	t
	 
	c
	o
	n
	t
	a
	i
	n
	 
	t
	h
	e
	 
	w
	o
	r
	d
	 
	"
	(
	S
	|
	s
	)
	u
	c
	c
	e
	e
	d
	e
	d
	"
	,
	 
	"
	(
	S
	|
	s
	)
	u
	c
	c
	e
	s
	s
	"
	,
	 
	"
	S
	U
	C
	C
	E
	S
	S
	"
	,
	 
	o
	r
	 
	"
	S
	U
	C
	C
	E
	E
	D
	E
	D
	"
	;
	 
	t
	h
	i
	s
	 
	c
	a
	n
	 
	b
	e
	 
	c
	h
	a
	n
	g
	e
	d
	 
	i
	n
	 
	r
	u
	n
	n
	e
	r
	.
	p
	y
	.
- Reference output:
	P
	a
	r
	s
	e
	 
	s
	u
	c
	c
	e
	e
	d
	e
	d
	,
	 
	f
	i
	n
	d
	i
	n
	g
	 
	1
	2
	 
	I
	L
	O
	C
	 
	o
	p
	e
	r
	a
	t
	i
	o
	n
	s
	.
- Your output:
	P
	O
	O
	 
	P
	O
	O
	O
	 
	P
	O
	O
	

	M
	u
	s
	t
	 
	s
	p
	e
	c
	i
	f
	y
	 
	a
	 
	f
	i
	l
	e
	 
	n
	a
	m
	e
	 
	a
	f
	t
	e
	r
	 
	t
	h
	e
	 
	f
	l
	a
	g
	.
❌ /clear/courses/comp412/students/ILOC/contributed/2013/lab2/s12_testblock2.i failed!
- Summary:
	Y
	o
	u
	 
	i
	d
	e
	n
	t
	i
	f
	i
	e
	d
	 
	0
	/
	0
	 
	e
	r
	r
	o
	r
	s
	 
	c
	o
	r
	r
	e
	c
	t
	l
	y
	.
	Y
	o
	u
	 
	i
	d
	e
	n
	t
	i
	f
	i
	e
	d
	 
	0
	 
	c
	o
	r
	r
	e
	c
	t
	 
	l
	i
	n
	e
	s
	 
	a
	s
	 
	e
	r
	r
	o
	r
	s
	.
	Y
	o
	u
	 
	d
	o
	 
	n
	o
	t
	 
	h
	a
	v
	e
	 
	a
	 
	s
	u
	c
	c
	e
	s
	s
	 
	m
	e
	s
	s
	a
	g
	e
	 
	w
	h
	i
	l
	e
	 
	t
	h
	e
	 
	r
	e
	f
	e
	r
	e
	n
	c
	e
	 
	d
	o
	e
	s
	.
	N
	O
	T
	E
	:
	 
	Y
	o
	u
	r
	 
	s
	u
	c
	c
	e
	s
	s
	 
	m
	e
	s
	s
	a
	g
	e
	 
	m
	u
	s
	t
	 
	c
	o
	n
	t
	a
	i
	n
	 
	t
	h
	e
	 
	w
	o
	r
	d
	 
	"
	(
	S
	|
	s
	)
	u
	c
	c
	e
	e
	d
	e
	d
	"
	,
	 
	"
	(
	S
	|
	s
	)
	u
	c
	c
	e
	s
	s
	"
	,
	 
	"
	S
	U
	C
	C
	E
	S
	S
	"
	,
	 
	o
	r
	 
	"
	S
	U
	C
	C
	E
	E
	D
	E
	D
	"
	;
	 
	t
	h
	i
	s
	 
	c
	a
	n
	 
	b
	e
	 
	c
	h
	a
	n
	g
	e
	d
	 
	i
	n
	 
	r
	u
	n
	n
	e
	r
	.
	p
	y
	.
- Reference output:
	P
	a
	r
	s
	e
	 
	s
	u
	c
	c
	e
	e
	d
	e
	d
	,
	 
	f
	i
	n
	d
	i
	n
	g
	 
	1
	9
	 
	I
	L
	O
	C
	 
	o
	p
	e
	r
	a
	t
	i
	o
	n
	s
	.
- Your output:
	P
	O
	O
	 
	P
	O
	O
	O
	 
	P
	O
	O
	

	M
	u
	s
	t
	 
	s
	p
	e
	c
	i
	f
	y
	 
	a
	 
	f
	i
	l
	e
	 
	n
	a
	m
	e
	 
	a
	f
	t
	e
	r
	 
	t
	h
	e
	 
	f
	l
	a
	g
	.
❌ /clear/courses/comp412/students/ILOC/contributed/2013/lab2/s43_block4.i failed!
- Summary:
	Y
	o
	u
	 
	i
	d
	e
	n
	t
	i
	f
	i
	e
	d
	 
	0
	/
	0
	 
	e
	r
	r
	o
	r
	s
	 
	c
	o
	r
	r
	e
	c
	t
	l
	y
	.
	Y
	o
	u
	 
	i
	d
	e
	n
	t
	i
	f
	i
	e
	d
	 
	0
	 
	c
	o
	r
	r
	e
	c
	t
	 
	l
	i
	n
	e
	s
	 
	a
	s
	 
	e
	r
	r
	o
	r
	s
	.
	Y
	o
	u
	 
	d
	o
	 
	n
	o
	t
	 
	h
	a
	v
	e
	 
	a
	 
	s
	u
	c
	c
	e
	s
	s
	 
	m
	e
	s
	s
	a
	g
	e
	 
	w
	h
	i
	l
	e
	 
	t
	h
	e
	 
	r
	e
	f
	e
	r
	e
	n
	c
	e
	 
	d
	o
	e
	s
	.
	N
	O
	T
	E
	:
	 
	Y
	o
	u
	r
	 
	s
	u
	c
	c
	e
	s
	s
	 
	m
	e
	s
	s
	a
	g
	e
	 
	m
	u
	s
	t
	 
	c
	o
	n
	t
	a
	i
	n
	 
	t
	h
	e
	 
	w
	o
	r
	d
	 
	"
	(
	S
	|
	s
	)
	u
	c
	c
	e
	e
	d
	e
	d
	"
	,
	 
	"
	(
	S
	|
	s
	)
	u
	c
	c
	e
	s
	s
	"
	,
	 
	"
	S
	U
	C
	C
	E
	S
	S
	"
	,
	 
	o
	r
	 
	"
	S
	U
	C
	C
	E
	E
	D
	E
	D
	"
	;
	 
	t
	h
	i
	s
	 
	c
	a
	n
	 
	b
	e
	 
	c
	h
	a
	n
	g
	e
	d
	 
	i
	n
	 
	r
	u
	n
	n
	e
	r
	.
	p
	y
	.
- Reference output:
	P
	a
	r
	s
	e
	 
	s
	u
	c
	c
	e
	e
	d
	e
	d
	,
	 
	f
	i
	n
	d
	i
	n
	g
	 
	1
	3
	 
	I
	L
	O
	C
	 
	o
	p
	e
	r
	a
	t
	i
	o
	n
	s
	.
- Your output:
	P
	O
	O
	 
	P
	O
	O
	O
	 
	P
	O
	O
	

	M
	u
	s
	t
	 
	s
	p
	e
	c
	i
	f
	y
	 
	a
	 
	f
	i
	l
	e
	 
	n
	a
	m
	e
	 
	a
	f
	t
	e
	r
	 
	t
	h
	e
	 
	f
	l
	a
	g
	.
❌ /clear/courses/comp412/students/ILOC/contributed/2013/lab2/s38_round.i failed!
- Summary:
	Y
	o
	u
	 
	i
	d
	e
	n
	t
	i
	f
	i
	e
	d
	 
	0
	/
	0
	 
	e
	r
	r
	o
	r
	s
	 
	c
	o
	r
	r
	e
	c
	t
	l
	y
	.
	Y
	o
	u
	 
	i
	d
	e
	n
	t
	i
	f
	i
	e
	d
	 
	0
	 
	c
	o
	r
	r
	e
	c
	t
	 
	l
	i
	n
	e
	s
	 
	a
	s
	 
	e
	r
	r
	o
	r
	s
	.
	Y
	o
	u
	 
	d
	o
	 
	n
	o
	t
	 
	h
	a
	v
	e
	 
	a
	 
	s
	u
	c
	c
	e
	s
	s
	 
	m
	e
	s
	s
	a
	g
	e
	 
	w
	h
	i
	l
	e
	 
	t
	h
	e
	 
	r
	e
	f
	e
	r
	e
	n
	c
	e
	 
	d
	o
	e
	s
	.
	N
	O
	T
	E
	:
	 
	Y
	o
	u
	r
	 
	s
	u
	c
	c
	e
	s
	s
	 
	m
	e
	s
	s
	a
	g
	e
	 
	m
	u
	s
	t
	 
	c
	o
	n
	t
	a
	i
	n
	 
	t
	h
	e
	 
	w
	o
	r
	d
	 
	"
	(
	S
	|
	s
	)
	u
	c
	c
	e
	e
	d
	e
	d
	"
	,
	 
	"
	(
	S
	|
	s
	)
	u
	c
	c
	e
	s
	s
	"
	,
	 
	"
	S
	U
	C
	C
	E
	S
	S
	"
	,
	 
	o
	r
	 
	"
	S
	U
	C
	C
	E
	E
	D
	E
	D
	"
	;
	 
	t
	h
	i
	s
	 
	c
	a
	n
	 
	b
	e
	 
	c
	h
	a
	n
	g
	e
	d
	 
	i
	n
	 
	r
	u
	n
	n
	e
	r
	.
	p
	y
	.
- Reference output:
	P
	a
	r
	s
	e
	 
	s
	u
	c
	c
	e
	e
	d
	e
	d
	,
	 
	f
	i
	n
	d
	i
	n
	g
	 
	3
	0
	 
	I
	L
	O
	C
	 
	o
	p
	e
	r
	a
	t
	i
	o
	n
	s
	.
- Your output:
	P
	O
	O
	 
	P
	O
	O
	O
	 
	P
	O
	O
	

	M
	u
	s
	t
	 
	s
	p
	e
	c
	i
	f
	y
	 
	a
	 
	f
	i
	l
	e
	 
	n
	a
	m
	e
	 
	a
	f
	t
	e
	r
	 
	t
	h
	e
	 
	f
	l
	a
	g
	.
❌ /clear/courses/comp412/students/ILOC/contributed/2013/lab2/s24_test2.i failed!
- Summary:
	Y
	o
	u
	 
	i
	d
	e
	n
	t
	i
	f
	i
	e
	d
	 
	0
	/
	0
	 
	e
	r
	r
	o
	r
	s
	 
	c
	o
	r
	r
	e
	c
	t
	l
	y
	.
	Y
	o
	u
	 
	i
	d
	e
	n
	t
	i
	f
	i
	e
	d
	 
	0
	 
	c
	o
	r
	r
	e
	c
	t
	 
	l
	i
	n
	e
	s
	 
	a
	s
	 
	e
	r
	r
	o
	r
	s
	.
	Y
	o
	u
	 
	d
	o
	 
	n
	o
	t
	 
	h
	a
	v
	e
	 
	a
	 
	s
	u
	c
	c
	e
	s
	s
	 
	m
	e
	s
	s
	a
	g
	e
	 
	w
	h
	i
	l
	e
	 
	t
	h
	e
	 
	r
	e
	f
	e
	r
	e
	n
	c
	e
	 
	d
	o
	e
	s
	.
	N
	O
	T
	E
	:
	 
	Y
	o
	u
	r
	 
	s
	u
	c
	c
	e
	s
	s
	 
	m
	e
	s
	s
	a
	g
	e
	 
	m
	u
	s
	t
	 
	c
	o
	n
	t
	a
	i
	n
	 
	t
	h
	e
	 
	w
	o
	r
	d
	 
	"
	(
	S
	|
	s
	)
	u
	c
	c
	e
	e
	d
	e
	d
	"
	,
	 
	"
	(
	S
	|
	s
	)
	u
	c
	c
	e
	s
	s
	"
	,
	 
	"
	S
	U
	C
	C
	E
	S
	S
	"
	,
	 
	o
	r
	 
	"
	S
	U
	C
	C
	E
	E
	D
	E
	D
	"
	;
	 
	t
	h
	i
	s
	 
	c
	a
	n
	 
	b
	e
	 
	c
	h
	a
	n
	g
	e
	d
	 
	i
	n
	 
	r
	u
	n
	n
	e
	r
	.
	p
	y
	.
- Reference output:
	P
	a
	r
	s
	e
	 
	s
	u
	c
	c
	e
	e
	d
	e
	d
	,
	 
	f
	i
	n
	d
	i
	n
	g
	 
	1
	9
	 
	I
	L
	O
	C
	 
	o
	p
	e
	r
	a
	t
	i
	o
	n
	s
	.
- Your output:
	P
	O
	O
	 
	P
	O
	O
	O
	 
	P
	O
	O
	

	M
	u
	s
	t
	 
	s
	p
	e
	c
	i
	f
	y
	 
	a
	 
	f
	i
	l
	e
	 
	n
	a
	m
	e
	 
	a
	f
	t
	e
	r
	 
	t
	h
	e
	 
	f
	l
	a
	g
	.
❌ /clear/courses/comp412/students/ILOC/contributed/2013/lab2/s22_test_block1.i failed!
- Summary:
	Y
	o
	u
	 
	i
	d
	e
	n
	t
	i
	f
	i
	e
	d
	 
	0
	/
	0
	 
	e
	r
	r
	o
	r
	s
	 
	c
	o
	r
	r
	e
	c
	t
	l
	y
	.
	Y
	o
	u
	 
	i
	d
	e
	n
	t
	i
	f
	i
	e
	d
	 
	0
	 
	c
	o
	r
	r
	e
	c
	t
	 
	l
	i
	n
	e
	s
	 
	a
	s
	 
	e
	r
	r
	o
	r
	s
	.
	Y
	o
	u
	 
	d
	o
	 
	n
	o
	t
	 
	h
	a
	v
	e
	 
	a
	 
	s
	u
	c
	c
	e
	s
	s
	 
	m
	e
	s
	s
	a
	g
	e
	 
	w
	h
	i
	l
	e
	 
	t
	h
	e
	 
	r
	e
	f
	e
	r
	e
	n
	c
	e
	 
	d
	o
	e
	s
	.
	N
	O
	T
	E
	:
	 
	Y
	o
	u
	r
	 
	s
	u
	c
	c
	e
	s
	s
	 
	m
	e
	s
	s
	a
	g
	e
	 
	m
	u
	s
	t
	 
	c
	o
	n
	t
	a
	i
	n
	 
	t
	h
	e
	 
	w
	o
	r
	d
	 
	"
	(
	S
	|
	s
	)
	u
	c
	c
	e
	e
	d
	e
	d
	"
	,
	 
	"
	(
	S
	|
	s
	)
	u
	c
	c
	e
	s
	s
	"
	,
	 
	"
	S
	U
	C
	C
	E
	S
	S
	"
	,
	 
	o
	r
	 
	"
	S
	U
	C
	C
	E
	E
	D
	E
	D
	"
	;
	 
	t
	h
	i
	s
	 
	c
	a
	n
	 
	b
	e
	 
	c
	h
	a
	n
	g
	e
	d
	 
	i
	n
	 
	r
	u
	n
	n
	e
	r
	.
	p
	y
	.
- Reference output:
	P
	a
	r
	s
	e
	 
	s
	u
	c
	c
	e
	e
	d
	e
	d
	,
	 
	f
	i
	n
	d
	i
	n
	g
	 
	3
	5
	 
	I
	L
	O
	C
	 
	o
	p
	e
	r
	a
	t
	i
	o
	n
	s
	.
- Your output:
	P
	O
	O
	 
	P
	O
	O
	O
	 
	P
	O
	O
	

	M
	u
	s
	t
	 
	s
	p
	e
	c
	i
	f
	y
	 
	a
	 
	f
	i
	l
	e
	 
	n
	a
	m
	e
	 
	a
	f
	t
	e
	r
	 
	t
	h
	e
	 
	f
	l
	a
	g
	.
❌ /clear/courses/comp412/students/ILOC/contributed/2013/lab2/s63_test2.i failed!
- Summary:
	Y
	o
	u
	 
	i
	d
	e
	n
	t
	i
	f
	i
	e
	d
	 
	0
	/
	0
	 
	e
	r
	r
	o
	r
	s
	 
	c
	o
	r
	r
	e
	c
	t
	l
	y
	.
	Y
	o
	u
	 
	i
	d
	e
	n
	t
	i
	f
	i
	e
	d
	 
	0
	 
	c
	o
	r
	r
	e
	c
	t
	 
	l
	i
	n
	e
	s
	 
	a
	s
	 
	e
	r
	r
	o
	r
	s
	.
	Y
	o
	u
	 
	d
	o
	 
	n
	o
	t
	 
	h
	a
	v
	e
	 
	a
	 
	s
	u
	c
	c
	e
	s
	s
	 
	m
	e
	s
	s
	a
	g
	e
	 
	w
	h
	i
	l
	e
	 
	t
	h
	e
	 
	r
	e
	f
	e
	r
	e
	n
	c
	e
	 
	d
	o
	e
	s
	.
	N
	O
	T
	E
	:
	 
	Y
	o
	u
	r
	 
	s
	u
	c
	c
	e
	s
	s
	 
	m
	e
	s
	s
	a
	g
	e
	 
	m
	u
	s
	t
	 
	c
	o
	n
	t
	a
	i
	n
	 
	t
	h
	e
	 
	w
	o
	r
	d
	 
	"
	(
	S
	|
	s
	)
	u
	c
	c
	e
	e
	d
	e
	d
	"
	,
	 
	"
	(
	S
	|
	s
	)
	u
	c
	c
	e
	s
	s
	"
	,
	 
	"
	S
	U
	C
	C
	E
	S
	S
	"
	,
	 
	o
	r
	 
	"
	S
	U
	C
	C
	E
	E
	D
	E
	D
	"
	;
	 
	t
	h
	i
	s
	 
	c
	a
	n
	 
	b
	e
	 
	c
	h
	a
	n
	g
	e
	d
	 
	i
	n
	 
	r
	u
	n
	n
	e
	r
	.
	p
	y
	.
- Reference output:
	P
	a
	r
	s
	e
	 
	s
	u
	c
	c
	e
	e
	d
	e
	d
	,
	 
	f
	i
	n
	d
	i
	n
	g
	 
	1
	0
	 
	I
	L
	O
	C
	 
	o
	p
	e
	r
	a
	t
	i
	o
	n
	s
	.
- Your output:
	P
	O
	O
	 
	P
	O
	O
	O
	 
	P
	O
	O
	

	M
	u
	s
	t
	 
	s
	p
	e
	c
	i
	f
	y
	 
	a
	 
	f
	i
	l
	e
	 
	n
	a
	m
	e
	 
	a
	f
	t
	e
	r
	 
	t
	h
	e
	 
	f
	l
	a
	g
	.
❌ /clear/courses/comp412/students/ILOC/contributed/2013/lab2/s58_test3.i failed!
- Summary:
	Y
	o
	u
	 
	i
	d
	e
	n
	t
	i
	f
	i
	e
	d
	 
	0
	/
	0
	 
	e
	r
	r
	o
	r
	s
	 
	c
	o
	r
	r
	e
	c
	t
	l
	y
	.
	Y
	o
	u
	 
	i
	d
	e
	n
	t
	i
	f
	i
	e
	d
	 
	0
	 
	c
	o
	r
	r
	e
	c
	t
	 
	l
	i
	n
	e
	s
	 
	a
	s
	 
	e
	r
	r
	o
	r
	s
	.
	Y
	o
	u
	 
	d
	o
	 
	n
	o
	t
	 
	h
	a
	v
	e
	 
	a
	 
	s
	u
	c
	c
	e
	s
	s
	 
	m
	e
	s
	s
	a
	g
	e
	 
	w
	h
	i
	l
	e
	 
	t
	h
	e
	 
	r
	e
	f
	e
	r
	e
	n
	c
	e
	 
	d
	o
	e
	s
	.
	N
	O
	T
	E
	:
	 
	Y
	o
	u
	r
	 
	s
	u
	c
	c
	e
	s
	s
	 
	m
	e
	s
	s
	a
	g
	e
	 
	m
	u
	s
	t
	 
	c
	o
	n
	t
	a
	i
	n
	 
	t
	h
	e
	 
	w
	o
	r
	d
	 
	"
	(
	S
	|
	s
	)
	u
	c
	c
	e
	e
	d
	e
	d
	"
	,
	 
	"
	(
	S
	|
	s
	)
	u
	c
	c
	e
	s
	s
	"
	,
	 
	"
	S
	U
	C
	C
	E
	S
	S
	"
	,
	 
	o
	r
	 
	"
	S
	U
	C
	C
	E
	E
	D
	E
	D
	"
	;
	 
	t
	h
	i
	s
	 
	c
	a
	n
	 
	b
	e
	 
	c
	h
	a
	n
	g
	e
	d
	 
	i
	n
	 
	r
	u
	n
	n
	e
	r
	.
	p
	y
	.
- Reference output:
	P
	a
	r
	s
	e
	 
	s
	u
	c
	c
	e
	e
	d
	e
	d
	,
	 
	f
	i
	n
	d
	i
	n
	g
	 
	7
	2
	 
	I
	L
	O
	C
	 
	o
	p
	e
	r
	a
	t
	i
	o
	n
	s
	.
- Your output:
	P
	O
	O
	 
	P
	O
	O
	O
	 
	P
	O
	O
	

	M
	u
	s
	t
	 
	s
	p
	e
	c
	i
	f
	y
	 
	a
	 
	f
	i
	l
	e
	 
	n
	a
	m
	e
	 
	a
	f
	t
	e
	r
	 
	t
	h
	e
	 
	f
	l
	a
	g
	.
❌ /clear/courses/comp412/students/ILOC/contributed/2013/lab2/s04_test3.i failed!
- Summary:
	Y
	o
	u
	 
	i
	d
	e
	n
	t
	i
	f
	i
	e
	d
	 
	0
	/
	0
	 
	e
	r
	r
	o
	r
	s
	 
	c
	o
	r
	r
	e
	c
	t
	l
	y
	.
	Y
	o
	u
	 
	i
	d
	e
	n
	t
	i
	f
	i
	e
	d
	 
	0
	 
	c
	o
	r
	r
	e
	c
	t
	 
	l
	i
	n
	e
	s
	 
	a
	s
	 
	e
	r
	r
	o
	r
	s
	.
	Y
	o
	u
	 
	d
	o
	 
	n
	o
	t
	 
	h
	a
	v
	e
	 
	a
	 
	s
	u
	c
	c
	e
	s
	s
	 
	m
	e
	s
	s
	a
	g
	e
	 
	w
	h
	i
	l
	e
	 
	t
	h
	e
	 
	r
	e
	f
	e
	r
	e
	n
	c
	e
	 
	d
	o
	e
	s
	.
	N
	O
	T
	E
	:
	 
	Y
	o
	u
	r
	 
	s
	u
	c
	c
	e
	s
	s
	 
	m
	e
	s
	s
	a
	g
	e
	 
	m
	u
	s
	t
	 
	c
	o
	n
	t
	a
	i
	n
	 
	t
	h
	e
	 
	w
	o
	r
	d
	 
	"
	(
	S
	|
	s
	)
	u
	c
	c
	e
	e
	d
	e
	d
	"
	,
	 
	"
	(
	S
	|
	s
	)
	u
	c
	c
	e
	s
	s
	"
	,
	 
	"
	S
	U
	C
	C
	E
	S
	S
	"
	,
	 
	o
	r
	 
	"
	S
	U
	C
	C
	E
	E
	D
	E
	D
	"
	;
	 
	t
	h
	i
	s
	 
	c
	a
	n
	 
	b
	e
	 
	c
	h
	a
	n
	g
	e
	d
	 
	i
	n
	 
	r
	u
	n
	n
	e
	r
	.
	p
	y
	.
- Reference output:
	P
	a
	r
	s
	e
	 
	s
	u
	c
	c
	e
	e
	d
	e
	d
	,
	 
	f
	i
	n
	d
	i
	n
	g
	 
	2
	0
	 
	I
	L
	O
	C
	 
	o
	p
	e
	r
	a
	t
	i
	o
	n
	s
	.
- Your output:
	P
	O
	O
	 
	P
	O
	O
	O
	 
	P
	O
	O
	

	M
	u
	s
	t
	 
	s
	p
	e
	c
	i
	f
	y
	 
	a
	 
	f
	i
	l
	e
	 
	n
	a
	m
	e
	 
	a
	f
	t
	e
	r
	 
	t
	h
	e
	 
	f
	l
	a
	g
	.
❌ /clear/courses/comp412/students/ILOC/contributed/2013/lab2/s27_test3.i failed!
- Summary:
	Y
	o
	u
	 
	i
	d
	e
	n
	t
	i
	f
	i
	e
	d
	 
	0
	/
	0
	 
	e
	r
	r
	o
	r
	s
	 
	c
	o
	r
	r
	e
	c
	t
	l
	y
	.
	Y
	o
	u
	 
	i
	d
	e
	n
	t
	i
	f
	i
	e
	d
	 
	0
	 
	c
	o
	r
	r
	e
	c
	t
	 
	l
	i
	n
	e
	s
	 
	a
	s
	 
	e
	r
	r
	o
	r
	s
	.
	Y
	o
	u
	 
	d
	o
	 
	n
	o
	t
	 
	h
	a
	v
	e
	 
	a
	 
	s
	u
	c
	c
	e
	s
	s
	 
	m
	e
	s
	s
	a
	g
	e
	 
	w
	h
	i
	l
	e
	 
	t
	h
	e
	 
	r
	e
	f
	e
	r
	e
	n
	c
	e
	 
	d
	o
	e
	s
	.
	N
	O
	T
	E
	:
	 
	Y
	o
	u
	r
	 
	s
	u
	c
	c
	e
	s
	s
	 
	m
	e
	s
	s
	a
	g
	e
	 
	m
	u
	s
	t
	 
	c
	o
	n
	t
	a
	i
	n
	 
	t
	h
	e
	 
	w
	o
	r
	d
	 
	"
	(
	S
	|
	s
	)
	u
	c
	c
	e
	e
	d
	e
	d
	"
	,
	 
	"
	(
	S
	|
	s
	)
	u
	c
	c
	e
	s
	s
	"
	,
	 
	"
	S
	U
	C
	C
	E
	S
	S
	"
	,
	 
	o
	r
	 
	"
	S
	U
	C
	C
	E
	E
	D
	E
	D
	"
	;
	 
	t
	h
	i
	s
	 
	c
	a
	n
	 
	b
	e
	 
	c
	h
	a
	n
	g
	e
	d
	 
	i
	n
	 
	r
	u
	n
	n
	e
	r
	.
	p
	y
	.
- Reference output:
	P
	a
	r
	s
	e
	 
	s
	u
	c
	c
	e
	e
	d
	e
	d
	,
	 
	f
	i
	n
	d
	i
	n
	g
	 
	2
	4
	 
	I
	L
	O
	C
	 
	o
	p
	e
	r
	a
	t
	i
	o
	n
	s
	.
- Your output:
	P
	O
	O
	 
	P
	O
	O
	O
	 
	P
	O
	O
	

	M
	u
	s
	t
	 
	s
	p
	e
	c
	i
	f
	y
	 
	a
	 
	f
	i
	l
	e
	 
	n
	a
	m
	e
	 
	a
	f
	t
	e
	r
	 
	t
	h
	e
	 
	f
	l
	a
	g
	.
❌ /clear/courses/comp412/students/ILOC/contributed/2013/lab2/s17_test4.i failed!
- Summary:
	Y
	o
	u
	 
	i
	d
	e
	n
	t
	i
	f
	i
	e
	d
	 
	0
	/
	0
	 
	e
	r
	r
	o
	r
	s
	 
	c
	o
	r
	r
	e
	c
	t
	l
	y
	.
	Y
	o
	u
	 
	i
	d
	e
	n
	t
	i
	f
	i
	e
	d
	 
	0
	 
	c
	o
	r
	r
	e
	c
	t
	 
	l
	i
	n
	e
	s
	 
	a
	s
	 
	e
	r
	r
	o
	r
	s
	.
	Y
	o
	u
	 
	d
	o
	 
	n
	o
	t
	 
	h
	a
	v
	e
	 
	a
	 
	s
	u
	c
	c
	e
	s
	s
	 
	m
	e
	s
	s
	a
	g
	e
	 
	w
	h
	i
	l
	e
	 
	t
	h
	e
	 
	r
	e
	f
	e
	r
	e
	n
	c
	e
	 
	d
	o
	e
	s
	.
	N
	O
	T
	E
	:
	 
	Y
	o
	u
	r
	 
	s
	u
	c
	c
	e
	s
	s
	 
	m
	e
	s
	s
	a
	g
	e
	 
	m
	u
	s
	t
	 
	c
	o
	n
	t
	a
	i
	n
	 
	t
	h
	e
	 
	w
	o
	r
	d
	 
	"
	(
	S
	|
	s
	)
	u
	c
	c
	e
	e
	d
	e
	d
	"
	,
	 
	"
	(
	S
	|
	s
	)
	u
	c
	c
	e
	s
	s
	"
	,
	 
	"
	S
	U
	C
	C
	E
	S
	S
	"
	,
	 
	o
	r
	 
	"
	S
	U
	C
	C
	E
	E
	D
	E
	D
	"
	;
	 
	t
	h
	i
	s
	 
	c
	a
	n
	 
	b
	e
	 
	c
	h
	a
	n
	g
	e
	d
	 
	i
	n
	 
	r
	u
	n
	n
	e
	r
	.
	p
	y
	.
- Reference output:
	P
	a
	r
	s
	e
	 
	s
	u
	c
	c
	e
	e
	d
	e
	d
	,
	 
	f
	i
	n
	d
	i
	n
	g
	 
	2
	6
	 
	I
	L
	O
	C
	 
	o
	p
	e
	r
	a
	t
	i
	o
	n
	s
	.
- Your output:
	P
	O
	O
	 
	P
	O
	O
	O
	 
	P
	O
	O
	

	M
	u
	s
	t
	 
	s
	p
	e
	c
	i
	f
	y
	 
	a
	 
	f
	i
	l
	e
	 
	n
	a
	m
	e
	 
	a
	f
	t
	e
	r
	 
	t
	h
	e
	 
	f
	l
	a
	g
	.
❌ /clear/courses/comp412/students/ILOC/contributed/2013/lab2/s12_testblock3.i failed!
- Summary:
	Y
	o
	u
	 
	i
	d
	e
	n
	t
	i
	f
	i
	e
	d
	 
	0
	/
	0
	 
	e
	r
	r
	o
	r
	s
	 
	c
	o
	r
	r
	e
	c
	t
	l
	y
	.
	Y
	o
	u
	 
	i
	d
	e
	n
	t
	i
	f
	i
	e
	d
	 
	0
	 
	c
	o
	r
	r
	e
	c
	t
	 
	l
	i
	n
	e
	s
	 
	a
	s
	 
	e
	r
	r
	o
	r
	s
	.
	Y
	o
	u
	 
	d
	o
	 
	n
	o
	t
	 
	h
	a
	v
	e
	 
	a
	 
	s
	u
	c
	c
	e
	s
	s
	 
	m
	e
	s
	s
	a
	g
	e
	 
	w
	h
	i
	l
	e
	 
	t
	h
	e
	 
	r
	e
	f
	e
	r
	e
	n
	c
	e
	 
	d
	o
	e
	s
	.
	N
	O
	T
	E
	:
	 
	Y
	o
	u
	r
	 
	s
	u
	c
	c
	e
	s
	s
	 
	m
	e
	s
	s
	a
	g
	e
	 
	m
	u
	s
	t
	 
	c
	o
	n
	t
	a
	i
	n
	 
	t
	h
	e
	 
	w
	o
	r
	d
	 
	"
	(
	S
	|
	s
	)
	u
	c
	c
	e
	e
	d
	e
	d
	"
	,
	 
	"
	(
	S
	|
	s
	)
	u
	c
	c
	e
	s
	s
	"
	,
	 
	"
	S
	U
	C
	C
	E
	S
	S
	"
	,
	 
	o
	r
	 
	"
	S
	U
	C
	C
	E
	E
	D
	E
	D
	"
	;
	 
	t
	h
	i
	s
	 
	c
	a
	n
	 
	b
	e
	 
	c
	h
	a
	n
	g
	e
	d
	 
	i
	n
	 
	r
	u
	n
	n
	e
	r
	.
	p
	y
	.
- Reference output:
	P
	a
	r
	s
	e
	 
	s
	u
	c
	c
	e
	e
	d
	e
	d
	,
	 
	f
	i
	n
	d
	i
	n
	g
	 
	1
	3
	 
	I
	L
	O
	C
	 
	o
	p
	e
	r
	a
	t
	i
	o
	n
	s
	.
- Your output:
	P
	O
	O
	 
	P
	O
	O
	O
	 
	P
	O
	O
	

	M
	u
	s
	t
	 
	s
	p
	e
	c
	i
	f
	y
	 
	a
	 
	f
	i
	l
	e
	 
	n
	a
	m
	e
	 
	a
	f
	t
	e
	r
	 
	t
	h
	e
	 
	f
	l
	a
	g
	.
❌ /clear/courses/comp412/students/ILOC/contributed/2013/lab2/s34_test1.i failed!
- Summary:
	Y
	o
	u
	 
	i
	d
	e
	n
	t
	i
	f
	i
	e
	d
	 
	0
	/
	0
	 
	e
	r
	r
	o
	r
	s
	 
	c
	o
	r
	r
	e
	c
	t
	l
	y
	.
	Y
	o
	u
	 
	i
	d
	e
	n
	t
	i
	f
	i
	e
	d
	 
	0
	 
	c
	o
	r
	r
	e
	c
	t
	 
	l
	i
	n
	e
	s
	 
	a
	s
	 
	e
	r
	r
	o
	r
	s
	.
	Y
	o
	u
	 
	d
	o
	 
	n
	o
	t
	 
	h
	a
	v
	e
	 
	a
	 
	s
	u
	c
	c
	e
	s
	s
	 
	m
	e
	s
	s
	a
	g
	e
	 
	w
	h
	i
	l
	e
	 
	t
	h
	e
	 
	r
	e
	f
	e
	r
	e
	n
	c
	e
	 
	d
	o
	e
	s
	.
	N
	O
	T
	E
	:
	 
	Y
	o
	u
	r
	 
	s
	u
	c
	c
	e
	s
	s
	 
	m
	e
	s
	s
	a
	g
	e
	 
	m
	u
	s
	t
	 
	c
	o
	n
	t
	a
	i
	n
	 
	t
	h
	e
	 
	w
	o
	r
	d
	 
	"
	(
	S
	|
	s
	)
	u
	c
	c
	e
	e
	d
	e
	d
	"
	,
	 
	"
	(
	S
	|
	s
	)
	u
	c
	c
	e
	s
	s
	"
	,
	 
	"
	S
	U
	C
	C
	E
	S
	S
	"
	,
	 
	o
	r
	 
	"
	S
	U
	C
	C
	E
	E
	D
	E
	D
	"
	;
	 
	t
	h
	i
	s
	 
	c
	a
	n
	 
	b
	e
	 
	c
	h
	a
	n
	g
	e
	d
	 
	i
	n
	 
	r
	u
	n
	n
	e
	r
	.
	p
	y
	.
- Reference output:
	P
	a
	r
	s
	e
	 
	s
	u
	c
	c
	e
	e
	d
	e
	d
	,
	 
	f
	i
	n
	d
	i
	n
	g
	 
	6
	1
	 
	I
	L
	O
	C
	 
	o
	p
	e
	r
	a
	t
	i
	o
	n
	s
	.
- Your output:
	P
	O
	O
	 
	P
	O
	O
	O
	 
	P
	O
	O
	

	M
	u
	s
	t
	 
	s
	p
	e
	c
	i
	f
	y
	 
	a
	 
	f
	i
	l
	e
	 
	n
	a
	m
	e
	 
	a
	f
	t
	e
	r
	 
	t
	h
	e
	 
	f
	l
	a
	g
	.
❌ /clear/courses/comp412/students/ILOC/contributed/2013/lab2/s36_test4.i failed!
- Summary:
	Y
	o
	u
	 
	i
	d
	e
	n
	t
	i
	f
	i
	e
	d
	 
	0
	/
	0
	 
	e
	r
	r
	o
	r
	s
	 
	c
	o
	r
	r
	e
	c
	t
	l
	y
	.
	Y
	o
	u
	 
	i
	d
	e
	n
	t
	i
	f
	i
	e
	d
	 
	0
	 
	c
	o
	r
	r
	e
	c
	t
	 
	l
	i
	n
	e
	s
	 
	a
	s
	 
	e
	r
	r
	o
	r
	s
	.
	Y
	o
	u
	 
	d
	o
	 
	n
	o
	t
	 
	h
	a
	v
	e
	 
	a
	 
	s
	u
	c
	c
	e
	s
	s
	 
	m
	e
	s
	s
	a
	g
	e
	 
	w
	h
	i
	l
	e
	 
	t
	h
	e
	 
	r
	e
	f
	e
	r
	e
	n
	c
	e
	 
	d
	o
	e
	s
	.
	N
	O
	T
	E
	:
	 
	Y
	o
	u
	r
	 
	s
	u
	c
	c
	e
	s
	s
	 
	m
	e
	s
	s
	a
	g
	e
	 
	m
	u
	s
	t
	 
	c
	o
	n
	t
	a
	i
	n
	 
	t
	h
	e
	 
	w
	o
	r
	d
	 
	"
	(
	S
	|
	s
	)
	u
	c
	c
	e
	e
	d
	e
	d
	"
	,
	 
	"
	(
	S
	|
	s
	)
	u
	c
	c
	e
	s
	s
	"
	,
	 
	"
	S
	U
	C
	C
	E
	S
	S
	"
	,
	 
	o
	r
	 
	"
	S
	U
	C
	C
	E
	E
	D
	E
	D
	"
	;
	 
	t
	h
	i
	s
	 
	c
	a
	n
	 
	b
	e
	 
	c
	h
	a
	n
	g
	e
	d
	 
	i
	n
	 
	r
	u
	n
	n
	e
	r
	.
	p
	y
	.
- Reference output:
	P
	a
	r
	s
	e
	 
	s
	u
	c
	c
	e
	e
	d
	e
	d
	,
	 
	f
	i
	n
	d
	i
	n
	g
	 
	1
	2
	9
	 
	I
	L
	O
	C
	 
	o
	p
	e
	r
	a
	t
	i
	o
	n
	s
	.
- Your output:
	P
	O
	O
	 
	P
	O
	O
	O
	 
	P
	O
	O
	

	M
	u
	s
	t
	 
	s
	p
	e
	c
	i
	f
	y
	 
	a
	 
	f
	i
	l
	e
	 
	n
	a
	m
	e
	 
	a
	f
	t
	e
	r
	 
	t
	h
	e
	 
	f
	l
	a
	g
	.
❌ /clear/courses/comp412/students/ILOC/contributed/2013/lab2/s11_test7.i failed!
- Summary:
	Y
	o
	u
	 
	i
	d
	e
	n
	t
	i
	f
	i
	e
	d
	 
	0
	/
	0
	 
	e
	r
	r
	o
	r
	s
	 
	c
	o
	r
	r
	e
	c
	t
	l
	y
	.
	Y
	o
	u
	 
	i
	d
	e
	n
	t
	i
	f
	i
	e
	d
	 
	0
	 
	c
	o
	r
	r
	e
	c
	t
	 
	l
	i
	n
	e
	s
	 
	a
	s
	 
	e
	r
	r
	o
	r
	s
	.
	Y
	o
	u
	 
	d
	o
	 
	n
	o
	t
	 
	h
	a
	v
	e
	 
	a
	 
	s
	u
	c
	c
	e
	s
	s
	 
	m
	e
	s
	s
	a
	g
	e
	 
	w
	h
	i
	l
	e
	 
	t
	h
	e
	 
	r
	e
	f
	e
	r
	e
	n
	c
	e
	 
	d
	o
	e
	s
	.
	N
	O
	T
	E
	:
	 
	Y
	o
	u
	r
	 
	s
	u
	c
	c
	e
	s
	s
	 
	m
	e
	s
	s
	a
	g
	e
	 
	m
	u
	s
	t
	 
	c
	o
	n
	t
	a
	i
	n
	 
	t
	h
	e
	 
	w
	o
	r
	d
	 
	"
	(
	S
	|
	s
	)
	u
	c
	c
	e
	e
	d
	e
	d
	"
	,
	 
	"
	(
	S
	|
	s
	)
	u
	c
	c
	e
	s
	s
	"
	,
	 
	"
	S
	U
	C
	C
	E
	S
	S
	"
	,
	 
	o
	r
	 
	"
	S
	U
	C
	C
	E
	E
	D
	E
	D
	"
	;
	 
	t
	h
	i
	s
	 
	c
	a
	n
	 
	b
	e
	 
	c
	h
	a
	n
	g
	e
	d
	 
	i
	n
	 
	r
	u
	n
	n
	e
	r
	.
	p
	y
	.
- Reference output:
	P
	a
	r
	s
	e
	 
	s
	u
	c
	c
	e
	e
	d
	e
	d
	,
	 
	f
	i
	n
	d
	i
	n
	g
	 
	3
	5
	 
	I
	L
	O
	C
	 
	o
	p
	e
	r
	a
	t
	i
	o
	n
	s
	.
- Your output:
	P
	O
	O
	 
	P
	O
	O
	O
	 
	P
	O
	O
	

	M
	u
	s
	t
	 
	s
	p
	e
	c
	i
	f
	y
	 
	a
	 
	f
	i
	l
	e
	 
	n
	a
	m
	e
	 
	a
	f
	t
	e
	r
	 
	t
	h
	e
	 
	f
	l
	a
	g
	.
❌ /clear/courses/comp412/students/ILOC/contributed/2013/lab2/s34_test5.i failed!
- Summary:
	Y
	o
	u
	 
	i
	d
	e
	n
	t
	i
	f
	i
	e
	d
	 
	0
	/
	0
	 
	e
	r
	r
	o
	r
	s
	 
	c
	o
	r
	r
	e
	c
	t
	l
	y
	.
	Y
	o
	u
	 
	i
	d
	e
	n
	t
	i
	f
	i
	e
	d
	 
	0
	 
	c
	o
	r
	r
	e
	c
	t
	 
	l
	i
	n
	e
	s
	 
	a
	s
	 
	e
	r
	r
	o
	r
	s
	.
	Y
	o
	u
	 
	d
	o
	 
	n
	o
	t
	 
	h
	a
	v
	e
	 
	a
	 
	s
	u
	c
	c
	e
	s
	s
	 
	m
	e
	s
	s
	a
	g
	e
	 
	w
	h
	i
	l
	e
	 
	t
	h
	e
	 
	r
	e
	f
	e
	r
	e
	n
	c
	e
	 
	d
	o
	e
	s
	.
	N
	O
	T
	E
	:
	 
	Y
	o
	u
	r
	 
	s
	u
	c
	c
	e
	s
	s
	 
	m
	e
	s
	s
	a
	g
	e
	 
	m
	u
	s
	t
	 
	c
	o
	n
	t
	a
	i
	n
	 
	t
	h
	e
	 
	w
	o
	r
	d
	 
	"
	(
	S
	|
	s
	)
	u
	c
	c
	e
	e
	d
	e
	d
	"
	,
	 
	"
	(
	S
	|
	s
	)
	u
	c
	c
	e
	s
	s
	"
	,
	 
	"
	S
	U
	C
	C
	E
	S
	S
	"
	,
	 
	o
	r
	 
	"
	S
	U
	C
	C
	E
	E
	D
	E
	D
	"
	;
	 
	t
	h
	i
	s
	 
	c
	a
	n
	 
	b
	e
	 
	c
	h
	a
	n
	g
	e
	d
	 
	i
	n
	 
	r
	u
	n
	n
	e
	r
	.
	p
	y
	.
- Reference output:
	P
	a
	r
	s
	e
	 
	s
	u
	c
	c
	e
	e
	d
	e
	d
	,
	 
	f
	i
	n
	d
	i
	n
	g
	 
	5
	2
	 
	I
	L
	O
	C
	 
	o
	p
	e
	r
	a
	t
	i
	o
	n
	s
	.
- Your output:
	P
	O
	O
	 
	P
	O
	O
	O
	 
	P
	O
	O
	

	M
	u
	s
	t
	 
	s
	p
	e
	c
	i
	f
	y
	 
	a
	 
	f
	i
	l
	e
	 
	n
	a
	m
	e
	 
	a
	f
	t
	e
	r
	 
	t
	h
	e
	 
	f
	l
	a
	g
	.
❌ /clear/courses/comp412/students/ILOC/contributed/2013/lab2/s10_test4.i failed!
- Summary:
	Y
	o
	u
	 
	i
	d
	e
	n
	t
	i
	f
	i
	e
	d
	 
	0
	/
	0
	 
	e
	r
	r
	o
	r
	s
	 
	c
	o
	r
	r
	e
	c
	t
	l
	y
	.
	Y
	o
	u
	 
	i
	d
	e
	n
	t
	i
	f
	i
	e
	d
	 
	0
	 
	c
	o
	r
	r
	e
	c
	t
	 
	l
	i
	n
	e
	s
	 
	a
	s
	 
	e
	r
	r
	o
	r
	s
	.
	Y
	o
	u
	 
	d
	o
	 
	n
	o
	t
	 
	h
	a
	v
	e
	 
	a
	 
	s
	u
	c
	c
	e
	s
	s
	 
	m
	e
	s
	s
	a
	g
	e
	 
	w
	h
	i
	l
	e
	 
	t
	h
	e
	 
	r
	e
	f
	e
	r
	e
	n
	c
	e
	 
	d
	o
	e
	s
	.
	N
	O
	T
	E
	:
	 
	Y
	o
	u
	r
	 
	s
	u
	c
	c
	e
	s
	s
	 
	m
	e
	s
	s
	a
	g
	e
	 
	m
	u
	s
	t
	 
	c
	o
	n
	t
	a
	i
	n
	 
	t
	h
	e
	 
	w
	o
	r
	d
	 
	"
	(
	S
	|
	s
	)
	u
	c
	c
	e
	e
	d
	e
	d
	"
	,
	 
	"
	(
	S
	|
	s
	)
	u
	c
	c
	e
	s
	s
	"
	,
	 
	"
	S
	U
	C
	C
	E
	S
	S
	"
	,
	 
	o
	r
	 
	"
	S
	U
	C
	C
	E
	E
	D
	E
	D
	"
	;
	 
	t
	h
	i
	s
	 
	c
	a
	n
	 
	b
	e
	 
	c
	h
	a
	n
	g
	e
	d
	 
	i
	n
	 
	r
	u
	n
	n
	e
	r
	.
	p
	y
	.
- Reference output:
	P
	a
	r
	s
	e
	 
	s
	u
	c
	c
	e
	e
	d
	e
	d
	,
	 
	f
	i
	n
	d
	i
	n
	g
	 
	1
	2
	9
	 
	I
	L
	O
	C
	 
	o
	p
	e
	r
	a
	t
	i
	o
	n
	s
	.
- Your output:
	P
	O
	O
	 
	P
	O
	O
	O
	 
	P
	O
	O
	

	M
	u
	s
	t
	 
	s
	p
	e
	c
	i
	f
	y
	 
	a
	 
	f
	i
	l
	e
	 
	n
	a
	m
	e
	 
	a
	f
	t
	e
	r
	 
	t
	h
	e
	 
	f
	l
	a
	g
	.
❌ /clear/courses/comp412/students/ILOC/contributed/2013/lab2/s46_test2.i failed!
- Summary:
	Y
	o
	u
	 
	i
	d
	e
	n
	t
	i
	f
	i
	e
	d
	 
	0
	/
	0
	 
	e
	r
	r
	o
	r
	s
	 
	c
	o
	r
	r
	e
	c
	t
	l
	y
	.
	Y
	o
	u
	 
	i
	d
	e
	n
	t
	i
	f
	i
	e
	d
	 
	0
	 
	c
	o
	r
	r
	e
	c
	t
	 
	l
	i
	n
	e
	s
	 
	a
	s
	 
	e
	r
	r
	o
	r
	s
	.
	Y
	o
	u
	 
	d
	o
	 
	n
	o
	t
	 
	h
	a
	v
	e
	 
	a
	 
	s
	u
	c
	c
	e
	s
	s
	 
	m
	e
	s
	s
	a
	g
	e
	 
	w
	h
	i
	l
	e
	 
	t
	h
	e
	 
	r
	e
	f
	e
	r
	e
	n
	c
	e
	 
	d
	o
	e
	s
	.
	N
	O
	T
	E
	:
	 
	Y
	o
	u
	r
	 
	s
	u
	c
	c
	e
	s
	s
	 
	m
	e
	s
	s
	a
	g
	e
	 
	m
	u
	s
	t
	 
	c
	o
	n
	t
	a
	i
	n
	 
	t
	h
	e
	 
	w
	o
	r
	d
	 
	"
	(
	S
	|
	s
	)
	u
	c
	c
	e
	e
	d
	e
	d
	"
	,
	 
	"
	(
	S
	|
	s
	)
	u
	c
	c
	e
	s
	s
	"
	,
	 
	"
	S
	U
	C
	C
	E
	S
	S
	"
	,
	 
	o
	r
	 
	"
	S
	U
	C
	C
	E
	E
	D
	E
	D
	"
	;
	 
	t
	h
	i
	s
	 
	c
	a
	n
	 
	b
	e
	 
	c
	h
	a
	n
	g
	e
	d
	 
	i
	n
	 
	r
	u
	n
	n
	e
	r
	.
	p
	y
	.
- Reference output:
	P
	a
	r
	s
	e
	 
	s
	u
	c
	c
	e
	e
	d
	e
	d
	,
	 
	f
	i
	n
	d
	i
	n
	g
	 
	6
	 
	I
	L
	O
	C
	 
	o
	p
	e
	r
	a
	t
	i
	o
	n
	s
	.
- Your output:
	P
	O
	O
	 
	P
	O
	O
	O
	 
	P
	O
	O
	

	M
	u
	s
	t
	 
	s
	p
	e
	c
	i
	f
	y
	 
	a
	 
	f
	i
	l
	e
	 
	n
	a
	m
	e
	 
	a
	f
	t
	e
	r
	 
	t
	h
	e
	 
	f
	l
	a
	g
	.
❌ /clear/courses/comp412/students/ILOC/contributed/2013/lab2/s04_test4.i failed!
- Summary:
	Y
	o
	u
	 
	i
	d
	e
	n
	t
	i
	f
	i
	e
	d
	 
	0
	/
	0
	 
	e
	r
	r
	o
	r
	s
	 
	c
	o
	r
	r
	e
	c
	t
	l
	y
	.
	Y
	o
	u
	 
	i
	d
	e
	n
	t
	i
	f
	i
	e
	d
	 
	0
	 
	c
	o
	r
	r
	e
	c
	t
	 
	l
	i
	n
	e
	s
	 
	a
	s
	 
	e
	r
	r
	o
	r
	s
	.
	Y
	o
	u
	 
	d
	o
	 
	n
	o
	t
	 
	h
	a
	v
	e
	 
	a
	 
	s
	u
	c
	c
	e
	s
	s
	 
	m
	e
	s
	s
	a
	g
	e
	 
	w
	h
	i
	l
	e
	 
	t
	h
	e
	 
	r
	e
	f
	e
	r
	e
	n
	c
	e
	 
	d
	o
	e
	s
	.
	N
	O
	T
	E
	:
	 
	Y
	o
	u
	r
	 
	s
	u
	c
	c
	e
	s
	s
	 
	m
	e
	s
	s
	a
	g
	e
	 
	m
	u
	s
	t
	 
	c
	o
	n
	t
	a
	i
	n
	 
	t
	h
	e
	 
	w
	o
	r
	d
	 
	"
	(
	S
	|
	s
	)
	u
	c
	c
	e
	e
	d
	e
	d
	"
	,
	 
	"
	(
	S
	|
	s
	)
	u
	c
	c
	e
	s
	s
	"
	,
	 
	"
	S
	U
	C
	C
	E
	S
	S
	"
	,
	 
	o
	r
	 
	"
	S
	U
	C
	C
	E
	E
	D
	E
	D
	"
	;
	 
	t
	h
	i
	s
	 
	c
	a
	n
	 
	b
	e
	 
	c
	h
	a
	n
	g
	e
	d
	 
	i
	n
	 
	r
	u
	n
	n
	e
	r
	.
	p
	y
	.
- Reference output:
	P
	a
	r
	s
	e
	 
	s
	u
	c
	c
	e
	e
	d
	e
	d
	,
	 
	f
	i
	n
	d
	i
	n
	g
	 
	1
	9
	 
	I
	L
	O
	C
	 
	o
	p
	e
	r
	a
	t
	i
	o
	n
	s
	.
- Your output:
	P
	O
	O
	 
	P
	O
	O
	O
	 
	P
	O
	O
	

	M
	u
	s
	t
	 
	s
	p
	e
	c
	i
	f
	y
	 
	a
	 
	f
	i
	l
	e
	 
	n
	a
	m
	e
	 
	a
	f
	t
	e
	r
	 
	t
	h
	e
	 
	f
	l
	a
	g
	.
❌ /clear/courses/comp412/students/ILOC/contributed/2013/lab2/s28_test3.i failed!
- Summary:
	Y
	o
	u
	 
	i
	d
	e
	n
	t
	i
	f
	i
	e
	d
	 
	0
	/
	0
	 
	e
	r
	r
	o
	r
	s
	 
	c
	o
	r
	r
	e
	c
	t
	l
	y
	.
	Y
	o
	u
	 
	i
	d
	e
	n
	t
	i
	f
	i
	e
	d
	 
	0
	 
	c
	o
	r
	r
	e
	c
	t
	 
	l
	i
	n
	e
	s
	 
	a
	s
	 
	e
	r
	r
	o
	r
	s
	.
	Y
	o
	u
	 
	d
	o
	 
	n
	o
	t
	 
	h
	a
	v
	e
	 
	a
	 
	s
	u
	c
	c
	e
	s
	s
	 
	m
	e
	s
	s
	a
	g
	e
	 
	w
	h
	i
	l
	e
	 
	t
	h
	e
	 
	r
	e
	f
	e
	r
	e
	n
	c
	e
	 
	d
	o
	e
	s
	.
	N
	O
	T
	E
	:
	 
	Y
	o
	u
	r
	 
	s
	u
	c
	c
	e
	s
	s
	 
	m
	e
	s
	s
	a
	g
	e
	 
	m
	u
	s
	t
	 
	c
	o
	n
	t
	a
	i
	n
	 
	t
	h
	e
	 
	w
	o
	r
	d
	 
	"
	(
	S
	|
	s
	)
	u
	c
	c
	e
	e
	d
	e
	d
	"
	,
	 
	"
	(
	S
	|
	s
	)
	u
	c
	c
	e
	s
	s
	"
	,
	 
	"
	S
	U
	C
	C
	E
	S
	S
	"
	,
	 
	o
	r
	 
	"
	S
	U
	C
	C
	E
	E
	D
	E
	D
	"
	;
	 
	t
	h
	i
	s
	 
	c
	a
	n
	 
	b
	e
	 
	c
	h
	a
	n
	g
	e
	d
	 
	i
	n
	 
	r
	u
	n
	n
	e
	r
	.
	p
	y
	.
- Reference output:
	P
	a
	r
	s
	e
	 
	s
	u
	c
	c
	e
	e
	d
	e
	d
	,
	 
	f
	i
	n
	d
	i
	n
	g
	 
	5
	6
	 
	I
	L
	O
	C
	 
	o
	p
	e
	r
	a
	t
	i
	o
	n
	s
	.
- Your output:
	P
	O
	O
	 
	P
	O
	O
	O
	 
	P
	O
	O
	

	M
	u
	s
	t
	 
	s
	p
	e
	c
	i
	f
	y
	 
	a
	 
	f
	i
	l
	e
	 
	n
	a
	m
	e
	 
	a
	f
	t
	e
	r
	 
	t
	h
	e
	 
	f
	l
	a
	g
	.
❌ /clear/courses/comp412/students/ILOC/contributed/2013/lab2/s20_test3.i failed!
- Summary:
	Y
	o
	u
	 
	i
	d
	e
	n
	t
	i
	f
	i
	e
	d
	 
	0
	/
	0
	 
	e
	r
	r
	o
	r
	s
	 
	c
	o
	r
	r
	e
	c
	t
	l
	y
	.
	Y
	o
	u
	 
	i
	d
	e
	n
	t
	i
	f
	i
	e
	d
	 
	0
	 
	c
	o
	r
	r
	e
	c
	t
	 
	l
	i
	n
	e
	s
	 
	a
	s
	 
	e
	r
	r
	o
	r
	s
	.
	Y
	o
	u
	 
	d
	o
	 
	n
	o
	t
	 
	h
	a
	v
	e
	 
	a
	 
	s
	u
	c
	c
	e
	s
	s
	 
	m
	e
	s
	s
	a
	g
	e
	 
	w
	h
	i
	l
	e
	 
	t
	h
	e
	 
	r
	e
	f
	e
	r
	e
	n
	c
	e
	 
	d
	o
	e
	s
	.
	N
	O
	T
	E
	:
	 
	Y
	o
	u
	r
	 
	s
	u
	c
	c
	e
	s
	s
	 
	m
	e
	s
	s
	a
	g
	e
	 
	m
	u
	s
	t
	 
	c
	o
	n
	t
	a
	i
	n
	 
	t
	h
	e
	 
	w
	o
	r
	d
	 
	"
	(
	S
	|
	s
	)
	u
	c
	c
	e
	e
	d
	e
	d
	"
	,
	 
	"
	(
	S
	|
	s
	)
	u
	c
	c
	e
	s
	s
	"
	,
	 
	"
	S
	U
	C
	C
	E
	S
	S
	"
	,
	 
	o
	r
	 
	"
	S
	U
	C
	C
	E
	E
	D
	E
	D
	"
	;
	 
	t
	h
	i
	s
	 
	c
	a
	n
	 
	b
	e
	 
	c
	h
	a
	n
	g
	e
	d
	 
	i
	n
	 
	r
	u
	n
	n
	e
	r
	.
	p
	y
	.
- Reference output:
	P
	a
	r
	s
	e
	 
	s
	u
	c
	c
	e
	e
	d
	e
	d
	,
	 
	f
	i
	n
	d
	i
	n
	g
	 
	6
	5
	 
	I
	L
	O
	C
	 
	o
	p
	e
	r
	a
	t
	i
	o
	n
	s
	.
- Your output:
	P
	O
	O
	 
	P
	O
	O
	O
	 
	P
	O
	O
	

	M
	u
	s
	t
	 
	s
	p
	e
	c
	i
	f
	y
	 
	a
	 
	f
	i
	l
	e
	 
	n
	a
	m
	e
	 
	a
	f
	t
	e
	r
	 
	t
	h
	e
	 
	f
	l
	a
	g
	.
❌ /clear/courses/comp412/students/ILOC/contributed/2013/lab2/s15_block3.i failed!
- Summary:
	Y
	o
	u
	 
	i
	d
	e
	n
	t
	i
	f
	i
	e
	d
	 
	0
	/
	0
	 
	e
	r
	r
	o
	r
	s
	 
	c
	o
	r
	r
	e
	c
	t
	l
	y
	.
	Y
	o
	u
	 
	i
	d
	e
	n
	t
	i
	f
	i
	e
	d
	 
	0
	 
	c
	o
	r
	r
	e
	c
	t
	 
	l
	i
	n
	e
	s
	 
	a
	s
	 
	e
	r
	r
	o
	r
	s
	.
	Y
	o
	u
	 
	d
	o
	 
	n
	o
	t
	 
	h
	a
	v
	e
	 
	a
	 
	s
	u
	c
	c
	e
	s
	s
	 
	m
	e
	s
	s
	a
	g
	e
	 
	w
	h
	i
	l
	e
	 
	t
	h
	e
	 
	r
	e
	f
	e
	r
	e
	n
	c
	e
	 
	d
	o
	e
	s
	.
	N
	O
	T
	E
	:
	 
	Y
	o
	u
	r
	 
	s
	u
	c
	c
	e
	s
	s
	 
	m
	e
	s
	s
	a
	g
	e
	 
	m
	u
	s
	t
	 
	c
	o
	n
	t
	a
	i
	n
	 
	t
	h
	e
	 
	w
	o
	r
	d
	 
	"
	(
	S
	|
	s
	)
	u
	c
	c
	e
	e
	d
	e
	d
	"
	,
	 
	"
	(
	S
	|
	s
	)
	u
	c
	c
	e
	s
	s
	"
	,
	 
	"
	S
	U
	C
	C
	E
	S
	S
	"
	,
	 
	o
	r
	 
	"
	S
	U
	C
	C
	E
	E
	D
	E
	D
	"
	;
	 
	t
	h
	i
	s
	 
	c
	a
	n
	 
	b
	e
	 
	c
	h
	a
	n
	g
	e
	d
	 
	i
	n
	 
	r
	u
	n
	n
	e
	r
	.
	p
	y
	.
- Reference output:
	P
	a
	r
	s
	e
	 
	s
	u
	c
	c
	e
	e
	d
	e
	d
	,
	 
	f
	i
	n
	d
	i
	n
	g
	 
	5
	8
	 
	I
	L
	O
	C
	 
	o
	p
	e
	r
	a
	t
	i
	o
	n
	s
	.
- Your output:
	P
	O
	O
	 
	P
	O
	O
	O
	 
	P
	O
	O
	

	M
	u
	s
	t
	 
	s
	p
	e
	c
	i
	f
	y
	 
	a
	 
	f
	i
	l
	e
	 
	n
	a
	m
	e
	 
	a
	f
	t
	e
	r
	 
	t
	h
	e
	 
	f
	l
	a
	g
	.
❌ /clear/courses/comp412/students/ILOC/contributed/2013/lab2/s51_test1.i failed!
- Summary:
	Y
	o
	u
	 
	i
	d
	e
	n
	t
	i
	f
	i
	e
	d
	 
	0
	/
	0
	 
	e
	r
	r
	o
	r
	s
	 
	c
	o
	r
	r
	e
	c
	t
	l
	y
	.
	Y
	o
	u
	 
	i
	d
	e
	n
	t
	i
	f
	i
	e
	d
	 
	0
	 
	c
	o
	r
	r
	e
	c
	t
	 
	l
	i
	n
	e
	s
	 
	a
	s
	 
	e
	r
	r
	o
	r
	s
	.
	Y
	o
	u
	 
	d
	o
	 
	n
	o
	t
	 
	h
	a
	v
	e
	 
	a
	 
	s
	u
	c
	c
	e
	s
	s
	 
	m
	e
	s
	s
	a
	g
	e
	 
	w
	h
	i
	l
	e
	 
	t
	h
	e
	 
	r
	e
	f
	e
	r
	e
	n
	c
	e
	 
	d
	o
	e
	s
	.
	N
	O
	T
	E
	:
	 
	Y
	o
	u
	r
	 
	s
	u
	c
	c
	e
	s
	s
	 
	m
	e
	s
	s
	a
	g
	e
	 
	m
	u
	s
	t
	 
	c
	o
	n
	t
	a
	i
	n
	 
	t
	h
	e
	 
	w
	o
	r
	d
	 
	"
	(
	S
	|
	s
	)
	u
	c
	c
	e
	e
	d
	e
	d
	"
	,
	 
	"
	(
	S
	|
	s
	)
	u
	c
	c
	e
	s
	s
	"
	,
	 
	"
	S
	U
	C
	C
	E
	S
	S
	"
	,
	 
	o
	r
	 
	"
	S
	U
	C
	C
	E
	E
	D
	E
	D
	"
	;
	 
	t
	h
	i
	s
	 
	c
	a
	n
	 
	b
	e
	 
	c
	h
	a
	n
	g
	e
	d
	 
	i
	n
	 
	r
	u
	n
	n
	e
	r
	.
	p
	y
	.
- Reference output:
	P
	a
	r
	s
	e
	 
	s
	u
	c
	c
	e
	e
	d
	e
	d
	,
	 
	f
	i
	n
	d
	i
	n
	g
	 
	8
	 
	I
	L
	O
	C
	 
	o
	p
	e
	r
	a
	t
	i
	o
	n
	s
	.
- Your output:
	P
	O
	O
	 
	P
	O
	O
	O
	 
	P
	O
	O
	

	M
	u
	s
	t
	 
	s
	p
	e
	c
	i
	f
	y
	 
	a
	 
	f
	i
	l
	e
	 
	n
	a
	m
	e
	 
	a
	f
	t
	e
	r
	 
	t
	h
	e
	 
	f
	l
	a
	g
	.
❌ /clear/courses/comp412/students/ILOC/contributed/2013/lab2/s46_test1.i failed!
- Summary:
	Y
	o
	u
	 
	i
	d
	e
	n
	t
	i
	f
	i
	e
	d
	 
	0
	/
	0
	 
	e
	r
	r
	o
	r
	s
	 
	c
	o
	r
	r
	e
	c
	t
	l
	y
	.
	Y
	o
	u
	 
	i
	d
	e
	n
	t
	i
	f
	i
	e
	d
	 
	0
	 
	c
	o
	r
	r
	e
	c
	t
	 
	l
	i
	n
	e
	s
	 
	a
	s
	 
	e
	r
	r
	o
	r
	s
	.
	Y
	o
	u
	 
	d
	o
	 
	n
	o
	t
	 
	h
	a
	v
	e
	 
	a
	 
	s
	u
	c
	c
	e
	s
	s
	 
	m
	e
	s
	s
	a
	g
	e
	 
	w
	h
	i
	l
	e
	 
	t
	h
	e
	 
	r
	e
	f
	e
	r
	e
	n
	c
	e
	 
	d
	o
	e
	s
	.
	N
	O
	T
	E
	:
	 
	Y
	o
	u
	r
	 
	s
	u
	c
	c
	e
	s
	s
	 
	m
	e
	s
	s
	a
	g
	e
	 
	m
	u
	s
	t
	 
	c
	o
	n
	t
	a
	i
	n
	 
	t
	h
	e
	 
	w
	o
	r
	d
	 
	"
	(
	S
	|
	s
	)
	u
	c
	c
	e
	e
	d
	e
	d
	"
	,
	 
	"
	(
	S
	|
	s
	)
	u
	c
	c
	e
	s
	s
	"
	,
	 
	"
	S
	U
	C
	C
	E
	S
	S
	"
	,
	 
	o
	r
	 
	"
	S
	U
	C
	C
	E
	E
	D
	E
	D
	"
	;
	 
	t
	h
	i
	s
	 
	c
	a
	n
	 
	b
	e
	 
	c
	h
	a
	n
	g
	e
	d
	 
	i
	n
	 
	r
	u
	n
	n
	e
	r
	.
	p
	y
	.
- Reference output:
	P
	a
	r
	s
	e
	 
	s
	u
	c
	c
	e
	e
	d
	e
	d
	,
	 
	f
	i
	n
	d
	i
	n
	g
	 
	1
	2
	 
	I
	L
	O
	C
	 
	o
	p
	e
	r
	a
	t
	i
	o
	n
	s
	.
- Your output:
	P
	O
	O
	 
	P
	O
	O
	O
	 
	P
	O
	O
	

	M
	u
	s
	t
	 
	s
	p
	e
	c
	i
	f
	y
	 
	a
	 
	f
	i
	l
	e
	 
	n
	a
	m
	e
	 
	a
	f
	t
	e
	r
	 
	t
	h
	e
	 
	f
	l
	a
	g
	.
❌ /clear/courses/comp412/students/ILOC/contributed/2013/lab2/s63_test4.i failed!
- Summary:
	Y
	o
	u
	 
	i
	d
	e
	n
	t
	i
	f
	i
	e
	d
	 
	0
	/
	0
	 
	e
	r
	r
	o
	r
	s
	 
	c
	o
	r
	r
	e
	c
	t
	l
	y
	.
	Y
	o
	u
	 
	i
	d
	e
	n
	t
	i
	f
	i
	e
	d
	 
	0
	 
	c
	o
	r
	r
	e
	c
	t
	 
	l
	i
	n
	e
	s
	 
	a
	s
	 
	e
	r
	r
	o
	r
	s
	.
	Y
	o
	u
	 
	d
	o
	 
	n
	o
	t
	 
	h
	a
	v
	e
	 
	a
	 
	s
	u
	c
	c
	e
	s
	s
	 
	m
	e
	s
	s
	a
	g
	e
	 
	w
	h
	i
	l
	e
	 
	t
	h
	e
	 
	r
	e
	f
	e
	r
	e
	n
	c
	e
	 
	d
	o
	e
	s
	.
	N
	O
	T
	E
	:
	 
	Y
	o
	u
	r
	 
	s
	u
	c
	c
	e
	s
	s
	 
	m
	e
	s
	s
	a
	g
	e
	 
	m
	u
	s
	t
	 
	c
	o
	n
	t
	a
	i
	n
	 
	t
	h
	e
	 
	w
	o
	r
	d
	 
	"
	(
	S
	|
	s
	)
	u
	c
	c
	e
	e
	d
	e
	d
	"
	,
	 
	"
	(
	S
	|
	s
	)
	u
	c
	c
	e
	s
	s
	"
	,
	 
	"
	S
	U
	C
	C
	E
	S
	S
	"
	,
	 
	o
	r
	 
	"
	S
	U
	C
	C
	E
	E
	D
	E
	D
	"
	;
	 
	t
	h
	i
	s
	 
	c
	a
	n
	 
	b
	e
	 
	c
	h
	a
	n
	g
	e
	d
	 
	i
	n
	 
	r
	u
	n
	n
	e
	r
	.
	p
	y
	.
- Reference output:
	P
	a
	r
	s
	e
	 
	s
	u
	c
	c
	e
	e
	d
	e
	d
	,
	 
	f
	i
	n
	d
	i
	n
	g
	 
	9
	 
	I
	L
	O
	C
	 
	o
	p
	e
	r
	a
	t
	i
	o
	n
	s
	.
- Your output:
	P
	O
	O
	 
	P
	O
	O
	O
	 
	P
	O
	O
	

	M
	u
	s
	t
	 
	s
	p
	e
	c
	i
	f
	y
	 
	a
	 
	f
	i
	l
	e
	 
	n
	a
	m
	e
	 
	a
	f
	t
	e
	r
	 
	t
	h
	e
	 
	f
	l
	a
	g
	.
❌ /clear/courses/comp412/students/ILOC/contributed/2013/lab2/s39_test2.i failed!
- Summary:
	Y
	o
	u
	 
	i
	d
	e
	n
	t
	i
	f
	i
	e
	d
	 
	0
	/
	0
	 
	e
	r
	r
	o
	r
	s
	 
	c
	o
	r
	r
	e
	c
	t
	l
	y
	.
	Y
	o
	u
	 
	i
	d
	e
	n
	t
	i
	f
	i
	e
	d
	 
	0
	 
	c
	o
	r
	r
	e
	c
	t
	 
	l
	i
	n
	e
	s
	 
	a
	s
	 
	e
	r
	r
	o
	r
	s
	.
	Y
	o
	u
	 
	d
	o
	 
	n
	o
	t
	 
	h
	a
	v
	e
	 
	a
	 
	s
	u
	c
	c
	e
	s
	s
	 
	m
	e
	s
	s
	a
	g
	e
	 
	w
	h
	i
	l
	e
	 
	t
	h
	e
	 
	r
	e
	f
	e
	r
	e
	n
	c
	e
	 
	d
	o
	e
	s
	.
	N
	O
	T
	E
	:
	 
	Y
	o
	u
	r
	 
	s
	u
	c
	c
	e
	s
	s
	 
	m
	e
	s
	s
	a
	g
	e
	 
	m
	u
	s
	t
	 
	c
	o
	n
	t
	a
	i
	n
	 
	t
	h
	e
	 
	w
	o
	r
	d
	 
	"
	(
	S
	|
	s
	)
	u
	c
	c
	e
	e
	d
	e
	d
	"
	,
	 
	"
	(
	S
	|
	s
	)
	u
	c
	c
	e
	s
	s
	"
	,
	 
	"
	S
	U
	C
	C
	E
	S
	S
	"
	,
	 
	o
	r
	 
	"
	S
	U
	C
	C
	E
	E
	D
	E
	D
	"
	;
	 
	t
	h
	i
	s
	 
	c
	a
	n
	 
	b
	e
	 
	c
	h
	a
	n
	g
	e
	d
	 
	i
	n
	 
	r
	u
	n
	n
	e
	r
	.
	p
	y
	.
- Reference output:
	P
	a
	r
	s
	e
	 
	s
	u
	c
	c
	e
	e
	d
	e
	d
	,
	 
	f
	i
	n
	d
	i
	n
	g
	 
	1
	0
	 
	I
	L
	O
	C
	 
	o
	p
	e
	r
	a
	t
	i
	o
	n
	s
	.
- Your output:
	P
	O
	O
	 
	P
	O
	O
	O
	 
	P
	O
	O
	

	M
	u
	s
	t
	 
	s
	p
	e
	c
	i
	f
	y
	 
	a
	 
	f
	i
	l
	e
	 
	n
	a
	m
	e
	 
	a
	f
	t
	e
	r
	 
	t
	h
	e
	 
	f
	l
	a
	g
	.
❌ /clear/courses/comp412/students/ILOC/contributed/2013/lab2/s21_allOpsTest.i failed!
- Summary:
	Y
	o
	u
	 
	i
	d
	e
	n
	t
	i
	f
	i
	e
	d
	 
	0
	/
	0
	 
	e
	r
	r
	o
	r
	s
	 
	c
	o
	r
	r
	e
	c
	t
	l
	y
	.
	Y
	o
	u
	 
	i
	d
	e
	n
	t
	i
	f
	i
	e
	d
	 
	0
	 
	c
	o
	r
	r
	e
	c
	t
	 
	l
	i
	n
	e
	s
	 
	a
	s
	 
	e
	r
	r
	o
	r
	s
	.
	Y
	o
	u
	 
	d
	o
	 
	n
	o
	t
	 
	h
	a
	v
	e
	 
	a
	 
	s
	u
	c
	c
	e
	s
	s
	 
	m
	e
	s
	s
	a
	g
	e
	 
	w
	h
	i
	l
	e
	 
	t
	h
	e
	 
	r
	e
	f
	e
	r
	e
	n
	c
	e
	 
	d
	o
	e
	s
	.
	N
	O
	T
	E
	:
	 
	Y
	o
	u
	r
	 
	s
	u
	c
	c
	e
	s
	s
	 
	m
	e
	s
	s
	a
	g
	e
	 
	m
	u
	s
	t
	 
	c
	o
	n
	t
	a
	i
	n
	 
	t
	h
	e
	 
	w
	o
	r
	d
	 
	"
	(
	S
	|
	s
	)
	u
	c
	c
	e
	e
	d
	e
	d
	"
	,
	 
	"
	(
	S
	|
	s
	)
	u
	c
	c
	e
	s
	s
	"
	,
	 
	"
	S
	U
	C
	C
	E
	S
	S
	"
	,
	 
	o
	r
	 
	"
	S
	U
	C
	C
	E
	E
	D
	E
	D
	"
	;
	 
	t
	h
	i
	s
	 
	c
	a
	n
	 
	b
	e
	 
	c
	h
	a
	n
	g
	e
	d
	 
	i
	n
	 
	r
	u
	n
	n
	e
	r
	.
	p
	y
	.
- Reference output:
	P
	a
	r
	s
	e
	 
	s
	u
	c
	c
	e
	e
	d
	e
	d
	,
	 
	f
	i
	n
	d
	i
	n
	g
	 
	1
	3
	 
	I
	L
	O
	C
	 
	o
	p
	e
	r
	a
	t
	i
	o
	n
	s
	.
- Your output:
	P
	O
	O
	 
	P
	O
	O
	O
	 
	P
	O
	O
	

	M
	u
	s
	t
	 
	s
	p
	e
	c
	i
	f
	y
	 
	a
	 
	f
	i
	l
	e
	 
	n
	a
	m
	e
	 
	a
	f
	t
	e
	r
	 
	t
	h
	e
	 
	f
	l
	a
	g
	.
❌ /clear/courses/comp412/students/ILOC/contributed/2013/lab2/s48_test4.i failed!
- Summary:
	Y
	o
	u
	 
	i
	d
	e
	n
	t
	i
	f
	i
	e
	d
	 
	0
	/
	0
	 
	e
	r
	r
	o
	r
	s
	 
	c
	o
	r
	r
	e
	c
	t
	l
	y
	.
	Y
	o
	u
	 
	i
	d
	e
	n
	t
	i
	f
	i
	e
	d
	 
	0
	 
	c
	o
	r
	r
	e
	c
	t
	 
	l
	i
	n
	e
	s
	 
	a
	s
	 
	e
	r
	r
	o
	r
	s
	.
	Y
	o
	u
	 
	d
	o
	 
	n
	o
	t
	 
	h
	a
	v
	e
	 
	a
	 
	s
	u
	c
	c
	e
	s
	s
	 
	m
	e
	s
	s
	a
	g
	e
	 
	w
	h
	i
	l
	e
	 
	t
	h
	e
	 
	r
	e
	f
	e
	r
	e
	n
	c
	e
	 
	d
	o
	e
	s
	.
	N
	O
	T
	E
	:
	 
	Y
	o
	u
	r
	 
	s
	u
	c
	c
	e
	s
	s
	 
	m
	e
	s
	s
	a
	g
	e
	 
	m
	u
	s
	t
	 
	c
	o
	n
	t
	a
	i
	n
	 
	t
	h
	e
	 
	w
	o
	r
	d
	 
	"
	(
	S
	|
	s
	)
	u
	c
	c
	e
	e
	d
	e
	d
	"
	,
	 
	"
	(
	S
	|
	s
	)
	u
	c
	c
	e
	s
	s
	"
	,
	 
	"
	S
	U
	C
	C
	E
	S
	S
	"
	,
	 
	o
	r
	 
	"
	S
	U
	C
	C
	E
	E
	D
	E
	D
	"
	;
	 
	t
	h
	i
	s
	 
	c
	a
	n
	 
	b
	e
	 
	c
	h
	a
	n
	g
	e
	d
	 
	i
	n
	 
	r
	u
	n
	n
	e
	r
	.
	p
	y
	.
- Reference output:
	P
	a
	r
	s
	e
	 
	s
	u
	c
	c
	e
	e
	d
	e
	d
	,
	 
	f
	i
	n
	d
	i
	n
	g
	 
	4
	7
	 
	I
	L
	O
	C
	 
	o
	p
	e
	r
	a
	t
	i
	o
	n
	s
	.
- Your output:
	P
	O
	O
	 
	P
	O
	O
	O
	 
	P
	O
	O
	

	M
	u
	s
	t
	 
	s
	p
	e
	c
	i
	f
	y
	 
	a
	 
	f
	i
	l
	e
	 
	n
	a
	m
	e
	 
	a
	f
	t
	e
	r
	 
	t
	h
	e
	 
	f
	l
	a
	g
	.
❌ /clear/courses/comp412/students/ILOC/contributed/2013/lab2/s58_test1.i failed!
- Summary:
	Y
	o
	u
	 
	i
	d
	e
	n
	t
	i
	f
	i
	e
	d
	 
	0
	/
	0
	 
	e
	r
	r
	o
	r
	s
	 
	c
	o
	r
	r
	e
	c
	t
	l
	y
	.
	Y
	o
	u
	 
	i
	d
	e
	n
	t
	i
	f
	i
	e
	d
	 
	0
	 
	c
	o
	r
	r
	e
	c
	t
	 
	l
	i
	n
	e
	s
	 
	a
	s
	 
	e
	r
	r
	o
	r
	s
	.
	Y
	o
	u
	 
	d
	o
	 
	n
	o
	t
	 
	h
	a
	v
	e
	 
	a
	 
	s
	u
	c
	c
	e
	s
	s
	 
	m
	e
	s
	s
	a
	g
	e
	 
	w
	h
	i
	l
	e
	 
	t
	h
	e
	 
	r
	e
	f
	e
	r
	e
	n
	c
	e
	 
	d
	o
	e
	s
	.
	N
	O
	T
	E
	:
	 
	Y
	o
	u
	r
	 
	s
	u
	c
	c
	e
	s
	s
	 
	m
	e
	s
	s
	a
	g
	e
	 
	m
	u
	s
	t
	 
	c
	o
	n
	t
	a
	i
	n
	 
	t
	h
	e
	 
	w
	o
	r
	d
	 
	"
	(
	S
	|
	s
	)
	u
	c
	c
	e
	e
	d
	e
	d
	"
	,
	 
	"
	(
	S
	|
	s
	)
	u
	c
	c
	e
	s
	s
	"
	,
	 
	"
	S
	U
	C
	C
	E
	S
	S
	"
	,
	 
	o
	r
	 
	"
	S
	U
	C
	C
	E
	E
	D
	E
	D
	"
	;
	 
	t
	h
	i
	s
	 
	c
	a
	n
	 
	b
	e
	 
	c
	h
	a
	n
	g
	e
	d
	 
	i
	n
	 
	r
	u
	n
	n
	e
	r
	.
	p
	y
	.
- Reference output:
	P
	a
	r
	s
	e
	 
	s
	u
	c
	c
	e
	e
	d
	e
	d
	,
	 
	f
	i
	n
	d
	i
	n
	g
	 
	1
	1
	 
	I
	L
	O
	C
	 
	o
	p
	e
	r
	a
	t
	i
	o
	n
	s
	.
- Your output:
	P
	O
	O
	 
	P
	O
	O
	O
	 
	P
	O
	O
	

	M
	u
	s
	t
	 
	s
	p
	e
	c
	i
	f
	y
	 
	a
	 
	f
	i
	l
	e
	 
	n
	a
	m
	e
	 
	a
	f
	t
	e
	r
	 
	t
	h
	e
	 
	f
	l
	a
	g
	.
❌ /clear/courses/comp412/students/ILOC/contributed/2013/lab2/s03_test4.i failed!
- Summary:
	Y
	o
	u
	 
	i
	d
	e
	n
	t
	i
	f
	i
	e
	d
	 
	0
	/
	0
	 
	e
	r
	r
	o
	r
	s
	 
	c
	o
	r
	r
	e
	c
	t
	l
	y
	.
	Y
	o
	u
	 
	i
	d
	e
	n
	t
	i
	f
	i
	e
	d
	 
	0
	 
	c
	o
	r
	r
	e
	c
	t
	 
	l
	i
	n
	e
	s
	 
	a
	s
	 
	e
	r
	r
	o
	r
	s
	.
	Y
	o
	u
	 
	d
	o
	 
	n
	o
	t
	 
	h
	a
	v
	e
	 
	a
	 
	s
	u
	c
	c
	e
	s
	s
	 
	m
	e
	s
	s
	a
	g
	e
	 
	w
	h
	i
	l
	e
	 
	t
	h
	e
	 
	r
	e
	f
	e
	r
	e
	n
	c
	e
	 
	d
	o
	e
	s
	.
	N
	O
	T
	E
	:
	 
	Y
	o
	u
	r
	 
	s
	u
	c
	c
	e
	s
	s
	 
	m
	e
	s
	s
	a
	g
	e
	 
	m
	u
	s
	t
	 
	c
	o
	n
	t
	a
	i
	n
	 
	t
	h
	e
	 
	w
	o
	r
	d
	 
	"
	(
	S
	|
	s
	)
	u
	c
	c
	e
	e
	d
	e
	d
	"
	,
	 
	"
	(
	S
	|
	s
	)
	u
	c
	c
	e
	s
	s
	"
	,
	 
	"
	S
	U
	C
	C
	E
	S
	S
	"
	,
	 
	o
	r
	 
	"
	S
	U
	C
	C
	E
	E
	D
	E
	D
	"
	;
	 
	t
	h
	i
	s
	 
	c
	a
	n
	 
	b
	e
	 
	c
	h
	a
	n
	g
	e
	d
	 
	i
	n
	 
	r
	u
	n
	n
	e
	r
	.
	p
	y
	.
- Reference output:
	P
	a
	r
	s
	e
	 
	s
	u
	c
	c
	e
	e
	d
	e
	d
	,
	 
	f
	i
	n
	d
	i
	n
	g
	 
	1
	3
	 
	I
	L
	O
	C
	 
	o
	p
	e
	r
	a
	t
	i
	o
	n
	s
	.
- Your output:
	P
	O
	O
	 
	P
	O
	O
	O
	 
	P
	O
	O
	

	M
	u
	s
	t
	 
	s
	p
	e
	c
	i
	f
	y
	 
	a
	 
	f
	i
	l
	e
	 
	n
	a
	m
	e
	 
	a
	f
	t
	e
	r
	 
	t
	h
	e
	 
	f
	l
	a
	g
	.
❌ /clear/courses/comp412/students/ILOC/contributed/2013/lab2/s34_test4.i failed!
- Summary:
	Y
	o
	u
	 
	i
	d
	e
	n
	t
	i
	f
	i
	e
	d
	 
	0
	/
	0
	 
	e
	r
	r
	o
	r
	s
	 
	c
	o
	r
	r
	e
	c
	t
	l
	y
	.
	Y
	o
	u
	 
	i
	d
	e
	n
	t
	i
	f
	i
	e
	d
	 
	0
	 
	c
	o
	r
	r
	e
	c
	t
	 
	l
	i
	n
	e
	s
	 
	a
	s
	 
	e
	r
	r
	o
	r
	s
	.
	Y
	o
	u
	 
	d
	o
	 
	n
	o
	t
	 
	h
	a
	v
	e
	 
	a
	 
	s
	u
	c
	c
	e
	s
	s
	 
	m
	e
	s
	s
	a
	g
	e
	 
	w
	h
	i
	l
	e
	 
	t
	h
	e
	 
	r
	e
	f
	e
	r
	e
	n
	c
	e
	 
	d
	o
	e
	s
	.
	N
	O
	T
	E
	:
	 
	Y
	o
	u
	r
	 
	s
	u
	c
	c
	e
	s
	s
	 
	m
	e
	s
	s
	a
	g
	e
	 
	m
	u
	s
	t
	 
	c
	o
	n
	t
	a
	i
	n
	 
	t
	h
	e
	 
	w
	o
	r
	d
	 
	"
	(
	S
	|
	s
	)
	u
	c
	c
	e
	e
	d
	e
	d
	"
	,
	 
	"
	(
	S
	|
	s
	)
	u
	c
	c
	e
	s
	s
	"
	,
	 
	"
	S
	U
	C
	C
	E
	S
	S
	"
	,
	 
	o
	r
	 
	"
	S
	U
	C
	C
	E
	E
	D
	E
	D
	"
	;
	 
	t
	h
	i
	s
	 
	c
	a
	n
	 
	b
	e
	 
	c
	h
	a
	n
	g
	e
	d
	 
	i
	n
	 
	r
	u
	n
	n
	e
	r
	.
	p
	y
	.
- Reference output:
	P
	a
	r
	s
	e
	 
	s
	u
	c
	c
	e
	e
	d
	e
	d
	,
	 
	f
	i
	n
	d
	i
	n
	g
	 
	4
	7
	 
	I
	L
	O
	C
	 
	o
	p
	e
	r
	a
	t
	i
	o
	n
	s
	.
- Your output:
	P
	O
	O
	 
	P
	O
	O
	O
	 
	P
	O
	O
	

	M
	u
	s
	t
	 
	s
	p
	e
	c
	i
	f
	y
	 
	a
	 
	f
	i
	l
	e
	 
	n
	a
	m
	e
	 
	a
	f
	t
	e
	r
	 
	t
	h
	e
	 
	f
	l
	a
	g
	.
❌ /clear/courses/comp412/students/ILOC/contributed/2013/lab2/s19_test4.i failed!
- Summary:
	Y
	o
	u
	 
	i
	d
	e
	n
	t
	i
	f
	i
	e
	d
	 
	0
	/
	0
	 
	e
	r
	r
	o
	r
	s
	 
	c
	o
	r
	r
	e
	c
	t
	l
	y
	.
	Y
	o
	u
	 
	i
	d
	e
	n
	t
	i
	f
	i
	e
	d
	 
	0
	 
	c
	o
	r
	r
	e
	c
	t
	 
	l
	i
	n
	e
	s
	 
	a
	s
	 
	e
	r
	r
	o
	r
	s
	.
	Y
	o
	u
	 
	d
	o
	 
	n
	o
	t
	 
	h
	a
	v
	e
	 
	a
	 
	s
	u
	c
	c
	e
	s
	s
	 
	m
	e
	s
	s
	a
	g
	e
	 
	w
	h
	i
	l
	e
	 
	t
	h
	e
	 
	r
	e
	f
	e
	r
	e
	n
	c
	e
	 
	d
	o
	e
	s
	.
	N
	O
	T
	E
	:
	 
	Y
	o
	u
	r
	 
	s
	u
	c
	c
	e
	s
	s
	 
	m
	e
	s
	s
	a
	g
	e
	 
	m
	u
	s
	t
	 
	c
	o
	n
	t
	a
	i
	n
	 
	t
	h
	e
	 
	w
	o
	r
	d
	 
	"
	(
	S
	|
	s
	)
	u
	c
	c
	e
	e
	d
	e
	d
	"
	,
	 
	"
	(
	S
	|
	s
	)
	u
	c
	c
	e
	s
	s
	"
	,
	 
	"
	S
	U
	C
	C
	E
	S
	S
	"
	,
	 
	o
	r
	 
	"
	S
	U
	C
	C
	E
	E
	D
	E
	D
	"
	;
	 
	t
	h
	i
	s
	 
	c
	a
	n
	 
	b
	e
	 
	c
	h
	a
	n
	g
	e
	d
	 
	i
	n
	 
	r
	u
	n
	n
	e
	r
	.
	p
	y
	.
- Reference output:
	P
	a
	r
	s
	e
	 
	s
	u
	c
	c
	e
	e
	d
	e
	d
	,
	 
	f
	i
	n
	d
	i
	n
	g
	 
	1
	2
	 
	I
	L
	O
	C
	 
	o
	p
	e
	r
	a
	t
	i
	o
	n
	s
	.
- Your output:
	P
	O
	O
	 
	P
	O
	O
	O
	 
	P
	O
	O
	

	M
	u
	s
	t
	 
	s
	p
	e
	c
	i
	f
	y
	 
	a
	 
	f
	i
	l
	e
	 
	n
	a
	m
	e
	 
	a
	f
	t
	e
	r
	 
	t
	h
	e
	 
	f
	l
	a
	g
	.
❌ /clear/courses/comp412/students/ILOC/contributed/2013/lab2/s56_test2.i failed!
- Summary:
	Y
	o
	u
	 
	i
	d
	e
	n
	t
	i
	f
	i
	e
	d
	 
	0
	/
	0
	 
	e
	r
	r
	o
	r
	s
	 
	c
	o
	r
	r
	e
	c
	t
	l
	y
	.
	Y
	o
	u
	 
	i
	d
	e
	n
	t
	i
	f
	i
	e
	d
	 
	0
	 
	c
	o
	r
	r
	e
	c
	t
	 
	l
	i
	n
	e
	s
	 
	a
	s
	 
	e
	r
	r
	o
	r
	s
	.
	Y
	o
	u
	 
	d
	o
	 
	n
	o
	t
	 
	h
	a
	v
	e
	 
	a
	 
	s
	u
	c
	c
	e
	s
	s
	 
	m
	e
	s
	s
	a
	g
	e
	 
	w
	h
	i
	l
	e
	 
	t
	h
	e
	 
	r
	e
	f
	e
	r
	e
	n
	c
	e
	 
	d
	o
	e
	s
	.
	N
	O
	T
	E
	:
	 
	Y
	o
	u
	r
	 
	s
	u
	c
	c
	e
	s
	s
	 
	m
	e
	s
	s
	a
	g
	e
	 
	m
	u
	s
	t
	 
	c
	o
	n
	t
	a
	i
	n
	 
	t
	h
	e
	 
	w
	o
	r
	d
	 
	"
	(
	S
	|
	s
	)
	u
	c
	c
	e
	e
	d
	e
	d
	"
	,
	 
	"
	(
	S
	|
	s
	)
	u
	c
	c
	e
	s
	s
	"
	,
	 
	"
	S
	U
	C
	C
	E
	S
	S
	"
	,
	 
	o
	r
	 
	"
	S
	U
	C
	C
	E
	E
	D
	E
	D
	"
	;
	 
	t
	h
	i
	s
	 
	c
	a
	n
	 
	b
	e
	 
	c
	h
	a
	n
	g
	e
	d
	 
	i
	n
	 
	r
	u
	n
	n
	e
	r
	.
	p
	y
	.
- Reference output:
	P
	a
	r
	s
	e
	 
	s
	u
	c
	c
	e
	e
	d
	e
	d
	,
	 
	f
	i
	n
	d
	i
	n
	g
	 
	1
	0
	 
	I
	L
	O
	C
	 
	o
	p
	e
	r
	a
	t
	i
	o
	n
	s
	.
- Your output:
	P
	O
	O
	 
	P
	O
	O
	O
	 
	P
	O
	O
	

	M
	u
	s
	t
	 
	s
	p
	e
	c
	i
	f
	y
	 
	a
	 
	f
	i
	l
	e
	 
	n
	a
	m
	e
	 
	a
	f
	t
	e
	r
	 
	t
	h
	e
	 
	f
	l
	a
	g
	.
❌ /clear/courses/comp412/students/ILOC/contributed/2013/lab2/s18_test4.i failed!
- Summary:
	Y
	o
	u
	 
	i
	d
	e
	n
	t
	i
	f
	i
	e
	d
	 
	0
	/
	0
	 
	e
	r
	r
	o
	r
	s
	 
	c
	o
	r
	r
	e
	c
	t
	l
	y
	.
	Y
	o
	u
	 
	i
	d
	e
	n
	t
	i
	f
	i
	e
	d
	 
	0
	 
	c
	o
	r
	r
	e
	c
	t
	 
	l
	i
	n
	e
	s
	 
	a
	s
	 
	e
	r
	r
	o
	r
	s
	.
	Y
	o
	u
	 
	d
	o
	 
	n
	o
	t
	 
	h
	a
	v
	e
	 
	a
	 
	s
	u
	c
	c
	e
	s
	s
	 
	m
	e
	s
	s
	a
	g
	e
	 
	w
	h
	i
	l
	e
	 
	t
	h
	e
	 
	r
	e
	f
	e
	r
	e
	n
	c
	e
	 
	d
	o
	e
	s
	.
	N
	O
	T
	E
	:
	 
	Y
	o
	u
	r
	 
	s
	u
	c
	c
	e
	s
	s
	 
	m
	e
	s
	s
	a
	g
	e
	 
	m
	u
	s
	t
	 
	c
	o
	n
	t
	a
	i
	n
	 
	t
	h
	e
	 
	w
	o
	r
	d
	 
	"
	(
	S
	|
	s
	)
	u
	c
	c
	e
	e
	d
	e
	d
	"
	,
	 
	"
	(
	S
	|
	s
	)
	u
	c
	c
	e
	s
	s
	"
	,
	 
	"
	S
	U
	C
	C
	E
	S
	S
	"
	,
	 
	o
	r
	 
	"
	S
	U
	C
	C
	E
	E
	D
	E
	D
	"
	;
	 
	t
	h
	i
	s
	 
	c
	a
	n
	 
	b
	e
	 
	c
	h
	a
	n
	g
	e
	d
	 
	i
	n
	 
	r
	u
	n
	n
	e
	r
	.
	p
	y
	.
- Reference output:
	P
	a
	r
	s
	e
	 
	s
	u
	c
	c
	e
	e
	d
	e
	d
	,
	 
	f
	i
	n
	d
	i
	n
	g
	 
	3
	7
	 
	I
	L
	O
	C
	 
	o
	p
	e
	r
	a
	t
	i
	o
	n
	s
	.
- Your output:
	P
	O
	O
	 
	P
	O
	O
	O
	 
	P
	O
	O
	

	M
	u
	s
	t
	 
	s
	p
	e
	c
	i
	f
	y
	 
	a
	 
	f
	i
	l
	e
	 
	n
	a
	m
	e
	 
	a
	f
	t
	e
	r
	 
	t
	h
	e
	 
	f
	l
	a
	g
	.
❌ /clear/courses/comp412/students/ILOC/contributed/2013/lab2/s22_test_block2.i failed!
- Summary:
	Y
	o
	u
	 
	i
	d
	e
	n
	t
	i
	f
	i
	e
	d
	 
	0
	/
	0
	 
	e
	r
	r
	o
	r
	s
	 
	c
	o
	r
	r
	e
	c
	t
	l
	y
	.
	Y
	o
	u
	 
	i
	d
	e
	n
	t
	i
	f
	i
	e
	d
	 
	0
	 
	c
	o
	r
	r
	e
	c
	t
	 
	l
	i
	n
	e
	s
	 
	a
	s
	 
	e
	r
	r
	o
	r
	s
	.
	Y
	o
	u
	 
	d
	o
	 
	n
	o
	t
	 
	h
	a
	v
	e
	 
	a
	 
	s
	u
	c
	c
	e
	s
	s
	 
	m
	e
	s
	s
	a
	g
	e
	 
	w
	h
	i
	l
	e
	 
	t
	h
	e
	 
	r
	e
	f
	e
	r
	e
	n
	c
	e
	 
	d
	o
	e
	s
	.
	N
	O
	T
	E
	:
	 
	Y
	o
	u
	r
	 
	s
	u
	c
	c
	e
	s
	s
	 
	m
	e
	s
	s
	a
	g
	e
	 
	m
	u
	s
	t
	 
	c
	o
	n
	t
	a
	i
	n
	 
	t
	h
	e
	 
	w
	o
	r
	d
	 
	"
	(
	S
	|
	s
	)
	u
	c
	c
	e
	e
	d
	e
	d
	"
	,
	 
	"
	(
	S
	|
	s
	)
	u
	c
	c
	e
	s
	s
	"
	,
	 
	"
	S
	U
	C
	C
	E
	S
	S
	"
	,
	 
	o
	r
	 
	"
	S
	U
	C
	C
	E
	E
	D
	E
	D
	"
	;
	 
	t
	h
	i
	s
	 
	c
	a
	n
	 
	b
	e
	 
	c
	h
	a
	n
	g
	e
	d
	 
	i
	n
	 
	r
	u
	n
	n
	e
	r
	.
	p
	y
	.
- Reference output:
	P
	a
	r
	s
	e
	 
	s
	u
	c
	c
	e
	e
	d
	e
	d
	,
	 
	f
	i
	n
	d
	i
	n
	g
	 
	4
	8
	 
	I
	L
	O
	C
	 
	o
	p
	e
	r
	a
	t
	i
	o
	n
	s
	.
- Your output:
	P
	O
	O
	 
	P
	O
	O
	O
	 
	P
	O
	O
	

	M
	u
	s
	t
	 
	s
	p
	e
	c
	i
	f
	y
	 
	a
	 
	f
	i
	l
	e
	 
	n
	a
	m
	e
	 
	a
	f
	t
	e
	r
	 
	t
	h
	e
	 
	f
	l
	a
	g
	.
❌ /clear/courses/comp412/students/ILOC/contributed/2013/lab2/s04_test2.i failed!
- Summary:
	Y
	o
	u
	 
	i
	d
	e
	n
	t
	i
	f
	i
	e
	d
	 
	0
	/
	0
	 
	e
	r
	r
	o
	r
	s
	 
	c
	o
	r
	r
	e
	c
	t
	l
	y
	.
	Y
	o
	u
	 
	i
	d
	e
	n
	t
	i
	f
	i
	e
	d
	 
	0
	 
	c
	o
	r
	r
	e
	c
	t
	 
	l
	i
	n
	e
	s
	 
	a
	s
	 
	e
	r
	r
	o
	r
	s
	.
	Y
	o
	u
	 
	d
	o
	 
	n
	o
	t
	 
	h
	a
	v
	e
	 
	a
	 
	s
	u
	c
	c
	e
	s
	s
	 
	m
	e
	s
	s
	a
	g
	e
	 
	w
	h
	i
	l
	e
	 
	t
	h
	e
	 
	r
	e
	f
	e
	r
	e
	n
	c
	e
	 
	d
	o
	e
	s
	.
	N
	O
	T
	E
	:
	 
	Y
	o
	u
	r
	 
	s
	u
	c
	c
	e
	s
	s
	 
	m
	e
	s
	s
	a
	g
	e
	 
	m
	u
	s
	t
	 
	c
	o
	n
	t
	a
	i
	n
	 
	t
	h
	e
	 
	w
	o
	r
	d
	 
	"
	(
	S
	|
	s
	)
	u
	c
	c
	e
	e
	d
	e
	d
	"
	,
	 
	"
	(
	S
	|
	s
	)
	u
	c
	c
	e
	s
	s
	"
	,
	 
	"
	S
	U
	C
	C
	E
	S
	S
	"
	,
	 
	o
	r
	 
	"
	S
	U
	C
	C
	E
	E
	D
	E
	D
	"
	;
	 
	t
	h
	i
	s
	 
	c
	a
	n
	 
	b
	e
	 
	c
	h
	a
	n
	g
	e
	d
	 
	i
	n
	 
	r
	u
	n
	n
	e
	r
	.
	p
	y
	.
- Reference output:
	P
	a
	r
	s
	e
	 
	s
	u
	c
	c
	e
	e
	d
	e
	d
	,
	 
	f
	i
	n
	d
	i
	n
	g
	 
	1
	5
	 
	I
	L
	O
	C
	 
	o
	p
	e
	r
	a
	t
	i
	o
	n
	s
	.
- Your output:
	P
	O
	O
	 
	P
	O
	O
	O
	 
	P
	O
	O
	

	M
	u
	s
	t
	 
	s
	p
	e
	c
	i
	f
	y
	 
	a
	 
	f
	i
	l
	e
	 
	n
	a
	m
	e
	 
	a
	f
	t
	e
	r
	 
	t
	h
	e
	 
	f
	l
	a
	g
	.
❌ /clear/courses/comp412/students/ILOC/contributed/2013/lab2/s44_block2.i failed!
- Summary:
	Y
	o
	u
	 
	i
	d
	e
	n
	t
	i
	f
	i
	e
	d
	 
	0
	/
	0
	 
	e
	r
	r
	o
	r
	s
	 
	c
	o
	r
	r
	e
	c
	t
	l
	y
	.
	Y
	o
	u
	 
	i
	d
	e
	n
	t
	i
	f
	i
	e
	d
	 
	0
	 
	c
	o
	r
	r
	e
	c
	t
	 
	l
	i
	n
	e
	s
	 
	a
	s
	 
	e
	r
	r
	o
	r
	s
	.
	Y
	o
	u
	 
	d
	o
	 
	n
	o
	t
	 
	h
	a
	v
	e
	 
	a
	 
	s
	u
	c
	c
	e
	s
	s
	 
	m
	e
	s
	s
	a
	g
	e
	 
	w
	h
	i
	l
	e
	 
	t
	h
	e
	 
	r
	e
	f
	e
	r
	e
	n
	c
	e
	 
	d
	o
	e
	s
	.
	N
	O
	T
	E
	:
	 
	Y
	o
	u
	r
	 
	s
	u
	c
	c
	e
	s
	s
	 
	m
	e
	s
	s
	a
	g
	e
	 
	m
	u
	s
	t
	 
	c
	o
	n
	t
	a
	i
	n
	 
	t
	h
	e
	 
	w
	o
	r
	d
	 
	"
	(
	S
	|
	s
	)
	u
	c
	c
	e
	e
	d
	e
	d
	"
	,
	 
	"
	(
	S
	|
	s
	)
	u
	c
	c
	e
	s
	s
	"
	,
	 
	"
	S
	U
	C
	C
	E
	S
	S
	"
	,
	 
	o
	r
	 
	"
	S
	U
	C
	C
	E
	E
	D
	E
	D
	"
	;
	 
	t
	h
	i
	s
	 
	c
	a
	n
	 
	b
	e
	 
	c
	h
	a
	n
	g
	e
	d
	 
	i
	n
	 
	r
	u
	n
	n
	e
	r
	.
	p
	y
	.
- Reference output:
	P
	a
	r
	s
	e
	 
	s
	u
	c
	c
	e
	e
	d
	e
	d
	,
	 
	f
	i
	n
	d
	i
	n
	g
	 
	1
	0
	 
	I
	L
	O
	C
	 
	o
	p
	e
	r
	a
	t
	i
	o
	n
	s
	.
- Your output:
	P
	O
	O
	 
	P
	O
	O
	O
	 
	P
	O
	O
	

	M
	u
	s
	t
	 
	s
	p
	e
	c
	i
	f
	y
	 
	a
	 
	f
	i
	l
	e
	 
	n
	a
	m
	e
	 
	a
	f
	t
	e
	r
	 
	t
	h
	e
	 
	f
	l
	a
	g
	.
❌ /clear/courses/comp412/students/ILOC/contributed/2013/lab2/s08_test2.i failed!
- Summary:
	Y
	o
	u
	 
	i
	d
	e
	n
	t
	i
	f
	i
	e
	d
	 
	0
	/
	0
	 
	e
	r
	r
	o
	r
	s
	 
	c
	o
	r
	r
	e
	c
	t
	l
	y
	.
	Y
	o
	u
	 
	i
	d
	e
	n
	t
	i
	f
	i
	e
	d
	 
	0
	 
	c
	o
	r
	r
	e
	c
	t
	 
	l
	i
	n
	e
	s
	 
	a
	s
	 
	e
	r
	r
	o
	r
	s
	.
	Y
	o
	u
	 
	d
	o
	 
	n
	o
	t
	 
	h
	a
	v
	e
	 
	a
	 
	s
	u
	c
	c
	e
	s
	s
	 
	m
	e
	s
	s
	a
	g
	e
	 
	w
	h
	i
	l
	e
	 
	t
	h
	e
	 
	r
	e
	f
	e
	r
	e
	n
	c
	e
	 
	d
	o
	e
	s
	.
	N
	O
	T
	E
	:
	 
	Y
	o
	u
	r
	 
	s
	u
	c
	c
	e
	s
	s
	 
	m
	e
	s
	s
	a
	g
	e
	 
	m
	u
	s
	t
	 
	c
	o
	n
	t
	a
	i
	n
	 
	t
	h
	e
	 
	w
	o
	r
	d
	 
	"
	(
	S
	|
	s
	)
	u
	c
	c
	e
	e
	d
	e
	d
	"
	,
	 
	"
	(
	S
	|
	s
	)
	u
	c
	c
	e
	s
	s
	"
	,
	 
	"
	S
	U
	C
	C
	E
	S
	S
	"
	,
	 
	o
	r
	 
	"
	S
	U
	C
	C
	E
	E
	D
	E
	D
	"
	;
	 
	t
	h
	i
	s
	 
	c
	a
	n
	 
	b
	e
	 
	c
	h
	a
	n
	g
	e
	d
	 
	i
	n
	 
	r
	u
	n
	n
	e
	r
	.
	p
	y
	.
- Reference output:
	P
	a
	r
	s
	e
	 
	s
	u
	c
	c
	e
	e
	d
	e
	d
	,
	 
	f
	i
	n
	d
	i
	n
	g
	 
	1
	0
	 
	I
	L
	O
	C
	 
	o
	p
	e
	r
	a
	t
	i
	o
	n
	s
	.
- Your output:
	P
	O
	O
	 
	P
	O
	O
	O
	 
	P
	O
	O
	

	M
	u
	s
	t
	 
	s
	p
	e
	c
	i
	f
	y
	 
	a
	 
	f
	i
	l
	e
	 
	n
	a
	m
	e
	 
	a
	f
	t
	e
	r
	 
	t
	h
	e
	 
	f
	l
	a
	g
	.
❌ /clear/courses/comp412/students/ILOC/contributed/2013/lab2/s31_test3.i failed!
- Summary:
	Y
	o
	u
	 
	i
	d
	e
	n
	t
	i
	f
	i
	e
	d
	 
	0
	/
	0
	 
	e
	r
	r
	o
	r
	s
	 
	c
	o
	r
	r
	e
	c
	t
	l
	y
	.
	Y
	o
	u
	 
	i
	d
	e
	n
	t
	i
	f
	i
	e
	d
	 
	0
	 
	c
	o
	r
	r
	e
	c
	t
	 
	l
	i
	n
	e
	s
	 
	a
	s
	 
	e
	r
	r
	o
	r
	s
	.
	Y
	o
	u
	 
	d
	o
	 
	n
	o
	t
	 
	h
	a
	v
	e
	 
	a
	 
	s
	u
	c
	c
	e
	s
	s
	 
	m
	e
	s
	s
	a
	g
	e
	 
	w
	h
	i
	l
	e
	 
	t
	h
	e
	 
	r
	e
	f
	e
	r
	e
	n
	c
	e
	 
	d
	o
	e
	s
	.
	N
	O
	T
	E
	:
	 
	Y
	o
	u
	r
	 
	s
	u
	c
	c
	e
	s
	s
	 
	m
	e
	s
	s
	a
	g
	e
	 
	m
	u
	s
	t
	 
	c
	o
	n
	t
	a
	i
	n
	 
	t
	h
	e
	 
	w
	o
	r
	d
	 
	"
	(
	S
	|
	s
	)
	u
	c
	c
	e
	e
	d
	e
	d
	"
	,
	 
	"
	(
	S
	|
	s
	)
	u
	c
	c
	e
	s
	s
	"
	,
	 
	"
	S
	U
	C
	C
	E
	S
	S
	"
	,
	 
	o
	r
	 
	"
	S
	U
	C
	C
	E
	E
	D
	E
	D
	"
	;
	 
	t
	h
	i
	s
	 
	c
	a
	n
	 
	b
	e
	 
	c
	h
	a
	n
	g
	e
	d
	 
	i
	n
	 
	r
	u
	n
	n
	e
	r
	.
	p
	y
	.
- Reference output:
	P
	a
	r
	s
	e
	 
	s
	u
	c
	c
	e
	e
	d
	e
	d
	,
	 
	f
	i
	n
	d
	i
	n
	g
	 
	6
	 
	I
	L
	O
	C
	 
	o
	p
	e
	r
	a
	t
	i
	o
	n
	s
	.
- Your output:
	P
	O
	O
	 
	P
	O
	O
	O
	 
	P
	O
	O
	

	M
	u
	s
	t
	 
	s
	p
	e
	c
	i
	f
	y
	 
	a
	 
	f
	i
	l
	e
	 
	n
	a
	m
	e
	 
	a
	f
	t
	e
	r
	 
	t
	h
	e
	 
	f
	l
	a
	g
	.
❌ /clear/courses/comp412/students/ILOC/contributed/2013/lab2/s35_block2.i failed!
- Summary:
	Y
	o
	u
	 
	i
	d
	e
	n
	t
	i
	f
	i
	e
	d
	 
	0
	/
	0
	 
	e
	r
	r
	o
	r
	s
	 
	c
	o
	r
	r
	e
	c
	t
	l
	y
	.
	Y
	o
	u
	 
	i
	d
	e
	n
	t
	i
	f
	i
	e
	d
	 
	0
	 
	c
	o
	r
	r
	e
	c
	t
	 
	l
	i
	n
	e
	s
	 
	a
	s
	 
	e
	r
	r
	o
	r
	s
	.
	Y
	o
	u
	 
	d
	o
	 
	n
	o
	t
	 
	h
	a
	v
	e
	 
	a
	 
	s
	u
	c
	c
	e
	s
	s
	 
	m
	e
	s
	s
	a
	g
	e
	 
	w
	h
	i
	l
	e
	 
	t
	h
	e
	 
	r
	e
	f
	e
	r
	e
	n
	c
	e
	 
	d
	o
	e
	s
	.
	N
	O
	T
	E
	:
	 
	Y
	o
	u
	r
	 
	s
	u
	c
	c
	e
	s
	s
	 
	m
	e
	s
	s
	a
	g
	e
	 
	m
	u
	s
	t
	 
	c
	o
	n
	t
	a
	i
	n
	 
	t
	h
	e
	 
	w
	o
	r
	d
	 
	"
	(
	S
	|
	s
	)
	u
	c
	c
	e
	e
	d
	e
	d
	"
	,
	 
	"
	(
	S
	|
	s
	)
	u
	c
	c
	e
	s
	s
	"
	,
	 
	"
	S
	U
	C
	C
	E
	S
	S
	"
	,
	 
	o
	r
	 
	"
	S
	U
	C
	C
	E
	E
	D
	E
	D
	"
	;
	 
	t
	h
	i
	s
	 
	c
	a
	n
	 
	b
	e
	 
	c
	h
	a
	n
	g
	e
	d
	 
	i
	n
	 
	r
	u
	n
	n
	e
	r
	.
	p
	y
	.
- Reference output:
	P
	a
	r
	s
	e
	 
	s
	u
	c
	c
	e
	e
	d
	e
	d
	,
	 
	f
	i
	n
	d
	i
	n
	g
	 
	2
	0
	4
	 
	I
	L
	O
	C
	 
	o
	p
	e
	r
	a
	t
	i
	o
	n
	s
	.
- Your output:
	P
	O
	O
	 
	P
	O
	O
	O
	 
	P
	O
	O
	

	M
	u
	s
	t
	 
	s
	p
	e
	c
	i
	f
	y
	 
	a
	 
	f
	i
	l
	e
	 
	n
	a
	m
	e
	 
	a
	f
	t
	e
	r
	 
	t
	h
	e
	 
	f
	l
	a
	g
	.
❌ /clear/courses/comp412/students/ILOC/contributed/2013/lab2/s08_test4.i failed!
- Summary:
	Y
	o
	u
	 
	i
	d
	e
	n
	t
	i
	f
	i
	e
	d
	 
	0
	/
	0
	 
	e
	r
	r
	o
	r
	s
	 
	c
	o
	r
	r
	e
	c
	t
	l
	y
	.
	Y
	o
	u
	 
	i
	d
	e
	n
	t
	i
	f
	i
	e
	d
	 
	0
	 
	c
	o
	r
	r
	e
	c
	t
	 
	l
	i
	n
	e
	s
	 
	a
	s
	 
	e
	r
	r
	o
	r
	s
	.
	Y
	o
	u
	 
	d
	o
	 
	n
	o
	t
	 
	h
	a
	v
	e
	 
	a
	 
	s
	u
	c
	c
	e
	s
	s
	 
	m
	e
	s
	s
	a
	g
	e
	 
	w
	h
	i
	l
	e
	 
	t
	h
	e
	 
	r
	e
	f
	e
	r
	e
	n
	c
	e
	 
	d
	o
	e
	s
	.
	N
	O
	T
	E
	:
	 
	Y
	o
	u
	r
	 
	s
	u
	c
	c
	e
	s
	s
	 
	m
	e
	s
	s
	a
	g
	e
	 
	m
	u
	s
	t
	 
	c
	o
	n
	t
	a
	i
	n
	 
	t
	h
	e
	 
	w
	o
	r
	d
	 
	"
	(
	S
	|
	s
	)
	u
	c
	c
	e
	e
	d
	e
	d
	"
	,
	 
	"
	(
	S
	|
	s
	)
	u
	c
	c
	e
	s
	s
	"
	,
	 
	"
	S
	U
	C
	C
	E
	S
	S
	"
	,
	 
	o
	r
	 
	"
	S
	U
	C
	C
	E
	E
	D
	E
	D
	"
	;
	 
	t
	h
	i
	s
	 
	c
	a
	n
	 
	b
	e
	 
	c
	h
	a
	n
	g
	e
	d
	 
	i
	n
	 
	r
	u
	n
	n
	e
	r
	.
	p
	y
	.
- Reference output:
	P
	a
	r
	s
	e
	 
	s
	u
	c
	c
	e
	e
	d
	e
	d
	,
	 
	f
	i
	n
	d
	i
	n
	g
	 
	1
	1
	 
	I
	L
	O
	C
	 
	o
	p
	e
	r
	a
	t
	i
	o
	n
	s
	.
- Your output:
	P
	O
	O
	 
	P
	O
	O
	O
	 
	P
	O
	O
	

	M
	u
	s
	t
	 
	s
	p
	e
	c
	i
	f
	y
	 
	a
	 
	f
	i
	l
	e
	 
	n
	a
	m
	e
	 
	a
	f
	t
	e
	r
	 
	t
	h
	e
	 
	f
	l
	a
	g
	.
❌ /clear/courses/comp412/students/ILOC/contributed/2013/lab2/s15_block4.i failed!
- Summary:
	Y
	o
	u
	 
	i
	d
	e
	n
	t
	i
	f
	i
	e
	d
	 
	0
	/
	0
	 
	e
	r
	r
	o
	r
	s
	 
	c
	o
	r
	r
	e
	c
	t
	l
	y
	.
	Y
	o
	u
	 
	i
	d
	e
	n
	t
	i
	f
	i
	e
	d
	 
	0
	 
	c
	o
	r
	r
	e
	c
	t
	 
	l
	i
	n
	e
	s
	 
	a
	s
	 
	e
	r
	r
	o
	r
	s
	.
	Y
	o
	u
	 
	d
	o
	 
	n
	o
	t
	 
	h
	a
	v
	e
	 
	a
	 
	s
	u
	c
	c
	e
	s
	s
	 
	m
	e
	s
	s
	a
	g
	e
	 
	w
	h
	i
	l
	e
	 
	t
	h
	e
	 
	r
	e
	f
	e
	r
	e
	n
	c
	e
	 
	d
	o
	e
	s
	.
	N
	O
	T
	E
	:
	 
	Y
	o
	u
	r
	 
	s
	u
	c
	c
	e
	s
	s
	 
	m
	e
	s
	s
	a
	g
	e
	 
	m
	u
	s
	t
	 
	c
	o
	n
	t
	a
	i
	n
	 
	t
	h
	e
	 
	w
	o
	r
	d
	 
	"
	(
	S
	|
	s
	)
	u
	c
	c
	e
	e
	d
	e
	d
	"
	,
	 
	"
	(
	S
	|
	s
	)
	u
	c
	c
	e
	s
	s
	"
	,
	 
	"
	S
	U
	C
	C
	E
	S
	S
	"
	,
	 
	o
	r
	 
	"
	S
	U
	C
	C
	E
	E
	D
	E
	D
	"
	;
	 
	t
	h
	i
	s
	 
	c
	a
	n
	 
	b
	e
	 
	c
	h
	a
	n
	g
	e
	d
	 
	i
	n
	 
	r
	u
	n
	n
	e
	r
	.
	p
	y
	.
- Reference output:
	P
	a
	r
	s
	e
	 
	s
	u
	c
	c
	e
	e
	d
	e
	d
	,
	 
	f
	i
	n
	d
	i
	n
	g
	 
	5
	6
	 
	I
	L
	O
	C
	 
	o
	p
	e
	r
	a
	t
	i
	o
	n
	s
	.
- Your output:
	P
	O
	O
	 
	P
	O
	O
	O
	 
	P
	O
	O
	

	M
	u
	s
	t
	 
	s
	p
	e
	c
	i
	f
	y
	 
	a
	 
	f
	i
	l
	e
	 
	n
	a
	m
	e
	 
	a
	f
	t
	e
	r
	 
	t
	h
	e
	 
	f
	l
	a
	g
	.
❌ /clear/courses/comp412/students/ILOC/contributed/2013/lab2/s34_test2.i failed!
- Summary:
	Y
	o
	u
	 
	i
	d
	e
	n
	t
	i
	f
	i
	e
	d
	 
	0
	/
	0
	 
	e
	r
	r
	o
	r
	s
	 
	c
	o
	r
	r
	e
	c
	t
	l
	y
	.
	Y
	o
	u
	 
	i
	d
	e
	n
	t
	i
	f
	i
	e
	d
	 
	0
	 
	c
	o
	r
	r
	e
	c
	t
	 
	l
	i
	n
	e
	s
	 
	a
	s
	 
	e
	r
	r
	o
	r
	s
	.
	Y
	o
	u
	 
	d
	o
	 
	n
	o
	t
	 
	h
	a
	v
	e
	 
	a
	 
	s
	u
	c
	c
	e
	s
	s
	 
	m
	e
	s
	s
	a
	g
	e
	 
	w
	h
	i
	l
	e
	 
	t
	h
	e
	 
	r
	e
	f
	e
	r
	e
	n
	c
	e
	 
	d
	o
	e
	s
	.
	N
	O
	T
	E
	:
	 
	Y
	o
	u
	r
	 
	s
	u
	c
	c
	e
	s
	s
	 
	m
	e
	s
	s
	a
	g
	e
	 
	m
	u
	s
	t
	 
	c
	o
	n
	t
	a
	i
	n
	 
	t
	h
	e
	 
	w
	o
	r
	d
	 
	"
	(
	S
	|
	s
	)
	u
	c
	c
	e
	e
	d
	e
	d
	"
	,
	 
	"
	(
	S
	|
	s
	)
	u
	c
	c
	e
	s
	s
	"
	,
	 
	"
	S
	U
	C
	C
	E
	S
	S
	"
	,
	 
	o
	r
	 
	"
	S
	U
	C
	C
	E
	E
	D
	E
	D
	"
	;
	 
	t
	h
	i
	s
	 
	c
	a
	n
	 
	b
	e
	 
	c
	h
	a
	n
	g
	e
	d
	 
	i
	n
	 
	r
	u
	n
	n
	e
	r
	.
	p
	y
	.
- Reference output:
	P
	a
	r
	s
	e
	 
	s
	u
	c
	c
	e
	e
	d
	e
	d
	,
	 
	f
	i
	n
	d
	i
	n
	g
	 
	4
	4
	 
	I
	L
	O
	C
	 
	o
	p
	e
	r
	a
	t
	i
	o
	n
	s
	.
- Your output:
	P
	O
	O
	 
	P
	O
	O
	O
	 
	P
	O
	O
	

	M
	u
	s
	t
	 
	s
	p
	e
	c
	i
	f
	y
	 
	a
	 
	f
	i
	l
	e
	 
	n
	a
	m
	e
	 
	a
	f
	t
	e
	r
	 
	t
	h
	e
	 
	f
	l
	a
	g
	.
❌ /clear/courses/comp412/students/ILOC/contributed/2013/lab2/s44_block4.i failed!
- Summary:
	Y
	o
	u
	 
	i
	d
	e
	n
	t
	i
	f
	i
	e
	d
	 
	0
	/
	0
	 
	e
	r
	r
	o
	r
	s
	 
	c
	o
	r
	r
	e
	c
	t
	l
	y
	.
	Y
	o
	u
	 
	i
	d
	e
	n
	t
	i
	f
	i
	e
	d
	 
	0
	 
	c
	o
	r
	r
	e
	c
	t
	 
	l
	i
	n
	e
	s
	 
	a
	s
	 
	e
	r
	r
	o
	r
	s
	.
	Y
	o
	u
	 
	d
	o
	 
	n
	o
	t
	 
	h
	a
	v
	e
	 
	a
	 
	s
	u
	c
	c
	e
	s
	s
	 
	m
	e
	s
	s
	a
	g
	e
	 
	w
	h
	i
	l
	e
	 
	t
	h
	e
	 
	r
	e
	f
	e
	r
	e
	n
	c
	e
	 
	d
	o
	e
	s
	.
	N
	O
	T
	E
	:
	 
	Y
	o
	u
	r
	 
	s
	u
	c
	c
	e
	s
	s
	 
	m
	e
	s
	s
	a
	g
	e
	 
	m
	u
	s
	t
	 
	c
	o
	n
	t
	a
	i
	n
	 
	t
	h
	e
	 
	w
	o
	r
	d
	 
	"
	(
	S
	|
	s
	)
	u
	c
	c
	e
	e
	d
	e
	d
	"
	,
	 
	"
	(
	S
	|
	s
	)
	u
	c
	c
	e
	s
	s
	"
	,
	 
	"
	S
	U
	C
	C
	E
	S
	S
	"
	,
	 
	o
	r
	 
	"
	S
	U
	C
	C
	E
	E
	D
	E
	D
	"
	;
	 
	t
	h
	i
	s
	 
	c
	a
	n
	 
	b
	e
	 
	c
	h
	a
	n
	g
	e
	d
	 
	i
	n
	 
	r
	u
	n
	n
	e
	r
	.
	p
	y
	.
- Reference output:
	P
	a
	r
	s
	e
	 
	s
	u
	c
	c
	e
	e
	d
	e
	d
	,
	 
	f
	i
	n
	d
	i
	n
	g
	 
	1
	9
	 
	I
	L
	O
	C
	 
	o
	p
	e
	r
	a
	t
	i
	o
	n
	s
	.
- Your output:
	P
	O
	O
	 
	P
	O
	O
	O
	 
	P
	O
	O
	

	M
	u
	s
	t
	 
	s
	p
	e
	c
	i
	f
	y
	 
	a
	 
	f
	i
	l
	e
	 
	n
	a
	m
	e
	 
	a
	f
	t
	e
	r
	 
	t
	h
	e
	 
	f
	l
	a
	g
	.
❌ /clear/courses/comp412/students/ILOC/contributed/2013/lab2/s48_test1.i failed!
- Summary:
	Y
	o
	u
	 
	i
	d
	e
	n
	t
	i
	f
	i
	e
	d
	 
	0
	/
	0
	 
	e
	r
	r
	o
	r
	s
	 
	c
	o
	r
	r
	e
	c
	t
	l
	y
	.
	Y
	o
	u
	 
	i
	d
	e
	n
	t
	i
	f
	i
	e
	d
	 
	0
	 
	c
	o
	r
	r
	e
	c
	t
	 
	l
	i
	n
	e
	s
	 
	a
	s
	 
	e
	r
	r
	o
	r
	s
	.
	Y
	o
	u
	 
	d
	o
	 
	n
	o
	t
	 
	h
	a
	v
	e
	 
	a
	 
	s
	u
	c
	c
	e
	s
	s
	 
	m
	e
	s
	s
	a
	g
	e
	 
	w
	h
	i
	l
	e
	 
	t
	h
	e
	 
	r
	e
	f
	e
	r
	e
	n
	c
	e
	 
	d
	o
	e
	s
	.
	N
	O
	T
	E
	:
	 
	Y
	o
	u
	r
	 
	s
	u
	c
	c
	e
	s
	s
	 
	m
	e
	s
	s
	a
	g
	e
	 
	m
	u
	s
	t
	 
	c
	o
	n
	t
	a
	i
	n
	 
	t
	h
	e
	 
	w
	o
	r
	d
	 
	"
	(
	S
	|
	s
	)
	u
	c
	c
	e
	e
	d
	e
	d
	"
	,
	 
	"
	(
	S
	|
	s
	)
	u
	c
	c
	e
	s
	s
	"
	,
	 
	"
	S
	U
	C
	C
	E
	S
	S
	"
	,
	 
	o
	r
	 
	"
	S
	U
	C
	C
	E
	E
	D
	E
	D
	"
	;
	 
	t
	h
	i
	s
	 
	c
	a
	n
	 
	b
	e
	 
	c
	h
	a
	n
	g
	e
	d
	 
	i
	n
	 
	r
	u
	n
	n
	e
	r
	.
	p
	y
	.
- Reference output:
	P
	a
	r
	s
	e
	 
	s
	u
	c
	c
	e
	e
	d
	e
	d
	,
	 
	f
	i
	n
	d
	i
	n
	g
	 
	2
	1
	 
	I
	L
	O
	C
	 
	o
	p
	e
	r
	a
	t
	i
	o
	n
	s
	.
- Your output:
	P
	O
	O
	 
	P
	O
	O
	O
	 
	P
	O
	O
	

	M
	u
	s
	t
	 
	s
	p
	e
	c
	i
	f
	y
	 
	a
	 
	f
	i
	l
	e
	 
	n
	a
	m
	e
	 
	a
	f
	t
	e
	r
	 
	t
	h
	e
	 
	f
	l
	a
	g
	.
❌ /clear/courses/comp412/students/ILOC/contributed/2013/lab2/s39_test5.i failed!
- Summary:
	Y
	o
	u
	 
	i
	d
	e
	n
	t
	i
	f
	i
	e
	d
	 
	0
	/
	0
	 
	e
	r
	r
	o
	r
	s
	 
	c
	o
	r
	r
	e
	c
	t
	l
	y
	.
	Y
	o
	u
	 
	i
	d
	e
	n
	t
	i
	f
	i
	e
	d
	 
	0
	 
	c
	o
	r
	r
	e
	c
	t
	 
	l
	i
	n
	e
	s
	 
	a
	s
	 
	e
	r
	r
	o
	r
	s
	.
	Y
	o
	u
	 
	d
	o
	 
	n
	o
	t
	 
	h
	a
	v
	e
	 
	a
	 
	s
	u
	c
	c
	e
	s
	s
	 
	m
	e
	s
	s
	a
	g
	e
	 
	w
	h
	i
	l
	e
	 
	t
	h
	e
	 
	r
	e
	f
	e
	r
	e
	n
	c
	e
	 
	d
	o
	e
	s
	.
	N
	O
	T
	E
	:
	 
	Y
	o
	u
	r
	 
	s
	u
	c
	c
	e
	s
	s
	 
	m
	e
	s
	s
	a
	g
	e
	 
	m
	u
	s
	t
	 
	c
	o
	n
	t
	a
	i
	n
	 
	t
	h
	e
	 
	w
	o
	r
	d
	 
	"
	(
	S
	|
	s
	)
	u
	c
	c
	e
	e
	d
	e
	d
	"
	,
	 
	"
	(
	S
	|
	s
	)
	u
	c
	c
	e
	s
	s
	"
	,
	 
	"
	S
	U
	C
	C
	E
	S
	S
	"
	,
	 
	o
	r
	 
	"
	S
	U
	C
	C
	E
	E
	D
	E
	D
	"
	;
	 
	t
	h
	i
	s
	 
	c
	a
	n
	 
	b
	e
	 
	c
	h
	a
	n
	g
	e
	d
	 
	i
	n
	 
	r
	u
	n
	n
	e
	r
	.
	p
	y
	.
- Reference output:
	P
	a
	r
	s
	e
	 
	s
	u
	c
	c
	e
	e
	d
	e
	d
	,
	 
	f
	i
	n
	d
	i
	n
	g
	 
	1
	4
	 
	I
	L
	O
	C
	 
	o
	p
	e
	r
	a
	t
	i
	o
	n
	s
	.
- Your output:
	P
	O
	O
	 
	P
	O
	O
	O
	 
	P
	O
	O
	

	M
	u
	s
	t
	 
	s
	p
	e
	c
	i
	f
	y
	 
	a
	 
	f
	i
	l
	e
	 
	n
	a
	m
	e
	 
	a
	f
	t
	e
	r
	 
	t
	h
	e
	 
	f
	l
	a
	g
	.
❌ /clear/courses/comp412/students/ILOC/contributed/2013/lab2/s29_test4.i failed!
- Summary:
	Y
	o
	u
	 
	i
	d
	e
	n
	t
	i
	f
	i
	e
	d
	 
	0
	/
	0
	 
	e
	r
	r
	o
	r
	s
	 
	c
	o
	r
	r
	e
	c
	t
	l
	y
	.
	Y
	o
	u
	 
	i
	d
	e
	n
	t
	i
	f
	i
	e
	d
	 
	0
	 
	c
	o
	r
	r
	e
	c
	t
	 
	l
	i
	n
	e
	s
	 
	a
	s
	 
	e
	r
	r
	o
	r
	s
	.
	Y
	o
	u
	 
	d
	o
	 
	n
	o
	t
	 
	h
	a
	v
	e
	 
	a
	 
	s
	u
	c
	c
	e
	s
	s
	 
	m
	e
	s
	s
	a
	g
	e
	 
	w
	h
	i
	l
	e
	 
	t
	h
	e
	 
	r
	e
	f
	e
	r
	e
	n
	c
	e
	 
	d
	o
	e
	s
	.
	N
	O
	T
	E
	:
	 
	Y
	o
	u
	r
	 
	s
	u
	c
	c
	e
	s
	s
	 
	m
	e
	s
	s
	a
	g
	e
	 
	m
	u
	s
	t
	 
	c
	o
	n
	t
	a
	i
	n
	 
	t
	h
	e
	 
	w
	o
	r
	d
	 
	"
	(
	S
	|
	s
	)
	u
	c
	c
	e
	e
	d
	e
	d
	"
	,
	 
	"
	(
	S
	|
	s
	)
	u
	c
	c
	e
	s
	s
	"
	,
	 
	"
	S
	U
	C
	C
	E
	S
	S
	"
	,
	 
	o
	r
	 
	"
	S
	U
	C
	C
	E
	E
	D
	E
	D
	"
	;
	 
	t
	h
	i
	s
	 
	c
	a
	n
	 
	b
	e
	 
	c
	h
	a
	n
	g
	e
	d
	 
	i
	n
	 
	r
	u
	n
	n
	e
	r
	.
	p
	y
	.
- Reference output:
	P
	a
	r
	s
	e
	 
	s
	u
	c
	c
	e
	e
	d
	e
	d
	,
	 
	f
	i
	n
	d
	i
	n
	g
	 
	1
	4
	 
	I
	L
	O
	C
	 
	o
	p
	e
	r
	a
	t
	i
	o
	n
	s
	.
- Your output:
	P
	O
	O
	 
	P
	O
	O
	O
	 
	P
	O
	O
	

	M
	u
	s
	t
	 
	s
	p
	e
	c
	i
	f
	y
	 
	a
	 
	f
	i
	l
	e
	 
	n
	a
	m
	e
	 
	a
	f
	t
	e
	r
	 
	t
	h
	e
	 
	f
	l
	a
	g
	.
❌ /clear/courses/comp412/students/ILOC/contributed/2013/lab2/s53_test2.i failed!
- Summary:
	Y
	o
	u
	 
	i
	d
	e
	n
	t
	i
	f
	i
	e
	d
	 
	0
	/
	0
	 
	e
	r
	r
	o
	r
	s
	 
	c
	o
	r
	r
	e
	c
	t
	l
	y
	.
	Y
	o
	u
	 
	i
	d
	e
	n
	t
	i
	f
	i
	e
	d
	 
	0
	 
	c
	o
	r
	r
	e
	c
	t
	 
	l
	i
	n
	e
	s
	 
	a
	s
	 
	e
	r
	r
	o
	r
	s
	.
	Y
	o
	u
	 
	d
	o
	 
	n
	o
	t
	 
	h
	a
	v
	e
	 
	a
	 
	s
	u
	c
	c
	e
	s
	s
	 
	m
	e
	s
	s
	a
	g
	e
	 
	w
	h
	i
	l
	e
	 
	t
	h
	e
	 
	r
	e
	f
	e
	r
	e
	n
	c
	e
	 
	d
	o
	e
	s
	.
	N
	O
	T
	E
	:
	 
	Y
	o
	u
	r
	 
	s
	u
	c
	c
	e
	s
	s
	 
	m
	e
	s
	s
	a
	g
	e
	 
	m
	u
	s
	t
	 
	c
	o
	n
	t
	a
	i
	n
	 
	t
	h
	e
	 
	w
	o
	r
	d
	 
	"
	(
	S
	|
	s
	)
	u
	c
	c
	e
	e
	d
	e
	d
	"
	,
	 
	"
	(
	S
	|
	s
	)
	u
	c
	c
	e
	s
	s
	"
	,
	 
	"
	S
	U
	C
	C
	E
	S
	S
	"
	,
	 
	o
	r
	 
	"
	S
	U
	C
	C
	E
	E
	D
	E
	D
	"
	;
	 
	t
	h
	i
	s
	 
	c
	a
	n
	 
	b
	e
	 
	c
	h
	a
	n
	g
	e
	d
	 
	i
	n
	 
	r
	u
	n
	n
	e
	r
	.
	p
	y
	.
- Reference output:
	P
	a
	r
	s
	e
	 
	s
	u
	c
	c
	e
	e
	d
	e
	d
	,
	 
	f
	i
	n
	d
	i
	n
	g
	 
	1
	3
	 
	I
	L
	O
	C
	 
	o
	p
	e
	r
	a
	t
	i
	o
	n
	s
	.
- Your output:
	P
	O
	O
	 
	P
	O
	O
	O
	 
	P
	O
	O
	

	M
	u
	s
	t
	 
	s
	p
	e
	c
	i
	f
	y
	 
	a
	 
	f
	i
	l
	e
	 
	n
	a
	m
	e
	 
	a
	f
	t
	e
	r
	 
	t
	h
	e
	 
	f
	l
	a
	g
	.
❌ /clear/courses/comp412/students/ILOC/contributed/2013/lab2/s26_factorial.i failed!
- Summary:
	Y
	o
	u
	 
	i
	d
	e
	n
	t
	i
	f
	i
	e
	d
	 
	0
	/
	0
	 
	e
	r
	r
	o
	r
	s
	 
	c
	o
	r
	r
	e
	c
	t
	l
	y
	.
	Y
	o
	u
	 
	i
	d
	e
	n
	t
	i
	f
	i
	e
	d
	 
	0
	 
	c
	o
	r
	r
	e
	c
	t
	 
	l
	i
	n
	e
	s
	 
	a
	s
	 
	e
	r
	r
	o
	r
	s
	.
	Y
	o
	u
	 
	d
	o
	 
	n
	o
	t
	 
	h
	a
	v
	e
	 
	a
	 
	s
	u
	c
	c
	e
	s
	s
	 
	m
	e
	s
	s
	a
	g
	e
	 
	w
	h
	i
	l
	e
	 
	t
	h
	e
	 
	r
	e
	f
	e
	r
	e
	n
	c
	e
	 
	d
	o
	e
	s
	.
	N
	O
	T
	E
	:
	 
	Y
	o
	u
	r
	 
	s
	u
	c
	c
	e
	s
	s
	 
	m
	e
	s
	s
	a
	g
	e
	 
	m
	u
	s
	t
	 
	c
	o
	n
	t
	a
	i
	n
	 
	t
	h
	e
	 
	w
	o
	r
	d
	 
	"
	(
	S
	|
	s
	)
	u
	c
	c
	e
	e
	d
	e
	d
	"
	,
	 
	"
	(
	S
	|
	s
	)
	u
	c
	c
	e
	s
	s
	"
	,
	 
	"
	S
	U
	C
	C
	E
	S
	S
	"
	,
	 
	o
	r
	 
	"
	S
	U
	C
	C
	E
	E
	D
	E
	D
	"
	;
	 
	t
	h
	i
	s
	 
	c
	a
	n
	 
	b
	e
	 
	c
	h
	a
	n
	g
	e
	d
	 
	i
	n
	 
	r
	u
	n
	n
	e
	r
	.
	p
	y
	.
- Reference output:
	P
	a
	r
	s
	e
	 
	s
	u
	c
	c
	e
	e
	d
	e
	d
	,
	 
	f
	i
	n
	d
	i
	n
	g
	 
	2
	2
	 
	I
	L
	O
	C
	 
	o
	p
	e
	r
	a
	t
	i
	o
	n
	s
	.
- Your output:
	P
	O
	O
	 
	P
	O
	O
	O
	 
	P
	O
	O
	

	M
	u
	s
	t
	 
	s
	p
	e
	c
	i
	f
	y
	 
	a
	 
	f
	i
	l
	e
	 
	n
	a
	m
	e
	 
	a
	f
	t
	e
	r
	 
	t
	h
	e
	 
	f
	l
	a
	g
	.
❌ /clear/courses/comp412/students/ILOC/contributed/2013/lab2/s14_test3.i failed!
- Summary:
	Y
	o
	u
	 
	i
	d
	e
	n
	t
	i
	f
	i
	e
	d
	 
	0
	/
	0
	 
	e
	r
	r
	o
	r
	s
	 
	c
	o
	r
	r
	e
	c
	t
	l
	y
	.
	Y
	o
	u
	 
	i
	d
	e
	n
	t
	i
	f
	i
	e
	d
	 
	0
	 
	c
	o
	r
	r
	e
	c
	t
	 
	l
	i
	n
	e
	s
	 
	a
	s
	 
	e
	r
	r
	o
	r
	s
	.
	Y
	o
	u
	 
	d
	o
	 
	n
	o
	t
	 
	h
	a
	v
	e
	 
	a
	 
	s
	u
	c
	c
	e
	s
	s
	 
	m
	e
	s
	s
	a
	g
	e
	 
	w
	h
	i
	l
	e
	 
	t
	h
	e
	 
	r
	e
	f
	e
	r
	e
	n
	c
	e
	 
	d
	o
	e
	s
	.
	N
	O
	T
	E
	:
	 
	Y
	o
	u
	r
	 
	s
	u
	c
	c
	e
	s
	s
	 
	m
	e
	s
	s
	a
	g
	e
	 
	m
	u
	s
	t
	 
	c
	o
	n
	t
	a
	i
	n
	 
	t
	h
	e
	 
	w
	o
	r
	d
	 
	"
	(
	S
	|
	s
	)
	u
	c
	c
	e
	e
	d
	e
	d
	"
	,
	 
	"
	(
	S
	|
	s
	)
	u
	c
	c
	e
	s
	s
	"
	,
	 
	"
	S
	U
	C
	C
	E
	S
	S
	"
	,
	 
	o
	r
	 
	"
	S
	U
	C
	C
	E
	E
	D
	E
	D
	"
	;
	 
	t
	h
	i
	s
	 
	c
	a
	n
	 
	b
	e
	 
	c
	h
	a
	n
	g
	e
	d
	 
	i
	n
	 
	r
	u
	n
	n
	e
	r
	.
	p
	y
	.
- Reference output:
	P
	a
	r
	s
	e
	 
	s
	u
	c
	c
	e
	e
	d
	e
	d
	,
	 
	f
	i
	n
	d
	i
	n
	g
	 
	2
	9
	 
	I
	L
	O
	C
	 
	o
	p
	e
	r
	a
	t
	i
	o
	n
	s
	.
- Your output:
	P
	O
	O
	 
	P
	O
	O
	O
	 
	P
	O
	O
	

	M
	u
	s
	t
	 
	s
	p
	e
	c
	i
	f
	y
	 
	a
	 
	f
	i
	l
	e
	 
	n
	a
	m
	e
	 
	a
	f
	t
	e
	r
	 
	t
	h
	e
	 
	f
	l
	a
	g
	.
❌ /clear/courses/comp412/students/ILOC/contributed/2013/lab2/s58_test4.i failed!
- Summary:
	Y
	o
	u
	 
	i
	d
	e
	n
	t
	i
	f
	i
	e
	d
	 
	0
	/
	0
	 
	e
	r
	r
	o
	r
	s
	 
	c
	o
	r
	r
	e
	c
	t
	l
	y
	.
	Y
	o
	u
	 
	i
	d
	e
	n
	t
	i
	f
	i
	e
	d
	 
	0
	 
	c
	o
	r
	r
	e
	c
	t
	 
	l
	i
	n
	e
	s
	 
	a
	s
	 
	e
	r
	r
	o
	r
	s
	.
	Y
	o
	u
	 
	d
	o
	 
	n
	o
	t
	 
	h
	a
	v
	e
	 
	a
	 
	s
	u
	c
	c
	e
	s
	s
	 
	m
	e
	s
	s
	a
	g
	e
	 
	w
	h
	i
	l
	e
	 
	t
	h
	e
	 
	r
	e
	f
	e
	r
	e
	n
	c
	e
	 
	d
	o
	e
	s
	.
	N
	O
	T
	E
	:
	 
	Y
	o
	u
	r
	 
	s
	u
	c
	c
	e
	s
	s
	 
	m
	e
	s
	s
	a
	g
	e
	 
	m
	u
	s
	t
	 
	c
	o
	n
	t
	a
	i
	n
	 
	t
	h
	e
	 
	w
	o
	r
	d
	 
	"
	(
	S
	|
	s
	)
	u
	c
	c
	e
	e
	d
	e
	d
	"
	,
	 
	"
	(
	S
	|
	s
	)
	u
	c
	c
	e
	s
	s
	"
	,
	 
	"
	S
	U
	C
	C
	E
	S
	S
	"
	,
	 
	o
	r
	 
	"
	S
	U
	C
	C
	E
	E
	D
	E
	D
	"
	;
	 
	t
	h
	i
	s
	 
	c
	a
	n
	 
	b
	e
	 
	c
	h
	a
	n
	g
	e
	d
	 
	i
	n
	 
	r
	u
	n
	n
	e
	r
	.
	p
	y
	.
- Reference output:
	P
	a
	r
	s
	e
	 
	s
	u
	c
	c
	e
	e
	d
	e
	d
	,
	 
	f
	i
	n
	d
	i
	n
	g
	 
	6
	8
	 
	I
	L
	O
	C
	 
	o
	p
	e
	r
	a
	t
	i
	o
	n
	s
	.
- Your output:
	P
	O
	O
	 
	P
	O
	O
	O
	 
	P
	O
	O
	

	M
	u
	s
	t
	 
	s
	p
	e
	c
	i
	f
	y
	 
	a
	 
	f
	i
	l
	e
	 
	n
	a
	m
	e
	 
	a
	f
	t
	e
	r
	 
	t
	h
	e
	 
	f
	l
	a
	g
	.
❌ /clear/courses/comp412/students/ILOC/contributed/2013/lab2/s41_test2.i failed!
- Summary:
	Y
	o
	u
	 
	i
	d
	e
	n
	t
	i
	f
	i
	e
	d
	 
	0
	/
	0
	 
	e
	r
	r
	o
	r
	s
	 
	c
	o
	r
	r
	e
	c
	t
	l
	y
	.
	Y
	o
	u
	 
	i
	d
	e
	n
	t
	i
	f
	i
	e
	d
	 
	0
	 
	c
	o
	r
	r
	e
	c
	t
	 
	l
	i
	n
	e
	s
	 
	a
	s
	 
	e
	r
	r
	o
	r
	s
	.
	Y
	o
	u
	 
	d
	o
	 
	n
	o
	t
	 
	h
	a
	v
	e
	 
	a
	 
	s
	u
	c
	c
	e
	s
	s
	 
	m
	e
	s
	s
	a
	g
	e
	 
	w
	h
	i
	l
	e
	 
	t
	h
	e
	 
	r
	e
	f
	e
	r
	e
	n
	c
	e
	 
	d
	o
	e
	s
	.
	N
	O
	T
	E
	:
	 
	Y
	o
	u
	r
	 
	s
	u
	c
	c
	e
	s
	s
	 
	m
	e
	s
	s
	a
	g
	e
	 
	m
	u
	s
	t
	 
	c
	o
	n
	t
	a
	i
	n
	 
	t
	h
	e
	 
	w
	o
	r
	d
	 
	"
	(
	S
	|
	s
	)
	u
	c
	c
	e
	e
	d
	e
	d
	"
	,
	 
	"
	(
	S
	|
	s
	)
	u
	c
	c
	e
	s
	s
	"
	,
	 
	"
	S
	U
	C
	C
	E
	S
	S
	"
	,
	 
	o
	r
	 
	"
	S
	U
	C
	C
	E
	E
	D
	E
	D
	"
	;
	 
	t
	h
	i
	s
	 
	c
	a
	n
	 
	b
	e
	 
	c
	h
	a
	n
	g
	e
	d
	 
	i
	n
	 
	r
	u
	n
	n
	e
	r
	.
	p
	y
	.
- Reference output:
	P
	a
	r
	s
	e
	 
	s
	u
	c
	c
	e
	e
	d
	e
	d
	,
	 
	f
	i
	n
	d
	i
	n
	g
	 
	1
	7
	 
	I
	L
	O
	C
	 
	o
	p
	e
	r
	a
	t
	i
	o
	n
	s
	.
- Your output:
	P
	O
	O
	 
	P
	O
	O
	O
	 
	P
	O
	O
	

	M
	u
	s
	t
	 
	s
	p
	e
	c
	i
	f
	y
	 
	a
	 
	f
	i
	l
	e
	 
	n
	a
	m
	e
	 
	a
	f
	t
	e
	r
	 
	t
	h
	e
	 
	f
	l
	a
	g
	.
❌ /clear/courses/comp412/students/ILOC/contributed/2013/lab2/s30_test2.i failed!
- Summary:
	Y
	o
	u
	 
	i
	d
	e
	n
	t
	i
	f
	i
	e
	d
	 
	0
	/
	0
	 
	e
	r
	r
	o
	r
	s
	 
	c
	o
	r
	r
	e
	c
	t
	l
	y
	.
	Y
	o
	u
	 
	i
	d
	e
	n
	t
	i
	f
	i
	e
	d
	 
	0
	 
	c
	o
	r
	r
	e
	c
	t
	 
	l
	i
	n
	e
	s
	 
	a
	s
	 
	e
	r
	r
	o
	r
	s
	.
	Y
	o
	u
	 
	d
	o
	 
	n
	o
	t
	 
	h
	a
	v
	e
	 
	a
	 
	s
	u
	c
	c
	e
	s
	s
	 
	m
	e
	s
	s
	a
	g
	e
	 
	w
	h
	i
	l
	e
	 
	t
	h
	e
	 
	r
	e
	f
	e
	r
	e
	n
	c
	e
	 
	d
	o
	e
	s
	.
	N
	O
	T
	E
	:
	 
	Y
	o
	u
	r
	 
	s
	u
	c
	c
	e
	s
	s
	 
	m
	e
	s
	s
	a
	g
	e
	 
	m
	u
	s
	t
	 
	c
	o
	n
	t
	a
	i
	n
	 
	t
	h
	e
	 
	w
	o
	r
	d
	 
	"
	(
	S
	|
	s
	)
	u
	c
	c
	e
	e
	d
	e
	d
	"
	,
	 
	"
	(
	S
	|
	s
	)
	u
	c
	c
	e
	s
	s
	"
	,
	 
	"
	S
	U
	C
	C
	E
	S
	S
	"
	,
	 
	o
	r
	 
	"
	S
	U
	C
	C
	E
	E
	D
	E
	D
	"
	;
	 
	t
	h
	i
	s
	 
	c
	a
	n
	 
	b
	e
	 
	c
	h
	a
	n
	g
	e
	d
	 
	i
	n
	 
	r
	u
	n
	n
	e
	r
	.
	p
	y
	.
- Reference output:
	P
	a
	r
	s
	e
	 
	s
	u
	c
	c
	e
	e
	d
	e
	d
	,
	 
	f
	i
	n
	d
	i
	n
	g
	 
	1
	2
	 
	I
	L
	O
	C
	 
	o
	p
	e
	r
	a
	t
	i
	o
	n
	s
	.
- Your output:
	P
	O
	O
	 
	P
	O
	O
	O
	 
	P
	O
	O
	

	M
	u
	s
	t
	 
	s
	p
	e
	c
	i
	f
	y
	 
	a
	 
	f
	i
	l
	e
	 
	n
	a
	m
	e
	 
	a
	f
	t
	e
	r
	 
	t
	h
	e
	 
	f
	l
	a
	g
	.
❌ /clear/courses/comp412/students/ILOC/contributed/2013/lab2/s34_test3.i failed!
- Summary:
	Y
	o
	u
	 
	i
	d
	e
	n
	t
	i
	f
	i
	e
	d
	 
	0
	/
	0
	 
	e
	r
	r
	o
	r
	s
	 
	c
	o
	r
	r
	e
	c
	t
	l
	y
	.
	Y
	o
	u
	 
	i
	d
	e
	n
	t
	i
	f
	i
	e
	d
	 
	0
	 
	c
	o
	r
	r
	e
	c
	t
	 
	l
	i
	n
	e
	s
	 
	a
	s
	 
	e
	r
	r
	o
	r
	s
	.
	Y
	o
	u
	 
	d
	o
	 
	n
	o
	t
	 
	h
	a
	v
	e
	 
	a
	 
	s
	u
	c
	c
	e
	s
	s
	 
	m
	e
	s
	s
	a
	g
	e
	 
	w
	h
	i
	l
	e
	 
	t
	h
	e
	 
	r
	e
	f
	e
	r
	e
	n
	c
	e
	 
	d
	o
	e
	s
	.
	N
	O
	T
	E
	:
	 
	Y
	o
	u
	r
	 
	s
	u
	c
	c
	e
	s
	s
	 
	m
	e
	s
	s
	a
	g
	e
	 
	m
	u
	s
	t
	 
	c
	o
	n
	t
	a
	i
	n
	 
	t
	h
	e
	 
	w
	o
	r
	d
	 
	"
	(
	S
	|
	s
	)
	u
	c
	c
	e
	e
	d
	e
	d
	"
	,
	 
	"
	(
	S
	|
	s
	)
	u
	c
	c
	e
	s
	s
	"
	,
	 
	"
	S
	U
	C
	C
	E
	S
	S
	"
	,
	 
	o
	r
	 
	"
	S
	U
	C
	C
	E
	E
	D
	E
	D
	"
	;
	 
	t
	h
	i
	s
	 
	c
	a
	n
	 
	b
	e
	 
	c
	h
	a
	n
	g
	e
	d
	 
	i
	n
	 
	r
	u
	n
	n
	e
	r
	.
	p
	y
	.
- Reference output:
	P
	a
	r
	s
	e
	 
	s
	u
	c
	c
	e
	e
	d
	e
	d
	,
	 
	f
	i
	n
	d
	i
	n
	g
	 
	3
	3
	 
	I
	L
	O
	C
	 
	o
	p
	e
	r
	a
	t
	i
	o
	n
	s
	.
- Your output:
	P
	O
	O
	 
	P
	O
	O
	O
	 
	P
	O
	O
	

	M
	u
	s
	t
	 
	s
	p
	e
	c
	i
	f
	y
	 
	a
	 
	f
	i
	l
	e
	 
	n
	a
	m
	e
	 
	a
	f
	t
	e
	r
	 
	t
	h
	e
	 
	f
	l
	a
	g
	.
❌ /clear/courses/comp412/students/ILOC/contributed/2013/lab2/s11_test5.i failed!
- Summary:
	Y
	o
	u
	 
	i
	d
	e
	n
	t
	i
	f
	i
	e
	d
	 
	0
	/
	0
	 
	e
	r
	r
	o
	r
	s
	 
	c
	o
	r
	r
	e
	c
	t
	l
	y
	.
	Y
	o
	u
	 
	i
	d
	e
	n
	t
	i
	f
	i
	e
	d
	 
	0
	 
	c
	o
	r
	r
	e
	c
	t
	 
	l
	i
	n
	e
	s
	 
	a
	s
	 
	e
	r
	r
	o
	r
	s
	.
	Y
	o
	u
	 
	d
	o
	 
	n
	o
	t
	 
	h
	a
	v
	e
	 
	a
	 
	s
	u
	c
	c
	e
	s
	s
	 
	m
	e
	s
	s
	a
	g
	e
	 
	w
	h
	i
	l
	e
	 
	t
	h
	e
	 
	r
	e
	f
	e
	r
	e
	n
	c
	e
	 
	d
	o
	e
	s
	.
	N
	O
	T
	E
	:
	 
	Y
	o
	u
	r
	 
	s
	u
	c
	c
	e
	s
	s
	 
	m
	e
	s
	s
	a
	g
	e
	 
	m
	u
	s
	t
	 
	c
	o
	n
	t
	a
	i
	n
	 
	t
	h
	e
	 
	w
	o
	r
	d
	 
	"
	(
	S
	|
	s
	)
	u
	c
	c
	e
	e
	d
	e
	d
	"
	,
	 
	"
	(
	S
	|
	s
	)
	u
	c
	c
	e
	s
	s
	"
	,
	 
	"
	S
	U
	C
	C
	E
	S
	S
	"
	,
	 
	o
	r
	 
	"
	S
	U
	C
	C
	E
	E
	D
	E
	D
	"
	;
	 
	t
	h
	i
	s
	 
	c
	a
	n
	 
	b
	e
	 
	c
	h
	a
	n
	g
	e
	d
	 
	i
	n
	 
	r
	u
	n
	n
	e
	r
	.
	p
	y
	.
- Reference output:
	P
	a
	r
	s
	e
	 
	s
	u
	c
	c
	e
	e
	d
	e
	d
	,
	 
	f
	i
	n
	d
	i
	n
	g
	 
	3
	0
	 
	I
	L
	O
	C
	 
	o
	p
	e
	r
	a
	t
	i
	o
	n
	s
	.
- Your output:
	P
	O
	O
	 
	P
	O
	O
	O
	 
	P
	O
	O
	

	M
	u
	s
	t
	 
	s
	p
	e
	c
	i
	f
	y
	 
	a
	 
	f
	i
	l
	e
	 
	n
	a
	m
	e
	 
	a
	f
	t
	e
	r
	 
	t
	h
	e
	 
	f
	l
	a
	g
	.
❌ /clear/courses/comp412/students/ILOC/contributed/2013/lab2/s45_block4.i failed!
- Summary:
	Y
	o
	u
	 
	i
	d
	e
	n
	t
	i
	f
	i
	e
	d
	 
	0
	/
	0
	 
	e
	r
	r
	o
	r
	s
	 
	c
	o
	r
	r
	e
	c
	t
	l
	y
	.
	Y
	o
	u
	 
	i
	d
	e
	n
	t
	i
	f
	i
	e
	d
	 
	0
	 
	c
	o
	r
	r
	e
	c
	t
	 
	l
	i
	n
	e
	s
	 
	a
	s
	 
	e
	r
	r
	o
	r
	s
	.
	Y
	o
	u
	 
	d
	o
	 
	n
	o
	t
	 
	h
	a
	v
	e
	 
	a
	 
	s
	u
	c
	c
	e
	s
	s
	 
	m
	e
	s
	s
	a
	g
	e
	 
	w
	h
	i
	l
	e
	 
	t
	h
	e
	 
	r
	e
	f
	e
	r
	e
	n
	c
	e
	 
	d
	o
	e
	s
	.
	N
	O
	T
	E
	:
	 
	Y
	o
	u
	r
	 
	s
	u
	c
	c
	e
	s
	s
	 
	m
	e
	s
	s
	a
	g
	e
	 
	m
	u
	s
	t
	 
	c
	o
	n
	t
	a
	i
	n
	 
	t
	h
	e
	 
	w
	o
	r
	d
	 
	"
	(
	S
	|
	s
	)
	u
	c
	c
	e
	e
	d
	e
	d
	"
	,
	 
	"
	(
	S
	|
	s
	)
	u
	c
	c
	e
	s
	s
	"
	,
	 
	"
	S
	U
	C
	C
	E
	S
	S
	"
	,
	 
	o
	r
	 
	"
	S
	U
	C
	C
	E
	E
	D
	E
	D
	"
	;
	 
	t
	h
	i
	s
	 
	c
	a
	n
	 
	b
	e
	 
	c
	h
	a
	n
	g
	e
	d
	 
	i
	n
	 
	r
	u
	n
	n
	e
	r
	.
	p
	y
	.
- Reference output:
	P
	a
	r
	s
	e
	 
	s
	u
	c
	c
	e
	e
	d
	e
	d
	,
	 
	f
	i
	n
	d
	i
	n
	g
	 
	3
	7
	 
	I
	L
	O
	C
	 
	o
	p
	e
	r
	a
	t
	i
	o
	n
	s
	.
- Your output:
	P
	O
	O
	 
	P
	O
	O
	O
	 
	P
	O
	O
	

	M
	u
	s
	t
	 
	s
	p
	e
	c
	i
	f
	y
	 
	a
	 
	f
	i
	l
	e
	 
	n
	a
	m
	e
	 
	a
	f
	t
	e
	r
	 
	t
	h
	e
	 
	f
	l
	a
	g
	.
❌ /clear/courses/comp412/students/ILOC/contributed/2013/lab2/s08_test1.i failed!
- Summary:
	Y
	o
	u
	 
	i
	d
	e
	n
	t
	i
	f
	i
	e
	d
	 
	0
	/
	0
	 
	e
	r
	r
	o
	r
	s
	 
	c
	o
	r
	r
	e
	c
	t
	l
	y
	.
	Y
	o
	u
	 
	i
	d
	e
	n
	t
	i
	f
	i
	e
	d
	 
	0
	 
	c
	o
	r
	r
	e
	c
	t
	 
	l
	i
	n
	e
	s
	 
	a
	s
	 
	e
	r
	r
	o
	r
	s
	.
	Y
	o
	u
	 
	d
	o
	 
	n
	o
	t
	 
	h
	a
	v
	e
	 
	a
	 
	s
	u
	c
	c
	e
	s
	s
	 
	m
	e
	s
	s
	a
	g
	e
	 
	w
	h
	i
	l
	e
	 
	t
	h
	e
	 
	r
	e
	f
	e
	r
	e
	n
	c
	e
	 
	d
	o
	e
	s
	.
	N
	O
	T
	E
	:
	 
	Y
	o
	u
	r
	 
	s
	u
	c
	c
	e
	s
	s
	 
	m
	e
	s
	s
	a
	g
	e
	 
	m
	u
	s
	t
	 
	c
	o
	n
	t
	a
	i
	n
	 
	t
	h
	e
	 
	w
	o
	r
	d
	 
	"
	(
	S
	|
	s
	)
	u
	c
	c
	e
	e
	d
	e
	d
	"
	,
	 
	"
	(
	S
	|
	s
	)
	u
	c
	c
	e
	s
	s
	"
	,
	 
	"
	S
	U
	C
	C
	E
	S
	S
	"
	,
	 
	o
	r
	 
	"
	S
	U
	C
	C
	E
	E
	D
	E
	D
	"
	;
	 
	t
	h
	i
	s
	 
	c
	a
	n
	 
	b
	e
	 
	c
	h
	a
	n
	g
	e
	d
	 
	i
	n
	 
	r
	u
	n
	n
	e
	r
	.
	p
	y
	.
- Reference output:
	P
	a
	r
	s
	e
	 
	s
	u
	c
	c
	e
	e
	d
	e
	d
	,
	 
	f
	i
	n
	d
	i
	n
	g
	 
	6
	 
	I
	L
	O
	C
	 
	o
	p
	e
	r
	a
	t
	i
	o
	n
	s
	.
- Your output:
	P
	O
	O
	 
	P
	O
	O
	O
	 
	P
	O
	O
	

	M
	u
	s
	t
	 
	s
	p
	e
	c
	i
	f
	y
	 
	a
	 
	f
	i
	l
	e
	 
	n
	a
	m
	e
	 
	a
	f
	t
	e
	r
	 
	t
	h
	e
	 
	f
	l
	a
	g
	.
❌ /clear/courses/comp412/students/ILOC/contributed/2013/lab2/s13_block1.i failed!
- Summary:
	Y
	o
	u
	 
	i
	d
	e
	n
	t
	i
	f
	i
	e
	d
	 
	0
	/
	0
	 
	e
	r
	r
	o
	r
	s
	 
	c
	o
	r
	r
	e
	c
	t
	l
	y
	.
	Y
	o
	u
	 
	i
	d
	e
	n
	t
	i
	f
	i
	e
	d
	 
	0
	 
	c
	o
	r
	r
	e
	c
	t
	 
	l
	i
	n
	e
	s
	 
	a
	s
	 
	e
	r
	r
	o
	r
	s
	.
	Y
	o
	u
	 
	d
	o
	 
	n
	o
	t
	 
	h
	a
	v
	e
	 
	a
	 
	s
	u
	c
	c
	e
	s
	s
	 
	m
	e
	s
	s
	a
	g
	e
	 
	w
	h
	i
	l
	e
	 
	t
	h
	e
	 
	r
	e
	f
	e
	r
	e
	n
	c
	e
	 
	d
	o
	e
	s
	.
	N
	O
	T
	E
	:
	 
	Y
	o
	u
	r
	 
	s
	u
	c
	c
	e
	s
	s
	 
	m
	e
	s
	s
	a
	g
	e
	 
	m
	u
	s
	t
	 
	c
	o
	n
	t
	a
	i
	n
	 
	t
	h
	e
	 
	w
	o
	r
	d
	 
	"
	(
	S
	|
	s
	)
	u
	c
	c
	e
	e
	d
	e
	d
	"
	,
	 
	"
	(
	S
	|
	s
	)
	u
	c
	c
	e
	s
	s
	"
	,
	 
	"
	S
	U
	C
	C
	E
	S
	S
	"
	,
	 
	o
	r
	 
	"
	S
	U
	C
	C
	E
	E
	D
	E
	D
	"
	;
	 
	t
	h
	i
	s
	 
	c
	a
	n
	 
	b
	e
	 
	c
	h
	a
	n
	g
	e
	d
	 
	i
	n
	 
	r
	u
	n
	n
	e
	r
	.
	p
	y
	.
- Reference output:
	P
	a
	r
	s
	e
	 
	s
	u
	c
	c
	e
	e
	d
	e
	d
	,
	 
	f
	i
	n
	d
	i
	n
	g
	 
	1
	1
	 
	I
	L
	O
	C
	 
	o
	p
	e
	r
	a
	t
	i
	o
	n
	s
	.
- Your output:
	P
	O
	O
	 
	P
	O
	O
	O
	 
	P
	O
	O
	

	M
	u
	s
	t
	 
	s
	p
	e
	c
	i
	f
	y
	 
	a
	 
	f
	i
	l
	e
	 
	n
	a
	m
	e
	 
	a
	f
	t
	e
	r
	 
	t
	h
	e
	 
	f
	l
	a
	g
	.
❌ /clear/courses/comp412/students/ILOC/contributed/2013/lab2/s36_test2.i failed!
- Summary:
	Y
	o
	u
	 
	i
	d
	e
	n
	t
	i
	f
	i
	e
	d
	 
	0
	/
	0
	 
	e
	r
	r
	o
	r
	s
	 
	c
	o
	r
	r
	e
	c
	t
	l
	y
	.
	Y
	o
	u
	 
	i
	d
	e
	n
	t
	i
	f
	i
	e
	d
	 
	0
	 
	c
	o
	r
	r
	e
	c
	t
	 
	l
	i
	n
	e
	s
	 
	a
	s
	 
	e
	r
	r
	o
	r
	s
	.
	Y
	o
	u
	 
	d
	o
	 
	n
	o
	t
	 
	h
	a
	v
	e
	 
	a
	 
	s
	u
	c
	c
	e
	s
	s
	 
	m
	e
	s
	s
	a
	g
	e
	 
	w
	h
	i
	l
	e
	 
	t
	h
	e
	 
	r
	e
	f
	e
	r
	e
	n
	c
	e
	 
	d
	o
	e
	s
	.
	N
	O
	T
	E
	:
	 
	Y
	o
	u
	r
	 
	s
	u
	c
	c
	e
	s
	s
	 
	m
	e
	s
	s
	a
	g
	e
	 
	m
	u
	s
	t
	 
	c
	o
	n
	t
	a
	i
	n
	 
	t
	h
	e
	 
	w
	o
	r
	d
	 
	"
	(
	S
	|
	s
	)
	u
	c
	c
	e
	e
	d
	e
	d
	"
	,
	 
	"
	(
	S
	|
	s
	)
	u
	c
	c
	e
	s
	s
	"
	,
	 
	"
	S
	U
	C
	C
	E
	S
	S
	"
	,
	 
	o
	r
	 
	"
	S
	U
	C
	C
	E
	E
	D
	E
	D
	"
	;
	 
	t
	h
	i
	s
	 
	c
	a
	n
	 
	b
	e
	 
	c
	h
	a
	n
	g
	e
	d
	 
	i
	n
	 
	r
	u
	n
	n
	e
	r
	.
	p
	y
	.
- Reference output:
	P
	a
	r
	s
	e
	 
	s
	u
	c
	c
	e
	e
	d
	e
	d
	,
	 
	f
	i
	n
	d
	i
	n
	g
	 
	1
	3
	 
	I
	L
	O
	C
	 
	o
	p
	e
	r
	a
	t
	i
	o
	n
	s
	.
- Your output:
	P
	O
	O
	 
	P
	O
	O
	O
	 
	P
	O
	O
	

	M
	u
	s
	t
	 
	s
	p
	e
	c
	i
	f
	y
	 
	a
	 
	f
	i
	l
	e
	 
	n
	a
	m
	e
	 
	a
	f
	t
	e
	r
	 
	t
	h
	e
	 
	f
	l
	a
	g
	.
❌ /clear/courses/comp412/students/ILOC/contributed/2013/lab2/s23_test_rshift4.i failed!
- Summary:
	Y
	o
	u
	 
	i
	d
	e
	n
	t
	i
	f
	i
	e
	d
	 
	0
	/
	0
	 
	e
	r
	r
	o
	r
	s
	 
	c
	o
	r
	r
	e
	c
	t
	l
	y
	.
	Y
	o
	u
	 
	i
	d
	e
	n
	t
	i
	f
	i
	e
	d
	 
	0
	 
	c
	o
	r
	r
	e
	c
	t
	 
	l
	i
	n
	e
	s
	 
	a
	s
	 
	e
	r
	r
	o
	r
	s
	.
	Y
	o
	u
	 
	d
	o
	 
	n
	o
	t
	 
	h
	a
	v
	e
	 
	a
	 
	s
	u
	c
	c
	e
	s
	s
	 
	m
	e
	s
	s
	a
	g
	e
	 
	w
	h
	i
	l
	e
	 
	t
	h
	e
	 
	r
	e
	f
	e
	r
	e
	n
	c
	e
	 
	d
	o
	e
	s
	.
	N
	O
	T
	E
	:
	 
	Y
	o
	u
	r
	 
	s
	u
	c
	c
	e
	s
	s
	 
	m
	e
	s
	s
	a
	g
	e
	 
	m
	u
	s
	t
	 
	c
	o
	n
	t
	a
	i
	n
	 
	t
	h
	e
	 
	w
	o
	r
	d
	 
	"
	(
	S
	|
	s
	)
	u
	c
	c
	e
	e
	d
	e
	d
	"
	,
	 
	"
	(
	S
	|
	s
	)
	u
	c
	c
	e
	s
	s
	"
	,
	 
	"
	S
	U
	C
	C
	E
	S
	S
	"
	,
	 
	o
	r
	 
	"
	S
	U
	C
	C
	E
	E
	D
	E
	D
	"
	;
	 
	t
	h
	i
	s
	 
	c
	a
	n
	 
	b
	e
	 
	c
	h
	a
	n
	g
	e
	d
	 
	i
	n
	 
	r
	u
	n
	n
	e
	r
	.
	p
	y
	.
- Reference output:
	P
	a
	r
	s
	e
	 
	s
	u
	c
	c
	e
	e
	d
	e
	d
	,
	 
	f
	i
	n
	d
	i
	n
	g
	 
	1
	1
	 
	I
	L
	O
	C
	 
	o
	p
	e
	r
	a
	t
	i
	o
	n
	s
	.
- Your output:
	P
	O
	O
	 
	P
	O
	O
	O
	 
	P
	O
	O
	

	M
	u
	s
	t
	 
	s
	p
	e
	c
	i
	f
	y
	 
	a
	 
	f
	i
	l
	e
	 
	n
	a
	m
	e
	 
	a
	f
	t
	e
	r
	 
	t
	h
	e
	 
	f
	l
	a
	g
	.
❌ /clear/courses/comp412/students/ILOC/contributed/2013/lab2/s06_test4.i failed!
- Summary:
	Y
	o
	u
	 
	i
	d
	e
	n
	t
	i
	f
	i
	e
	d
	 
	0
	/
	0
	 
	e
	r
	r
	o
	r
	s
	 
	c
	o
	r
	r
	e
	c
	t
	l
	y
	.
	Y
	o
	u
	 
	i
	d
	e
	n
	t
	i
	f
	i
	e
	d
	 
	0
	 
	c
	o
	r
	r
	e
	c
	t
	 
	l
	i
	n
	e
	s
	 
	a
	s
	 
	e
	r
	r
	o
	r
	s
	.
	Y
	o
	u
	 
	d
	o
	 
	n
	o
	t
	 
	h
	a
	v
	e
	 
	a
	 
	s
	u
	c
	c
	e
	s
	s
	 
	m
	e
	s
	s
	a
	g
	e
	 
	w
	h
	i
	l
	e
	 
	t
	h
	e
	 
	r
	e
	f
	e
	r
	e
	n
	c
	e
	 
	d
	o
	e
	s
	.
	N
	O
	T
	E
	:
	 
	Y
	o
	u
	r
	 
	s
	u
	c
	c
	e
	s
	s
	 
	m
	e
	s
	s
	a
	g
	e
	 
	m
	u
	s
	t
	 
	c
	o
	n
	t
	a
	i
	n
	 
	t
	h
	e
	 
	w
	o
	r
	d
	 
	"
	(
	S
	|
	s
	)
	u
	c
	c
	e
	e
	d
	e
	d
	"
	,
	 
	"
	(
	S
	|
	s
	)
	u
	c
	c
	e
	s
	s
	"
	,
	 
	"
	S
	U
	C
	C
	E
	S
	S
	"
	,
	 
	o
	r
	 
	"
	S
	U
	C
	C
	E
	E
	D
	E
	D
	"
	;
	 
	t
	h
	i
	s
	 
	c
	a
	n
	 
	b
	e
	 
	c
	h
	a
	n
	g
	e
	d
	 
	i
	n
	 
	r
	u
	n
	n
	e
	r
	.
	p
	y
	.
- Reference output:
	P
	a
	r
	s
	e
	 
	s
	u
	c
	c
	e
	e
	d
	e
	d
	,
	 
	f
	i
	n
	d
	i
	n
	g
	 
	1
	2
	 
	I
	L
	O
	C
	 
	o
	p
	e
	r
	a
	t
	i
	o
	n
	s
	.
- Your output:
	P
	O
	O
	 
	P
	O
	O
	O
	 
	P
	O
	O
	

	M
	u
	s
	t
	 
	s
	p
	e
	c
	i
	f
	y
	 
	a
	 
	f
	i
	l
	e
	 
	n
	a
	m
	e
	 
	a
	f
	t
	e
	r
	 
	t
	h
	e
	 
	f
	l
	a
	g
	.
❌ /clear/courses/comp412/students/ILOC/contributed/2013/lab2/s05_copy.i failed!
- Summary:
	Y
	o
	u
	 
	i
	d
	e
	n
	t
	i
	f
	i
	e
	d
	 
	0
	/
	0
	 
	e
	r
	r
	o
	r
	s
	 
	c
	o
	r
	r
	e
	c
	t
	l
	y
	.
	Y
	o
	u
	 
	i
	d
	e
	n
	t
	i
	f
	i
	e
	d
	 
	0
	 
	c
	o
	r
	r
	e
	c
	t
	 
	l
	i
	n
	e
	s
	 
	a
	s
	 
	e
	r
	r
	o
	r
	s
	.
	Y
	o
	u
	 
	d
	o
	 
	n
	o
	t
	 
	h
	a
	v
	e
	 
	a
	 
	s
	u
	c
	c
	e
	s
	s
	 
	m
	e
	s
	s
	a
	g
	e
	 
	w
	h
	i
	l
	e
	 
	t
	h
	e
	 
	r
	e
	f
	e
	r
	e
	n
	c
	e
	 
	d
	o
	e
	s
	.
	N
	O
	T
	E
	:
	 
	Y
	o
	u
	r
	 
	s
	u
	c
	c
	e
	s
	s
	 
	m
	e
	s
	s
	a
	g
	e
	 
	m
	u
	s
	t
	 
	c
	o
	n
	t
	a
	i
	n
	 
	t
	h
	e
	 
	w
	o
	r
	d
	 
	"
	(
	S
	|
	s
	)
	u
	c
	c
	e
	e
	d
	e
	d
	"
	,
	 
	"
	(
	S
	|
	s
	)
	u
	c
	c
	e
	s
	s
	"
	,
	 
	"
	S
	U
	C
	C
	E
	S
	S
	"
	,
	 
	o
	r
	 
	"
	S
	U
	C
	C
	E
	E
	D
	E
	D
	"
	;
	 
	t
	h
	i
	s
	 
	c
	a
	n
	 
	b
	e
	 
	c
	h
	a
	n
	g
	e
	d
	 
	i
	n
	 
	r
	u
	n
	n
	e
	r
	.
	p
	y
	.
- Reference output:
	P
	a
	r
	s
	e
	 
	s
	u
	c
	c
	e
	e
	d
	e
	d
	,
	 
	f
	i
	n
	d
	i
	n
	g
	 
	3
	2
	 
	I
	L
	O
	C
	 
	o
	p
	e
	r
	a
	t
	i
	o
	n
	s
	.
- Your output:
	P
	O
	O
	 
	P
	O
	O
	O
	 
	P
	O
	O
	

	M
	u
	s
	t
	 
	s
	p
	e
	c
	i
	f
	y
	 
	a
	 
	f
	i
	l
	e
	 
	n
	a
	m
	e
	 
	a
	f
	t
	e
	r
	 
	t
	h
	e
	 
	f
	l
	a
	g
	.
❌ /clear/courses/comp412/students/ILOC/contributed/2013/lab2/s27_test4.i failed!
- Summary:
	Y
	o
	u
	 
	i
	d
	e
	n
	t
	i
	f
	i
	e
	d
	 
	0
	/
	0
	 
	e
	r
	r
	o
	r
	s
	 
	c
	o
	r
	r
	e
	c
	t
	l
	y
	.
	Y
	o
	u
	 
	i
	d
	e
	n
	t
	i
	f
	i
	e
	d
	 
	0
	 
	c
	o
	r
	r
	e
	c
	t
	 
	l
	i
	n
	e
	s
	 
	a
	s
	 
	e
	r
	r
	o
	r
	s
	.
	Y
	o
	u
	 
	d
	o
	 
	n
	o
	t
	 
	h
	a
	v
	e
	 
	a
	 
	s
	u
	c
	c
	e
	s
	s
	 
	m
	e
	s
	s
	a
	g
	e
	 
	w
	h
	i
	l
	e
	 
	t
	h
	e
	 
	r
	e
	f
	e
	r
	e
	n
	c
	e
	 
	d
	o
	e
	s
	.
	N
	O
	T
	E
	:
	 
	Y
	o
	u
	r
	 
	s
	u
	c
	c
	e
	s
	s
	 
	m
	e
	s
	s
	a
	g
	e
	 
	m
	u
	s
	t
	 
	c
	o
	n
	t
	a
	i
	n
	 
	t
	h
	e
	 
	w
	o
	r
	d
	 
	"
	(
	S
	|
	s
	)
	u
	c
	c
	e
	e
	d
	e
	d
	"
	,
	 
	"
	(
	S
	|
	s
	)
	u
	c
	c
	e
	s
	s
	"
	,
	 
	"
	S
	U
	C
	C
	E
	S
	S
	"
	,
	 
	o
	r
	 
	"
	S
	U
	C
	C
	E
	E
	D
	E
	D
	"
	;
	 
	t
	h
	i
	s
	 
	c
	a
	n
	 
	b
	e
	 
	c
	h
	a
	n
	g
	e
	d
	 
	i
	n
	 
	r
	u
	n
	n
	e
	r
	.
	p
	y
	.
- Reference output:
	P
	a
	r
	s
	e
	 
	s
	u
	c
	c
	e
	e
	d
	e
	d
	,
	 
	f
	i
	n
	d
	i
	n
	g
	 
	3
	1
	 
	I
	L
	O
	C
	 
	o
	p
	e
	r
	a
	t
	i
	o
	n
	s
	.
- Your output:
	P
	O
	O
	 
	P
	O
	O
	O
	 
	P
	O
	O
	

	M
	u
	s
	t
	 
	s
	p
	e
	c
	i
	f
	y
	 
	a
	 
	f
	i
	l
	e
	 
	n
	a
	m
	e
	 
	a
	f
	t
	e
	r
	 
	t
	h
	e
	 
	f
	l
	a
	g
	.
❌ /clear/courses/comp412/students/ILOC/contributed/2013/lab2/s21_Factorial10Test.i failed!
- Summary:
	Y
	o
	u
	 
	i
	d
	e
	n
	t
	i
	f
	i
	e
	d
	 
	0
	/
	0
	 
	e
	r
	r
	o
	r
	s
	 
	c
	o
	r
	r
	e
	c
	t
	l
	y
	.
	Y
	o
	u
	 
	i
	d
	e
	n
	t
	i
	f
	i
	e
	d
	 
	0
	 
	c
	o
	r
	r
	e
	c
	t
	 
	l
	i
	n
	e
	s
	 
	a
	s
	 
	e
	r
	r
	o
	r
	s
	.
	Y
	o
	u
	 
	d
	o
	 
	n
	o
	t
	 
	h
	a
	v
	e
	 
	a
	 
	s
	u
	c
	c
	e
	s
	s
	 
	m
	e
	s
	s
	a
	g
	e
	 
	w
	h
	i
	l
	e
	 
	t
	h
	e
	 
	r
	e
	f
	e
	r
	e
	n
	c
	e
	 
	d
	o
	e
	s
	.
	N
	O
	T
	E
	:
	 
	Y
	o
	u
	r
	 
	s
	u
	c
	c
	e
	s
	s
	 
	m
	e
	s
	s
	a
	g
	e
	 
	m
	u
	s
	t
	 
	c
	o
	n
	t
	a
	i
	n
	 
	t
	h
	e
	 
	w
	o
	r
	d
	 
	"
	(
	S
	|
	s
	)
	u
	c
	c
	e
	e
	d
	e
	d
	"
	,
	 
	"
	(
	S
	|
	s
	)
	u
	c
	c
	e
	s
	s
	"
	,
	 
	"
	S
	U
	C
	C
	E
	S
	S
	"
	,
	 
	o
	r
	 
	"
	S
	U
	C
	C
	E
	E
	D
	E
	D
	"
	;
	 
	t
	h
	i
	s
	 
	c
	a
	n
	 
	b
	e
	 
	c
	h
	a
	n
	g
	e
	d
	 
	i
	n
	 
	r
	u
	n
	n
	e
	r
	.
	p
	y
	.
- Reference output:
	P
	a
	r
	s
	e
	 
	s
	u
	c
	c
	e
	e
	d
	e
	d
	,
	 
	f
	i
	n
	d
	i
	n
	g
	 
	4
	9
	 
	I
	L
	O
	C
	 
	o
	p
	e
	r
	a
	t
	i
	o
	n
	s
	.
- Your output:
	P
	O
	O
	 
	P
	O
	O
	O
	 
	P
	O
	O
	

	M
	u
	s
	t
	 
	s
	p
	e
	c
	i
	f
	y
	 
	a
	 
	f
	i
	l
	e
	 
	n
	a
	m
	e
	 
	a
	f
	t
	e
	r
	 
	t
	h
	e
	 
	f
	l
	a
	g
	.
❌ /clear/courses/comp412/students/ILOC/contributed/2013/lab2/s11_test1.i failed!
- Summary:
	Y
	o
	u
	 
	i
	d
	e
	n
	t
	i
	f
	i
	e
	d
	 
	0
	/
	0
	 
	e
	r
	r
	o
	r
	s
	 
	c
	o
	r
	r
	e
	c
	t
	l
	y
	.
	Y
	o
	u
	 
	i
	d
	e
	n
	t
	i
	f
	i
	e
	d
	 
	0
	 
	c
	o
	r
	r
	e
	c
	t
	 
	l
	i
	n
	e
	s
	 
	a
	s
	 
	e
	r
	r
	o
	r
	s
	.
	Y
	o
	u
	 
	d
	o
	 
	n
	o
	t
	 
	h
	a
	v
	e
	 
	a
	 
	s
	u
	c
	c
	e
	s
	s
	 
	m
	e
	s
	s
	a
	g
	e
	 
	w
	h
	i
	l
	e
	 
	t
	h
	e
	 
	r
	e
	f
	e
	r
	e
	n
	c
	e
	 
	d
	o
	e
	s
	.
	N
	O
	T
	E
	:
	 
	Y
	o
	u
	r
	 
	s
	u
	c
	c
	e
	s
	s
	 
	m
	e
	s
	s
	a
	g
	e
	 
	m
	u
	s
	t
	 
	c
	o
	n
	t
	a
	i
	n
	 
	t
	h
	e
	 
	w
	o
	r
	d
	 
	"
	(
	S
	|
	s
	)
	u
	c
	c
	e
	e
	d
	e
	d
	"
	,
	 
	"
	(
	S
	|
	s
	)
	u
	c
	c
	e
	s
	s
	"
	,
	 
	"
	S
	U
	C
	C
	E
	S
	S
	"
	,
	 
	o
	r
	 
	"
	S
	U
	C
	C
	E
	E
	D
	E
	D
	"
	;
	 
	t
	h
	i
	s
	 
	c
	a
	n
	 
	b
	e
	 
	c
	h
	a
	n
	g
	e
	d
	 
	i
	n
	 
	r
	u
	n
	n
	e
	r
	.
	p
	y
	.
- Reference output:
	P
	a
	r
	s
	e
	 
	s
	u
	c
	c
	e
	e
	d
	e
	d
	,
	 
	f
	i
	n
	d
	i
	n
	g
	 
	2
	0
	 
	I
	L
	O
	C
	 
	o
	p
	e
	r
	a
	t
	i
	o
	n
	s
	.
- Your output:
	P
	O
	O
	 
	P
	O
	O
	O
	 
	P
	O
	O
	

	M
	u
	s
	t
	 
	s
	p
	e
	c
	i
	f
	y
	 
	a
	 
	f
	i
	l
	e
	 
	n
	a
	m
	e
	 
	a
	f
	t
	e
	r
	 
	t
	h
	e
	 
	f
	l
	a
	g
	.
❌ /clear/courses/comp412/students/ILOC/contributed/2013/lab2/s29_test1.i failed!
- Summary:
	Y
	o
	u
	 
	i
	d
	e
	n
	t
	i
	f
	i
	e
	d
	 
	0
	/
	0
	 
	e
	r
	r
	o
	r
	s
	 
	c
	o
	r
	r
	e
	c
	t
	l
	y
	.
	Y
	o
	u
	 
	i
	d
	e
	n
	t
	i
	f
	i
	e
	d
	 
	0
	 
	c
	o
	r
	r
	e
	c
	t
	 
	l
	i
	n
	e
	s
	 
	a
	s
	 
	e
	r
	r
	o
	r
	s
	.
	Y
	o
	u
	 
	d
	o
	 
	n
	o
	t
	 
	h
	a
	v
	e
	 
	a
	 
	s
	u
	c
	c
	e
	s
	s
	 
	m
	e
	s
	s
	a
	g
	e
	 
	w
	h
	i
	l
	e
	 
	t
	h
	e
	 
	r
	e
	f
	e
	r
	e
	n
	c
	e
	 
	d
	o
	e
	s
	.
	N
	O
	T
	E
	:
	 
	Y
	o
	u
	r
	 
	s
	u
	c
	c
	e
	s
	s
	 
	m
	e
	s
	s
	a
	g
	e
	 
	m
	u
	s
	t
	 
	c
	o
	n
	t
	a
	i
	n
	 
	t
	h
	e
	 
	w
	o
	r
	d
	 
	"
	(
	S
	|
	s
	)
	u
	c
	c
	e
	e
	d
	e
	d
	"
	,
	 
	"
	(
	S
	|
	s
	)
	u
	c
	c
	e
	s
	s
	"
	,
	 
	"
	S
	U
	C
	C
	E
	S
	S
	"
	,
	 
	o
	r
	 
	"
	S
	U
	C
	C
	E
	E
	D
	E
	D
	"
	;
	 
	t
	h
	i
	s
	 
	c
	a
	n
	 
	b
	e
	 
	c
	h
	a
	n
	g
	e
	d
	 
	i
	n
	 
	r
	u
	n
	n
	e
	r
	.
	p
	y
	.
- Reference output:
	P
	a
	r
	s
	e
	 
	s
	u
	c
	c
	e
	e
	d
	e
	d
	,
	 
	f
	i
	n
	d
	i
	n
	g
	 
	2
	4
	 
	I
	L
	O
	C
	 
	o
	p
	e
	r
	a
	t
	i
	o
	n
	s
	.
- Your output:
	P
	O
	O
	 
	P
	O
	O
	O
	 
	P
	O
	O
	

	M
	u
	s
	t
	 
	s
	p
	e
	c
	i
	f
	y
	 
	a
	 
	f
	i
	l
	e
	 
	n
	a
	m
	e
	 
	a
	f
	t
	e
	r
	 
	t
	h
	e
	 
	f
	l
	a
	g
	.
❌ /clear/courses/comp412/students/ILOC/contributed/2013/lab2/s13_block3.i failed!
- Summary:
	Y
	o
	u
	 
	i
	d
	e
	n
	t
	i
	f
	i
	e
	d
	 
	0
	/
	0
	 
	e
	r
	r
	o
	r
	s
	 
	c
	o
	r
	r
	e
	c
	t
	l
	y
	.
	Y
	o
	u
	 
	i
	d
	e
	n
	t
	i
	f
	i
	e
	d
	 
	0
	 
	c
	o
	r
	r
	e
	c
	t
	 
	l
	i
	n
	e
	s
	 
	a
	s
	 
	e
	r
	r
	o
	r
	s
	.
	Y
	o
	u
	 
	d
	o
	 
	n
	o
	t
	 
	h
	a
	v
	e
	 
	a
	 
	s
	u
	c
	c
	e
	s
	s
	 
	m
	e
	s
	s
	a
	g
	e
	 
	w
	h
	i
	l
	e
	 
	t
	h
	e
	 
	r
	e
	f
	e
	r
	e
	n
	c
	e
	 
	d
	o
	e
	s
	.
	N
	O
	T
	E
	:
	 
	Y
	o
	u
	r
	 
	s
	u
	c
	c
	e
	s
	s
	 
	m
	e
	s
	s
	a
	g
	e
	 
	m
	u
	s
	t
	 
	c
	o
	n
	t
	a
	i
	n
	 
	t
	h
	e
	 
	w
	o
	r
	d
	 
	"
	(
	S
	|
	s
	)
	u
	c
	c
	e
	e
	d
	e
	d
	"
	,
	 
	"
	(
	S
	|
	s
	)
	u
	c
	c
	e
	s
	s
	"
	,
	 
	"
	S
	U
	C
	C
	E
	S
	S
	"
	,
	 
	o
	r
	 
	"
	S
	U
	C
	C
	E
	E
	D
	E
	D
	"
	;
	 
	t
	h
	i
	s
	 
	c
	a
	n
	 
	b
	e
	 
	c
	h
	a
	n
	g
	e
	d
	 
	i
	n
	 
	r
	u
	n
	n
	e
	r
	.
	p
	y
	.
- Reference output:
	P
	a
	r
	s
	e
	 
	s
	u
	c
	c
	e
	e
	d
	e
	d
	,
	 
	f
	i
	n
	d
	i
	n
	g
	 
	1
	0
	 
	I
	L
	O
	C
	 
	o
	p
	e
	r
	a
	t
	i
	o
	n
	s
	.
- Your output:
	P
	O
	O
	 
	P
	O
	O
	O
	 
	P
	O
	O
	

	M
	u
	s
	t
	 
	s
	p
	e
	c
	i
	f
	y
	 
	a
	 
	f
	i
	l
	e
	 
	n
	a
	m
	e
	 
	a
	f
	t
	e
	r
	 
	t
	h
	e
	 
	f
	l
	a
	g
	.
❌ /clear/courses/comp412/students/ILOC/contributed/2013/lab2/s14_test4.i failed!
- Summary:
	Y
	o
	u
	 
	i
	d
	e
	n
	t
	i
	f
	i
	e
	d
	 
	0
	/
	0
	 
	e
	r
	r
	o
	r
	s
	 
	c
	o
	r
	r
	e
	c
	t
	l
	y
	.
	Y
	o
	u
	 
	i
	d
	e
	n
	t
	i
	f
	i
	e
	d
	 
	0
	 
	c
	o
	r
	r
	e
	c
	t
	 
	l
	i
	n
	e
	s
	 
	a
	s
	 
	e
	r
	r
	o
	r
	s
	.
	Y
	o
	u
	 
	d
	o
	 
	n
	o
	t
	 
	h
	a
	v
	e
	 
	a
	 
	s
	u
	c
	c
	e
	s
	s
	 
	m
	e
	s
	s
	a
	g
	e
	 
	w
	h
	i
	l
	e
	 
	t
	h
	e
	 
	r
	e
	f
	e
	r
	e
	n
	c
	e
	 
	d
	o
	e
	s
	.
	N
	O
	T
	E
	:
	 
	Y
	o
	u
	r
	 
	s
	u
	c
	c
	e
	s
	s
	 
	m
	e
	s
	s
	a
	g
	e
	 
	m
	u
	s
	t
	 
	c
	o
	n
	t
	a
	i
	n
	 
	t
	h
	e
	 
	w
	o
	r
	d
	 
	"
	(
	S
	|
	s
	)
	u
	c
	c
	e
	e
	d
	e
	d
	"
	,
	 
	"
	(
	S
	|
	s
	)
	u
	c
	c
	e
	s
	s
	"
	,
	 
	"
	S
	U
	C
	C
	E
	S
	S
	"
	,
	 
	o
	r
	 
	"
	S
	U
	C
	C
	E
	E
	D
	E
	D
	"
	;
	 
	t
	h
	i
	s
	 
	c
	a
	n
	 
	b
	e
	 
	c
	h
	a
	n
	g
	e
	d
	 
	i
	n
	 
	r
	u
	n
	n
	e
	r
	.
	p
	y
	.
- Reference output:
	P
	a
	r
	s
	e
	 
	s
	u
	c
	c
	e
	e
	d
	e
	d
	,
	 
	f
	i
	n
	d
	i
	n
	g
	 
	7
	 
	I
	L
	O
	C
	 
	o
	p
	e
	r
	a
	t
	i
	o
	n
	s
	.
- Your output:
	P
	O
	O
	 
	P
	O
	O
	O
	 
	P
	O
	O
	

	M
	u
	s
	t
	 
	s
	p
	e
	c
	i
	f
	y
	 
	a
	 
	f
	i
	l
	e
	 
	n
	a
	m
	e
	 
	a
	f
	t
	e
	r
	 
	t
	h
	e
	 
	f
	l
	a
	g
	.
❌ /clear/courses/comp412/students/ILOC/contributed/2013/lab2/s48_test2.i failed!
- Summary:
	Y
	o
	u
	 
	i
	d
	e
	n
	t
	i
	f
	i
	e
	d
	 
	0
	/
	0
	 
	e
	r
	r
	o
	r
	s
	 
	c
	o
	r
	r
	e
	c
	t
	l
	y
	.
	Y
	o
	u
	 
	i
	d
	e
	n
	t
	i
	f
	i
	e
	d
	 
	0
	 
	c
	o
	r
	r
	e
	c
	t
	 
	l
	i
	n
	e
	s
	 
	a
	s
	 
	e
	r
	r
	o
	r
	s
	.
	Y
	o
	u
	 
	d
	o
	 
	n
	o
	t
	 
	h
	a
	v
	e
	 
	a
	 
	s
	u
	c
	c
	e
	s
	s
	 
	m
	e
	s
	s
	a
	g
	e
	 
	w
	h
	i
	l
	e
	 
	t
	h
	e
	 
	r
	e
	f
	e
	r
	e
	n
	c
	e
	 
	d
	o
	e
	s
	.
	N
	O
	T
	E
	:
	 
	Y
	o
	u
	r
	 
	s
	u
	c
	c
	e
	s
	s
	 
	m
	e
	s
	s
	a
	g
	e
	 
	m
	u
	s
	t
	 
	c
	o
	n
	t
	a
	i
	n
	 
	t
	h
	e
	 
	w
	o
	r
	d
	 
	"
	(
	S
	|
	s
	)
	u
	c
	c
	e
	e
	d
	e
	d
	"
	,
	 
	"
	(
	S
	|
	s
	)
	u
	c
	c
	e
	s
	s
	"
	,
	 
	"
	S
	U
	C
	C
	E
	S
	S
	"
	,
	 
	o
	r
	 
	"
	S
	U
	C
	C
	E
	E
	D
	E
	D
	"
	;
	 
	t
	h
	i
	s
	 
	c
	a
	n
	 
	b
	e
	 
	c
	h
	a
	n
	g
	e
	d
	 
	i
	n
	 
	r
	u
	n
	n
	e
	r
	.
	p
	y
	.
- Reference output:
	P
	a
	r
	s
	e
	 
	s
	u
	c
	c
	e
	e
	d
	e
	d
	,
	 
	f
	i
	n
	d
	i
	n
	g
	 
	6
	6
	 
	I
	L
	O
	C
	 
	o
	p
	e
	r
	a
	t
	i
	o
	n
	s
	.
- Your output:
	P
	O
	O
	 
	P
	O
	O
	O
	 
	P
	O
	O
	

	M
	u
	s
	t
	 
	s
	p
	e
	c
	i
	f
	y
	 
	a
	 
	f
	i
	l
	e
	 
	n
	a
	m
	e
	 
	a
	f
	t
	e
	r
	 
	t
	h
	e
	 
	f
	l
	a
	g
	.
❌ /clear/courses/comp412/students/ILOC/contributed/2013/lab2/s05_sumarray.i failed!
- Summary:
	Y
	o
	u
	 
	i
	d
	e
	n
	t
	i
	f
	i
	e
	d
	 
	0
	/
	0
	 
	e
	r
	r
	o
	r
	s
	 
	c
	o
	r
	r
	e
	c
	t
	l
	y
	.
	Y
	o
	u
	 
	i
	d
	e
	n
	t
	i
	f
	i
	e
	d
	 
	0
	 
	c
	o
	r
	r
	e
	c
	t
	 
	l
	i
	n
	e
	s
	 
	a
	s
	 
	e
	r
	r
	o
	r
	s
	.
	Y
	o
	u
	 
	d
	o
	 
	n
	o
	t
	 
	h
	a
	v
	e
	 
	a
	 
	s
	u
	c
	c
	e
	s
	s
	 
	m
	e
	s
	s
	a
	g
	e
	 
	w
	h
	i
	l
	e
	 
	t
	h
	e
	 
	r
	e
	f
	e
	r
	e
	n
	c
	e
	 
	d
	o
	e
	s
	.
	N
	O
	T
	E
	:
	 
	Y
	o
	u
	r
	 
	s
	u
	c
	c
	e
	s
	s
	 
	m
	e
	s
	s
	a
	g
	e
	 
	m
	u
	s
	t
	 
	c
	o
	n
	t
	a
	i
	n
	 
	t
	h
	e
	 
	w
	o
	r
	d
	 
	"
	(
	S
	|
	s
	)
	u
	c
	c
	e
	e
	d
	e
	d
	"
	,
	 
	"
	(
	S
	|
	s
	)
	u
	c
	c
	e
	s
	s
	"
	,
	 
	"
	S
	U
	C
	C
	E
	S
	S
	"
	,
	 
	o
	r
	 
	"
	S
	U
	C
	C
	E
	E
	D
	E
	D
	"
	;
	 
	t
	h
	i
	s
	 
	c
	a
	n
	 
	b
	e
	 
	c
	h
	a
	n
	g
	e
	d
	 
	i
	n
	 
	r
	u
	n
	n
	e
	r
	.
	p
	y
	.
- Reference output:
	P
	a
	r
	s
	e
	 
	s
	u
	c
	c
	e
	e
	d
	e
	d
	,
	 
	f
	i
	n
	d
	i
	n
	g
	 
	1
	9
	 
	I
	L
	O
	C
	 
	o
	p
	e
	r
	a
	t
	i
	o
	n
	s
	.
- Your output:
	P
	O
	O
	 
	P
	O
	O
	O
	 
	P
	O
	O
	

	M
	u
	s
	t
	 
	s
	p
	e
	c
	i
	f
	y
	 
	a
	 
	f
	i
	l
	e
	 
	n
	a
	m
	e
	 
	a
	f
	t
	e
	r
	 
	t
	h
	e
	 
	f
	l
	a
	g
	.
❌ /clear/courses/comp412/students/ILOC/contributed/2013/lab2/s09_test4.i failed!
- Summary:
	Y
	o
	u
	 
	i
	d
	e
	n
	t
	i
	f
	i
	e
	d
	 
	0
	/
	0
	 
	e
	r
	r
	o
	r
	s
	 
	c
	o
	r
	r
	e
	c
	t
	l
	y
	.
	Y
	o
	u
	 
	i
	d
	e
	n
	t
	i
	f
	i
	e
	d
	 
	0
	 
	c
	o
	r
	r
	e
	c
	t
	 
	l
	i
	n
	e
	s
	 
	a
	s
	 
	e
	r
	r
	o
	r
	s
	.
	Y
	o
	u
	 
	d
	o
	 
	n
	o
	t
	 
	h
	a
	v
	e
	 
	a
	 
	s
	u
	c
	c
	e
	s
	s
	 
	m
	e
	s
	s
	a
	g
	e
	 
	w
	h
	i
	l
	e
	 
	t
	h
	e
	 
	r
	e
	f
	e
	r
	e
	n
	c
	e
	 
	d
	o
	e
	s
	.
	N
	O
	T
	E
	:
	 
	Y
	o
	u
	r
	 
	s
	u
	c
	c
	e
	s
	s
	 
	m
	e
	s
	s
	a
	g
	e
	 
	m
	u
	s
	t
	 
	c
	o
	n
	t
	a
	i
	n
	 
	t
	h
	e
	 
	w
	o
	r
	d
	 
	"
	(
	S
	|
	s
	)
	u
	c
	c
	e
	e
	d
	e
	d
	"
	,
	 
	"
	(
	S
	|
	s
	)
	u
	c
	c
	e
	s
	s
	"
	,
	 
	"
	S
	U
	C
	C
	E
	S
	S
	"
	,
	 
	o
	r
	 
	"
	S
	U
	C
	C
	E
	E
	D
	E
	D
	"
	;
	 
	t
	h
	i
	s
	 
	c
	a
	n
	 
	b
	e
	 
	c
	h
	a
	n
	g
	e
	d
	 
	i
	n
	 
	r
	u
	n
	n
	e
	r
	.
	p
	y
	.
- Reference output:
	P
	a
	r
	s
	e
	 
	s
	u
	c
	c
	e
	e
	d
	e
	d
	,
	 
	f
	i
	n
	d
	i
	n
	g
	 
	5
	 
	I
	L
	O
	C
	 
	o
	p
	e
	r
	a
	t
	i
	o
	n
	s
	.
- Your output:
	P
	O
	O
	 
	P
	O
	O
	O
	 
	P
	O
	O
	

	M
	u
	s
	t
	 
	s
	p
	e
	c
	i
	f
	y
	 
	a
	 
	f
	i
	l
	e
	 
	n
	a
	m
	e
	 
	a
	f
	t
	e
	r
	 
	t
	h
	e
	 
	f
	l
	a
	g
	.
❌ /clear/courses/comp412/students/ILOC/contributed/2013/lab2/s48_test3.i failed!
- Summary:
	Y
	o
	u
	 
	i
	d
	e
	n
	t
	i
	f
	i
	e
	d
	 
	0
	/
	0
	 
	e
	r
	r
	o
	r
	s
	 
	c
	o
	r
	r
	e
	c
	t
	l
	y
	.
	Y
	o
	u
	 
	i
	d
	e
	n
	t
	i
	f
	i
	e
	d
	 
	0
	 
	c
	o
	r
	r
	e
	c
	t
	 
	l
	i
	n
	e
	s
	 
	a
	s
	 
	e
	r
	r
	o
	r
	s
	.
	Y
	o
	u
	 
	d
	o
	 
	n
	o
	t
	 
	h
	a
	v
	e
	 
	a
	 
	s
	u
	c
	c
	e
	s
	s
	 
	m
	e
	s
	s
	a
	g
	e
	 
	w
	h
	i
	l
	e
	 
	t
	h
	e
	 
	r
	e
	f
	e
	r
	e
	n
	c
	e
	 
	d
	o
	e
	s
	.
	N
	O
	T
	E
	:
	 
	Y
	o
	u
	r
	 
	s
	u
	c
	c
	e
	s
	s
	 
	m
	e
	s
	s
	a
	g
	e
	 
	m
	u
	s
	t
	 
	c
	o
	n
	t
	a
	i
	n
	 
	t
	h
	e
	 
	w
	o
	r
	d
	 
	"
	(
	S
	|
	s
	)
	u
	c
	c
	e
	e
	d
	e
	d
	"
	,
	 
	"
	(
	S
	|
	s
	)
	u
	c
	c
	e
	s
	s
	"
	,
	 
	"
	S
	U
	C
	C
	E
	S
	S
	"
	,
	 
	o
	r
	 
	"
	S
	U
	C
	C
	E
	E
	D
	E
	D
	"
	;
	 
	t
	h
	i
	s
	 
	c
	a
	n
	 
	b
	e
	 
	c
	h
	a
	n
	g
	e
	d
	 
	i
	n
	 
	r
	u
	n
	n
	e
	r
	.
	p
	y
	.
- Reference output:
	P
	a
	r
	s
	e
	 
	s
	u
	c
	c
	e
	e
	d
	e
	d
	,
	 
	f
	i
	n
	d
	i
	n
	g
	 
	2
	9
	 
	I
	L
	O
	C
	 
	o
	p
	e
	r
	a
	t
	i
	o
	n
	s
	.
- Your output:
	P
	O
	O
	 
	P
	O
	O
	O
	 
	P
	O
	O
	

	M
	u
	s
	t
	 
	s
	p
	e
	c
	i
	f
	y
	 
	a
	 
	f
	i
	l
	e
	 
	n
	a
	m
	e
	 
	a
	f
	t
	e
	r
	 
	t
	h
	e
	 
	f
	l
	a
	g
	.
❌ /clear/courses/comp412/students/ILOC/contributed/2013/lab2/s57_test4.i failed!
- Summary:
	Y
	o
	u
	 
	i
	d
	e
	n
	t
	i
	f
	i
	e
	d
	 
	0
	/
	0
	 
	e
	r
	r
	o
	r
	s
	 
	c
	o
	r
	r
	e
	c
	t
	l
	y
	.
	Y
	o
	u
	 
	i
	d
	e
	n
	t
	i
	f
	i
	e
	d
	 
	0
	 
	c
	o
	r
	r
	e
	c
	t
	 
	l
	i
	n
	e
	s
	 
	a
	s
	 
	e
	r
	r
	o
	r
	s
	.
	Y
	o
	u
	 
	d
	o
	 
	n
	o
	t
	 
	h
	a
	v
	e
	 
	a
	 
	s
	u
	c
	c
	e
	s
	s
	 
	m
	e
	s
	s
	a
	g
	e
	 
	w
	h
	i
	l
	e
	 
	t
	h
	e
	 
	r
	e
	f
	e
	r
	e
	n
	c
	e
	 
	d
	o
	e
	s
	.
	N
	O
	T
	E
	:
	 
	Y
	o
	u
	r
	 
	s
	u
	c
	c
	e
	s
	s
	 
	m
	e
	s
	s
	a
	g
	e
	 
	m
	u
	s
	t
	 
	c
	o
	n
	t
	a
	i
	n
	 
	t
	h
	e
	 
	w
	o
	r
	d
	 
	"
	(
	S
	|
	s
	)
	u
	c
	c
	e
	e
	d
	e
	d
	"
	,
	 
	"
	(
	S
	|
	s
	)
	u
	c
	c
	e
	s
	s
	"
	,
	 
	"
	S
	U
	C
	C
	E
	S
	S
	"
	,
	 
	o
	r
	 
	"
	S
	U
	C
	C
	E
	E
	D
	E
	D
	"
	;
	 
	t
	h
	i
	s
	 
	c
	a
	n
	 
	b
	e
	 
	c
	h
	a
	n
	g
	e
	d
	 
	i
	n
	 
	r
	u
	n
	n
	e
	r
	.
	p
	y
	.
- Reference output:
	P
	a
	r
	s
	e
	 
	s
	u
	c
	c
	e
	e
	d
	e
	d
	,
	 
	f
	i
	n
	d
	i
	n
	g
	 
	5
	 
	I
	L
	O
	C
	 
	o
	p
	e
	r
	a
	t
	i
	o
	n
	s
	.
- Your output:
	P
	O
	O
	 
	P
	O
	O
	O
	 
	P
	O
	O
	

	M
	u
	s
	t
	 
	s
	p
	e
	c
	i
	f
	y
	 
	a
	 
	f
	i
	l
	e
	 
	n
	a
	m
	e
	 
	a
	f
	t
	e
	r
	 
	t
	h
	e
	 
	f
	l
	a
	g
	.
❌ /clear/courses/comp412/students/ILOC/contributed/2013/lab2/s11_test2.i failed!
- Summary:
	Y
	o
	u
	 
	i
	d
	e
	n
	t
	i
	f
	i
	e
	d
	 
	0
	/
	0
	 
	e
	r
	r
	o
	r
	s
	 
	c
	o
	r
	r
	e
	c
	t
	l
	y
	.
	Y
	o
	u
	 
	i
	d
	e
	n
	t
	i
	f
	i
	e
	d
	 
	0
	 
	c
	o
	r
	r
	e
	c
	t
	 
	l
	i
	n
	e
	s
	 
	a
	s
	 
	e
	r
	r
	o
	r
	s
	.
	Y
	o
	u
	 
	d
	o
	 
	n
	o
	t
	 
	h
	a
	v
	e
	 
	a
	 
	s
	u
	c
	c
	e
	s
	s
	 
	m
	e
	s
	s
	a
	g
	e
	 
	w
	h
	i
	l
	e
	 
	t
	h
	e
	 
	r
	e
	f
	e
	r
	e
	n
	c
	e
	 
	d
	o
	e
	s
	.
	N
	O
	T
	E
	:
	 
	Y
	o
	u
	r
	 
	s
	u
	c
	c
	e
	s
	s
	 
	m
	e
	s
	s
	a
	g
	e
	 
	m
	u
	s
	t
	 
	c
	o
	n
	t
	a
	i
	n
	 
	t
	h
	e
	 
	w
	o
	r
	d
	 
	"
	(
	S
	|
	s
	)
	u
	c
	c
	e
	e
	d
	e
	d
	"
	,
	 
	"
	(
	S
	|
	s
	)
	u
	c
	c
	e
	s
	s
	"
	,
	 
	"
	S
	U
	C
	C
	E
	S
	S
	"
	,
	 
	o
	r
	 
	"
	S
	U
	C
	C
	E
	E
	D
	E
	D
	"
	;
	 
	t
	h
	i
	s
	 
	c
	a
	n
	 
	b
	e
	 
	c
	h
	a
	n
	g
	e
	d
	 
	i
	n
	 
	r
	u
	n
	n
	e
	r
	.
	p
	y
	.
- Reference output:
	P
	a
	r
	s
	e
	 
	s
	u
	c
	c
	e
	e
	d
	e
	d
	,
	 
	f
	i
	n
	d
	i
	n
	g
	 
	2
	9
	 
	I
	L
	O
	C
	 
	o
	p
	e
	r
	a
	t
	i
	o
	n
	s
	.
- Your output:
	P
	O
	O
	 
	P
	O
	O
	O
	 
	P
	O
	O
	

	M
	u
	s
	t
	 
	s
	p
	e
	c
	i
	f
	y
	 
	a
	 
	f
	i
	l
	e
	 
	n
	a
	m
	e
	 
	a
	f
	t
	e
	r
	 
	t
	h
	e
	 
	f
	l
	a
	g
	.
❌ /clear/courses/comp412/students/ILOC/contributed/2013/lab2/s03_test2.i failed!
- Summary:
	Y
	o
	u
	 
	i
	d
	e
	n
	t
	i
	f
	i
	e
	d
	 
	0
	/
	0
	 
	e
	r
	r
	o
	r
	s
	 
	c
	o
	r
	r
	e
	c
	t
	l
	y
	.
	Y
	o
	u
	 
	i
	d
	e
	n
	t
	i
	f
	i
	e
	d
	 
	0
	 
	c
	o
	r
	r
	e
	c
	t
	 
	l
	i
	n
	e
	s
	 
	a
	s
	 
	e
	r
	r
	o
	r
	s
	.
	Y
	o
	u
	 
	d
	o
	 
	n
	o
	t
	 
	h
	a
	v
	e
	 
	a
	 
	s
	u
	c
	c
	e
	s
	s
	 
	m
	e
	s
	s
	a
	g
	e
	 
	w
	h
	i
	l
	e
	 
	t
	h
	e
	 
	r
	e
	f
	e
	r
	e
	n
	c
	e
	 
	d
	o
	e
	s
	.
	N
	O
	T
	E
	:
	 
	Y
	o
	u
	r
	 
	s
	u
	c
	c
	e
	s
	s
	 
	m
	e
	s
	s
	a
	g
	e
	 
	m
	u
	s
	t
	 
	c
	o
	n
	t
	a
	i
	n
	 
	t
	h
	e
	 
	w
	o
	r
	d
	 
	"
	(
	S
	|
	s
	)
	u
	c
	c
	e
	e
	d
	e
	d
	"
	,
	 
	"
	(
	S
	|
	s
	)
	u
	c
	c
	e
	s
	s
	"
	,
	 
	"
	S
	U
	C
	C
	E
	S
	S
	"
	,
	 
	o
	r
	 
	"
	S
	U
	C
	C
	E
	E
	D
	E
	D
	"
	;
	 
	t
	h
	i
	s
	 
	c
	a
	n
	 
	b
	e
	 
	c
	h
	a
	n
	g
	e
	d
	 
	i
	n
	 
	r
	u
	n
	n
	e
	r
	.
	p
	y
	.
- Reference output:
	P
	a
	r
	s
	e
	 
	s
	u
	c
	c
	e
	e
	d
	e
	d
	,
	 
	f
	i
	n
	d
	i
	n
	g
	 
	1
	1
	 
	I
	L
	O
	C
	 
	o
	p
	e
	r
	a
	t
	i
	o
	n
	s
	.
- Your output:
	P
	O
	O
	 
	P
	O
	O
	O
	 
	P
	O
	O
	

	M
	u
	s
	t
	 
	s
	p
	e
	c
	i
	f
	y
	 
	a
	 
	f
	i
	l
	e
	 
	n
	a
	m
	e
	 
	a
	f
	t
	e
	r
	 
	t
	h
	e
	 
	f
	l
	a
	g
	.
❌ /clear/courses/comp412/students/ILOC/contributed/2013/lab2/s62_test2.i failed!
- Summary:
	Y
	o
	u
	 
	i
	d
	e
	n
	t
	i
	f
	i
	e
	d
	 
	0
	/
	0
	 
	e
	r
	r
	o
	r
	s
	 
	c
	o
	r
	r
	e
	c
	t
	l
	y
	.
	Y
	o
	u
	 
	i
	d
	e
	n
	t
	i
	f
	i
	e
	d
	 
	0
	 
	c
	o
	r
	r
	e
	c
	t
	 
	l
	i
	n
	e
	s
	 
	a
	s
	 
	e
	r
	r
	o
	r
	s
	.
	Y
	o
	u
	 
	d
	o
	 
	n
	o
	t
	 
	h
	a
	v
	e
	 
	a
	 
	s
	u
	c
	c
	e
	s
	s
	 
	m
	e
	s
	s
	a
	g
	e
	 
	w
	h
	i
	l
	e
	 
	t
	h
	e
	 
	r
	e
	f
	e
	r
	e
	n
	c
	e
	 
	d
	o
	e
	s
	.
	N
	O
	T
	E
	:
	 
	Y
	o
	u
	r
	 
	s
	u
	c
	c
	e
	s
	s
	 
	m
	e
	s
	s
	a
	g
	e
	 
	m
	u
	s
	t
	 
	c
	o
	n
	t
	a
	i
	n
	 
	t
	h
	e
	 
	w
	o
	r
	d
	 
	"
	(
	S
	|
	s
	)
	u
	c
	c
	e
	e
	d
	e
	d
	"
	,
	 
	"
	(
	S
	|
	s
	)
	u
	c
	c
	e
	s
	s
	"
	,
	 
	"
	S
	U
	C
	C
	E
	S
	S
	"
	,
	 
	o
	r
	 
	"
	S
	U
	C
	C
	E
	E
	D
	E
	D
	"
	;
	 
	t
	h
	i
	s
	 
	c
	a
	n
	 
	b
	e
	 
	c
	h
	a
	n
	g
	e
	d
	 
	i
	n
	 
	r
	u
	n
	n
	e
	r
	.
	p
	y
	.
- Reference output:
	P
	a
	r
	s
	e
	 
	s
	u
	c
	c
	e
	e
	d
	e
	d
	,
	 
	f
	i
	n
	d
	i
	n
	g
	 
	6
	 
	I
	L
	O
	C
	 
	o
	p
	e
	r
	a
	t
	i
	o
	n
	s
	.
- Your output:
	P
	O
	O
	 
	P
	O
	O
	O
	 
	P
	O
	O
	

	M
	u
	s
	t
	 
	s
	p
	e
	c
	i
	f
	y
	 
	a
	 
	f
	i
	l
	e
	 
	n
	a
	m
	e
	 
	a
	f
	t
	e
	r
	 
	t
	h
	e
	 
	f
	l
	a
	g
	.
❌ /clear/courses/comp412/students/ILOC/contributed/2013/lab2/s10_test1.i failed!
- Summary:
	Y
	o
	u
	 
	i
	d
	e
	n
	t
	i
	f
	i
	e
	d
	 
	0
	/
	0
	 
	e
	r
	r
	o
	r
	s
	 
	c
	o
	r
	r
	e
	c
	t
	l
	y
	.
	Y
	o
	u
	 
	i
	d
	e
	n
	t
	i
	f
	i
	e
	d
	 
	0
	 
	c
	o
	r
	r
	e
	c
	t
	 
	l
	i
	n
	e
	s
	 
	a
	s
	 
	e
	r
	r
	o
	r
	s
	.
	Y
	o
	u
	 
	d
	o
	 
	n
	o
	t
	 
	h
	a
	v
	e
	 
	a
	 
	s
	u
	c
	c
	e
	s
	s
	 
	m
	e
	s
	s
	a
	g
	e
	 
	w
	h
	i
	l
	e
	 
	t
	h
	e
	 
	r
	e
	f
	e
	r
	e
	n
	c
	e
	 
	d
	o
	e
	s
	.
	N
	O
	T
	E
	:
	 
	Y
	o
	u
	r
	 
	s
	u
	c
	c
	e
	s
	s
	 
	m
	e
	s
	s
	a
	g
	e
	 
	m
	u
	s
	t
	 
	c
	o
	n
	t
	a
	i
	n
	 
	t
	h
	e
	 
	w
	o
	r
	d
	 
	"
	(
	S
	|
	s
	)
	u
	c
	c
	e
	e
	d
	e
	d
	"
	,
	 
	"
	(
	S
	|
	s
	)
	u
	c
	c
	e
	s
	s
	"
	,
	 
	"
	S
	U
	C
	C
	E
	S
	S
	"
	,
	 
	o
	r
	 
	"
	S
	U
	C
	C
	E
	E
	D
	E
	D
	"
	;
	 
	t
	h
	i
	s
	 
	c
	a
	n
	 
	b
	e
	 
	c
	h
	a
	n
	g
	e
	d
	 
	i
	n
	 
	r
	u
	n
	n
	e
	r
	.
	p
	y
	.
- Reference output:
	P
	a
	r
	s
	e
	 
	s
	u
	c
	c
	e
	e
	d
	e
	d
	,
	 
	f
	i
	n
	d
	i
	n
	g
	 
	1
	0
	 
	I
	L
	O
	C
	 
	o
	p
	e
	r
	a
	t
	i
	o
	n
	s
	.
- Your output:
	P
	O
	O
	 
	P
	O
	O
	O
	 
	P
	O
	O
	

	M
	u
	s
	t
	 
	s
	p
	e
	c
	i
	f
	y
	 
	a
	 
	f
	i
	l
	e
	 
	n
	a
	m
	e
	 
	a
	f
	t
	e
	r
	 
	t
	h
	e
	 
	f
	l
	a
	g
	.
❌ /clear/courses/comp412/students/ILOC/contributed/2013/lab2/s46_test3.i failed!
- Summary:
	Y
	o
	u
	 
	i
	d
	e
	n
	t
	i
	f
	i
	e
	d
	 
	0
	/
	0
	 
	e
	r
	r
	o
	r
	s
	 
	c
	o
	r
	r
	e
	c
	t
	l
	y
	.
	Y
	o
	u
	 
	i
	d
	e
	n
	t
	i
	f
	i
	e
	d
	 
	0
	 
	c
	o
	r
	r
	e
	c
	t
	 
	l
	i
	n
	e
	s
	 
	a
	s
	 
	e
	r
	r
	o
	r
	s
	.
	Y
	o
	u
	 
	d
	o
	 
	n
	o
	t
	 
	h
	a
	v
	e
	 
	a
	 
	s
	u
	c
	c
	e
	s
	s
	 
	m
	e
	s
	s
	a
	g
	e
	 
	w
	h
	i
	l
	e
	 
	t
	h
	e
	 
	r
	e
	f
	e
	r
	e
	n
	c
	e
	 
	d
	o
	e
	s
	.
	N
	O
	T
	E
	:
	 
	Y
	o
	u
	r
	 
	s
	u
	c
	c
	e
	s
	s
	 
	m
	e
	s
	s
	a
	g
	e
	 
	m
	u
	s
	t
	 
	c
	o
	n
	t
	a
	i
	n
	 
	t
	h
	e
	 
	w
	o
	r
	d
	 
	"
	(
	S
	|
	s
	)
	u
	c
	c
	e
	e
	d
	e
	d
	"
	,
	 
	"
	(
	S
	|
	s
	)
	u
	c
	c
	e
	s
	s
	"
	,
	 
	"
	S
	U
	C
	C
	E
	S
	S
	"
	,
	 
	o
	r
	 
	"
	S
	U
	C
	C
	E
	E
	D
	E
	D
	"
	;
	 
	t
	h
	i
	s
	 
	c
	a
	n
	 
	b
	e
	 
	c
	h
	a
	n
	g
	e
	d
	 
	i
	n
	 
	r
	u
	n
	n
	e
	r
	.
	p
	y
	.
- Reference output:
	P
	a
	r
	s
	e
	 
	s
	u
	c
	c
	e
	e
	d
	e
	d
	,
	 
	f
	i
	n
	d
	i
	n
	g
	 
	1
	0
	 
	I
	L
	O
	C
	 
	o
	p
	e
	r
	a
	t
	i
	o
	n
	s
	.
- Your output:
	P
	O
	O
	 
	P
	O
	O
	O
	 
	P
	O
	O
	

	M
	u
	s
	t
	 
	s
	p
	e
	c
	i
	f
	y
	 
	a
	 
	f
	i
	l
	e
	 
	n
	a
	m
	e
	 
	a
	f
	t
	e
	r
	 
	t
	h
	e
	 
	f
	l
	a
	g
	.
❌ /clear/courses/comp412/students/ILOC/contributed/2013/lab2/s06_test3.i failed!
- Summary:
	Y
	o
	u
	 
	i
	d
	e
	n
	t
	i
	f
	i
	e
	d
	 
	0
	/
	0
	 
	e
	r
	r
	o
	r
	s
	 
	c
	o
	r
	r
	e
	c
	t
	l
	y
	.
	Y
	o
	u
	 
	i
	d
	e
	n
	t
	i
	f
	i
	e
	d
	 
	0
	 
	c
	o
	r
	r
	e
	c
	t
	 
	l
	i
	n
	e
	s
	 
	a
	s
	 
	e
	r
	r
	o
	r
	s
	.
	Y
	o
	u
	 
	d
	o
	 
	n
	o
	t
	 
	h
	a
	v
	e
	 
	a
	 
	s
	u
	c
	c
	e
	s
	s
	 
	m
	e
	s
	s
	a
	g
	e
	 
	w
	h
	i
	l
	e
	 
	t
	h
	e
	 
	r
	e
	f
	e
	r
	e
	n
	c
	e
	 
	d
	o
	e
	s
	.
	N
	O
	T
	E
	:
	 
	Y
	o
	u
	r
	 
	s
	u
	c
	c
	e
	s
	s
	 
	m
	e
	s
	s
	a
	g
	e
	 
	m
	u
	s
	t
	 
	c
	o
	n
	t
	a
	i
	n
	 
	t
	h
	e
	 
	w
	o
	r
	d
	 
	"
	(
	S
	|
	s
	)
	u
	c
	c
	e
	e
	d
	e
	d
	"
	,
	 
	"
	(
	S
	|
	s
	)
	u
	c
	c
	e
	s
	s
	"
	,
	 
	"
	S
	U
	C
	C
	E
	S
	S
	"
	,
	 
	o
	r
	 
	"
	S
	U
	C
	C
	E
	E
	D
	E
	D
	"
	;
	 
	t
	h
	i
	s
	 
	c
	a
	n
	 
	b
	e
	 
	c
	h
	a
	n
	g
	e
	d
	 
	i
	n
	 
	r
	u
	n
	n
	e
	r
	.
	p
	y
	.
- Reference output:
	P
	a
	r
	s
	e
	 
	s
	u
	c
	c
	e
	e
	d
	e
	d
	,
	 
	f
	i
	n
	d
	i
	n
	g
	 
	2
	7
	 
	I
	L
	O
	C
	 
	o
	p
	e
	r
	a
	t
	i
	o
	n
	s
	.
- Your output:
	P
	O
	O
	 
	P
	O
	O
	O
	 
	P
	O
	O
	

	M
	u
	s
	t
	 
	s
	p
	e
	c
	i
	f
	y
	 
	a
	 
	f
	i
	l
	e
	 
	n
	a
	m
	e
	 
	a
	f
	t
	e
	r
	 
	t
	h
	e
	 
	f
	l
	a
	g
	.
❌ /clear/courses/comp412/students/ILOC/contributed/2013/lab2/s39_test1.i failed!
- Summary:
	Y
	o
	u
	 
	i
	d
	e
	n
	t
	i
	f
	i
	e
	d
	 
	0
	/
	0
	 
	e
	r
	r
	o
	r
	s
	 
	c
	o
	r
	r
	e
	c
	t
	l
	y
	.
	Y
	o
	u
	 
	i
	d
	e
	n
	t
	i
	f
	i
	e
	d
	 
	0
	 
	c
	o
	r
	r
	e
	c
	t
	 
	l
	i
	n
	e
	s
	 
	a
	s
	 
	e
	r
	r
	o
	r
	s
	.
	Y
	o
	u
	 
	d
	o
	 
	n
	o
	t
	 
	h
	a
	v
	e
	 
	a
	 
	s
	u
	c
	c
	e
	s
	s
	 
	m
	e
	s
	s
	a
	g
	e
	 
	w
	h
	i
	l
	e
	 
	t
	h
	e
	 
	r
	e
	f
	e
	r
	e
	n
	c
	e
	 
	d
	o
	e
	s
	.
	N
	O
	T
	E
	:
	 
	Y
	o
	u
	r
	 
	s
	u
	c
	c
	e
	s
	s
	 
	m
	e
	s
	s
	a
	g
	e
	 
	m
	u
	s
	t
	 
	c
	o
	n
	t
	a
	i
	n
	 
	t
	h
	e
	 
	w
	o
	r
	d
	 
	"
	(
	S
	|
	s
	)
	u
	c
	c
	e
	e
	d
	e
	d
	"
	,
	 
	"
	(
	S
	|
	s
	)
	u
	c
	c
	e
	s
	s
	"
	,
	 
	"
	S
	U
	C
	C
	E
	S
	S
	"
	,
	 
	o
	r
	 
	"
	S
	U
	C
	C
	E
	E
	D
	E
	D
	"
	;
	 
	t
	h
	i
	s
	 
	c
	a
	n
	 
	b
	e
	 
	c
	h
	a
	n
	g
	e
	d
	 
	i
	n
	 
	r
	u
	n
	n
	e
	r
	.
	p
	y
	.
- Reference output:
	P
	a
	r
	s
	e
	 
	s
	u
	c
	c
	e
	e
	d
	e
	d
	,
	 
	f
	i
	n
	d
	i
	n
	g
	 
	2
	5
	 
	I
	L
	O
	C
	 
	o
	p
	e
	r
	a
	t
	i
	o
	n
	s
	.
- Your output:
	P
	O
	O
	 
	P
	O
	O
	O
	 
	P
	O
	O
	

	M
	u
	s
	t
	 
	s
	p
	e
	c
	i
	f
	y
	 
	a
	 
	f
	i
	l
	e
	 
	n
	a
	m
	e
	 
	a
	f
	t
	e
	r
	 
	t
	h
	e
	 
	f
	l
	a
	g
	.
❌ /clear/courses/comp412/students/ILOC/contributed/2013/lab2/s18_test1.i failed!
- Summary:
	Y
	o
	u
	 
	i
	d
	e
	n
	t
	i
	f
	i
	e
	d
	 
	0
	/
	0
	 
	e
	r
	r
	o
	r
	s
	 
	c
	o
	r
	r
	e
	c
	t
	l
	y
	.
	Y
	o
	u
	 
	i
	d
	e
	n
	t
	i
	f
	i
	e
	d
	 
	0
	 
	c
	o
	r
	r
	e
	c
	t
	 
	l
	i
	n
	e
	s
	 
	a
	s
	 
	e
	r
	r
	o
	r
	s
	.
	Y
	o
	u
	 
	d
	o
	 
	n
	o
	t
	 
	h
	a
	v
	e
	 
	a
	 
	s
	u
	c
	c
	e
	s
	s
	 
	m
	e
	s
	s
	a
	g
	e
	 
	w
	h
	i
	l
	e
	 
	t
	h
	e
	 
	r
	e
	f
	e
	r
	e
	n
	c
	e
	 
	d
	o
	e
	s
	.
	N
	O
	T
	E
	:
	 
	Y
	o
	u
	r
	 
	s
	u
	c
	c
	e
	s
	s
	 
	m
	e
	s
	s
	a
	g
	e
	 
	m
	u
	s
	t
	 
	c
	o
	n
	t
	a
	i
	n
	 
	t
	h
	e
	 
	w
	o
	r
	d
	 
	"
	(
	S
	|
	s
	)
	u
	c
	c
	e
	e
	d
	e
	d
	"
	,
	 
	"
	(
	S
	|
	s
	)
	u
	c
	c
	e
	s
	s
	"
	,
	 
	"
	S
	U
	C
	C
	E
	S
	S
	"
	,
	 
	o
	r
	 
	"
	S
	U
	C
	C
	E
	E
	D
	E
	D
	"
	;
	 
	t
	h
	i
	s
	 
	c
	a
	n
	 
	b
	e
	 
	c
	h
	a
	n
	g
	e
	d
	 
	i
	n
	 
	r
	u
	n
	n
	e
	r
	.
	p
	y
	.
- Reference output:
	P
	a
	r
	s
	e
	 
	s
	u
	c
	c
	e
	e
	d
	e
	d
	,
	 
	f
	i
	n
	d
	i
	n
	g
	 
	1
	2
	 
	I
	L
	O
	C
	 
	o
	p
	e
	r
	a
	t
	i
	o
	n
	s
	.
- Your output:
	P
	O
	O
	 
	P
	O
	O
	O
	 
	P
	O
	O
	

	M
	u
	s
	t
	 
	s
	p
	e
	c
	i
	f
	y
	 
	a
	 
	f
	i
	l
	e
	 
	n
	a
	m
	e
	 
	a
	f
	t
	e
	r
	 
	t
	h
	e
	 
	f
	l
	a
	g
	.
❌ /clear/courses/comp412/students/ILOC/contributed/2013/lab2/s28_test4.i failed!
- Summary:
	Y
	o
	u
	 
	i
	d
	e
	n
	t
	i
	f
	i
	e
	d
	 
	0
	/
	0
	 
	e
	r
	r
	o
	r
	s
	 
	c
	o
	r
	r
	e
	c
	t
	l
	y
	.
	Y
	o
	u
	 
	i
	d
	e
	n
	t
	i
	f
	i
	e
	d
	 
	0
	 
	c
	o
	r
	r
	e
	c
	t
	 
	l
	i
	n
	e
	s
	 
	a
	s
	 
	e
	r
	r
	o
	r
	s
	.
	Y
	o
	u
	 
	d
	o
	 
	n
	o
	t
	 
	h
	a
	v
	e
	 
	a
	 
	s
	u
	c
	c
	e
	s
	s
	 
	m
	e
	s
	s
	a
	g
	e
	 
	w
	h
	i
	l
	e
	 
	t
	h
	e
	 
	r
	e
	f
	e
	r
	e
	n
	c
	e
	 
	d
	o
	e
	s
	.
	N
	O
	T
	E
	:
	 
	Y
	o
	u
	r
	 
	s
	u
	c
	c
	e
	s
	s
	 
	m
	e
	s
	s
	a
	g
	e
	 
	m
	u
	s
	t
	 
	c
	o
	n
	t
	a
	i
	n
	 
	t
	h
	e
	 
	w
	o
	r
	d
	 
	"
	(
	S
	|
	s
	)
	u
	c
	c
	e
	e
	d
	e
	d
	"
	,
	 
	"
	(
	S
	|
	s
	)
	u
	c
	c
	e
	s
	s
	"
	,
	 
	"
	S
	U
	C
	C
	E
	S
	S
	"
	,
	 
	o
	r
	 
	"
	S
	U
	C
	C
	E
	E
	D
	E
	D
	"
	;
	 
	t
	h
	i
	s
	 
	c
	a
	n
	 
	b
	e
	 
	c
	h
	a
	n
	g
	e
	d
	 
	i
	n
	 
	r
	u
	n
	n
	e
	r
	.
	p
	y
	.
- Reference output:
	P
	a
	r
	s
	e
	 
	s
	u
	c
	c
	e
	e
	d
	e
	d
	,
	 
	f
	i
	n
	d
	i
	n
	g
	 
	2
	7
	 
	I
	L
	O
	C
	 
	o
	p
	e
	r
	a
	t
	i
	o
	n
	s
	.
- Your output:
	P
	O
	O
	 
	P
	O
	O
	O
	 
	P
	O
	O
	

	M
	u
	s
	t
	 
	s
	p
	e
	c
	i
	f
	y
	 
	a
	 
	f
	i
	l
	e
	 
	n
	a
	m
	e
	 
	a
	f
	t
	e
	r
	 
	t
	h
	e
	 
	f
	l
	a
	g
	.
❌ /clear/courses/comp412/students/ILOC/contributed/2013/lab2/s01_block4.i failed!
- Summary:
	Y
	o
	u
	 
	i
	d
	e
	n
	t
	i
	f
	i
	e
	d
	 
	0
	/
	0
	 
	e
	r
	r
	o
	r
	s
	 
	c
	o
	r
	r
	e
	c
	t
	l
	y
	.
	Y
	o
	u
	 
	i
	d
	e
	n
	t
	i
	f
	i
	e
	d
	 
	0
	 
	c
	o
	r
	r
	e
	c
	t
	 
	l
	i
	n
	e
	s
	 
	a
	s
	 
	e
	r
	r
	o
	r
	s
	.
	Y
	o
	u
	 
	d
	o
	 
	n
	o
	t
	 
	h
	a
	v
	e
	 
	a
	 
	s
	u
	c
	c
	e
	s
	s
	 
	m
	e
	s
	s
	a
	g
	e
	 
	w
	h
	i
	l
	e
	 
	t
	h
	e
	 
	r
	e
	f
	e
	r
	e
	n
	c
	e
	 
	d
	o
	e
	s
	.
	N
	O
	T
	E
	:
	 
	Y
	o
	u
	r
	 
	s
	u
	c
	c
	e
	s
	s
	 
	m
	e
	s
	s
	a
	g
	e
	 
	m
	u
	s
	t
	 
	c
	o
	n
	t
	a
	i
	n
	 
	t
	h
	e
	 
	w
	o
	r
	d
	 
	"
	(
	S
	|
	s
	)
	u
	c
	c
	e
	e
	d
	e
	d
	"
	,
	 
	"
	(
	S
	|
	s
	)
	u
	c
	c
	e
	s
	s
	"
	,
	 
	"
	S
	U
	C
	C
	E
	S
	S
	"
	,
	 
	o
	r
	 
	"
	S
	U
	C
	C
	E
	E
	D
	E
	D
	"
	;
	 
	t
	h
	i
	s
	 
	c
	a
	n
	 
	b
	e
	 
	c
	h
	a
	n
	g
	e
	d
	 
	i
	n
	 
	r
	u
	n
	n
	e
	r
	.
	p
	y
	.
- Reference output:
	P
	a
	r
	s
	e
	 
	s
	u
	c
	c
	e
	e
	d
	e
	d
	,
	 
	f
	i
	n
	d
	i
	n
	g
	 
	7
	0
	 
	I
	L
	O
	C
	 
	o
	p
	e
	r
	a
	t
	i
	o
	n
	s
	.
- Your output:
	P
	O
	O
	 
	P
	O
	O
	O
	 
	P
	O
	O
	

	M
	u
	s
	t
	 
	s
	p
	e
	c
	i
	f
	y
	 
	a
	 
	f
	i
	l
	e
	 
	n
	a
	m
	e
	 
	a
	f
	t
	e
	r
	 
	t
	h
	e
	 
	f
	l
	a
	g
	.
❌ /clear/courses/comp412/students/ILOC/contributed/2013/lab2/s01_block0.i failed!
- Summary:
	Y
	o
	u
	 
	i
	d
	e
	n
	t
	i
	f
	i
	e
	d
	 
	0
	/
	0
	 
	e
	r
	r
	o
	r
	s
	 
	c
	o
	r
	r
	e
	c
	t
	l
	y
	.
	Y
	o
	u
	 
	i
	d
	e
	n
	t
	i
	f
	i
	e
	d
	 
	0
	 
	c
	o
	r
	r
	e
	c
	t
	 
	l
	i
	n
	e
	s
	 
	a
	s
	 
	e
	r
	r
	o
	r
	s
	.
	Y
	o
	u
	 
	d
	o
	 
	n
	o
	t
	 
	h
	a
	v
	e
	 
	a
	 
	s
	u
	c
	c
	e
	s
	s
	 
	m
	e
	s
	s
	a
	g
	e
	 
	w
	h
	i
	l
	e
	 
	t
	h
	e
	 
	r
	e
	f
	e
	r
	e
	n
	c
	e
	 
	d
	o
	e
	s
	.
	N
	O
	T
	E
	:
	 
	Y
	o
	u
	r
	 
	s
	u
	c
	c
	e
	s
	s
	 
	m
	e
	s
	s
	a
	g
	e
	 
	m
	u
	s
	t
	 
	c
	o
	n
	t
	a
	i
	n
	 
	t
	h
	e
	 
	w
	o
	r
	d
	 
	"
	(
	S
	|
	s
	)
	u
	c
	c
	e
	e
	d
	e
	d
	"
	,
	 
	"
	(
	S
	|
	s
	)
	u
	c
	c
	e
	s
	s
	"
	,
	 
	"
	S
	U
	C
	C
	E
	S
	S
	"
	,
	 
	o
	r
	 
	"
	S
	U
	C
	C
	E
	E
	D
	E
	D
	"
	;
	 
	t
	h
	i
	s
	 
	c
	a
	n
	 
	b
	e
	 
	c
	h
	a
	n
	g
	e
	d
	 
	i
	n
	 
	r
	u
	n
	n
	e
	r
	.
	p
	y
	.
- Reference output:
	P
	a
	r
	s
	e
	 
	s
	u
	c
	c
	e
	e
	d
	e
	d
	,
	 
	f
	i
	n
	d
	i
	n
	g
	 
	1
	1
	 
	I
	L
	O
	C
	 
	o
	p
	e
	r
	a
	t
	i
	o
	n
	s
	.
- Your output:
	P
	O
	O
	 
	P
	O
	O
	O
	 
	P
	O
	O
	

	M
	u
	s
	t
	 
	s
	p
	e
	c
	i
	f
	y
	 
	a
	 
	f
	i
	l
	e
	 
	n
	a
	m
	e
	 
	a
	f
	t
	e
	r
	 
	t
	h
	e
	 
	f
	l
	a
	g
	.
❌ /clear/courses/comp412/students/ILOC/contributed/2013/lab2/s47_test2.i failed!
- Summary:
	Y
	o
	u
	 
	i
	d
	e
	n
	t
	i
	f
	i
	e
	d
	 
	0
	/
	0
	 
	e
	r
	r
	o
	r
	s
	 
	c
	o
	r
	r
	e
	c
	t
	l
	y
	.
	Y
	o
	u
	 
	i
	d
	e
	n
	t
	i
	f
	i
	e
	d
	 
	0
	 
	c
	o
	r
	r
	e
	c
	t
	 
	l
	i
	n
	e
	s
	 
	a
	s
	 
	e
	r
	r
	o
	r
	s
	.
	Y
	o
	u
	 
	d
	o
	 
	n
	o
	t
	 
	h
	a
	v
	e
	 
	a
	 
	s
	u
	c
	c
	e
	s
	s
	 
	m
	e
	s
	s
	a
	g
	e
	 
	w
	h
	i
	l
	e
	 
	t
	h
	e
	 
	r
	e
	f
	e
	r
	e
	n
	c
	e
	 
	d
	o
	e
	s
	.
	N
	O
	T
	E
	:
	 
	Y
	o
	u
	r
	 
	s
	u
	c
	c
	e
	s
	s
	 
	m
	e
	s
	s
	a
	g
	e
	 
	m
	u
	s
	t
	 
	c
	o
	n
	t
	a
	i
	n
	 
	t
	h
	e
	 
	w
	o
	r
	d
	 
	"
	(
	S
	|
	s
	)
	u
	c
	c
	e
	e
	d
	e
	d
	"
	,
	 
	"
	(
	S
	|
	s
	)
	u
	c
	c
	e
	s
	s
	"
	,
	 
	"
	S
	U
	C
	C
	E
	S
	S
	"
	,
	 
	o
	r
	 
	"
	S
	U
	C
	C
	E
	E
	D
	E
	D
	"
	;
	 
	t
	h
	i
	s
	 
	c
	a
	n
	 
	b
	e
	 
	c
	h
	a
	n
	g
	e
	d
	 
	i
	n
	 
	r
	u
	n
	n
	e
	r
	.
	p
	y
	.
- Reference output:
	P
	a
	r
	s
	e
	 
	s
	u
	c
	c
	e
	e
	d
	e
	d
	,
	 
	f
	i
	n
	d
	i
	n
	g
	 
	2
	2
	 
	I
	L
	O
	C
	 
	o
	p
	e
	r
	a
	t
	i
	o
	n
	s
	.
- Your output:
	P
	O
	O
	 
	P
	O
	O
	O
	 
	P
	O
	O
	

	M
	u
	s
	t
	 
	s
	p
	e
	c
	i
	f
	y
	 
	a
	 
	f
	i
	l
	e
	 
	n
	a
	m
	e
	 
	a
	f
	t
	e
	r
	 
	t
	h
	e
	 
	f
	l
	a
	g
	.
❌ /clear/courses/comp412/students/ILOC/contributed/2013/lab2/s55_test1.i failed!
- Summary:
	Y
	o
	u
	 
	i
	d
	e
	n
	t
	i
	f
	i
	e
	d
	 
	0
	/
	0
	 
	e
	r
	r
	o
	r
	s
	 
	c
	o
	r
	r
	e
	c
	t
	l
	y
	.
	Y
	o
	u
	 
	i
	d
	e
	n
	t
	i
	f
	i
	e
	d
	 
	0
	 
	c
	o
	r
	r
	e
	c
	t
	 
	l
	i
	n
	e
	s
	 
	a
	s
	 
	e
	r
	r
	o
	r
	s
	.
	Y
	o
	u
	 
	d
	o
	 
	n
	o
	t
	 
	h
	a
	v
	e
	 
	a
	 
	s
	u
	c
	c
	e
	s
	s
	 
	m
	e
	s
	s
	a
	g
	e
	 
	w
	h
	i
	l
	e
	 
	t
	h
	e
	 
	r
	e
	f
	e
	r
	e
	n
	c
	e
	 
	d
	o
	e
	s
	.
	N
	O
	T
	E
	:
	 
	Y
	o
	u
	r
	 
	s
	u
	c
	c
	e
	s
	s
	 
	m
	e
	s
	s
	a
	g
	e
	 
	m
	u
	s
	t
	 
	c
	o
	n
	t
	a
	i
	n
	 
	t
	h
	e
	 
	w
	o
	r
	d
	 
	"
	(
	S
	|
	s
	)
	u
	c
	c
	e
	e
	d
	e
	d
	"
	,
	 
	"
	(
	S
	|
	s
	)
	u
	c
	c
	e
	s
	s
	"
	,
	 
	"
	S
	U
	C
	C
	E
	S
	S
	"
	,
	 
	o
	r
	 
	"
	S
	U
	C
	C
	E
	E
	D
	E
	D
	"
	;
	 
	t
	h
	i
	s
	 
	c
	a
	n
	 
	b
	e
	 
	c
	h
	a
	n
	g
	e
	d
	 
	i
	n
	 
	r
	u
	n
	n
	e
	r
	.
	p
	y
	.
- Reference output:
	P
	a
	r
	s
	e
	 
	s
	u
	c
	c
	e
	e
	d
	e
	d
	,
	 
	f
	i
	n
	d
	i
	n
	g
	 
	9
	 
	I
	L
	O
	C
	 
	o
	p
	e
	r
	a
	t
	i
	o
	n
	s
	.
- Your output:
	P
	O
	O
	 
	P
	O
	O
	O
	 
	P
	O
	O
	

	M
	u
	s
	t
	 
	s
	p
	e
	c
	i
	f
	y
	 
	a
	 
	f
	i
	l
	e
	 
	n
	a
	m
	e
	 
	a
	f
	t
	e
	r
	 
	t
	h
	e
	 
	f
	l
	a
	g
	.
❌ /clear/courses/comp412/students/ILOC/contributed/2013/lab2/s58_test2.i failed!
- Summary:
	Y
	o
	u
	 
	i
	d
	e
	n
	t
	i
	f
	i
	e
	d
	 
	0
	/
	0
	 
	e
	r
	r
	o
	r
	s
	 
	c
	o
	r
	r
	e
	c
	t
	l
	y
	.
	Y
	o
	u
	 
	i
	d
	e
	n
	t
	i
	f
	i
	e
	d
	 
	0
	 
	c
	o
	r
	r
	e
	c
	t
	 
	l
	i
	n
	e
	s
	 
	a
	s
	 
	e
	r
	r
	o
	r
	s
	.
	Y
	o
	u
	 
	d
	o
	 
	n
	o
	t
	 
	h
	a
	v
	e
	 
	a
	 
	s
	u
	c
	c
	e
	s
	s
	 
	m
	e
	s
	s
	a
	g
	e
	 
	w
	h
	i
	l
	e
	 
	t
	h
	e
	 
	r
	e
	f
	e
	r
	e
	n
	c
	e
	 
	d
	o
	e
	s
	.
	N
	O
	T
	E
	:
	 
	Y
	o
	u
	r
	 
	s
	u
	c
	c
	e
	s
	s
	 
	m
	e
	s
	s
	a
	g
	e
	 
	m
	u
	s
	t
	 
	c
	o
	n
	t
	a
	i
	n
	 
	t
	h
	e
	 
	w
	o
	r
	d
	 
	"
	(
	S
	|
	s
	)
	u
	c
	c
	e
	e
	d
	e
	d
	"
	,
	 
	"
	(
	S
	|
	s
	)
	u
	c
	c
	e
	s
	s
	"
	,
	 
	"
	S
	U
	C
	C
	E
	S
	S
	"
	,
	 
	o
	r
	 
	"
	S
	U
	C
	C
	E
	E
	D
	E
	D
	"
	;
	 
	t
	h
	i
	s
	 
	c
	a
	n
	 
	b
	e
	 
	c
	h
	a
	n
	g
	e
	d
	 
	i
	n
	 
	r
	u
	n
	n
	e
	r
	.
	p
	y
	.
- Reference output:
	P
	a
	r
	s
	e
	 
	s
	u
	c
	c
	e
	e
	d
	e
	d
	,
	 
	f
	i
	n
	d
	i
	n
	g
	 
	2
	8
	 
	I
	L
	O
	C
	 
	o
	p
	e
	r
	a
	t
	i
	o
	n
	s
	.
- Your output:
	P
	O
	O
	 
	P
	O
	O
	O
	 
	P
	O
	O
	

	M
	u
	s
	t
	 
	s
	p
	e
	c
	i
	f
	y
	 
	a
	 
	f
	i
	l
	e
	 
	n
	a
	m
	e
	 
	a
	f
	t
	e
	r
	 
	t
	h
	e
	 
	f
	l
	a
	g
	.
❌ /clear/courses/comp412/students/ILOC/contributed/2013/lab2/s35_block4.i failed!
- Summary:
	Y
	o
	u
	 
	i
	d
	e
	n
	t
	i
	f
	i
	e
	d
	 
	0
	/
	0
	 
	e
	r
	r
	o
	r
	s
	 
	c
	o
	r
	r
	e
	c
	t
	l
	y
	.
	Y
	o
	u
	 
	i
	d
	e
	n
	t
	i
	f
	i
	e
	d
	 
	0
	 
	c
	o
	r
	r
	e
	c
	t
	 
	l
	i
	n
	e
	s
	 
	a
	s
	 
	e
	r
	r
	o
	r
	s
	.
	Y
	o
	u
	 
	d
	o
	 
	n
	o
	t
	 
	h
	a
	v
	e
	 
	a
	 
	s
	u
	c
	c
	e
	s
	s
	 
	m
	e
	s
	s
	a
	g
	e
	 
	w
	h
	i
	l
	e
	 
	t
	h
	e
	 
	r
	e
	f
	e
	r
	e
	n
	c
	e
	 
	d
	o
	e
	s
	.
	N
	O
	T
	E
	:
	 
	Y
	o
	u
	r
	 
	s
	u
	c
	c
	e
	s
	s
	 
	m
	e
	s
	s
	a
	g
	e
	 
	m
	u
	s
	t
	 
	c
	o
	n
	t
	a
	i
	n
	 
	t
	h
	e
	 
	w
	o
	r
	d
	 
	"
	(
	S
	|
	s
	)
	u
	c
	c
	e
	e
	d
	e
	d
	"
	,
	 
	"
	(
	S
	|
	s
	)
	u
	c
	c
	e
	s
	s
	"
	,
	 
	"
	S
	U
	C
	C
	E
	S
	S
	"
	,
	 
	o
	r
	 
	"
	S
	U
	C
	C
	E
	E
	D
	E
	D
	"
	;
	 
	t
	h
	i
	s
	 
	c
	a
	n
	 
	b
	e
	 
	c
	h
	a
	n
	g
	e
	d
	 
	i
	n
	 
	r
	u
	n
	n
	e
	r
	.
	p
	y
	.
- Reference output:
	P
	a
	r
	s
	e
	 
	s
	u
	c
	c
	e
	e
	d
	e
	d
	,
	 
	f
	i
	n
	d
	i
	n
	g
	 
	2
	6
	 
	I
	L
	O
	C
	 
	o
	p
	e
	r
	a
	t
	i
	o
	n
	s
	.
- Your output:
	P
	O
	O
	 
	P
	O
	O
	O
	 
	P
	O
	O
	

	M
	u
	s
	t
	 
	s
	p
	e
	c
	i
	f
	y
	 
	a
	 
	f
	i
	l
	e
	 
	n
	a
	m
	e
	 
	a
	f
	t
	e
	r
	 
	t
	h
	e
	 
	f
	l
	a
	g
	.
❌ /clear/courses/comp412/students/ILOC/contributed/2013/lab2/s52_test4.i failed!
- Summary:
	Y
	o
	u
	 
	i
	d
	e
	n
	t
	i
	f
	i
	e
	d
	 
	0
	/
	0
	 
	e
	r
	r
	o
	r
	s
	 
	c
	o
	r
	r
	e
	c
	t
	l
	y
	.
	Y
	o
	u
	 
	i
	d
	e
	n
	t
	i
	f
	i
	e
	d
	 
	0
	 
	c
	o
	r
	r
	e
	c
	t
	 
	l
	i
	n
	e
	s
	 
	a
	s
	 
	e
	r
	r
	o
	r
	s
	.
	Y
	o
	u
	 
	d
	o
	 
	n
	o
	t
	 
	h
	a
	v
	e
	 
	a
	 
	s
	u
	c
	c
	e
	s
	s
	 
	m
	e
	s
	s
	a
	g
	e
	 
	w
	h
	i
	l
	e
	 
	t
	h
	e
	 
	r
	e
	f
	e
	r
	e
	n
	c
	e
	 
	d
	o
	e
	s
	.
	N
	O
	T
	E
	:
	 
	Y
	o
	u
	r
	 
	s
	u
	c
	c
	e
	s
	s
	 
	m
	e
	s
	s
	a
	g
	e
	 
	m
	u
	s
	t
	 
	c
	o
	n
	t
	a
	i
	n
	 
	t
	h
	e
	 
	w
	o
	r
	d
	 
	"
	(
	S
	|
	s
	)
	u
	c
	c
	e
	e
	d
	e
	d
	"
	,
	 
	"
	(
	S
	|
	s
	)
	u
	c
	c
	e
	s
	s
	"
	,
	 
	"
	S
	U
	C
	C
	E
	S
	S
	"
	,
	 
	o
	r
	 
	"
	S
	U
	C
	C
	E
	E
	D
	E
	D
	"
	;
	 
	t
	h
	i
	s
	 
	c
	a
	n
	 
	b
	e
	 
	c
	h
	a
	n
	g
	e
	d
	 
	i
	n
	 
	r
	u
	n
	n
	e
	r
	.
	p
	y
	.
- Reference output:
	P
	a
	r
	s
	e
	 
	s
	u
	c
	c
	e
	e
	d
	e
	d
	,
	 
	f
	i
	n
	d
	i
	n
	g
	 
	1
	2
	 
	I
	L
	O
	C
	 
	o
	p
	e
	r
	a
	t
	i
	o
	n
	s
	.
- Your output:
	P
	O
	O
	 
	P
	O
	O
	O
	 
	P
	O
	O
	

	M
	u
	s
	t
	 
	s
	p
	e
	c
	i
	f
	y
	 
	a
	 
	f
	i
	l
	e
	 
	n
	a
	m
	e
	 
	a
	f
	t
	e
	r
	 
	t
	h
	e
	 
	f
	l
	a
	g
	.
❌ /clear/courses/comp412/students/ILOC/contributed/2013/lab2/s19_test3.i failed!
- Summary:
	Y
	o
	u
	 
	i
	d
	e
	n
	t
	i
	f
	i
	e
	d
	 
	0
	/
	0
	 
	e
	r
	r
	o
	r
	s
	 
	c
	o
	r
	r
	e
	c
	t
	l
	y
	.
	Y
	o
	u
	 
	i
	d
	e
	n
	t
	i
	f
	i
	e
	d
	 
	0
	 
	c
	o
	r
	r
	e
	c
	t
	 
	l
	i
	n
	e
	s
	 
	a
	s
	 
	e
	r
	r
	o
	r
	s
	.
	Y
	o
	u
	 
	d
	o
	 
	n
	o
	t
	 
	h
	a
	v
	e
	 
	a
	 
	s
	u
	c
	c
	e
	s
	s
	 
	m
	e
	s
	s
	a
	g
	e
	 
	w
	h
	i
	l
	e
	 
	t
	h
	e
	 
	r
	e
	f
	e
	r
	e
	n
	c
	e
	 
	d
	o
	e
	s
	.
	N
	O
	T
	E
	:
	 
	Y
	o
	u
	r
	 
	s
	u
	c
	c
	e
	s
	s
	 
	m
	e
	s
	s
	a
	g
	e
	 
	m
	u
	s
	t
	 
	c
	o
	n
	t
	a
	i
	n
	 
	t
	h
	e
	 
	w
	o
	r
	d
	 
	"
	(
	S
	|
	s
	)
	u
	c
	c
	e
	e
	d
	e
	d
	"
	,
	 
	"
	(
	S
	|
	s
	)
	u
	c
	c
	e
	s
	s
	"
	,
	 
	"
	S
	U
	C
	C
	E
	S
	S
	"
	,
	 
	o
	r
	 
	"
	S
	U
	C
	C
	E
	E
	D
	E
	D
	"
	;
	 
	t
	h
	i
	s
	 
	c
	a
	n
	 
	b
	e
	 
	c
	h
	a
	n
	g
	e
	d
	 
	i
	n
	 
	r
	u
	n
	n
	e
	r
	.
	p
	y
	.
- Reference output:
	P
	a
	r
	s
	e
	 
	s
	u
	c
	c
	e
	e
	d
	e
	d
	,
	 
	f
	i
	n
	d
	i
	n
	g
	 
	1
	7
	 
	I
	L
	O
	C
	 
	o
	p
	e
	r
	a
	t
	i
	o
	n
	s
	.
- Your output:
	P
	O
	O
	 
	P
	O
	O
	O
	 
	P
	O
	O
	

	M
	u
	s
	t
	 
	s
	p
	e
	c
	i
	f
	y
	 
	a
	 
	f
	i
	l
	e
	 
	n
	a
	m
	e
	 
	a
	f
	t
	e
	r
	 
	t
	h
	e
	 
	f
	l
	a
	g
	.
❌ /clear/courses/comp412/students/ILOC/contributed/2013/lab2/s25_test4.i failed!
- Summary:
	Y
	o
	u
	 
	i
	d
	e
	n
	t
	i
	f
	i
	e
	d
	 
	0
	/
	0
	 
	e
	r
	r
	o
	r
	s
	 
	c
	o
	r
	r
	e
	c
	t
	l
	y
	.
	Y
	o
	u
	 
	i
	d
	e
	n
	t
	i
	f
	i
	e
	d
	 
	0
	 
	c
	o
	r
	r
	e
	c
	t
	 
	l
	i
	n
	e
	s
	 
	a
	s
	 
	e
	r
	r
	o
	r
	s
	.
	Y
	o
	u
	 
	d
	o
	 
	n
	o
	t
	 
	h
	a
	v
	e
	 
	a
	 
	s
	u
	c
	c
	e
	s
	s
	 
	m
	e
	s
	s
	a
	g
	e
	 
	w
	h
	i
	l
	e
	 
	t
	h
	e
	 
	r
	e
	f
	e
	r
	e
	n
	c
	e
	 
	d
	o
	e
	s
	.
	N
	O
	T
	E
	:
	 
	Y
	o
	u
	r
	 
	s
	u
	c
	c
	e
	s
	s
	 
	m
	e
	s
	s
	a
	g
	e
	 
	m
	u
	s
	t
	 
	c
	o
	n
	t
	a
	i
	n
	 
	t
	h
	e
	 
	w
	o
	r
	d
	 
	"
	(
	S
	|
	s
	)
	u
	c
	c
	e
	e
	d
	e
	d
	"
	,
	 
	"
	(
	S
	|
	s
	)
	u
	c
	c
	e
	s
	s
	"
	,
	 
	"
	S
	U
	C
	C
	E
	S
	S
	"
	,
	 
	o
	r
	 
	"
	S
	U
	C
	C
	E
	E
	D
	E
	D
	"
	;
	 
	t
	h
	i
	s
	 
	c
	a
	n
	 
	b
	e
	 
	c
	h
	a
	n
	g
	e
	d
	 
	i
	n
	 
	r
	u
	n
	n
	e
	r
	.
	p
	y
	.
- Reference output:
	P
	a
	r
	s
	e
	 
	s
	u
	c
	c
	e
	e
	d
	e
	d
	,
	 
	f
	i
	n
	d
	i
	n
	g
	 
	1
	0
	 
	I
	L
	O
	C
	 
	o
	p
	e
	r
	a
	t
	i
	o
	n
	s
	.
- Your output:
	P
	O
	O
	 
	P
	O
	O
	O
	 
	P
	O
	O
	

	M
	u
	s
	t
	 
	s
	p
	e
	c
	i
	f
	y
	 
	a
	 
	f
	i
	l
	e
	 
	n
	a
	m
	e
	 
	a
	f
	t
	e
	r
	 
	t
	h
	e
	 
	f
	l
	a
	g
	.
❌ /clear/courses/comp412/students/ILOC/contributed/2013/lab2/s06_test1.i failed!
- Summary:
	Y
	o
	u
	 
	i
	d
	e
	n
	t
	i
	f
	i
	e
	d
	 
	0
	/
	0
	 
	e
	r
	r
	o
	r
	s
	 
	c
	o
	r
	r
	e
	c
	t
	l
	y
	.
	Y
	o
	u
	 
	i
	d
	e
	n
	t
	i
	f
	i
	e
	d
	 
	0
	 
	c
	o
	r
	r
	e
	c
	t
	 
	l
	i
	n
	e
	s
	 
	a
	s
	 
	e
	r
	r
	o
	r
	s
	.
	Y
	o
	u
	 
	d
	o
	 
	n
	o
	t
	 
	h
	a
	v
	e
	 
	a
	 
	s
	u
	c
	c
	e
	s
	s
	 
	m
	e
	s
	s
	a
	g
	e
	 
	w
	h
	i
	l
	e
	 
	t
	h
	e
	 
	r
	e
	f
	e
	r
	e
	n
	c
	e
	 
	d
	o
	e
	s
	.
	N
	O
	T
	E
	:
	 
	Y
	o
	u
	r
	 
	s
	u
	c
	c
	e
	s
	s
	 
	m
	e
	s
	s
	a
	g
	e
	 
	m
	u
	s
	t
	 
	c
	o
	n
	t
	a
	i
	n
	 
	t
	h
	e
	 
	w
	o
	r
	d
	 
	"
	(
	S
	|
	s
	)
	u
	c
	c
	e
	e
	d
	e
	d
	"
	,
	 
	"
	(
	S
	|
	s
	)
	u
	c
	c
	e
	s
	s
	"
	,
	 
	"
	S
	U
	C
	C
	E
	S
	S
	"
	,
	 
	o
	r
	 
	"
	S
	U
	C
	C
	E
	E
	D
	E
	D
	"
	;
	 
	t
	h
	i
	s
	 
	c
	a
	n
	 
	b
	e
	 
	c
	h
	a
	n
	g
	e
	d
	 
	i
	n
	 
	r
	u
	n
	n
	e
	r
	.
	p
	y
	.
- Reference output:
	P
	a
	r
	s
	e
	 
	s
	u
	c
	c
	e
	e
	d
	e
	d
	,
	 
	f
	i
	n
	d
	i
	n
	g
	 
	8
	 
	I
	L
	O
	C
	 
	o
	p
	e
	r
	a
	t
	i
	o
	n
	s
	.
- Your output:
	P
	O
	O
	 
	P
	O
	O
	O
	 
	P
	O
	O
	

	M
	u
	s
	t
	 
	s
	p
	e
	c
	i
	f
	y
	 
	a
	 
	f
	i
	l
	e
	 
	n
	a
	m
	e
	 
	a
	f
	t
	e
	r
	 
	t
	h
	e
	 
	f
	l
	a
	g
	.
❌ /clear/courses/comp412/students/ILOC/contributed/2013/lab2/s36_test1.i failed!
- Summary:
	Y
	o
	u
	 
	i
	d
	e
	n
	t
	i
	f
	i
	e
	d
	 
	0
	/
	0
	 
	e
	r
	r
	o
	r
	s
	 
	c
	o
	r
	r
	e
	c
	t
	l
	y
	.
	Y
	o
	u
	 
	i
	d
	e
	n
	t
	i
	f
	i
	e
	d
	 
	0
	 
	c
	o
	r
	r
	e
	c
	t
	 
	l
	i
	n
	e
	s
	 
	a
	s
	 
	e
	r
	r
	o
	r
	s
	.
	Y
	o
	u
	 
	d
	o
	 
	n
	o
	t
	 
	h
	a
	v
	e
	 
	a
	 
	s
	u
	c
	c
	e
	s
	s
	 
	m
	e
	s
	s
	a
	g
	e
	 
	w
	h
	i
	l
	e
	 
	t
	h
	e
	 
	r
	e
	f
	e
	r
	e
	n
	c
	e
	 
	d
	o
	e
	s
	.
	N
	O
	T
	E
	:
	 
	Y
	o
	u
	r
	 
	s
	u
	c
	c
	e
	s
	s
	 
	m
	e
	s
	s
	a
	g
	e
	 
	m
	u
	s
	t
	 
	c
	o
	n
	t
	a
	i
	n
	 
	t
	h
	e
	 
	w
	o
	r
	d
	 
	"
	(
	S
	|
	s
	)
	u
	c
	c
	e
	e
	d
	e
	d
	"
	,
	 
	"
	(
	S
	|
	s
	)
	u
	c
	c
	e
	s
	s
	"
	,
	 
	"
	S
	U
	C
	C
	E
	S
	S
	"
	,
	 
	o
	r
	 
	"
	S
	U
	C
	C
	E
	E
	D
	E
	D
	"
	;
	 
	t
	h
	i
	s
	 
	c
	a
	n
	 
	b
	e
	 
	c
	h
	a
	n
	g
	e
	d
	 
	i
	n
	 
	r
	u
	n
	n
	e
	r
	.
	p
	y
	.
- Reference output:
	P
	a
	r
	s
	e
	 
	s
	u
	c
	c
	e
	e
	d
	e
	d
	,
	 
	f
	i
	n
	d
	i
	n
	g
	 
	7
	 
	I
	L
	O
	C
	 
	o
	p
	e
	r
	a
	t
	i
	o
	n
	s
	.
- Your output:
	P
	O
	O
	 
	P
	O
	O
	O
	 
	P
	O
	O
	

	M
	u
	s
	t
	 
	s
	p
	e
	c
	i
	f
	y
	 
	a
	 
	f
	i
	l
	e
	 
	n
	a
	m
	e
	 
	a
	f
	t
	e
	r
	 
	t
	h
	e
	 
	f
	l
	a
	g
	.
❌ /clear/courses/comp412/students/ILOC/contributed/2013/lab2/s56_test1.i failed!
- Summary:
	Y
	o
	u
	 
	i
	d
	e
	n
	t
	i
	f
	i
	e
	d
	 
	0
	/
	0
	 
	e
	r
	r
	o
	r
	s
	 
	c
	o
	r
	r
	e
	c
	t
	l
	y
	.
	Y
	o
	u
	 
	i
	d
	e
	n
	t
	i
	f
	i
	e
	d
	 
	0
	 
	c
	o
	r
	r
	e
	c
	t
	 
	l
	i
	n
	e
	s
	 
	a
	s
	 
	e
	r
	r
	o
	r
	s
	.
	Y
	o
	u
	 
	d
	o
	 
	n
	o
	t
	 
	h
	a
	v
	e
	 
	a
	 
	s
	u
	c
	c
	e
	s
	s
	 
	m
	e
	s
	s
	a
	g
	e
	 
	w
	h
	i
	l
	e
	 
	t
	h
	e
	 
	r
	e
	f
	e
	r
	e
	n
	c
	e
	 
	d
	o
	e
	s
	.
	N
	O
	T
	E
	:
	 
	Y
	o
	u
	r
	 
	s
	u
	c
	c
	e
	s
	s
	 
	m
	e
	s
	s
	a
	g
	e
	 
	m
	u
	s
	t
	 
	c
	o
	n
	t
	a
	i
	n
	 
	t
	h
	e
	 
	w
	o
	r
	d
	 
	"
	(
	S
	|
	s
	)
	u
	c
	c
	e
	e
	d
	e
	d
	"
	,
	 
	"
	(
	S
	|
	s
	)
	u
	c
	c
	e
	s
	s
	"
	,
	 
	"
	S
	U
	C
	C
	E
	S
	S
	"
	,
	 
	o
	r
	 
	"
	S
	U
	C
	C
	E
	E
	D
	E
	D
	"
	;
	 
	t
	h
	i
	s
	 
	c
	a
	n
	 
	b
	e
	 
	c
	h
	a
	n
	g
	e
	d
	 
	i
	n
	 
	r
	u
	n
	n
	e
	r
	.
	p
	y
	.
- Reference output:
	P
	a
	r
	s
	e
	 
	s
	u
	c
	c
	e
	e
	d
	e
	d
	,
	 
	f
	i
	n
	d
	i
	n
	g
	 
	1
	1
	 
	I
	L
	O
	C
	 
	o
	p
	e
	r
	a
	t
	i
	o
	n
	s
	.
- Your output:
	P
	O
	O
	 
	P
	O
	O
	O
	 
	P
	O
	O
	

	M
	u
	s
	t
	 
	s
	p
	e
	c
	i
	f
	y
	 
	a
	 
	f
	i
	l
	e
	 
	n
	a
	m
	e
	 
	a
	f
	t
	e
	r
	 
	t
	h
	e
	 
	f
	l
	a
	g
	.
❌ /clear/courses/comp412/students/ILOC/contributed/2013/lab2/s10_test3.i failed!
- Summary:
	Y
	o
	u
	 
	i
	d
	e
	n
	t
	i
	f
	i
	e
	d
	 
	0
	/
	0
	 
	e
	r
	r
	o
	r
	s
	 
	c
	o
	r
	r
	e
	c
	t
	l
	y
	.
	Y
	o
	u
	 
	i
	d
	e
	n
	t
	i
	f
	i
	e
	d
	 
	0
	 
	c
	o
	r
	r
	e
	c
	t
	 
	l
	i
	n
	e
	s
	 
	a
	s
	 
	e
	r
	r
	o
	r
	s
	.
	Y
	o
	u
	 
	d
	o
	 
	n
	o
	t
	 
	h
	a
	v
	e
	 
	a
	 
	s
	u
	c
	c
	e
	s
	s
	 
	m
	e
	s
	s
	a
	g
	e
	 
	w
	h
	i
	l
	e
	 
	t
	h
	e
	 
	r
	e
	f
	e
	r
	e
	n
	c
	e
	 
	d
	o
	e
	s
	.
	N
	O
	T
	E
	:
	 
	Y
	o
	u
	r
	 
	s
	u
	c
	c
	e
	s
	s
	 
	m
	e
	s
	s
	a
	g
	e
	 
	m
	u
	s
	t
	 
	c
	o
	n
	t
	a
	i
	n
	 
	t
	h
	e
	 
	w
	o
	r
	d
	 
	"
	(
	S
	|
	s
	)
	u
	c
	c
	e
	e
	d
	e
	d
	"
	,
	 
	"
	(
	S
	|
	s
	)
	u
	c
	c
	e
	s
	s
	"
	,
	 
	"
	S
	U
	C
	C
	E
	S
	S
	"
	,
	 
	o
	r
	 
	"
	S
	U
	C
	C
	E
	E
	D
	E
	D
	"
	;
	 
	t
	h
	i
	s
	 
	c
	a
	n
	 
	b
	e
	 
	c
	h
	a
	n
	g
	e
	d
	 
	i
	n
	 
	r
	u
	n
	n
	e
	r
	.
	p
	y
	.
- Reference output:
	P
	a
	r
	s
	e
	 
	s
	u
	c
	c
	e
	e
	d
	e
	d
	,
	 
	f
	i
	n
	d
	i
	n
	g
	 
	1
	6
	 
	I
	L
	O
	C
	 
	o
	p
	e
	r
	a
	t
	i
	o
	n
	s
	.
- Your output:
	P
	O
	O
	 
	P
	O
	O
	O
	 
	P
	O
	O
	

	M
	u
	s
	t
	 
	s
	p
	e
	c
	i
	f
	y
	 
	a
	 
	f
	i
	l
	e
	 
	n
	a
	m
	e
	 
	a
	f
	t
	e
	r
	 
	t
	h
	e
	 
	f
	l
	a
	g
	.
❌ /clear/courses/comp412/students/ILOC/contributed/2013/lab2/s55_test2.i failed!
- Summary:
	Y
	o
	u
	 
	i
	d
	e
	n
	t
	i
	f
	i
	e
	d
	 
	0
	/
	0
	 
	e
	r
	r
	o
	r
	s
	 
	c
	o
	r
	r
	e
	c
	t
	l
	y
	.
	Y
	o
	u
	 
	i
	d
	e
	n
	t
	i
	f
	i
	e
	d
	 
	0
	 
	c
	o
	r
	r
	e
	c
	t
	 
	l
	i
	n
	e
	s
	 
	a
	s
	 
	e
	r
	r
	o
	r
	s
	.
	Y
	o
	u
	 
	d
	o
	 
	n
	o
	t
	 
	h
	a
	v
	e
	 
	a
	 
	s
	u
	c
	c
	e
	s
	s
	 
	m
	e
	s
	s
	a
	g
	e
	 
	w
	h
	i
	l
	e
	 
	t
	h
	e
	 
	r
	e
	f
	e
	r
	e
	n
	c
	e
	 
	d
	o
	e
	s
	.
	N
	O
	T
	E
	:
	 
	Y
	o
	u
	r
	 
	s
	u
	c
	c
	e
	s
	s
	 
	m
	e
	s
	s
	a
	g
	e
	 
	m
	u
	s
	t
	 
	c
	o
	n
	t
	a
	i
	n
	 
	t
	h
	e
	 
	w
	o
	r
	d
	 
	"
	(
	S
	|
	s
	)
	u
	c
	c
	e
	e
	d
	e
	d
	"
	,
	 
	"
	(
	S
	|
	s
	)
	u
	c
	c
	e
	s
	s
	"
	,
	 
	"
	S
	U
	C
	C
	E
	S
	S
	"
	,
	 
	o
	r
	 
	"
	S
	U
	C
	C
	E
	E
	D
	E
	D
	"
	;
	 
	t
	h
	i
	s
	 
	c
	a
	n
	 
	b
	e
	 
	c
	h
	a
	n
	g
	e
	d
	 
	i
	n
	 
	r
	u
	n
	n
	e
	r
	.
	p
	y
	.
- Reference output:
	P
	a
	r
	s
	e
	 
	s
	u
	c
	c
	e
	e
	d
	e
	d
	,
	 
	f
	i
	n
	d
	i
	n
	g
	 
	1
	3
	 
	I
	L
	O
	C
	 
	o
	p
	e
	r
	a
	t
	i
	o
	n
	s
	.
- Your output:
	P
	O
	O
	 
	P
	O
	O
	O
	 
	P
	O
	O
	

	M
	u
	s
	t
	 
	s
	p
	e
	c
	i
	f
	y
	 
	a
	 
	f
	i
	l
	e
	 
	n
	a
	m
	e
	 
	a
	f
	t
	e
	r
	 
	t
	h
	e
	 
	f
	l
	a
	g
	.
❌ /clear/courses/comp412/students/ILOC/contributed/2013/lab2/s17_test3.i failed!
- Summary:
	Y
	o
	u
	 
	i
	d
	e
	n
	t
	i
	f
	i
	e
	d
	 
	0
	/
	0
	 
	e
	r
	r
	o
	r
	s
	 
	c
	o
	r
	r
	e
	c
	t
	l
	y
	.
	Y
	o
	u
	 
	i
	d
	e
	n
	t
	i
	f
	i
	e
	d
	 
	0
	 
	c
	o
	r
	r
	e
	c
	t
	 
	l
	i
	n
	e
	s
	 
	a
	s
	 
	e
	r
	r
	o
	r
	s
	.
	Y
	o
	u
	 
	d
	o
	 
	n
	o
	t
	 
	h
	a
	v
	e
	 
	a
	 
	s
	u
	c
	c
	e
	s
	s
	 
	m
	e
	s
	s
	a
	g
	e
	 
	w
	h
	i
	l
	e
	 
	t
	h
	e
	 
	r
	e
	f
	e
	r
	e
	n
	c
	e
	 
	d
	o
	e
	s
	.
	N
	O
	T
	E
	:
	 
	Y
	o
	u
	r
	 
	s
	u
	c
	c
	e
	s
	s
	 
	m
	e
	s
	s
	a
	g
	e
	 
	m
	u
	s
	t
	 
	c
	o
	n
	t
	a
	i
	n
	 
	t
	h
	e
	 
	w
	o
	r
	d
	 
	"
	(
	S
	|
	s
	)
	u
	c
	c
	e
	e
	d
	e
	d
	"
	,
	 
	"
	(
	S
	|
	s
	)
	u
	c
	c
	e
	s
	s
	"
	,
	 
	"
	S
	U
	C
	C
	E
	S
	S
	"
	,
	 
	o
	r
	 
	"
	S
	U
	C
	C
	E
	E
	D
	E
	D
	"
	;
	 
	t
	h
	i
	s
	 
	c
	a
	n
	 
	b
	e
	 
	c
	h
	a
	n
	g
	e
	d
	 
	i
	n
	 
	r
	u
	n
	n
	e
	r
	.
	p
	y
	.
- Reference output:
	P
	a
	r
	s
	e
	 
	s
	u
	c
	c
	e
	e
	d
	e
	d
	,
	 
	f
	i
	n
	d
	i
	n
	g
	 
	1
	2
	 
	I
	L
	O
	C
	 
	o
	p
	e
	r
	a
	t
	i
	o
	n
	s
	.
- Your output:
	P
	O
	O
	 
	P
	O
	O
	O
	 
	P
	O
	O
	

	M
	u
	s
	t
	 
	s
	p
	e
	c
	i
	f
	y
	 
	a
	 
	f
	i
	l
	e
	 
	n
	a
	m
	e
	 
	a
	f
	t
	e
	r
	 
	t
	h
	e
	 
	f
	l
	a
	g
	.
❌ /clear/courses/comp412/students/ILOC/contributed/2013/lab2/s27_test2.i failed!
- Summary:
	Y
	o
	u
	 
	i
	d
	e
	n
	t
	i
	f
	i
	e
	d
	 
	0
	/
	0
	 
	e
	r
	r
	o
	r
	s
	 
	c
	o
	r
	r
	e
	c
	t
	l
	y
	.
	Y
	o
	u
	 
	i
	d
	e
	n
	t
	i
	f
	i
	e
	d
	 
	0
	 
	c
	o
	r
	r
	e
	c
	t
	 
	l
	i
	n
	e
	s
	 
	a
	s
	 
	e
	r
	r
	o
	r
	s
	.
	Y
	o
	u
	 
	d
	o
	 
	n
	o
	t
	 
	h
	a
	v
	e
	 
	a
	 
	s
	u
	c
	c
	e
	s
	s
	 
	m
	e
	s
	s
	a
	g
	e
	 
	w
	h
	i
	l
	e
	 
	t
	h
	e
	 
	r
	e
	f
	e
	r
	e
	n
	c
	e
	 
	d
	o
	e
	s
	.
	N
	O
	T
	E
	:
	 
	Y
	o
	u
	r
	 
	s
	u
	c
	c
	e
	s
	s
	 
	m
	e
	s
	s
	a
	g
	e
	 
	m
	u
	s
	t
	 
	c
	o
	n
	t
	a
	i
	n
	 
	t
	h
	e
	 
	w
	o
	r
	d
	 
	"
	(
	S
	|
	s
	)
	u
	c
	c
	e
	e
	d
	e
	d
	"
	,
	 
	"
	(
	S
	|
	s
	)
	u
	c
	c
	e
	s
	s
	"
	,
	 
	"
	S
	U
	C
	C
	E
	S
	S
	"
	,
	 
	o
	r
	 
	"
	S
	U
	C
	C
	E
	E
	D
	E
	D
	"
	;
	 
	t
	h
	i
	s
	 
	c
	a
	n
	 
	b
	e
	 
	c
	h
	a
	n
	g
	e
	d
	 
	i
	n
	 
	r
	u
	n
	n
	e
	r
	.
	p
	y
	.
- Reference output:
	P
	a
	r
	s
	e
	 
	s
	u
	c
	c
	e
	e
	d
	e
	d
	,
	 
	f
	i
	n
	d
	i
	n
	g
	 
	2
	9
	 
	I
	L
	O
	C
	 
	o
	p
	e
	r
	a
	t
	i
	o
	n
	s
	.
- Your output:
	P
	O
	O
	 
	P
	O
	O
	O
	 
	P
	O
	O
	

	M
	u
	s
	t
	 
	s
	p
	e
	c
	i
	f
	y
	 
	a
	 
	f
	i
	l
	e
	 
	n
	a
	m
	e
	 
	a
	f
	t
	e
	r
	 
	t
	h
	e
	 
	f
	l
	a
	g
	.
❌ /clear/courses/comp412/students/ILOC/contributed/2013/lab2/s47_test4.i failed!
- Summary:
	Y
	o
	u
	 
	i
	d
	e
	n
	t
	i
	f
	i
	e
	d
	 
	0
	/
	0
	 
	e
	r
	r
	o
	r
	s
	 
	c
	o
	r
	r
	e
	c
	t
	l
	y
	.
	Y
	o
	u
	 
	i
	d
	e
	n
	t
	i
	f
	i
	e
	d
	 
	0
	 
	c
	o
	r
	r
	e
	c
	t
	 
	l
	i
	n
	e
	s
	 
	a
	s
	 
	e
	r
	r
	o
	r
	s
	.
	Y
	o
	u
	 
	d
	o
	 
	n
	o
	t
	 
	h
	a
	v
	e
	 
	a
	 
	s
	u
	c
	c
	e
	s
	s
	 
	m
	e
	s
	s
	a
	g
	e
	 
	w
	h
	i
	l
	e
	 
	t
	h
	e
	 
	r
	e
	f
	e
	r
	e
	n
	c
	e
	 
	d
	o
	e
	s
	.
	N
	O
	T
	E
	:
	 
	Y
	o
	u
	r
	 
	s
	u
	c
	c
	e
	s
	s
	 
	m
	e
	s
	s
	a
	g
	e
	 
	m
	u
	s
	t
	 
	c
	o
	n
	t
	a
	i
	n
	 
	t
	h
	e
	 
	w
	o
	r
	d
	 
	"
	(
	S
	|
	s
	)
	u
	c
	c
	e
	e
	d
	e
	d
	"
	,
	 
	"
	(
	S
	|
	s
	)
	u
	c
	c
	e
	s
	s
	"
	,
	 
	"
	S
	U
	C
	C
	E
	S
	S
	"
	,
	 
	o
	r
	 
	"
	S
	U
	C
	C
	E
	E
	D
	E
	D
	"
	;
	 
	t
	h
	i
	s
	 
	c
	a
	n
	 
	b
	e
	 
	c
	h
	a
	n
	g
	e
	d
	 
	i
	n
	 
	r
	u
	n
	n
	e
	r
	.
	p
	y
	.
- Reference output:
	P
	a
	r
	s
	e
	 
	s
	u
	c
	c
	e
	e
	d
	e
	d
	,
	 
	f
	i
	n
	d
	i
	n
	g
	 
	2
	2
	 
	I
	L
	O
	C
	 
	o
	p
	e
	r
	a
	t
	i
	o
	n
	s
	.
- Your output:
	P
	O
	O
	 
	P
	O
	O
	O
	 
	P
	O
	O
	

	M
	u
	s
	t
	 
	s
	p
	e
	c
	i
	f
	y
	 
	a
	 
	f
	i
	l
	e
	 
	n
	a
	m
	e
	 
	a
	f
	t
	e
	r
	 
	t
	h
	e
	 
	f
	l
	a
	g
	.
❌ /clear/courses/comp412/students/ILOC/contributed/2013/lab2/s01_block2.i failed!
- Summary:
	Y
	o
	u
	 
	i
	d
	e
	n
	t
	i
	f
	i
	e
	d
	 
	0
	/
	0
	 
	e
	r
	r
	o
	r
	s
	 
	c
	o
	r
	r
	e
	c
	t
	l
	y
	.
	Y
	o
	u
	 
	i
	d
	e
	n
	t
	i
	f
	i
	e
	d
	 
	0
	 
	c
	o
	r
	r
	e
	c
	t
	 
	l
	i
	n
	e
	s
	 
	a
	s
	 
	e
	r
	r
	o
	r
	s
	.
	Y
	o
	u
	 
	d
	o
	 
	n
	o
	t
	 
	h
	a
	v
	e
	 
	a
	 
	s
	u
	c
	c
	e
	s
	s
	 
	m
	e
	s
	s
	a
	g
	e
	 
	w
	h
	i
	l
	e
	 
	t
	h
	e
	 
	r
	e
	f
	e
	r
	e
	n
	c
	e
	 
	d
	o
	e
	s
	.
	N
	O
	T
	E
	:
	 
	Y
	o
	u
	r
	 
	s
	u
	c
	c
	e
	s
	s
	 
	m
	e
	s
	s
	a
	g
	e
	 
	m
	u
	s
	t
	 
	c
	o
	n
	t
	a
	i
	n
	 
	t
	h
	e
	 
	w
	o
	r
	d
	 
	"
	(
	S
	|
	s
	)
	u
	c
	c
	e
	e
	d
	e
	d
	"
	,
	 
	"
	(
	S
	|
	s
	)
	u
	c
	c
	e
	s
	s
	"
	,
	 
	"
	S
	U
	C
	C
	E
	S
	S
	"
	,
	 
	o
	r
	 
	"
	S
	U
	C
	C
	E
	E
	D
	E
	D
	"
	;
	 
	t
	h
	i
	s
	 
	c
	a
	n
	 
	b
	e
	 
	c
	h
	a
	n
	g
	e
	d
	 
	i
	n
	 
	r
	u
	n
	n
	e
	r
	.
	p
	y
	.
- Reference output:
	P
	a
	r
	s
	e
	 
	s
	u
	c
	c
	e
	e
	d
	e
	d
	,
	 
	f
	i
	n
	d
	i
	n
	g
	 
	3
	2
	 
	I
	L
	O
	C
	 
	o
	p
	e
	r
	a
	t
	i
	o
	n
	s
	.
- Your output:
	P
	O
	O
	 
	P
	O
	O
	O
	 
	P
	O
	O
	

	M
	u
	s
	t
	 
	s
	p
	e
	c
	i
	f
	y
	 
	a
	 
	f
	i
	l
	e
	 
	n
	a
	m
	e
	 
	a
	f
	t
	e
	r
	 
	t
	h
	e
	 
	f
	l
	a
	g
	.
❌ /clear/courses/comp412/students/ILOC/contributed/2013/lab2/s13_block4.i failed!
- Summary:
	Y
	o
	u
	 
	i
	d
	e
	n
	t
	i
	f
	i
	e
	d
	 
	0
	/
	0
	 
	e
	r
	r
	o
	r
	s
	 
	c
	o
	r
	r
	e
	c
	t
	l
	y
	.
	Y
	o
	u
	 
	i
	d
	e
	n
	t
	i
	f
	i
	e
	d
	 
	0
	 
	c
	o
	r
	r
	e
	c
	t
	 
	l
	i
	n
	e
	s
	 
	a
	s
	 
	e
	r
	r
	o
	r
	s
	.
	Y
	o
	u
	 
	d
	o
	 
	n
	o
	t
	 
	h
	a
	v
	e
	 
	a
	 
	s
	u
	c
	c
	e
	s
	s
	 
	m
	e
	s
	s
	a
	g
	e
	 
	w
	h
	i
	l
	e
	 
	t
	h
	e
	 
	r
	e
	f
	e
	r
	e
	n
	c
	e
	 
	d
	o
	e
	s
	.
	N
	O
	T
	E
	:
	 
	Y
	o
	u
	r
	 
	s
	u
	c
	c
	e
	s
	s
	 
	m
	e
	s
	s
	a
	g
	e
	 
	m
	u
	s
	t
	 
	c
	o
	n
	t
	a
	i
	n
	 
	t
	h
	e
	 
	w
	o
	r
	d
	 
	"
	(
	S
	|
	s
	)
	u
	c
	c
	e
	e
	d
	e
	d
	"
	,
	 
	"
	(
	S
	|
	s
	)
	u
	c
	c
	e
	s
	s
	"
	,
	 
	"
	S
	U
	C
	C
	E
	S
	S
	"
	,
	 
	o
	r
	 
	"
	S
	U
	C
	C
	E
	E
	D
	E
	D
	"
	;
	 
	t
	h
	i
	s
	 
	c
	a
	n
	 
	b
	e
	 
	c
	h
	a
	n
	g
	e
	d
	 
	i
	n
	 
	r
	u
	n
	n
	e
	r
	.
	p
	y
	.
- Reference output:
	P
	a
	r
	s
	e
	 
	s
	u
	c
	c
	e
	e
	d
	e
	d
	,
	 
	f
	i
	n
	d
	i
	n
	g
	 
	9
	 
	I
	L
	O
	C
	 
	o
	p
	e
	r
	a
	t
	i
	o
	n
	s
	.
- Your output:
	P
	O
	O
	 
	P
	O
	O
	O
	 
	P
	O
	O
	

	M
	u
	s
	t
	 
	s
	p
	e
	c
	i
	f
	y
	 
	a
	 
	f
	i
	l
	e
	 
	n
	a
	m
	e
	 
	a
	f
	t
	e
	r
	 
	t
	h
	e
	 
	f
	l
	a
	g
	.
❌ /clear/courses/comp412/students/ILOC/contributed/2013/lab2/s25_test3.i failed!
- Summary:
	Y
	o
	u
	 
	i
	d
	e
	n
	t
	i
	f
	i
	e
	d
	 
	0
	/
	0
	 
	e
	r
	r
	o
	r
	s
	 
	c
	o
	r
	r
	e
	c
	t
	l
	y
	.
	Y
	o
	u
	 
	i
	d
	e
	n
	t
	i
	f
	i
	e
	d
	 
	0
	 
	c
	o
	r
	r
	e
	c
	t
	 
	l
	i
	n
	e
	s
	 
	a
	s
	 
	e
	r
	r
	o
	r
	s
	.
	Y
	o
	u
	 
	d
	o
	 
	n
	o
	t
	 
	h
	a
	v
	e
	 
	a
	 
	s
	u
	c
	c
	e
	s
	s
	 
	m
	e
	s
	s
	a
	g
	e
	 
	w
	h
	i
	l
	e
	 
	t
	h
	e
	 
	r
	e
	f
	e
	r
	e
	n
	c
	e
	 
	d
	o
	e
	s
	.
	N
	O
	T
	E
	:
	 
	Y
	o
	u
	r
	 
	s
	u
	c
	c
	e
	s
	s
	 
	m
	e
	s
	s
	a
	g
	e
	 
	m
	u
	s
	t
	 
	c
	o
	n
	t
	a
	i
	n
	 
	t
	h
	e
	 
	w
	o
	r
	d
	 
	"
	(
	S
	|
	s
	)
	u
	c
	c
	e
	e
	d
	e
	d
	"
	,
	 
	"
	(
	S
	|
	s
	)
	u
	c
	c
	e
	s
	s
	"
	,
	 
	"
	S
	U
	C
	C
	E
	S
	S
	"
	,
	 
	o
	r
	 
	"
	S
	U
	C
	C
	E
	E
	D
	E
	D
	"
	;
	 
	t
	h
	i
	s
	 
	c
	a
	n
	 
	b
	e
	 
	c
	h
	a
	n
	g
	e
	d
	 
	i
	n
	 
	r
	u
	n
	n
	e
	r
	.
	p
	y
	.
- Reference output:
	P
	a
	r
	s
	e
	 
	s
	u
	c
	c
	e
	e
	d
	e
	d
	,
	 
	f
	i
	n
	d
	i
	n
	g
	 
	1
	2
	 
	I
	L
	O
	C
	 
	o
	p
	e
	r
	a
	t
	i
	o
	n
	s
	.
- Your output:
	P
	O
	O
	 
	P
	O
	O
	O
	 
	P
	O
	O
	

	M
	u
	s
	t
	 
	s
	p
	e
	c
	i
	f
	y
	 
	a
	 
	f
	i
	l
	e
	 
	n
	a
	m
	e
	 
	a
	f
	t
	e
	r
	 
	t
	h
	e
	 
	f
	l
	a
	g
	.
❌ /clear/courses/comp412/students/ILOC/contributed/2013/lab2/s45_block1.i failed!
- Summary:
	Y
	o
	u
	 
	i
	d
	e
	n
	t
	i
	f
	i
	e
	d
	 
	0
	/
	0
	 
	e
	r
	r
	o
	r
	s
	 
	c
	o
	r
	r
	e
	c
	t
	l
	y
	.
	Y
	o
	u
	 
	i
	d
	e
	n
	t
	i
	f
	i
	e
	d
	 
	0
	 
	c
	o
	r
	r
	e
	c
	t
	 
	l
	i
	n
	e
	s
	 
	a
	s
	 
	e
	r
	r
	o
	r
	s
	.
	Y
	o
	u
	 
	d
	o
	 
	n
	o
	t
	 
	h
	a
	v
	e
	 
	a
	 
	s
	u
	c
	c
	e
	s
	s
	 
	m
	e
	s
	s
	a
	g
	e
	 
	w
	h
	i
	l
	e
	 
	t
	h
	e
	 
	r
	e
	f
	e
	r
	e
	n
	c
	e
	 
	d
	o
	e
	s
	.
	N
	O
	T
	E
	:
	 
	Y
	o
	u
	r
	 
	s
	u
	c
	c
	e
	s
	s
	 
	m
	e
	s
	s
	a
	g
	e
	 
	m
	u
	s
	t
	 
	c
	o
	n
	t
	a
	i
	n
	 
	t
	h
	e
	 
	w
	o
	r
	d
	 
	"
	(
	S
	|
	s
	)
	u
	c
	c
	e
	e
	d
	e
	d
	"
	,
	 
	"
	(
	S
	|
	s
	)
	u
	c
	c
	e
	s
	s
	"
	,
	 
	"
	S
	U
	C
	C
	E
	S
	S
	"
	,
	 
	o
	r
	 
	"
	S
	U
	C
	C
	E
	E
	D
	E
	D
	"
	;
	 
	t
	h
	i
	s
	 
	c
	a
	n
	 
	b
	e
	 
	c
	h
	a
	n
	g
	e
	d
	 
	i
	n
	 
	r
	u
	n
	n
	e
	r
	.
	p
	y
	.
- Reference output:
	P
	a
	r
	s
	e
	 
	s
	u
	c
	c
	e
	e
	d
	e
	d
	,
	 
	f
	i
	n
	d
	i
	n
	g
	 
	1
	4
	 
	I
	L
	O
	C
	 
	o
	p
	e
	r
	a
	t
	i
	o
	n
	s
	.
- Your output:
	P
	O
	O
	 
	P
	O
	O
	O
	 
	P
	O
	O
	

	M
	u
	s
	t
	 
	s
	p
	e
	c
	i
	f
	y
	 
	a
	 
	f
	i
	l
	e
	 
	n
	a
	m
	e
	 
	a
	f
	t
	e
	r
	 
	t
	h
	e
	 
	f
	l
	a
	g
	.
❌ /clear/courses/comp412/students/ILOC/contributed/2013/lab2/s38_large.i failed!
- Summary:
	Y
	o
	u
	 
	i
	d
	e
	n
	t
	i
	f
	i
	e
	d
	 
	0
	/
	0
	 
	e
	r
	r
	o
	r
	s
	 
	c
	o
	r
	r
	e
	c
	t
	l
	y
	.
	Y
	o
	u
	 
	i
	d
	e
	n
	t
	i
	f
	i
	e
	d
	 
	0
	 
	c
	o
	r
	r
	e
	c
	t
	 
	l
	i
	n
	e
	s
	 
	a
	s
	 
	e
	r
	r
	o
	r
	s
	.
	Y
	o
	u
	 
	d
	o
	 
	n
	o
	t
	 
	h
	a
	v
	e
	 
	a
	 
	s
	u
	c
	c
	e
	s
	s
	 
	m
	e
	s
	s
	a
	g
	e
	 
	w
	h
	i
	l
	e
	 
	t
	h
	e
	 
	r
	e
	f
	e
	r
	e
	n
	c
	e
	 
	d
	o
	e
	s
	.
	N
	O
	T
	E
	:
	 
	Y
	o
	u
	r
	 
	s
	u
	c
	c
	e
	s
	s
	 
	m
	e
	s
	s
	a
	g
	e
	 
	m
	u
	s
	t
	 
	c
	o
	n
	t
	a
	i
	n
	 
	t
	h
	e
	 
	w
	o
	r
	d
	 
	"
	(
	S
	|
	s
	)
	u
	c
	c
	e
	e
	d
	e
	d
	"
	,
	 
	"
	(
	S
	|
	s
	)
	u
	c
	c
	e
	s
	s
	"
	,
	 
	"
	S
	U
	C
	C
	E
	S
	S
	"
	,
	 
	o
	r
	 
	"
	S
	U
	C
	C
	E
	E
	D
	E
	D
	"
	;
	 
	t
	h
	i
	s
	 
	c
	a
	n
	 
	b
	e
	 
	c
	h
	a
	n
	g
	e
	d
	 
	i
	n
	 
	r
	u
	n
	n
	e
	r
	.
	p
	y
	.
- Reference output:
	P
	a
	r
	s
	e
	 
	s
	u
	c
	c
	e
	e
	d
	e
	d
	,
	 
	f
	i
	n
	d
	i
	n
	g
	 
	2
	4
	1
	 
	I
	L
	O
	C
	 
	o
	p
	e
	r
	a
	t
	i
	o
	n
	s
	.
- Your output:
	P
	O
	O
	 
	P
	O
	O
	O
	 
	P
	O
	O
	

	M
	u
	s
	t
	 
	s
	p
	e
	c
	i
	f
	y
	 
	a
	 
	f
	i
	l
	e
	 
	n
	a
	m
	e
	 
	a
	f
	t
	e
	r
	 
	t
	h
	e
	 
	f
	l
	a
	g
	.
❌ /clear/courses/comp412/students/ILOC/contributed/2013/lab2/s31_test1.i failed!
- Summary:
	Y
	o
	u
	 
	i
	d
	e
	n
	t
	i
	f
	i
	e
	d
	 
	0
	/
	0
	 
	e
	r
	r
	o
	r
	s
	 
	c
	o
	r
	r
	e
	c
	t
	l
	y
	.
	Y
	o
	u
	 
	i
	d
	e
	n
	t
	i
	f
	i
	e
	d
	 
	0
	 
	c
	o
	r
	r
	e
	c
	t
	 
	l
	i
	n
	e
	s
	 
	a
	s
	 
	e
	r
	r
	o
	r
	s
	.
	Y
	o
	u
	 
	d
	o
	 
	n
	o
	t
	 
	h
	a
	v
	e
	 
	a
	 
	s
	u
	c
	c
	e
	s
	s
	 
	m
	e
	s
	s
	a
	g
	e
	 
	w
	h
	i
	l
	e
	 
	t
	h
	e
	 
	r
	e
	f
	e
	r
	e
	n
	c
	e
	 
	d
	o
	e
	s
	.
	N
	O
	T
	E
	:
	 
	Y
	o
	u
	r
	 
	s
	u
	c
	c
	e
	s
	s
	 
	m
	e
	s
	s
	a
	g
	e
	 
	m
	u
	s
	t
	 
	c
	o
	n
	t
	a
	i
	n
	 
	t
	h
	e
	 
	w
	o
	r
	d
	 
	"
	(
	S
	|
	s
	)
	u
	c
	c
	e
	e
	d
	e
	d
	"
	,
	 
	"
	(
	S
	|
	s
	)
	u
	c
	c
	e
	s
	s
	"
	,
	 
	"
	S
	U
	C
	C
	E
	S
	S
	"
	,
	 
	o
	r
	 
	"
	S
	U
	C
	C
	E
	E
	D
	E
	D
	"
	;
	 
	t
	h
	i
	s
	 
	c
	a
	n
	 
	b
	e
	 
	c
	h
	a
	n
	g
	e
	d
	 
	i
	n
	 
	r
	u
	n
	n
	e
	r
	.
	p
	y
	.
- Reference output:
	P
	a
	r
	s
	e
	 
	s
	u
	c
	c
	e
	e
	d
	e
	d
	,
	 
	f
	i
	n
	d
	i
	n
	g
	 
	1
	1
	 
	I
	L
	O
	C
	 
	o
	p
	e
	r
	a
	t
	i
	o
	n
	s
	.
- Your output:
	P
	O
	O
	 
	P
	O
	O
	O
	 
	P
	O
	O
	

	M
	u
	s
	t
	 
	s
	p
	e
	c
	i
	f
	y
	 
	a
	 
	f
	i
	l
	e
	 
	n
	a
	m
	e
	 
	a
	f
	t
	e
	r
	 
	t
	h
	e
	 
	f
	l
	a
	g
	.
❌ /clear/courses/comp412/students/ILOC/contributed/2013/lab2/s04_test1.i failed!
- Summary:
	Y
	o
	u
	 
	i
	d
	e
	n
	t
	i
	f
	i
	e
	d
	 
	0
	/
	0
	 
	e
	r
	r
	o
	r
	s
	 
	c
	o
	r
	r
	e
	c
	t
	l
	y
	.
	Y
	o
	u
	 
	i
	d
	e
	n
	t
	i
	f
	i
	e
	d
	 
	0
	 
	c
	o
	r
	r
	e
	c
	t
	 
	l
	i
	n
	e
	s
	 
	a
	s
	 
	e
	r
	r
	o
	r
	s
	.
	Y
	o
	u
	 
	d
	o
	 
	n
	o
	t
	 
	h
	a
	v
	e
	 
	a
	 
	s
	u
	c
	c
	e
	s
	s
	 
	m
	e
	s
	s
	a
	g
	e
	 
	w
	h
	i
	l
	e
	 
	t
	h
	e
	 
	r
	e
	f
	e
	r
	e
	n
	c
	e
	 
	d
	o
	e
	s
	.
	N
	O
	T
	E
	:
	 
	Y
	o
	u
	r
	 
	s
	u
	c
	c
	e
	s
	s
	 
	m
	e
	s
	s
	a
	g
	e
	 
	m
	u
	s
	t
	 
	c
	o
	n
	t
	a
	i
	n
	 
	t
	h
	e
	 
	w
	o
	r
	d
	 
	"
	(
	S
	|
	s
	)
	u
	c
	c
	e
	e
	d
	e
	d
	"
	,
	 
	"
	(
	S
	|
	s
	)
	u
	c
	c
	e
	s
	s
	"
	,
	 
	"
	S
	U
	C
	C
	E
	S
	S
	"
	,
	 
	o
	r
	 
	"
	S
	U
	C
	C
	E
	E
	D
	E
	D
	"
	;
	 
	t
	h
	i
	s
	 
	c
	a
	n
	 
	b
	e
	 
	c
	h
	a
	n
	g
	e
	d
	 
	i
	n
	 
	r
	u
	n
	n
	e
	r
	.
	p
	y
	.
- Reference output:
	P
	a
	r
	s
	e
	 
	s
	u
	c
	c
	e
	e
	d
	e
	d
	,
	 
	f
	i
	n
	d
	i
	n
	g
	 
	1
	6
	 
	I
	L
	O
	C
	 
	o
	p
	e
	r
	a
	t
	i
	o
	n
	s
	.
- Your output:
	P
	O
	O
	 
	P
	O
	O
	O
	 
	P
	O
	O
	

	M
	u
	s
	t
	 
	s
	p
	e
	c
	i
	f
	y
	 
	a
	 
	f
	i
	l
	e
	 
	n
	a
	m
	e
	 
	a
	f
	t
	e
	r
	 
	t
	h
	e
	 
	f
	l
	a
	g
	.
❌ /clear/courses/comp412/students/ILOC/contributed/2013/lab2/s35_block1.i failed!
- Summary:
	Y
	o
	u
	 
	i
	d
	e
	n
	t
	i
	f
	i
	e
	d
	 
	0
	/
	0
	 
	e
	r
	r
	o
	r
	s
	 
	c
	o
	r
	r
	e
	c
	t
	l
	y
	.
	Y
	o
	u
	 
	i
	d
	e
	n
	t
	i
	f
	i
	e
	d
	 
	0
	 
	c
	o
	r
	r
	e
	c
	t
	 
	l
	i
	n
	e
	s
	 
	a
	s
	 
	e
	r
	r
	o
	r
	s
	.
	Y
	o
	u
	 
	d
	o
	 
	n
	o
	t
	 
	h
	a
	v
	e
	 
	a
	 
	s
	u
	c
	c
	e
	s
	s
	 
	m
	e
	s
	s
	a
	g
	e
	 
	w
	h
	i
	l
	e
	 
	t
	h
	e
	 
	r
	e
	f
	e
	r
	e
	n
	c
	e
	 
	d
	o
	e
	s
	.
	N
	O
	T
	E
	:
	 
	Y
	o
	u
	r
	 
	s
	u
	c
	c
	e
	s
	s
	 
	m
	e
	s
	s
	a
	g
	e
	 
	m
	u
	s
	t
	 
	c
	o
	n
	t
	a
	i
	n
	 
	t
	h
	e
	 
	w
	o
	r
	d
	 
	"
	(
	S
	|
	s
	)
	u
	c
	c
	e
	e
	d
	e
	d
	"
	,
	 
	"
	(
	S
	|
	s
	)
	u
	c
	c
	e
	s
	s
	"
	,
	 
	"
	S
	U
	C
	C
	E
	S
	S
	"
	,
	 
	o
	r
	 
	"
	S
	U
	C
	C
	E
	E
	D
	E
	D
	"
	;
	 
	t
	h
	i
	s
	 
	c
	a
	n
	 
	b
	e
	 
	c
	h
	a
	n
	g
	e
	d
	 
	i
	n
	 
	r
	u
	n
	n
	e
	r
	.
	p
	y
	.
- Reference output:
	P
	a
	r
	s
	e
	 
	s
	u
	c
	c
	e
	e
	d
	e
	d
	,
	 
	f
	i
	n
	d
	i
	n
	g
	 
	1
	1
	 
	I
	L
	O
	C
	 
	o
	p
	e
	r
	a
	t
	i
	o
	n
	s
	.
- Your output:
	P
	O
	O
	 
	P
	O
	O
	O
	 
	P
	O
	O
	

	M
	u
	s
	t
	 
	s
	p
	e
	c
	i
	f
	y
	 
	a
	 
	f
	i
	l
	e
	 
	n
	a
	m
	e
	 
	a
	f
	t
	e
	r
	 
	t
	h
	e
	 
	f
	l
	a
	g
	.
❌ /clear/courses/comp412/students/ILOC/contributed/2013/lab2/s53_test3.i failed!
- Summary:
	Y
	o
	u
	 
	i
	d
	e
	n
	t
	i
	f
	i
	e
	d
	 
	0
	/
	0
	 
	e
	r
	r
	o
	r
	s
	 
	c
	o
	r
	r
	e
	c
	t
	l
	y
	.
	Y
	o
	u
	 
	i
	d
	e
	n
	t
	i
	f
	i
	e
	d
	 
	0
	 
	c
	o
	r
	r
	e
	c
	t
	 
	l
	i
	n
	e
	s
	 
	a
	s
	 
	e
	r
	r
	o
	r
	s
	.
	Y
	o
	u
	 
	d
	o
	 
	n
	o
	t
	 
	h
	a
	v
	e
	 
	a
	 
	s
	u
	c
	c
	e
	s
	s
	 
	m
	e
	s
	s
	a
	g
	e
	 
	w
	h
	i
	l
	e
	 
	t
	h
	e
	 
	r
	e
	f
	e
	r
	e
	n
	c
	e
	 
	d
	o
	e
	s
	.
	N
	O
	T
	E
	:
	 
	Y
	o
	u
	r
	 
	s
	u
	c
	c
	e
	s
	s
	 
	m
	e
	s
	s
	a
	g
	e
	 
	m
	u
	s
	t
	 
	c
	o
	n
	t
	a
	i
	n
	 
	t
	h
	e
	 
	w
	o
	r
	d
	 
	"
	(
	S
	|
	s
	)
	u
	c
	c
	e
	e
	d
	e
	d
	"
	,
	 
	"
	(
	S
	|
	s
	)
	u
	c
	c
	e
	s
	s
	"
	,
	 
	"
	S
	U
	C
	C
	E
	S
	S
	"
	,
	 
	o
	r
	 
	"
	S
	U
	C
	C
	E
	E
	D
	E
	D
	"
	;
	 
	t
	h
	i
	s
	 
	c
	a
	n
	 
	b
	e
	 
	c
	h
	a
	n
	g
	e
	d
	 
	i
	n
	 
	r
	u
	n
	n
	e
	r
	.
	p
	y
	.
- Reference output:
	P
	a
	r
	s
	e
	 
	s
	u
	c
	c
	e
	e
	d
	e
	d
	,
	 
	f
	i
	n
	d
	i
	n
	g
	 
	2
	0
	 
	I
	L
	O
	C
	 
	o
	p
	e
	r
	a
	t
	i
	o
	n
	s
	.
- Your output:
	P
	O
	O
	 
	P
	O
	O
	O
	 
	P
	O
	O
	

	M
	u
	s
	t
	 
	s
	p
	e
	c
	i
	f
	y
	 
	a
	 
	f
	i
	l
	e
	 
	n
	a
	m
	e
	 
	a
	f
	t
	e
	r
	 
	t
	h
	e
	 
	f
	l
	a
	g
	.
❌ /clear/courses/comp412/students/ILOC/contributed/2013/lab2/s44_block1.i failed!
- Summary:
	Y
	o
	u
	 
	i
	d
	e
	n
	t
	i
	f
	i
	e
	d
	 
	0
	/
	0
	 
	e
	r
	r
	o
	r
	s
	 
	c
	o
	r
	r
	e
	c
	t
	l
	y
	.
	Y
	o
	u
	 
	i
	d
	e
	n
	t
	i
	f
	i
	e
	d
	 
	0
	 
	c
	o
	r
	r
	e
	c
	t
	 
	l
	i
	n
	e
	s
	 
	a
	s
	 
	e
	r
	r
	o
	r
	s
	.
	Y
	o
	u
	 
	d
	o
	 
	n
	o
	t
	 
	h
	a
	v
	e
	 
	a
	 
	s
	u
	c
	c
	e
	s
	s
	 
	m
	e
	s
	s
	a
	g
	e
	 
	w
	h
	i
	l
	e
	 
	t
	h
	e
	 
	r
	e
	f
	e
	r
	e
	n
	c
	e
	 
	d
	o
	e
	s
	.
	N
	O
	T
	E
	:
	 
	Y
	o
	u
	r
	 
	s
	u
	c
	c
	e
	s
	s
	 
	m
	e
	s
	s
	a
	g
	e
	 
	m
	u
	s
	t
	 
	c
	o
	n
	t
	a
	i
	n
	 
	t
	h
	e
	 
	w
	o
	r
	d
	 
	"
	(
	S
	|
	s
	)
	u
	c
	c
	e
	e
	d
	e
	d
	"
	,
	 
	"
	(
	S
	|
	s
	)
	u
	c
	c
	e
	s
	s
	"
	,
	 
	"
	S
	U
	C
	C
	E
	S
	S
	"
	,
	 
	o
	r
	 
	"
	S
	U
	C
	C
	E
	E
	D
	E
	D
	"
	;
	 
	t
	h
	i
	s
	 
	c
	a
	n
	 
	b
	e
	 
	c
	h
	a
	n
	g
	e
	d
	 
	i
	n
	 
	r
	u
	n
	n
	e
	r
	.
	p
	y
	.
- Reference output:
	P
	a
	r
	s
	e
	 
	s
	u
	c
	c
	e
	e
	d
	e
	d
	,
	 
	f
	i
	n
	d
	i
	n
	g
	 
	2
	3
	 
	I
	L
	O
	C
	 
	o
	p
	e
	r
	a
	t
	i
	o
	n
	s
	.
- Your output:
	P
	O
	O
	 
	P
	O
	O
	O
	 
	P
	O
	O
	

	M
	u
	s
	t
	 
	s
	p
	e
	c
	i
	f
	y
	 
	a
	 
	f
	i
	l
	e
	 
	n
	a
	m
	e
	 
	a
	f
	t
	e
	r
	 
	t
	h
	e
	 
	f
	l
	a
	g
	.
❌ /clear/courses/comp412/students/ILOC/contributed/2013/lab2/s36_test3.i failed!
- Summary:
	Y
	o
	u
	 
	i
	d
	e
	n
	t
	i
	f
	i
	e
	d
	 
	0
	/
	0
	 
	e
	r
	r
	o
	r
	s
	 
	c
	o
	r
	r
	e
	c
	t
	l
	y
	.
	Y
	o
	u
	 
	i
	d
	e
	n
	t
	i
	f
	i
	e
	d
	 
	0
	 
	c
	o
	r
	r
	e
	c
	t
	 
	l
	i
	n
	e
	s
	 
	a
	s
	 
	e
	r
	r
	o
	r
	s
	.
	Y
	o
	u
	 
	d
	o
	 
	n
	o
	t
	 
	h
	a
	v
	e
	 
	a
	 
	s
	u
	c
	c
	e
	s
	s
	 
	m
	e
	s
	s
	a
	g
	e
	 
	w
	h
	i
	l
	e
	 
	t
	h
	e
	 
	r
	e
	f
	e
	r
	e
	n
	c
	e
	 
	d
	o
	e
	s
	.
	N
	O
	T
	E
	:
	 
	Y
	o
	u
	r
	 
	s
	u
	c
	c
	e
	s
	s
	 
	m
	e
	s
	s
	a
	g
	e
	 
	m
	u
	s
	t
	 
	c
	o
	n
	t
	a
	i
	n
	 
	t
	h
	e
	 
	w
	o
	r
	d
	 
	"
	(
	S
	|
	s
	)
	u
	c
	c
	e
	e
	d
	e
	d
	"
	,
	 
	"
	(
	S
	|
	s
	)
	u
	c
	c
	e
	s
	s
	"
	,
	 
	"
	S
	U
	C
	C
	E
	S
	S
	"
	,
	 
	o
	r
	 
	"
	S
	U
	C
	C
	E
	E
	D
	E
	D
	"
	;
	 
	t
	h
	i
	s
	 
	c
	a
	n
	 
	b
	e
	 
	c
	h
	a
	n
	g
	e
	d
	 
	i
	n
	 
	r
	u
	n
	n
	e
	r
	.
	p
	y
	.
- Reference output:
	P
	a
	r
	s
	e
	 
	s
	u
	c
	c
	e
	e
	d
	e
	d
	,
	 
	f
	i
	n
	d
	i
	n
	g
	 
	1
	3
	 
	I
	L
	O
	C
	 
	o
	p
	e
	r
	a
	t
	i
	o
	n
	s
	.
- Your output:
	P
	O
	O
	 
	P
	O
	O
	O
	 
	P
	O
	O
	

	M
	u
	s
	t
	 
	s
	p
	e
	c
	i
	f
	y
	 
	a
	 
	f
	i
	l
	e
	 
	n
	a
	m
	e
	 
	a
	f
	t
	e
	r
	 
	t
	h
	e
	 
	f
	l
	a
	g
	.
❌ /clear/courses/comp412/students/ILOC/contributed/2013/lab2/s47_test1.i failed!
- Summary:
	Y
	o
	u
	 
	i
	d
	e
	n
	t
	i
	f
	i
	e
	d
	 
	0
	/
	0
	 
	e
	r
	r
	o
	r
	s
	 
	c
	o
	r
	r
	e
	c
	t
	l
	y
	.
	Y
	o
	u
	 
	i
	d
	e
	n
	t
	i
	f
	i
	e
	d
	 
	0
	 
	c
	o
	r
	r
	e
	c
	t
	 
	l
	i
	n
	e
	s
	 
	a
	s
	 
	e
	r
	r
	o
	r
	s
	.
	Y
	o
	u
	 
	d
	o
	 
	n
	o
	t
	 
	h
	a
	v
	e
	 
	a
	 
	s
	u
	c
	c
	e
	s
	s
	 
	m
	e
	s
	s
	a
	g
	e
	 
	w
	h
	i
	l
	e
	 
	t
	h
	e
	 
	r
	e
	f
	e
	r
	e
	n
	c
	e
	 
	d
	o
	e
	s
	.
	N
	O
	T
	E
	:
	 
	Y
	o
	u
	r
	 
	s
	u
	c
	c
	e
	s
	s
	 
	m
	e
	s
	s
	a
	g
	e
	 
	m
	u
	s
	t
	 
	c
	o
	n
	t
	a
	i
	n
	 
	t
	h
	e
	 
	w
	o
	r
	d
	 
	"
	(
	S
	|
	s
	)
	u
	c
	c
	e
	e
	d
	e
	d
	"
	,
	 
	"
	(
	S
	|
	s
	)
	u
	c
	c
	e
	s
	s
	"
	,
	 
	"
	S
	U
	C
	C
	E
	S
	S
	"
	,
	 
	o
	r
	 
	"
	S
	U
	C
	C
	E
	E
	D
	E
	D
	"
	;
	 
	t
	h
	i
	s
	 
	c
	a
	n
	 
	b
	e
	 
	c
	h
	a
	n
	g
	e
	d
	 
	i
	n
	 
	r
	u
	n
	n
	e
	r
	.
	p
	y
	.
- Reference output:
	P
	a
	r
	s
	e
	 
	s
	u
	c
	c
	e
	e
	d
	e
	d
	,
	 
	f
	i
	n
	d
	i
	n
	g
	 
	2
	2
	 
	I
	L
	O
	C
	 
	o
	p
	e
	r
	a
	t
	i
	o
	n
	s
	.
- Your output:
	P
	O
	O
	 
	P
	O
	O
	O
	 
	P
	O
	O
	

	M
	u
	s
	t
	 
	s
	p
	e
	c
	i
	f
	y
	 
	a
	 
	f
	i
	l
	e
	 
	n
	a
	m
	e
	 
	a
	f
	t
	e
	r
	 
	t
	h
	e
	 
	f
	l
	a
	g
	.
❌ /clear/courses/comp412/students/ILOC/contributed/2013/lab2/s06_test2.i failed!
- Summary:
	Y
	o
	u
	 
	i
	d
	e
	n
	t
	i
	f
	i
	e
	d
	 
	0
	/
	0
	 
	e
	r
	r
	o
	r
	s
	 
	c
	o
	r
	r
	e
	c
	t
	l
	y
	.
	Y
	o
	u
	 
	i
	d
	e
	n
	t
	i
	f
	i
	e
	d
	 
	0
	 
	c
	o
	r
	r
	e
	c
	t
	 
	l
	i
	n
	e
	s
	 
	a
	s
	 
	e
	r
	r
	o
	r
	s
	.
	Y
	o
	u
	 
	d
	o
	 
	n
	o
	t
	 
	h
	a
	v
	e
	 
	a
	 
	s
	u
	c
	c
	e
	s
	s
	 
	m
	e
	s
	s
	a
	g
	e
	 
	w
	h
	i
	l
	e
	 
	t
	h
	e
	 
	r
	e
	f
	e
	r
	e
	n
	c
	e
	 
	d
	o
	e
	s
	.
	N
	O
	T
	E
	:
	 
	Y
	o
	u
	r
	 
	s
	u
	c
	c
	e
	s
	s
	 
	m
	e
	s
	s
	a
	g
	e
	 
	m
	u
	s
	t
	 
	c
	o
	n
	t
	a
	i
	n
	 
	t
	h
	e
	 
	w
	o
	r
	d
	 
	"
	(
	S
	|
	s
	)
	u
	c
	c
	e
	e
	d
	e
	d
	"
	,
	 
	"
	(
	S
	|
	s
	)
	u
	c
	c
	e
	s
	s
	"
	,
	 
	"
	S
	U
	C
	C
	E
	S
	S
	"
	,
	 
	o
	r
	 
	"
	S
	U
	C
	C
	E
	E
	D
	E
	D
	"
	;
	 
	t
	h
	i
	s
	 
	c
	a
	n
	 
	b
	e
	 
	c
	h
	a
	n
	g
	e
	d
	 
	i
	n
	 
	r
	u
	n
	n
	e
	r
	.
	p
	y
	.
- Reference output:
	P
	a
	r
	s
	e
	 
	s
	u
	c
	c
	e
	e
	d
	e
	d
	,
	 
	f
	i
	n
	d
	i
	n
	g
	 
	9
	 
	I
	L
	O
	C
	 
	o
	p
	e
	r
	a
	t
	i
	o
	n
	s
	.
- Your output:
	P
	O
	O
	 
	P
	O
	O
	O
	 
	P
	O
	O
	

	M
	u
	s
	t
	 
	s
	p
	e
	c
	i
	f
	y
	 
	a
	 
	f
	i
	l
	e
	 
	n
	a
	m
	e
	 
	a
	f
	t
	e
	r
	 
	t
	h
	e
	 
	f
	l
	a
	g
	.
❌ /clear/courses/comp412/students/ILOC/contributed/2013/lab2/s51_test4.i failed!
- Summary:
	Y
	o
	u
	 
	i
	d
	e
	n
	t
	i
	f
	i
	e
	d
	 
	0
	/
	0
	 
	e
	r
	r
	o
	r
	s
	 
	c
	o
	r
	r
	e
	c
	t
	l
	y
	.
	Y
	o
	u
	 
	i
	d
	e
	n
	t
	i
	f
	i
	e
	d
	 
	0
	 
	c
	o
	r
	r
	e
	c
	t
	 
	l
	i
	n
	e
	s
	 
	a
	s
	 
	e
	r
	r
	o
	r
	s
	.
	Y
	o
	u
	 
	d
	o
	 
	n
	o
	t
	 
	h
	a
	v
	e
	 
	a
	 
	s
	u
	c
	c
	e
	s
	s
	 
	m
	e
	s
	s
	a
	g
	e
	 
	w
	h
	i
	l
	e
	 
	t
	h
	e
	 
	r
	e
	f
	e
	r
	e
	n
	c
	e
	 
	d
	o
	e
	s
	.
	N
	O
	T
	E
	:
	 
	Y
	o
	u
	r
	 
	s
	u
	c
	c
	e
	s
	s
	 
	m
	e
	s
	s
	a
	g
	e
	 
	m
	u
	s
	t
	 
	c
	o
	n
	t
	a
	i
	n
	 
	t
	h
	e
	 
	w
	o
	r
	d
	 
	"
	(
	S
	|
	s
	)
	u
	c
	c
	e
	e
	d
	e
	d
	"
	,
	 
	"
	(
	S
	|
	s
	)
	u
	c
	c
	e
	s
	s
	"
	,
	 
	"
	S
	U
	C
	C
	E
	S
	S
	"
	,
	 
	o
	r
	 
	"
	S
	U
	C
	C
	E
	E
	D
	E
	D
	"
	;
	 
	t
	h
	i
	s
	 
	c
	a
	n
	 
	b
	e
	 
	c
	h
	a
	n
	g
	e
	d
	 
	i
	n
	 
	r
	u
	n
	n
	e
	r
	.
	p
	y
	.
- Reference output:
	P
	a
	r
	s
	e
	 
	s
	u
	c
	c
	e
	e
	d
	e
	d
	,
	 
	f
	i
	n
	d
	i
	n
	g
	 
	1
	2
	 
	I
	L
	O
	C
	 
	o
	p
	e
	r
	a
	t
	i
	o
	n
	s
	.
- Your output:
	P
	O
	O
	 
	P
	O
	O
	O
	 
	P
	O
	O
	

	M
	u
	s
	t
	 
	s
	p
	e
	c
	i
	f
	y
	 
	a
	 
	f
	i
	l
	e
	 
	n
	a
	m
	e
	 
	a
	f
	t
	e
	r
	 
	t
	h
	e
	 
	f
	l
	a
	g
	.
❌ /clear/courses/comp412/students/ILOC/contributed/2013/lab2/s57_test1.i failed!
- Summary:
	Y
	o
	u
	 
	i
	d
	e
	n
	t
	i
	f
	i
	e
	d
	 
	0
	/
	0
	 
	e
	r
	r
	o
	r
	s
	 
	c
	o
	r
	r
	e
	c
	t
	l
	y
	.
	Y
	o
	u
	 
	i
	d
	e
	n
	t
	i
	f
	i
	e
	d
	 
	0
	 
	c
	o
	r
	r
	e
	c
	t
	 
	l
	i
	n
	e
	s
	 
	a
	s
	 
	e
	r
	r
	o
	r
	s
	.
	Y
	o
	u
	 
	d
	o
	 
	n
	o
	t
	 
	h
	a
	v
	e
	 
	a
	 
	s
	u
	c
	c
	e
	s
	s
	 
	m
	e
	s
	s
	a
	g
	e
	 
	w
	h
	i
	l
	e
	 
	t
	h
	e
	 
	r
	e
	f
	e
	r
	e
	n
	c
	e
	 
	d
	o
	e
	s
	.
	N
	O
	T
	E
	:
	 
	Y
	o
	u
	r
	 
	s
	u
	c
	c
	e
	s
	s
	 
	m
	e
	s
	s
	a
	g
	e
	 
	m
	u
	s
	t
	 
	c
	o
	n
	t
	a
	i
	n
	 
	t
	h
	e
	 
	w
	o
	r
	d
	 
	"
	(
	S
	|
	s
	)
	u
	c
	c
	e
	e
	d
	e
	d
	"
	,
	 
	"
	(
	S
	|
	s
	)
	u
	c
	c
	e
	s
	s
	"
	,
	 
	"
	S
	U
	C
	C
	E
	S
	S
	"
	,
	 
	o
	r
	 
	"
	S
	U
	C
	C
	E
	E
	D
	E
	D
	"
	;
	 
	t
	h
	i
	s
	 
	c
	a
	n
	 
	b
	e
	 
	c
	h
	a
	n
	g
	e
	d
	 
	i
	n
	 
	r
	u
	n
	n
	e
	r
	.
	p
	y
	.
- Reference output:
	P
	a
	r
	s
	e
	 
	s
	u
	c
	c
	e
	e
	d
	e
	d
	,
	 
	f
	i
	n
	d
	i
	n
	g
	 
	9
	 
	I
	L
	O
	C
	 
	o
	p
	e
	r
	a
	t
	i
	o
	n
	s
	.
- Your output:
	P
	O
	O
	 
	P
	O
	O
	O
	 
	P
	O
	O
	

	M
	u
	s
	t
	 
	s
	p
	e
	c
	i
	f
	y
	 
	a
	 
	f
	i
	l
	e
	 
	n
	a
	m
	e
	 
	a
	f
	t
	e
	r
	 
	t
	h
	e
	 
	f
	l
	a
	g
	.
❌ /clear/courses/comp412/students/ILOC/contributed/2013/lab2/s47_test3.i failed!
- Summary:
	Y
	o
	u
	 
	i
	d
	e
	n
	t
	i
	f
	i
	e
	d
	 
	0
	/
	0
	 
	e
	r
	r
	o
	r
	s
	 
	c
	o
	r
	r
	e
	c
	t
	l
	y
	.
	Y
	o
	u
	 
	i
	d
	e
	n
	t
	i
	f
	i
	e
	d
	 
	0
	 
	c
	o
	r
	r
	e
	c
	t
	 
	l
	i
	n
	e
	s
	 
	a
	s
	 
	e
	r
	r
	o
	r
	s
	.
	Y
	o
	u
	 
	d
	o
	 
	n
	o
	t
	 
	h
	a
	v
	e
	 
	a
	 
	s
	u
	c
	c
	e
	s
	s
	 
	m
	e
	s
	s
	a
	g
	e
	 
	w
	h
	i
	l
	e
	 
	t
	h
	e
	 
	r
	e
	f
	e
	r
	e
	n
	c
	e
	 
	d
	o
	e
	s
	.
	N
	O
	T
	E
	:
	 
	Y
	o
	u
	r
	 
	s
	u
	c
	c
	e
	s
	s
	 
	m
	e
	s
	s
	a
	g
	e
	 
	m
	u
	s
	t
	 
	c
	o
	n
	t
	a
	i
	n
	 
	t
	h
	e
	 
	w
	o
	r
	d
	 
	"
	(
	S
	|
	s
	)
	u
	c
	c
	e
	e
	d
	e
	d
	"
	,
	 
	"
	(
	S
	|
	s
	)
	u
	c
	c
	e
	s
	s
	"
	,
	 
	"
	S
	U
	C
	C
	E
	S
	S
	"
	,
	 
	o
	r
	 
	"
	S
	U
	C
	C
	E
	E
	D
	E
	D
	"
	;
	 
	t
	h
	i
	s
	 
	c
	a
	n
	 
	b
	e
	 
	c
	h
	a
	n
	g
	e
	d
	 
	i
	n
	 
	r
	u
	n
	n
	e
	r
	.
	p
	y
	.
- Reference output:
	P
	a
	r
	s
	e
	 
	s
	u
	c
	c
	e
	e
	d
	e
	d
	,
	 
	f
	i
	n
	d
	i
	n
	g
	 
	2
	0
	 
	I
	L
	O
	C
	 
	o
	p
	e
	r
	a
	t
	i
	o
	n
	s
	.
- Your output:
	P
	O
	O
	 
	P
	O
	O
	O
	 
	P
	O
	O
	

	M
	u
	s
	t
	 
	s
	p
	e
	c
	i
	f
	y
	 
	a
	 
	f
	i
	l
	e
	 
	n
	a
	m
	e
	 
	a
	f
	t
	e
	r
	 
	t
	h
	e
	 
	f
	l
	a
	g
	.
❌ /clear/courses/comp412/students/ILOC/contributed/2013/lab2/s10_test2.i failed!
- Summary:
	Y
	o
	u
	 
	i
	d
	e
	n
	t
	i
	f
	i
	e
	d
	 
	0
	/
	0
	 
	e
	r
	r
	o
	r
	s
	 
	c
	o
	r
	r
	e
	c
	t
	l
	y
	.
	Y
	o
	u
	 
	i
	d
	e
	n
	t
	i
	f
	i
	e
	d
	 
	0
	 
	c
	o
	r
	r
	e
	c
	t
	 
	l
	i
	n
	e
	s
	 
	a
	s
	 
	e
	r
	r
	o
	r
	s
	.
	Y
	o
	u
	 
	d
	o
	 
	n
	o
	t
	 
	h
	a
	v
	e
	 
	a
	 
	s
	u
	c
	c
	e
	s
	s
	 
	m
	e
	s
	s
	a
	g
	e
	 
	w
	h
	i
	l
	e
	 
	t
	h
	e
	 
	r
	e
	f
	e
	r
	e
	n
	c
	e
	 
	d
	o
	e
	s
	.
	N
	O
	T
	E
	:
	 
	Y
	o
	u
	r
	 
	s
	u
	c
	c
	e
	s
	s
	 
	m
	e
	s
	s
	a
	g
	e
	 
	m
	u
	s
	t
	 
	c
	o
	n
	t
	a
	i
	n
	 
	t
	h
	e
	 
	w
	o
	r
	d
	 
	"
	(
	S
	|
	s
	)
	u
	c
	c
	e
	e
	d
	e
	d
	"
	,
	 
	"
	(
	S
	|
	s
	)
	u
	c
	c
	e
	s
	s
	"
	,
	 
	"
	S
	U
	C
	C
	E
	S
	S
	"
	,
	 
	o
	r
	 
	"
	S
	U
	C
	C
	E
	E
	D
	E
	D
	"
	;
	 
	t
	h
	i
	s
	 
	c
	a
	n
	 
	b
	e
	 
	c
	h
	a
	n
	g
	e
	d
	 
	i
	n
	 
	r
	u
	n
	n
	e
	r
	.
	p
	y
	.
- Reference output:
	P
	a
	r
	s
	e
	 
	s
	u
	c
	c
	e
	e
	d
	e
	d
	,
	 
	f
	i
	n
	d
	i
	n
	g
	 
	2
	5
	 
	I
	L
	O
	C
	 
	o
	p
	e
	r
	a
	t
	i
	o
	n
	s
	.
- Your output:
	P
	O
	O
	 
	P
	O
	O
	O
	 
	P
	O
	O
	

	M
	u
	s
	t
	 
	s
	p
	e
	c
	i
	f
	y
	 
	a
	 
	f
	i
	l
	e
	 
	n
	a
	m
	e
	 
	a
	f
	t
	e
	r
	 
	t
	h
	e
	 
	f
	l
	a
	g
	.
❌ /clear/courses/comp412/students/ILOC/contributed/2013/lab2/s46_test4.i failed!
- Summary:
	Y
	o
	u
	 
	i
	d
	e
	n
	t
	i
	f
	i
	e
	d
	 
	0
	/
	0
	 
	e
	r
	r
	o
	r
	s
	 
	c
	o
	r
	r
	e
	c
	t
	l
	y
	.
	Y
	o
	u
	 
	i
	d
	e
	n
	t
	i
	f
	i
	e
	d
	 
	0
	 
	c
	o
	r
	r
	e
	c
	t
	 
	l
	i
	n
	e
	s
	 
	a
	s
	 
	e
	r
	r
	o
	r
	s
	.
	Y
	o
	u
	 
	d
	o
	 
	n
	o
	t
	 
	h
	a
	v
	e
	 
	a
	 
	s
	u
	c
	c
	e
	s
	s
	 
	m
	e
	s
	s
	a
	g
	e
	 
	w
	h
	i
	l
	e
	 
	t
	h
	e
	 
	r
	e
	f
	e
	r
	e
	n
	c
	e
	 
	d
	o
	e
	s
	.
	N
	O
	T
	E
	:
	 
	Y
	o
	u
	r
	 
	s
	u
	c
	c
	e
	s
	s
	 
	m
	e
	s
	s
	a
	g
	e
	 
	m
	u
	s
	t
	 
	c
	o
	n
	t
	a
	i
	n
	 
	t
	h
	e
	 
	w
	o
	r
	d
	 
	"
	(
	S
	|
	s
	)
	u
	c
	c
	e
	e
	d
	e
	d
	"
	,
	 
	"
	(
	S
	|
	s
	)
	u
	c
	c
	e
	s
	s
	"
	,
	 
	"
	S
	U
	C
	C
	E
	S
	S
	"
	,
	 
	o
	r
	 
	"
	S
	U
	C
	C
	E
	E
	D
	E
	D
	"
	;
	 
	t
	h
	i
	s
	 
	c
	a
	n
	 
	b
	e
	 
	c
	h
	a
	n
	g
	e
	d
	 
	i
	n
	 
	r
	u
	n
	n
	e
	r
	.
	p
	y
	.
- Reference output:
	P
	a
	r
	s
	e
	 
	s
	u
	c
	c
	e
	e
	d
	e
	d
	,
	 
	f
	i
	n
	d
	i
	n
	g
	 
	8
	 
	I
	L
	O
	C
	 
	o
	p
	e
	r
	a
	t
	i
	o
	n
	s
	.
- Your output:
	P
	O
	O
	 
	P
	O
	O
	O
	 
	P
	O
	O
	

	M
	u
	s
	t
	 
	s
	p
	e
	c
	i
	f
	y
	 
	a
	 
	f
	i
	l
	e
	 
	n
	a
	m
	e
	 
	a
	f
	t
	e
	r
	 
	t
	h
	e
	 
	f
	l
	a
	g
	.
❌ /clear/courses/comp412/students/ILOC/contributed/2013/lab2/s39_test4.i failed!
- Summary:
	Y
	o
	u
	 
	i
	d
	e
	n
	t
	i
	f
	i
	e
	d
	 
	0
	/
	0
	 
	e
	r
	r
	o
	r
	s
	 
	c
	o
	r
	r
	e
	c
	t
	l
	y
	.
	Y
	o
	u
	 
	i
	d
	e
	n
	t
	i
	f
	i
	e
	d
	 
	0
	 
	c
	o
	r
	r
	e
	c
	t
	 
	l
	i
	n
	e
	s
	 
	a
	s
	 
	e
	r
	r
	o
	r
	s
	.
	Y
	o
	u
	 
	d
	o
	 
	n
	o
	t
	 
	h
	a
	v
	e
	 
	a
	 
	s
	u
	c
	c
	e
	s
	s
	 
	m
	e
	s
	s
	a
	g
	e
	 
	w
	h
	i
	l
	e
	 
	t
	h
	e
	 
	r
	e
	f
	e
	r
	e
	n
	c
	e
	 
	d
	o
	e
	s
	.
	N
	O
	T
	E
	:
	 
	Y
	o
	u
	r
	 
	s
	u
	c
	c
	e
	s
	s
	 
	m
	e
	s
	s
	a
	g
	e
	 
	m
	u
	s
	t
	 
	c
	o
	n
	t
	a
	i
	n
	 
	t
	h
	e
	 
	w
	o
	r
	d
	 
	"
	(
	S
	|
	s
	)
	u
	c
	c
	e
	e
	d
	e
	d
	"
	,
	 
	"
	(
	S
	|
	s
	)
	u
	c
	c
	e
	s
	s
	"
	,
	 
	"
	S
	U
	C
	C
	E
	S
	S
	"
	,
	 
	o
	r
	 
	"
	S
	U
	C
	C
	E
	E
	D
	E
	D
	"
	;
	 
	t
	h
	i
	s
	 
	c
	a
	n
	 
	b
	e
	 
	c
	h
	a
	n
	g
	e
	d
	 
	i
	n
	 
	r
	u
	n
	n
	e
	r
	.
	p
	y
	.
- Reference output:
	P
	a
	r
	s
	e
	 
	s
	u
	c
	c
	e
	e
	d
	e
	d
	,
	 
	f
	i
	n
	d
	i
	n
	g
	 
	1
	1
	 
	I
	L
	O
	C
	 
	o
	p
	e
	r
	a
	t
	i
	o
	n
	s
	.
- Your output:
	P
	O
	O
	 
	P
	O
	O
	O
	 
	P
	O
	O
	

	M
	u
	s
	t
	 
	s
	p
	e
	c
	i
	f
	y
	 
	a
	 
	f
	i
	l
	e
	 
	n
	a
	m
	e
	 
	a
	f
	t
	e
	r
	 
	t
	h
	e
	 
	f
	l
	a
	g
	.
❌ /clear/courses/comp412/students/ILOC/contributed/2013/lab3/s50_multipleStores.i failed!
- Summary:
	Y
	o
	u
	 
	i
	d
	e
	n
	t
	i
	f
	i
	e
	d
	 
	0
	/
	0
	 
	e
	r
	r
	o
	r
	s
	 
	c
	o
	r
	r
	e
	c
	t
	l
	y
	.
	Y
	o
	u
	 
	i
	d
	e
	n
	t
	i
	f
	i
	e
	d
	 
	0
	 
	c
	o
	r
	r
	e
	c
	t
	 
	l
	i
	n
	e
	s
	 
	a
	s
	 
	e
	r
	r
	o
	r
	s
	.
	Y
	o
	u
	 
	d
	o
	 
	n
	o
	t
	 
	h
	a
	v
	e
	 
	a
	 
	s
	u
	c
	c
	e
	s
	s
	 
	m
	e
	s
	s
	a
	g
	e
	 
	w
	h
	i
	l
	e
	 
	t
	h
	e
	 
	r
	e
	f
	e
	r
	e
	n
	c
	e
	 
	d
	o
	e
	s
	.
	N
	O
	T
	E
	:
	 
	Y
	o
	u
	r
	 
	s
	u
	c
	c
	e
	s
	s
	 
	m
	e
	s
	s
	a
	g
	e
	 
	m
	u
	s
	t
	 
	c
	o
	n
	t
	a
	i
	n
	 
	t
	h
	e
	 
	w
	o
	r
	d
	 
	"
	(
	S
	|
	s
	)
	u
	c
	c
	e
	e
	d
	e
	d
	"
	,
	 
	"
	(
	S
	|
	s
	)
	u
	c
	c
	e
	s
	s
	"
	,
	 
	"
	S
	U
	C
	C
	E
	S
	S
	"
	,
	 
	o
	r
	 
	"
	S
	U
	C
	C
	E
	E
	D
	E
	D
	"
	;
	 
	t
	h
	i
	s
	 
	c
	a
	n
	 
	b
	e
	 
	c
	h
	a
	n
	g
	e
	d
	 
	i
	n
	 
	r
	u
	n
	n
	e
	r
	.
	p
	y
	.
- Reference output:
	P
	a
	r
	s
	e
	 
	s
	u
	c
	c
	e
	e
	d
	e
	d
	,
	 
	f
	i
	n
	d
	i
	n
	g
	 
	2
	0
	 
	I
	L
	O
	C
	 
	o
	p
	e
	r
	a
	t
	i
	o
	n
	s
	.
- Your output:
	P
	O
	O
	 
	P
	O
	O
	O
	 
	P
	O
	O
	

	M
	u
	s
	t
	 
	s
	p
	e
	c
	i
	f
	y
	 
	a
	 
	f
	i
	l
	e
	 
	n
	a
	m
	e
	 
	a
	f
	t
	e
	r
	 
	t
	h
	e
	 
	f
	l
	a
	g
	.
❌ /clear/courses/comp412/students/ILOC/contributed/2013/lab3/s51_test.i failed!
- Summary:
	Y
	o
	u
	 
	i
	d
	e
	n
	t
	i
	f
	i
	e
	d
	 
	0
	/
	0
	 
	e
	r
	r
	o
	r
	s
	 
	c
	o
	r
	r
	e
	c
	t
	l
	y
	.
	Y
	o
	u
	 
	i
	d
	e
	n
	t
	i
	f
	i
	e
	d
	 
	0
	 
	c
	o
	r
	r
	e
	c
	t
	 
	l
	i
	n
	e
	s
	 
	a
	s
	 
	e
	r
	r
	o
	r
	s
	.
	Y
	o
	u
	 
	d
	o
	 
	n
	o
	t
	 
	h
	a
	v
	e
	 
	a
	 
	s
	u
	c
	c
	e
	s
	s
	 
	m
	e
	s
	s
	a
	g
	e
	 
	w
	h
	i
	l
	e
	 
	t
	h
	e
	 
	r
	e
	f
	e
	r
	e
	n
	c
	e
	 
	d
	o
	e
	s
	.
	N
	O
	T
	E
	:
	 
	Y
	o
	u
	r
	 
	s
	u
	c
	c
	e
	s
	s
	 
	m
	e
	s
	s
	a
	g
	e
	 
	m
	u
	s
	t
	 
	c
	o
	n
	t
	a
	i
	n
	 
	t
	h
	e
	 
	w
	o
	r
	d
	 
	"
	(
	S
	|
	s
	)
	u
	c
	c
	e
	e
	d
	e
	d
	"
	,
	 
	"
	(
	S
	|
	s
	)
	u
	c
	c
	e
	s
	s
	"
	,
	 
	"
	S
	U
	C
	C
	E
	S
	S
	"
	,
	 
	o
	r
	 
	"
	S
	U
	C
	C
	E
	E
	D
	E
	D
	"
	;
	 
	t
	h
	i
	s
	 
	c
	a
	n
	 
	b
	e
	 
	c
	h
	a
	n
	g
	e
	d
	 
	i
	n
	 
	r
	u
	n
	n
	e
	r
	.
	p
	y
	.
- Reference output:
	P
	a
	r
	s
	e
	 
	s
	u
	c
	c
	e
	e
	d
	e
	d
	,
	 
	f
	i
	n
	d
	i
	n
	g
	 
	1
	0
	 
	I
	L
	O
	C
	 
	o
	p
	e
	r
	a
	t
	i
	o
	n
	s
	.
- Your output:
	P
	O
	O
	 
	P
	O
	O
	O
	 
	P
	O
	O
	

	M
	u
	s
	t
	 
	s
	p
	e
	c
	i
	f
	y
	 
	a
	 
	f
	i
	l
	e
	 
	n
	a
	m
	e
	 
	a
	f
	t
	e
	r
	 
	t
	h
	e
	 
	f
	l
	a
	g
	.
❌ /clear/courses/comp412/students/ILOC/contributed/2013/lab3/s35_test.i failed!
- Summary:
	Y
	o
	u
	 
	i
	d
	e
	n
	t
	i
	f
	i
	e
	d
	 
	0
	/
	0
	 
	e
	r
	r
	o
	r
	s
	 
	c
	o
	r
	r
	e
	c
	t
	l
	y
	.
	Y
	o
	u
	 
	i
	d
	e
	n
	t
	i
	f
	i
	e
	d
	 
	0
	 
	c
	o
	r
	r
	e
	c
	t
	 
	l
	i
	n
	e
	s
	 
	a
	s
	 
	e
	r
	r
	o
	r
	s
	.
	Y
	o
	u
	 
	d
	o
	 
	n
	o
	t
	 
	h
	a
	v
	e
	 
	a
	 
	s
	u
	c
	c
	e
	s
	s
	 
	m
	e
	s
	s
	a
	g
	e
	 
	w
	h
	i
	l
	e
	 
	t
	h
	e
	 
	r
	e
	f
	e
	r
	e
	n
	c
	e
	 
	d
	o
	e
	s
	.
	N
	O
	T
	E
	:
	 
	Y
	o
	u
	r
	 
	s
	u
	c
	c
	e
	s
	s
	 
	m
	e
	s
	s
	a
	g
	e
	 
	m
	u
	s
	t
	 
	c
	o
	n
	t
	a
	i
	n
	 
	t
	h
	e
	 
	w
	o
	r
	d
	 
	"
	(
	S
	|
	s
	)
	u
	c
	c
	e
	e
	d
	e
	d
	"
	,
	 
	"
	(
	S
	|
	s
	)
	u
	c
	c
	e
	s
	s
	"
	,
	 
	"
	S
	U
	C
	C
	E
	S
	S
	"
	,
	 
	o
	r
	 
	"
	S
	U
	C
	C
	E
	E
	D
	E
	D
	"
	;
	 
	t
	h
	i
	s
	 
	c
	a
	n
	 
	b
	e
	 
	c
	h
	a
	n
	g
	e
	d
	 
	i
	n
	 
	r
	u
	n
	n
	e
	r
	.
	p
	y
	.
- Reference output:
	P
	a
	r
	s
	e
	 
	s
	u
	c
	c
	e
	e
	d
	e
	d
	,
	 
	f
	i
	n
	d
	i
	n
	g
	 
	1
	1
	 
	I
	L
	O
	C
	 
	o
	p
	e
	r
	a
	t
	i
	o
	n
	s
	.
- Your output:
	P
	O
	O
	 
	P
	O
	O
	O
	 
	P
	O
	O
	

	M
	u
	s
	t
	 
	s
	p
	e
	c
	i
	f
	y
	 
	a
	 
	f
	i
	l
	e
	 
	n
	a
	m
	e
	 
	a
	f
	t
	e
	r
	 
	t
	h
	e
	 
	f
	l
	a
	g
	.
❌ /clear/courses/comp412/students/ILOC/contributed/2013/lab3/s16_test1.i failed!
- Summary:
	Y
	o
	u
	 
	i
	d
	e
	n
	t
	i
	f
	i
	e
	d
	 
	0
	/
	0
	 
	e
	r
	r
	o
	r
	s
	 
	c
	o
	r
	r
	e
	c
	t
	l
	y
	.
	Y
	o
	u
	 
	i
	d
	e
	n
	t
	i
	f
	i
	e
	d
	 
	0
	 
	c
	o
	r
	r
	e
	c
	t
	 
	l
	i
	n
	e
	s
	 
	a
	s
	 
	e
	r
	r
	o
	r
	s
	.
	Y
	o
	u
	 
	d
	o
	 
	n
	o
	t
	 
	h
	a
	v
	e
	 
	a
	 
	s
	u
	c
	c
	e
	s
	s
	 
	m
	e
	s
	s
	a
	g
	e
	 
	w
	h
	i
	l
	e
	 
	t
	h
	e
	 
	r
	e
	f
	e
	r
	e
	n
	c
	e
	 
	d
	o
	e
	s
	.
	N
	O
	T
	E
	:
	 
	Y
	o
	u
	r
	 
	s
	u
	c
	c
	e
	s
	s
	 
	m
	e
	s
	s
	a
	g
	e
	 
	m
	u
	s
	t
	 
	c
	o
	n
	t
	a
	i
	n
	 
	t
	h
	e
	 
	w
	o
	r
	d
	 
	"
	(
	S
	|
	s
	)
	u
	c
	c
	e
	e
	d
	e
	d
	"
	,
	 
	"
	(
	S
	|
	s
	)
	u
	c
	c
	e
	s
	s
	"
	,
	 
	"
	S
	U
	C
	C
	E
	S
	S
	"
	,
	 
	o
	r
	 
	"
	S
	U
	C
	C
	E
	E
	D
	E
	D
	"
	;
	 
	t
	h
	i
	s
	 
	c
	a
	n
	 
	b
	e
	 
	c
	h
	a
	n
	g
	e
	d
	 
	i
	n
	 
	r
	u
	n
	n
	e
	r
	.
	p
	y
	.
- Reference output:
	P
	a
	r
	s
	e
	 
	s
	u
	c
	c
	e
	e
	d
	e
	d
	,
	 
	f
	i
	n
	d
	i
	n
	g
	 
	1
	4
	 
	I
	L
	O
	C
	 
	o
	p
	e
	r
	a
	t
	i
	o
	n
	s
	.
- Your output:
	P
	O
	O
	 
	P
	O
	O
	O
	 
	P
	O
	O
	

	M
	u
	s
	t
	 
	s
	p
	e
	c
	i
	f
	y
	 
	a
	 
	f
	i
	l
	e
	 
	n
	a
	m
	e
	 
	a
	f
	t
	e
	r
	 
	t
	h
	e
	 
	f
	l
	a
	g
	.
❌ /clear/courses/comp412/students/ILOC/contributed/2013/lab3/s61_test.i failed!
- Summary:
	Y
	o
	u
	 
	i
	d
	e
	n
	t
	i
	f
	i
	e
	d
	 
	0
	/
	0
	 
	e
	r
	r
	o
	r
	s
	 
	c
	o
	r
	r
	e
	c
	t
	l
	y
	.
	Y
	o
	u
	 
	i
	d
	e
	n
	t
	i
	f
	i
	e
	d
	 
	0
	 
	c
	o
	r
	r
	e
	c
	t
	 
	l
	i
	n
	e
	s
	 
	a
	s
	 
	e
	r
	r
	o
	r
	s
	.
	Y
	o
	u
	 
	d
	o
	 
	n
	o
	t
	 
	h
	a
	v
	e
	 
	a
	 
	s
	u
	c
	c
	e
	s
	s
	 
	m
	e
	s
	s
	a
	g
	e
	 
	w
	h
	i
	l
	e
	 
	t
	h
	e
	 
	r
	e
	f
	e
	r
	e
	n
	c
	e
	 
	d
	o
	e
	s
	.
	N
	O
	T
	E
	:
	 
	Y
	o
	u
	r
	 
	s
	u
	c
	c
	e
	s
	s
	 
	m
	e
	s
	s
	a
	g
	e
	 
	m
	u
	s
	t
	 
	c
	o
	n
	t
	a
	i
	n
	 
	t
	h
	e
	 
	w
	o
	r
	d
	 
	"
	(
	S
	|
	s
	)
	u
	c
	c
	e
	e
	d
	e
	d
	"
	,
	 
	"
	(
	S
	|
	s
	)
	u
	c
	c
	e
	s
	s
	"
	,
	 
	"
	S
	U
	C
	C
	E
	S
	S
	"
	,
	 
	o
	r
	 
	"
	S
	U
	C
	C
	E
	E
	D
	E
	D
	"
	;
	 
	t
	h
	i
	s
	 
	c
	a
	n
	 
	b
	e
	 
	c
	h
	a
	n
	g
	e
	d
	 
	i
	n
	 
	r
	u
	n
	n
	e
	r
	.
	p
	y
	.
- Reference output:
	P
	a
	r
	s
	e
	 
	s
	u
	c
	c
	e
	e
	d
	e
	d
	,
	 
	f
	i
	n
	d
	i
	n
	g
	 
	8
	 
	I
	L
	O
	C
	 
	o
	p
	e
	r
	a
	t
	i
	o
	n
	s
	.
- Your output:
	P
	O
	O
	 
	P
	O
	O
	O
	 
	P
	O
	O
	

	M
	u
	s
	t
	 
	s
	p
	e
	c
	i
	f
	y
	 
	a
	 
	f
	i
	l
	e
	 
	n
	a
	m
	e
	 
	a
	f
	t
	e
	r
	 
	t
	h
	e
	 
	f
	l
	a
	g
	.
❌ /clear/courses/comp412/students/ILOC/contributed/2013/lab3/s27_test.i failed!
- Summary:
	Y
	o
	u
	 
	i
	d
	e
	n
	t
	i
	f
	i
	e
	d
	 
	0
	/
	0
	 
	e
	r
	r
	o
	r
	s
	 
	c
	o
	r
	r
	e
	c
	t
	l
	y
	.
	Y
	o
	u
	 
	i
	d
	e
	n
	t
	i
	f
	i
	e
	d
	 
	0
	 
	c
	o
	r
	r
	e
	c
	t
	 
	l
	i
	n
	e
	s
	 
	a
	s
	 
	e
	r
	r
	o
	r
	s
	.
	Y
	o
	u
	 
	d
	o
	 
	n
	o
	t
	 
	h
	a
	v
	e
	 
	a
	 
	s
	u
	c
	c
	e
	s
	s
	 
	m
	e
	s
	s
	a
	g
	e
	 
	w
	h
	i
	l
	e
	 
	t
	h
	e
	 
	r
	e
	f
	e
	r
	e
	n
	c
	e
	 
	d
	o
	e
	s
	.
	N
	O
	T
	E
	:
	 
	Y
	o
	u
	r
	 
	s
	u
	c
	c
	e
	s
	s
	 
	m
	e
	s
	s
	a
	g
	e
	 
	m
	u
	s
	t
	 
	c
	o
	n
	t
	a
	i
	n
	 
	t
	h
	e
	 
	w
	o
	r
	d
	 
	"
	(
	S
	|
	s
	)
	u
	c
	c
	e
	e
	d
	e
	d
	"
	,
	 
	"
	(
	S
	|
	s
	)
	u
	c
	c
	e
	s
	s
	"
	,
	 
	"
	S
	U
	C
	C
	E
	S
	S
	"
	,
	 
	o
	r
	 
	"
	S
	U
	C
	C
	E
	E
	D
	E
	D
	"
	;
	 
	t
	h
	i
	s
	 
	c
	a
	n
	 
	b
	e
	 
	c
	h
	a
	n
	g
	e
	d
	 
	i
	n
	 
	r
	u
	n
	n
	e
	r
	.
	p
	y
	.
- Reference output:
	P
	a
	r
	s
	e
	 
	s
	u
	c
	c
	e
	e
	d
	e
	d
	,
	 
	f
	i
	n
	d
	i
	n
	g
	 
	1
	2
	 
	I
	L
	O
	C
	 
	o
	p
	e
	r
	a
	t
	i
	o
	n
	s
	.
- Your output:
	P
	O
	O
	 
	P
	O
	O
	O
	 
	P
	O
	O
	

	M
	u
	s
	t
	 
	s
	p
	e
	c
	i
	f
	y
	 
	a
	 
	f
	i
	l
	e
	 
	n
	a
	m
	e
	 
	a
	f
	t
	e
	r
	 
	t
	h
	e
	 
	f
	l
	a
	g
	.
❌ /clear/courses/comp412/students/ILOC/contributed/2013/lab3/s50_output_store.i failed!
- Summary:
	Y
	o
	u
	 
	i
	d
	e
	n
	t
	i
	f
	i
	e
	d
	 
	0
	/
	0
	 
	e
	r
	r
	o
	r
	s
	 
	c
	o
	r
	r
	e
	c
	t
	l
	y
	.
	Y
	o
	u
	 
	i
	d
	e
	n
	t
	i
	f
	i
	e
	d
	 
	0
	 
	c
	o
	r
	r
	e
	c
	t
	 
	l
	i
	n
	e
	s
	 
	a
	s
	 
	e
	r
	r
	o
	r
	s
	.
	Y
	o
	u
	 
	d
	o
	 
	n
	o
	t
	 
	h
	a
	v
	e
	 
	a
	 
	s
	u
	c
	c
	e
	s
	s
	 
	m
	e
	s
	s
	a
	g
	e
	 
	w
	h
	i
	l
	e
	 
	t
	h
	e
	 
	r
	e
	f
	e
	r
	e
	n
	c
	e
	 
	d
	o
	e
	s
	.
	N
	O
	T
	E
	:
	 
	Y
	o
	u
	r
	 
	s
	u
	c
	c
	e
	s
	s
	 
	m
	e
	s
	s
	a
	g
	e
	 
	m
	u
	s
	t
	 
	c
	o
	n
	t
	a
	i
	n
	 
	t
	h
	e
	 
	w
	o
	r
	d
	 
	"
	(
	S
	|
	s
	)
	u
	c
	c
	e
	e
	d
	e
	d
	"
	,
	 
	"
	(
	S
	|
	s
	)
	u
	c
	c
	e
	s
	s
	"
	,
	 
	"
	S
	U
	C
	C
	E
	S
	S
	"
	,
	 
	o
	r
	 
	"
	S
	U
	C
	C
	E
	E
	D
	E
	D
	"
	;
	 
	t
	h
	i
	s
	 
	c
	a
	n
	 
	b
	e
	 
	c
	h
	a
	n
	g
	e
	d
	 
	i
	n
	 
	r
	u
	n
	n
	e
	r
	.
	p
	y
	.
- Reference output:
	P
	a
	r
	s
	e
	 
	s
	u
	c
	c
	e
	e
	d
	e
	d
	,
	 
	f
	i
	n
	d
	i
	n
	g
	 
	3
	0
	 
	I
	L
	O
	C
	 
	o
	p
	e
	r
	a
	t
	i
	o
	n
	s
	.
- Your output:
	P
	O
	O
	 
	P
	O
	O
	O
	 
	P
	O
	O
	

	M
	u
	s
	t
	 
	s
	p
	e
	c
	i
	f
	y
	 
	a
	 
	f
	i
	l
	e
	 
	n
	a
	m
	e
	 
	a
	f
	t
	e
	r
	 
	t
	h
	e
	 
	f
	l
	a
	g
	.
❌ /clear/courses/comp412/students/ILOC/contributed/2013/lab3/s45_test.i failed!
- Summary:
	Y
	o
	u
	 
	i
	d
	e
	n
	t
	i
	f
	i
	e
	d
	 
	0
	/
	0
	 
	e
	r
	r
	o
	r
	s
	 
	c
	o
	r
	r
	e
	c
	t
	l
	y
	.
	Y
	o
	u
	 
	i
	d
	e
	n
	t
	i
	f
	i
	e
	d
	 
	0
	 
	c
	o
	r
	r
	e
	c
	t
	 
	l
	i
	n
	e
	s
	 
	a
	s
	 
	e
	r
	r
	o
	r
	s
	.
	Y
	o
	u
	 
	d
	o
	 
	n
	o
	t
	 
	h
	a
	v
	e
	 
	a
	 
	s
	u
	c
	c
	e
	s
	s
	 
	m
	e
	s
	s
	a
	g
	e
	 
	w
	h
	i
	l
	e
	 
	t
	h
	e
	 
	r
	e
	f
	e
	r
	e
	n
	c
	e
	 
	d
	o
	e
	s
	.
	N
	O
	T
	E
	:
	 
	Y
	o
	u
	r
	 
	s
	u
	c
	c
	e
	s
	s
	 
	m
	e
	s
	s
	a
	g
	e
	 
	m
	u
	s
	t
	 
	c
	o
	n
	t
	a
	i
	n
	 
	t
	h
	e
	 
	w
	o
	r
	d
	 
	"
	(
	S
	|
	s
	)
	u
	c
	c
	e
	e
	d
	e
	d
	"
	,
	 
	"
	(
	S
	|
	s
	)
	u
	c
	c
	e
	s
	s
	"
	,
	 
	"
	S
	U
	C
	C
	E
	S
	S
	"
	,
	 
	o
	r
	 
	"
	S
	U
	C
	C
	E
	E
	D
	E
	D
	"
	;
	 
	t
	h
	i
	s
	 
	c
	a
	n
	 
	b
	e
	 
	c
	h
	a
	n
	g
	e
	d
	 
	i
	n
	 
	r
	u
	n
	n
	e
	r
	.
	p
	y
	.
- Reference output:
	P
	a
	r
	s
	e
	 
	s
	u
	c
	c
	e
	e
	d
	e
	d
	,
	 
	f
	i
	n
	d
	i
	n
	g
	 
	1
	4
	 
	I
	L
	O
	C
	 
	o
	p
	e
	r
	a
	t
	i
	o
	n
	s
	.
- Your output:
	P
	O
	O
	 
	P
	O
	O
	O
	 
	P
	O
	O
	

	M
	u
	s
	t
	 
	s
	p
	e
	c
	i
	f
	y
	 
	a
	 
	f
	i
	l
	e
	 
	n
	a
	m
	e
	 
	a
	f
	t
	e
	r
	 
	t
	h
	e
	 
	f
	l
	a
	g
	.
❌ /clear/courses/comp412/students/ILOC/contributed/2013/lab3/s52_test.i failed!
- Summary:
	Y
	o
	u
	 
	i
	d
	e
	n
	t
	i
	f
	i
	e
	d
	 
	0
	/
	0
	 
	e
	r
	r
	o
	r
	s
	 
	c
	o
	r
	r
	e
	c
	t
	l
	y
	.
	Y
	o
	u
	 
	i
	d
	e
	n
	t
	i
	f
	i
	e
	d
	 
	0
	 
	c
	o
	r
	r
	e
	c
	t
	 
	l
	i
	n
	e
	s
	 
	a
	s
	 
	e
	r
	r
	o
	r
	s
	.
	Y
	o
	u
	 
	d
	o
	 
	n
	o
	t
	 
	h
	a
	v
	e
	 
	a
	 
	s
	u
	c
	c
	e
	s
	s
	 
	m
	e
	s
	s
	a
	g
	e
	 
	w
	h
	i
	l
	e
	 
	t
	h
	e
	 
	r
	e
	f
	e
	r
	e
	n
	c
	e
	 
	d
	o
	e
	s
	.
	N
	O
	T
	E
	:
	 
	Y
	o
	u
	r
	 
	s
	u
	c
	c
	e
	s
	s
	 
	m
	e
	s
	s
	a
	g
	e
	 
	m
	u
	s
	t
	 
	c
	o
	n
	t
	a
	i
	n
	 
	t
	h
	e
	 
	w
	o
	r
	d
	 
	"
	(
	S
	|
	s
	)
	u
	c
	c
	e
	e
	d
	e
	d
	"
	,
	 
	"
	(
	S
	|
	s
	)
	u
	c
	c
	e
	s
	s
	"
	,
	 
	"
	S
	U
	C
	C
	E
	S
	S
	"
	,
	 
	o
	r
	 
	"
	S
	U
	C
	C
	E
	E
	D
	E
	D
	"
	;
	 
	t
	h
	i
	s
	 
	c
	a
	n
	 
	b
	e
	 
	c
	h
	a
	n
	g
	e
	d
	 
	i
	n
	 
	r
	u
	n
	n
	e
	r
	.
	p
	y
	.
- Reference output:
	P
	a
	r
	s
	e
	 
	s
	u
	c
	c
	e
	e
	d
	e
	d
	,
	 
	f
	i
	n
	d
	i
	n
	g
	 
	3
	3
	 
	I
	L
	O
	C
	 
	o
	p
	e
	r
	a
	t
	i
	o
	n
	s
	.
- Your output:
	P
	O
	O
	 
	P
	O
	O
	O
	 
	P
	O
	O
	

	M
	u
	s
	t
	 
	s
	p
	e
	c
	i
	f
	y
	 
	a
	 
	f
	i
	l
	e
	 
	n
	a
	m
	e
	 
	a
	f
	t
	e
	r
	 
	t
	h
	e
	 
	f
	l
	a
	g
	.
❌ /clear/courses/comp412/students/ILOC/contributed/2013/lab3/s56_dependency.i failed!
- Summary:
	Y
	o
	u
	 
	i
	d
	e
	n
	t
	i
	f
	i
	e
	d
	 
	0
	/
	0
	 
	e
	r
	r
	o
	r
	s
	 
	c
	o
	r
	r
	e
	c
	t
	l
	y
	.
	Y
	o
	u
	 
	i
	d
	e
	n
	t
	i
	f
	i
	e
	d
	 
	0
	 
	c
	o
	r
	r
	e
	c
	t
	 
	l
	i
	n
	e
	s
	 
	a
	s
	 
	e
	r
	r
	o
	r
	s
	.
	Y
	o
	u
	 
	d
	o
	 
	n
	o
	t
	 
	h
	a
	v
	e
	 
	a
	 
	s
	u
	c
	c
	e
	s
	s
	 
	m
	e
	s
	s
	a
	g
	e
	 
	w
	h
	i
	l
	e
	 
	t
	h
	e
	 
	r
	e
	f
	e
	r
	e
	n
	c
	e
	 
	d
	o
	e
	s
	.
	N
	O
	T
	E
	:
	 
	Y
	o
	u
	r
	 
	s
	u
	c
	c
	e
	s
	s
	 
	m
	e
	s
	s
	a
	g
	e
	 
	m
	u
	s
	t
	 
	c
	o
	n
	t
	a
	i
	n
	 
	t
	h
	e
	 
	w
	o
	r
	d
	 
	"
	(
	S
	|
	s
	)
	u
	c
	c
	e
	e
	d
	e
	d
	"
	,
	 
	"
	(
	S
	|
	s
	)
	u
	c
	c
	e
	s
	s
	"
	,
	 
	"
	S
	U
	C
	C
	E
	S
	S
	"
	,
	 
	o
	r
	 
	"
	S
	U
	C
	C
	E
	E
	D
	E
	D
	"
	;
	 
	t
	h
	i
	s
	 
	c
	a
	n
	 
	b
	e
	 
	c
	h
	a
	n
	g
	e
	d
	 
	i
	n
	 
	r
	u
	n
	n
	e
	r
	.
	p
	y
	.
- Reference output:
	P
	a
	r
	s
	e
	 
	s
	u
	c
	c
	e
	e
	d
	e
	d
	,
	 
	f
	i
	n
	d
	i
	n
	g
	 
	8
	 
	I
	L
	O
	C
	 
	o
	p
	e
	r
	a
	t
	i
	o
	n
	s
	.
- Your output:
	P
	O
	O
	 
	P
	O
	O
	O
	 
	P
	O
	O
	

	M
	u
	s
	t
	 
	s
	p
	e
	c
	i
	f
	y
	 
	a
	 
	f
	i
	l
	e
	 
	n
	a
	m
	e
	 
	a
	f
	t
	e
	r
	 
	t
	h
	e
	 
	f
	l
	a
	g
	.
❌ /clear/courses/comp412/students/ILOC/contributed/2013/lab3/s01_test.i failed!
- Summary:
	Y
	o
	u
	 
	i
	d
	e
	n
	t
	i
	f
	i
	e
	d
	 
	0
	/
	0
	 
	e
	r
	r
	o
	r
	s
	 
	c
	o
	r
	r
	e
	c
	t
	l
	y
	.
	Y
	o
	u
	 
	i
	d
	e
	n
	t
	i
	f
	i
	e
	d
	 
	0
	 
	c
	o
	r
	r
	e
	c
	t
	 
	l
	i
	n
	e
	s
	 
	a
	s
	 
	e
	r
	r
	o
	r
	s
	.
	Y
	o
	u
	 
	d
	o
	 
	n
	o
	t
	 
	h
	a
	v
	e
	 
	a
	 
	s
	u
	c
	c
	e
	s
	s
	 
	m
	e
	s
	s
	a
	g
	e
	 
	w
	h
	i
	l
	e
	 
	t
	h
	e
	 
	r
	e
	f
	e
	r
	e
	n
	c
	e
	 
	d
	o
	e
	s
	.
	N
	O
	T
	E
	:
	 
	Y
	o
	u
	r
	 
	s
	u
	c
	c
	e
	s
	s
	 
	m
	e
	s
	s
	a
	g
	e
	 
	m
	u
	s
	t
	 
	c
	o
	n
	t
	a
	i
	n
	 
	t
	h
	e
	 
	w
	o
	r
	d
	 
	"
	(
	S
	|
	s
	)
	u
	c
	c
	e
	e
	d
	e
	d
	"
	,
	 
	"
	(
	S
	|
	s
	)
	u
	c
	c
	e
	s
	s
	"
	,
	 
	"
	S
	U
	C
	C
	E
	S
	S
	"
	,
	 
	o
	r
	 
	"
	S
	U
	C
	C
	E
	E
	D
	E
	D
	"
	;
	 
	t
	h
	i
	s
	 
	c
	a
	n
	 
	b
	e
	 
	c
	h
	a
	n
	g
	e
	d
	 
	i
	n
	 
	r
	u
	n
	n
	e
	r
	.
	p
	y
	.
- Reference output:
	P
	a
	r
	s
	e
	 
	s
	u
	c
	c
	e
	e
	d
	e
	d
	,
	 
	f
	i
	n
	d
	i
	n
	g
	 
	1
	3
	 
	I
	L
	O
	C
	 
	o
	p
	e
	r
	a
	t
	i
	o
	n
	s
	.
- Your output:
	P
	O
	O
	 
	P
	O
	O
	O
	 
	P
	O
	O
	

	M
	u
	s
	t
	 
	s
	p
	e
	c
	i
	f
	y
	 
	a
	 
	f
	i
	l
	e
	 
	n
	a
	m
	e
	 
	a
	f
	t
	e
	r
	 
	t
	h
	e
	 
	f
	l
	a
	g
	.
❌ /clear/courses/comp412/students/ILOC/contributed/2013/lab3/s53_test.i failed!
- Summary:
	Y
	o
	u
	 
	i
	d
	e
	n
	t
	i
	f
	i
	e
	d
	 
	0
	/
	0
	 
	e
	r
	r
	o
	r
	s
	 
	c
	o
	r
	r
	e
	c
	t
	l
	y
	.
	Y
	o
	u
	 
	i
	d
	e
	n
	t
	i
	f
	i
	e
	d
	 
	0
	 
	c
	o
	r
	r
	e
	c
	t
	 
	l
	i
	n
	e
	s
	 
	a
	s
	 
	e
	r
	r
	o
	r
	s
	.
	Y
	o
	u
	 
	d
	o
	 
	n
	o
	t
	 
	h
	a
	v
	e
	 
	a
	 
	s
	u
	c
	c
	e
	s
	s
	 
	m
	e
	s
	s
	a
	g
	e
	 
	w
	h
	i
	l
	e
	 
	t
	h
	e
	 
	r
	e
	f
	e
	r
	e
	n
	c
	e
	 
	d
	o
	e
	s
	.
	N
	O
	T
	E
	:
	 
	Y
	o
	u
	r
	 
	s
	u
	c
	c
	e
	s
	s
	 
	m
	e
	s
	s
	a
	g
	e
	 
	m
	u
	s
	t
	 
	c
	o
	n
	t
	a
	i
	n
	 
	t
	h
	e
	 
	w
	o
	r
	d
	 
	"
	(
	S
	|
	s
	)
	u
	c
	c
	e
	e
	d
	e
	d
	"
	,
	 
	"
	(
	S
	|
	s
	)
	u
	c
	c
	e
	s
	s
	"
	,
	 
	"
	S
	U
	C
	C
	E
	S
	S
	"
	,
	 
	o
	r
	 
	"
	S
	U
	C
	C
	E
	E
	D
	E
	D
	"
	;
	 
	t
	h
	i
	s
	 
	c
	a
	n
	 
	b
	e
	 
	c
	h
	a
	n
	g
	e
	d
	 
	i
	n
	 
	r
	u
	n
	n
	e
	r
	.
	p
	y
	.
- Reference output:
	P
	a
	r
	s
	e
	 
	s
	u
	c
	c
	e
	e
	d
	e
	d
	,
	 
	f
	i
	n
	d
	i
	n
	g
	 
	1
	7
	 
	I
	L
	O
	C
	 
	o
	p
	e
	r
	a
	t
	i
	o
	n
	s
	.
- Your output:
	P
	O
	O
	 
	P
	O
	O
	O
	 
	P
	O
	O
	

	M
	u
	s
	t
	 
	s
	p
	e
	c
	i
	f
	y
	 
	a
	 
	f
	i
	l
	e
	 
	n
	a
	m
	e
	 
	a
	f
	t
	e
	r
	 
	t
	h
	e
	 
	f
	l
	a
	g
	.
❌ /clear/courses/comp412/students/ILOC/contributed/2013/lab3/s29_test.i failed!
- Summary:
	Y
	o
	u
	 
	i
	d
	e
	n
	t
	i
	f
	i
	e
	d
	 
	0
	/
	0
	 
	e
	r
	r
	o
	r
	s
	 
	c
	o
	r
	r
	e
	c
	t
	l
	y
	.
	Y
	o
	u
	 
	i
	d
	e
	n
	t
	i
	f
	i
	e
	d
	 
	0
	 
	c
	o
	r
	r
	e
	c
	t
	 
	l
	i
	n
	e
	s
	 
	a
	s
	 
	e
	r
	r
	o
	r
	s
	.
	Y
	o
	u
	 
	d
	o
	 
	n
	o
	t
	 
	h
	a
	v
	e
	 
	a
	 
	s
	u
	c
	c
	e
	s
	s
	 
	m
	e
	s
	s
	a
	g
	e
	 
	w
	h
	i
	l
	e
	 
	t
	h
	e
	 
	r
	e
	f
	e
	r
	e
	n
	c
	e
	 
	d
	o
	e
	s
	.
	N
	O
	T
	E
	:
	 
	Y
	o
	u
	r
	 
	s
	u
	c
	c
	e
	s
	s
	 
	m
	e
	s
	s
	a
	g
	e
	 
	m
	u
	s
	t
	 
	c
	o
	n
	t
	a
	i
	n
	 
	t
	h
	e
	 
	w
	o
	r
	d
	 
	"
	(
	S
	|
	s
	)
	u
	c
	c
	e
	e
	d
	e
	d
	"
	,
	 
	"
	(
	S
	|
	s
	)
	u
	c
	c
	e
	s
	s
	"
	,
	 
	"
	S
	U
	C
	C
	E
	S
	S
	"
	,
	 
	o
	r
	 
	"
	S
	U
	C
	C
	E
	E
	D
	E
	D
	"
	;
	 
	t
	h
	i
	s
	 
	c
	a
	n
	 
	b
	e
	 
	c
	h
	a
	n
	g
	e
	d
	 
	i
	n
	 
	r
	u
	n
	n
	e
	r
	.
	p
	y
	.
- Reference output:
	P
	a
	r
	s
	e
	 
	s
	u
	c
	c
	e
	e
	d
	e
	d
	,
	 
	f
	i
	n
	d
	i
	n
	g
	 
	8
	 
	I
	L
	O
	C
	 
	o
	p
	e
	r
	a
	t
	i
	o
	n
	s
	.
- Your output:
	P
	O
	O
	 
	P
	O
	O
	O
	 
	P
	O
	O
	

	M
	u
	s
	t
	 
	s
	p
	e
	c
	i
	f
	y
	 
	a
	 
	f
	i
	l
	e
	 
	n
	a
	m
	e
	 
	a
	f
	t
	e
	r
	 
	t
	h
	e
	 
	f
	l
	a
	g
	.
❌ /clear/courses/comp412/students/ILOC/contributed/2013/lab3/s16_test2.i failed!
- Summary:
	Y
	o
	u
	 
	i
	d
	e
	n
	t
	i
	f
	i
	e
	d
	 
	0
	/
	0
	 
	e
	r
	r
	o
	r
	s
	 
	c
	o
	r
	r
	e
	c
	t
	l
	y
	.
	Y
	o
	u
	 
	i
	d
	e
	n
	t
	i
	f
	i
	e
	d
	 
	0
	 
	c
	o
	r
	r
	e
	c
	t
	 
	l
	i
	n
	e
	s
	 
	a
	s
	 
	e
	r
	r
	o
	r
	s
	.
	Y
	o
	u
	 
	d
	o
	 
	n
	o
	t
	 
	h
	a
	v
	e
	 
	a
	 
	s
	u
	c
	c
	e
	s
	s
	 
	m
	e
	s
	s
	a
	g
	e
	 
	w
	h
	i
	l
	e
	 
	t
	h
	e
	 
	r
	e
	f
	e
	r
	e
	n
	c
	e
	 
	d
	o
	e
	s
	.
	N
	O
	T
	E
	:
	 
	Y
	o
	u
	r
	 
	s
	u
	c
	c
	e
	s
	s
	 
	m
	e
	s
	s
	a
	g
	e
	 
	m
	u
	s
	t
	 
	c
	o
	n
	t
	a
	i
	n
	 
	t
	h
	e
	 
	w
	o
	r
	d
	 
	"
	(
	S
	|
	s
	)
	u
	c
	c
	e
	e
	d
	e
	d
	"
	,
	 
	"
	(
	S
	|
	s
	)
	u
	c
	c
	e
	s
	s
	"
	,
	 
	"
	S
	U
	C
	C
	E
	S
	S
	"
	,
	 
	o
	r
	 
	"
	S
	U
	C
	C
	E
	E
	D
	E
	D
	"
	;
	 
	t
	h
	i
	s
	 
	c
	a
	n
	 
	b
	e
	 
	c
	h
	a
	n
	g
	e
	d
	 
	i
	n
	 
	r
	u
	n
	n
	e
	r
	.
	p
	y
	.
- Reference output:
	P
	a
	r
	s
	e
	 
	s
	u
	c
	c
	e
	e
	d
	e
	d
	,
	 
	f
	i
	n
	d
	i
	n
	g
	 
	1
	8
	 
	I
	L
	O
	C
	 
	o
	p
	e
	r
	a
	t
	i
	o
	n
	s
	.
- Your output:
	P
	O
	O
	 
	P
	O
	O
	O
	 
	P
	O
	O
	

	M
	u
	s
	t
	 
	s
	p
	e
	c
	i
	f
	y
	 
	a
	 
	f
	i
	l
	e
	 
	n
	a
	m
	e
	 
	a
	f
	t
	e
	r
	 
	t
	h
	e
	 
	f
	l
	a
	g
	.
❌ /clear/courses/comp412/students/ILOC/contributed/2013/lab3/s40_test.i failed!
- Summary:
	Y
	o
	u
	 
	i
	d
	e
	n
	t
	i
	f
	i
	e
	d
	 
	0
	/
	0
	 
	e
	r
	r
	o
	r
	s
	 
	c
	o
	r
	r
	e
	c
	t
	l
	y
	.
	Y
	o
	u
	 
	i
	d
	e
	n
	t
	i
	f
	i
	e
	d
	 
	0
	 
	c
	o
	r
	r
	e
	c
	t
	 
	l
	i
	n
	e
	s
	 
	a
	s
	 
	e
	r
	r
	o
	r
	s
	.
	Y
	o
	u
	 
	d
	o
	 
	n
	o
	t
	 
	h
	a
	v
	e
	 
	a
	 
	s
	u
	c
	c
	e
	s
	s
	 
	m
	e
	s
	s
	a
	g
	e
	 
	w
	h
	i
	l
	e
	 
	t
	h
	e
	 
	r
	e
	f
	e
	r
	e
	n
	c
	e
	 
	d
	o
	e
	s
	.
	N
	O
	T
	E
	:
	 
	Y
	o
	u
	r
	 
	s
	u
	c
	c
	e
	s
	s
	 
	m
	e
	s
	s
	a
	g
	e
	 
	m
	u
	s
	t
	 
	c
	o
	n
	t
	a
	i
	n
	 
	t
	h
	e
	 
	w
	o
	r
	d
	 
	"
	(
	S
	|
	s
	)
	u
	c
	c
	e
	e
	d
	e
	d
	"
	,
	 
	"
	(
	S
	|
	s
	)
	u
	c
	c
	e
	s
	s
	"
	,
	 
	"
	S
	U
	C
	C
	E
	S
	S
	"
	,
	 
	o
	r
	 
	"
	S
	U
	C
	C
	E
	E
	D
	E
	D
	"
	;
	 
	t
	h
	i
	s
	 
	c
	a
	n
	 
	b
	e
	 
	c
	h
	a
	n
	g
	e
	d
	 
	i
	n
	 
	r
	u
	n
	n
	e
	r
	.
	p
	y
	.
- Reference output:
	P
	a
	r
	s
	e
	 
	s
	u
	c
	c
	e
	e
	d
	e
	d
	,
	 
	f
	i
	n
	d
	i
	n
	g
	 
	1
	5
	 
	I
	L
	O
	C
	 
	o
	p
	e
	r
	a
	t
	i
	o
	n
	s
	.
- Your output:
	P
	O
	O
	 
	P
	O
	O
	O
	 
	P
	O
	O
	

	M
	u
	s
	t
	 
	s
	p
	e
	c
	i
	f
	y
	 
	a
	 
	f
	i
	l
	e
	 
	n
	a
	m
	e
	 
	a
	f
	t
	e
	r
	 
	t
	h
	e
	 
	f
	l
	a
	g
	.
❌ /clear/courses/comp412/students/ILOC/contributed/2013/lab3/s55_test.i failed!
- Summary:
	Y
	o
	u
	 
	i
	d
	e
	n
	t
	i
	f
	i
	e
	d
	 
	0
	/
	0
	 
	e
	r
	r
	o
	r
	s
	 
	c
	o
	r
	r
	e
	c
	t
	l
	y
	.
	Y
	o
	u
	 
	i
	d
	e
	n
	t
	i
	f
	i
	e
	d
	 
	0
	 
	c
	o
	r
	r
	e
	c
	t
	 
	l
	i
	n
	e
	s
	 
	a
	s
	 
	e
	r
	r
	o
	r
	s
	.
	Y
	o
	u
	 
	d
	o
	 
	n
	o
	t
	 
	h
	a
	v
	e
	 
	a
	 
	s
	u
	c
	c
	e
	s
	s
	 
	m
	e
	s
	s
	a
	g
	e
	 
	w
	h
	i
	l
	e
	 
	t
	h
	e
	 
	r
	e
	f
	e
	r
	e
	n
	c
	e
	 
	d
	o
	e
	s
	.
	N
	O
	T
	E
	:
	 
	Y
	o
	u
	r
	 
	s
	u
	c
	c
	e
	s
	s
	 
	m
	e
	s
	s
	a
	g
	e
	 
	m
	u
	s
	t
	 
	c
	o
	n
	t
	a
	i
	n
	 
	t
	h
	e
	 
	w
	o
	r
	d
	 
	"
	(
	S
	|
	s
	)
	u
	c
	c
	e
	e
	d
	e
	d
	"
	,
	 
	"
	(
	S
	|
	s
	)
	u
	c
	c
	e
	s
	s
	"
	,
	 
	"
	S
	U
	C
	C
	E
	S
	S
	"
	,
	 
	o
	r
	 
	"
	S
	U
	C
	C
	E
	E
	D
	E
	D
	"
	;
	 
	t
	h
	i
	s
	 
	c
	a
	n
	 
	b
	e
	 
	c
	h
	a
	n
	g
	e
	d
	 
	i
	n
	 
	r
	u
	n
	n
	e
	r
	.
	p
	y
	.
- Reference output:
	P
	a
	r
	s
	e
	 
	s
	u
	c
	c
	e
	e
	d
	e
	d
	,
	 
	f
	i
	n
	d
	i
	n
	g
	 
	6
	 
	I
	L
	O
	C
	 
	o
	p
	e
	r
	a
	t
	i
	o
	n
	s
	.
- Your output:
	P
	O
	O
	 
	P
	O
	O
	O
	 
	P
	O
	O
	

	M
	u
	s
	t
	 
	s
	p
	e
	c
	i
	f
	y
	 
	a
	 
	f
	i
	l
	e
	 
	n
	a
	m
	e
	 
	a
	f
	t
	e
	r
	 
	t
	h
	e
	 
	f
	l
	a
	g
	.
❌ /clear/courses/comp412/students/ILOC/contributed/2013/lab3/s22_test.i failed!
- Summary:
	Y
	o
	u
	 
	i
	d
	e
	n
	t
	i
	f
	i
	e
	d
	 
	0
	/
	0
	 
	e
	r
	r
	o
	r
	s
	 
	c
	o
	r
	r
	e
	c
	t
	l
	y
	.
	Y
	o
	u
	 
	i
	d
	e
	n
	t
	i
	f
	i
	e
	d
	 
	0
	 
	c
	o
	r
	r
	e
	c
	t
	 
	l
	i
	n
	e
	s
	 
	a
	s
	 
	e
	r
	r
	o
	r
	s
	.
	Y
	o
	u
	 
	d
	o
	 
	n
	o
	t
	 
	h
	a
	v
	e
	 
	a
	 
	s
	u
	c
	c
	e
	s
	s
	 
	m
	e
	s
	s
	a
	g
	e
	 
	w
	h
	i
	l
	e
	 
	t
	h
	e
	 
	r
	e
	f
	e
	r
	e
	n
	c
	e
	 
	d
	o
	e
	s
	.
	N
	O
	T
	E
	:
	 
	Y
	o
	u
	r
	 
	s
	u
	c
	c
	e
	s
	s
	 
	m
	e
	s
	s
	a
	g
	e
	 
	m
	u
	s
	t
	 
	c
	o
	n
	t
	a
	i
	n
	 
	t
	h
	e
	 
	w
	o
	r
	d
	 
	"
	(
	S
	|
	s
	)
	u
	c
	c
	e
	e
	d
	e
	d
	"
	,
	 
	"
	(
	S
	|
	s
	)
	u
	c
	c
	e
	s
	s
	"
	,
	 
	"
	S
	U
	C
	C
	E
	S
	S
	"
	,
	 
	o
	r
	 
	"
	S
	U
	C
	C
	E
	E
	D
	E
	D
	"
	;
	 
	t
	h
	i
	s
	 
	c
	a
	n
	 
	b
	e
	 
	c
	h
	a
	n
	g
	e
	d
	 
	i
	n
	 
	r
	u
	n
	n
	e
	r
	.
	p
	y
	.
- Reference output:
	P
	a
	r
	s
	e
	 
	s
	u
	c
	c
	e
	e
	d
	e
	d
	,
	 
	f
	i
	n
	d
	i
	n
	g
	 
	1
	0
	 
	I
	L
	O
	C
	 
	o
	p
	e
	r
	a
	t
	i
	o
	n
	s
	.
- Your output:
	P
	O
	O
	 
	P
	O
	O
	O
	 
	P
	O
	O
	

	M
	u
	s
	t
	 
	s
	p
	e
	c
	i
	f
	y
	 
	a
	 
	f
	i
	l
	e
	 
	n
	a
	m
	e
	 
	a
	f
	t
	e
	r
	 
	t
	h
	e
	 
	f
	l
	a
	g
	.
❌ /clear/courses/comp412/students/ILOC/contributed/2013/lab3/s43_renamed.i failed!
- Summary:
	Y
	o
	u
	 
	i
	d
	e
	n
	t
	i
	f
	i
	e
	d
	 
	0
	/
	0
	 
	e
	r
	r
	o
	r
	s
	 
	c
	o
	r
	r
	e
	c
	t
	l
	y
	.
	Y
	o
	u
	 
	i
	d
	e
	n
	t
	i
	f
	i
	e
	d
	 
	0
	 
	c
	o
	r
	r
	e
	c
	t
	 
	l
	i
	n
	e
	s
	 
	a
	s
	 
	e
	r
	r
	o
	r
	s
	.
	Y
	o
	u
	 
	d
	o
	 
	n
	o
	t
	 
	h
	a
	v
	e
	 
	a
	 
	s
	u
	c
	c
	e
	s
	s
	 
	m
	e
	s
	s
	a
	g
	e
	 
	w
	h
	i
	l
	e
	 
	t
	h
	e
	 
	r
	e
	f
	e
	r
	e
	n
	c
	e
	 
	d
	o
	e
	s
	.
	N
	O
	T
	E
	:
	 
	Y
	o
	u
	r
	 
	s
	u
	c
	c
	e
	s
	s
	 
	m
	e
	s
	s
	a
	g
	e
	 
	m
	u
	s
	t
	 
	c
	o
	n
	t
	a
	i
	n
	 
	t
	h
	e
	 
	w
	o
	r
	d
	 
	"
	(
	S
	|
	s
	)
	u
	c
	c
	e
	e
	d
	e
	d
	"
	,
	 
	"
	(
	S
	|
	s
	)
	u
	c
	c
	e
	s
	s
	"
	,
	 
	"
	S
	U
	C
	C
	E
	S
	S
	"
	,
	 
	o
	r
	 
	"
	S
	U
	C
	C
	E
	E
	D
	E
	D
	"
	;
	 
	t
	h
	i
	s
	 
	c
	a
	n
	 
	b
	e
	 
	c
	h
	a
	n
	g
	e
	d
	 
	i
	n
	 
	r
	u
	n
	n
	e
	r
	.
	p
	y
	.
- Reference output:
	P
	a
	r
	s
	e
	 
	s
	u
	c
	c
	e
	e
	d
	e
	d
	,
	 
	f
	i
	n
	d
	i
	n
	g
	 
	1
	0
	 
	I
	L
	O
	C
	 
	o
	p
	e
	r
	a
	t
	i
	o
	n
	s
	.
- Your output:
	P
	O
	O
	 
	P
	O
	O
	O
	 
	P
	O
	O
	

	M
	u
	s
	t
	 
	s
	p
	e
	c
	i
	f
	y
	 
	a
	 
	f
	i
	l
	e
	 
	n
	a
	m
	e
	 
	a
	f
	t
	e
	r
	 
	t
	h
	e
	 
	f
	l
	a
	g
	.
❌ /clear/courses/comp412/students/ILOC/contributed/2013/lab3/s12_test.i failed!
- Summary:
	Y
	o
	u
	 
	i
	d
	e
	n
	t
	i
	f
	i
	e
	d
	 
	0
	/
	0
	 
	e
	r
	r
	o
	r
	s
	 
	c
	o
	r
	r
	e
	c
	t
	l
	y
	.
	Y
	o
	u
	 
	i
	d
	e
	n
	t
	i
	f
	i
	e
	d
	 
	0
	 
	c
	o
	r
	r
	e
	c
	t
	 
	l
	i
	n
	e
	s
	 
	a
	s
	 
	e
	r
	r
	o
	r
	s
	.
	Y
	o
	u
	 
	d
	o
	 
	n
	o
	t
	 
	h
	a
	v
	e
	 
	a
	 
	s
	u
	c
	c
	e
	s
	s
	 
	m
	e
	s
	s
	a
	g
	e
	 
	w
	h
	i
	l
	e
	 
	t
	h
	e
	 
	r
	e
	f
	e
	r
	e
	n
	c
	e
	 
	d
	o
	e
	s
	.
	N
	O
	T
	E
	:
	 
	Y
	o
	u
	r
	 
	s
	u
	c
	c
	e
	s
	s
	 
	m
	e
	s
	s
	a
	g
	e
	 
	m
	u
	s
	t
	 
	c
	o
	n
	t
	a
	i
	n
	 
	t
	h
	e
	 
	w
	o
	r
	d
	 
	"
	(
	S
	|
	s
	)
	u
	c
	c
	e
	e
	d
	e
	d
	"
	,
	 
	"
	(
	S
	|
	s
	)
	u
	c
	c
	e
	s
	s
	"
	,
	 
	"
	S
	U
	C
	C
	E
	S
	S
	"
	,
	 
	o
	r
	 
	"
	S
	U
	C
	C
	E
	E
	D
	E
	D
	"
	;
	 
	t
	h
	i
	s
	 
	c
	a
	n
	 
	b
	e
	 
	c
	h
	a
	n
	g
	e
	d
	 
	i
	n
	 
	r
	u
	n
	n
	e
	r
	.
	p
	y
	.
- Reference output:
	P
	a
	r
	s
	e
	 
	s
	u
	c
	c
	e
	e
	d
	e
	d
	,
	 
	f
	i
	n
	d
	i
	n
	g
	 
	1
	6
	 
	I
	L
	O
	C
	 
	o
	p
	e
	r
	a
	t
	i
	o
	n
	s
	.
- Your output:
	P
	O
	O
	 
	P
	O
	O
	O
	 
	P
	O
	O
	

	M
	u
	s
	t
	 
	s
	p
	e
	c
	i
	f
	y
	 
	a
	 
	f
	i
	l
	e
	 
	n
	a
	m
	e
	 
	a
	f
	t
	e
	r
	 
	t
	h
	e
	 
	f
	l
	a
	g
	.
❌ /clear/courses/comp412/students/ILOC/contributed/2013/lab3/s03_the_monster.i failed!
- Summary:
	Y
	o
	u
	 
	i
	d
	e
	n
	t
	i
	f
	i
	e
	d
	 
	0
	/
	0
	 
	e
	r
	r
	o
	r
	s
	 
	c
	o
	r
	r
	e
	c
	t
	l
	y
	.
	Y
	o
	u
	 
	i
	d
	e
	n
	t
	i
	f
	i
	e
	d
	 
	0
	 
	c
	o
	r
	r
	e
	c
	t
	 
	l
	i
	n
	e
	s
	 
	a
	s
	 
	e
	r
	r
	o
	r
	s
	.
	Y
	o
	u
	 
	d
	o
	 
	n
	o
	t
	 
	h
	a
	v
	e
	 
	a
	 
	s
	u
	c
	c
	e
	s
	s
	 
	m
	e
	s
	s
	a
	g
	e
	 
	w
	h
	i
	l
	e
	 
	t
	h
	e
	 
	r
	e
	f
	e
	r
	e
	n
	c
	e
	 
	d
	o
	e
	s
	.
	N
	O
	T
	E
	:
	 
	Y
	o
	u
	r
	 
	s
	u
	c
	c
	e
	s
	s
	 
	m
	e
	s
	s
	a
	g
	e
	 
	m
	u
	s
	t
	 
	c
	o
	n
	t
	a
	i
	n
	 
	t
	h
	e
	 
	w
	o
	r
	d
	 
	"
	(
	S
	|
	s
	)
	u
	c
	c
	e
	e
	d
	e
	d
	"
	,
	 
	"
	(
	S
	|
	s
	)
	u
	c
	c
	e
	s
	s
	"
	,
	 
	"
	S
	U
	C
	C
	E
	S
	S
	"
	,
	 
	o
	r
	 
	"
	S
	U
	C
	C
	E
	E
	D
	E
	D
	"
	;
	 
	t
	h
	i
	s
	 
	c
	a
	n
	 
	b
	e
	 
	c
	h
	a
	n
	g
	e
	d
	 
	i
	n
	 
	r
	u
	n
	n
	e
	r
	.
	p
	y
	.
- Reference output:
	P
	a
	r
	s
	e
	 
	s
	u
	c
	c
	e
	e
	d
	e
	d
	,
	 
	f
	i
	n
	d
	i
	n
	g
	 
	2
	4
	 
	I
	L
	O
	C
	 
	o
	p
	e
	r
	a
	t
	i
	o
	n
	s
	.
- Your output:
	P
	O
	O
	 
	P
	O
	O
	O
	 
	P
	O
	O
	

	M
	u
	s
	t
	 
	s
	p
	e
	c
	i
	f
	y
	 
	a
	 
	f
	i
	l
	e
	 
	n
	a
	m
	e
	 
	a
	f
	t
	e
	r
	 
	t
	h
	e
	 
	f
	l
	a
	g
	.
❌ /clear/courses/comp412/students/ILOC/contributed/2013/lab3/s31_test.i failed!
- Summary:
	Y
	o
	u
	 
	i
	d
	e
	n
	t
	i
	f
	i
	e
	d
	 
	0
	/
	0
	 
	e
	r
	r
	o
	r
	s
	 
	c
	o
	r
	r
	e
	c
	t
	l
	y
	.
	Y
	o
	u
	 
	i
	d
	e
	n
	t
	i
	f
	i
	e
	d
	 
	0
	 
	c
	o
	r
	r
	e
	c
	t
	 
	l
	i
	n
	e
	s
	 
	a
	s
	 
	e
	r
	r
	o
	r
	s
	.
	Y
	o
	u
	 
	d
	o
	 
	n
	o
	t
	 
	h
	a
	v
	e
	 
	a
	 
	s
	u
	c
	c
	e
	s
	s
	 
	m
	e
	s
	s
	a
	g
	e
	 
	w
	h
	i
	l
	e
	 
	t
	h
	e
	 
	r
	e
	f
	e
	r
	e
	n
	c
	e
	 
	d
	o
	e
	s
	.
	N
	O
	T
	E
	:
	 
	Y
	o
	u
	r
	 
	s
	u
	c
	c
	e
	s
	s
	 
	m
	e
	s
	s
	a
	g
	e
	 
	m
	u
	s
	t
	 
	c
	o
	n
	t
	a
	i
	n
	 
	t
	h
	e
	 
	w
	o
	r
	d
	 
	"
	(
	S
	|
	s
	)
	u
	c
	c
	e
	e
	d
	e
	d
	"
	,
	 
	"
	(
	S
	|
	s
	)
	u
	c
	c
	e
	s
	s
	"
	,
	 
	"
	S
	U
	C
	C
	E
	S
	S
	"
	,
	 
	o
	r
	 
	"
	S
	U
	C
	C
	E
	E
	D
	E
	D
	"
	;
	 
	t
	h
	i
	s
	 
	c
	a
	n
	 
	b
	e
	 
	c
	h
	a
	n
	g
	e
	d
	 
	i
	n
	 
	r
	u
	n
	n
	e
	r
	.
	p
	y
	.
- Reference output:
	P
	a
	r
	s
	e
	 
	s
	u
	c
	c
	e
	e
	d
	e
	d
	,
	 
	f
	i
	n
	d
	i
	n
	g
	 
	9
	 
	I
	L
	O
	C
	 
	o
	p
	e
	r
	a
	t
	i
	o
	n
	s
	.
- Your output:
	P
	O
	O
	 
	P
	O
	O
	O
	 
	P
	O
	O
	

	M
	u
	s
	t
	 
	s
	p
	e
	c
	i
	f
	y
	 
	a
	 
	f
	i
	l
	e
	 
	n
	a
	m
	e
	 
	a
	f
	t
	e
	r
	 
	t
	h
	e
	 
	f
	l
	a
	g
	.
❌ /clear/courses/comp412/students/ILOC/contributed/2013/lab3/s11_test.i failed!
- Summary:
	Y
	o
	u
	 
	i
	d
	e
	n
	t
	i
	f
	i
	e
	d
	 
	0
	/
	0
	 
	e
	r
	r
	o
	r
	s
	 
	c
	o
	r
	r
	e
	c
	t
	l
	y
	.
	Y
	o
	u
	 
	i
	d
	e
	n
	t
	i
	f
	i
	e
	d
	 
	0
	 
	c
	o
	r
	r
	e
	c
	t
	 
	l
	i
	n
	e
	s
	 
	a
	s
	 
	e
	r
	r
	o
	r
	s
	.
	Y
	o
	u
	 
	d
	o
	 
	n
	o
	t
	 
	h
	a
	v
	e
	 
	a
	 
	s
	u
	c
	c
	e
	s
	s
	 
	m
	e
	s
	s
	a
	g
	e
	 
	w
	h
	i
	l
	e
	 
	t
	h
	e
	 
	r
	e
	f
	e
	r
	e
	n
	c
	e
	 
	d
	o
	e
	s
	.
	N
	O
	T
	E
	:
	 
	Y
	o
	u
	r
	 
	s
	u
	c
	c
	e
	s
	s
	 
	m
	e
	s
	s
	a
	g
	e
	 
	m
	u
	s
	t
	 
	c
	o
	n
	t
	a
	i
	n
	 
	t
	h
	e
	 
	w
	o
	r
	d
	 
	"
	(
	S
	|
	s
	)
	u
	c
	c
	e
	e
	d
	e
	d
	"
	,
	 
	"
	(
	S
	|
	s
	)
	u
	c
	c
	e
	s
	s
	"
	,
	 
	"
	S
	U
	C
	C
	E
	S
	S
	"
	,
	 
	o
	r
	 
	"
	S
	U
	C
	C
	E
	E
	D
	E
	D
	"
	;
	 
	t
	h
	i
	s
	 
	c
	a
	n
	 
	b
	e
	 
	c
	h
	a
	n
	g
	e
	d
	 
	i
	n
	 
	r
	u
	n
	n
	e
	r
	.
	p
	y
	.
- Reference output:
	P
	a
	r
	s
	e
	 
	s
	u
	c
	c
	e
	e
	d
	e
	d
	,
	 
	f
	i
	n
	d
	i
	n
	g
	 
	1
	2
	 
	I
	L
	O
	C
	 
	o
	p
	e
	r
	a
	t
	i
	o
	n
	s
	.
- Your output:
	P
	O
	O
	 
	P
	O
	O
	O
	 
	P
	O
	O
	

	M
	u
	s
	t
	 
	s
	p
	e
	c
	i
	f
	y
	 
	a
	 
	f
	i
	l
	e
	 
	n
	a
	m
	e
	 
	a
	f
	t
	e
	r
	 
	t
	h
	e
	 
	f
	l
	a
	g
	.
❌ /clear/courses/comp412/students/ILOC/contributed/2013/lab3/s07_test.i failed!
- Summary:
	Y
	o
	u
	 
	i
	d
	e
	n
	t
	i
	f
	i
	e
	d
	 
	0
	/
	0
	 
	e
	r
	r
	o
	r
	s
	 
	c
	o
	r
	r
	e
	c
	t
	l
	y
	.
	Y
	o
	u
	 
	i
	d
	e
	n
	t
	i
	f
	i
	e
	d
	 
	0
	 
	c
	o
	r
	r
	e
	c
	t
	 
	l
	i
	n
	e
	s
	 
	a
	s
	 
	e
	r
	r
	o
	r
	s
	.
	Y
	o
	u
	 
	d
	o
	 
	n
	o
	t
	 
	h
	a
	v
	e
	 
	a
	 
	s
	u
	c
	c
	e
	s
	s
	 
	m
	e
	s
	s
	a
	g
	e
	 
	w
	h
	i
	l
	e
	 
	t
	h
	e
	 
	r
	e
	f
	e
	r
	e
	n
	c
	e
	 
	d
	o
	e
	s
	.
	N
	O
	T
	E
	:
	 
	Y
	o
	u
	r
	 
	s
	u
	c
	c
	e
	s
	s
	 
	m
	e
	s
	s
	a
	g
	e
	 
	m
	u
	s
	t
	 
	c
	o
	n
	t
	a
	i
	n
	 
	t
	h
	e
	 
	w
	o
	r
	d
	 
	"
	(
	S
	|
	s
	)
	u
	c
	c
	e
	e
	d
	e
	d
	"
	,
	 
	"
	(
	S
	|
	s
	)
	u
	c
	c
	e
	s
	s
	"
	,
	 
	"
	S
	U
	C
	C
	E
	S
	S
	"
	,
	 
	o
	r
	 
	"
	S
	U
	C
	C
	E
	E
	D
	E
	D
	"
	;
	 
	t
	h
	i
	s
	 
	c
	a
	n
	 
	b
	e
	 
	c
	h
	a
	n
	g
	e
	d
	 
	i
	n
	 
	r
	u
	n
	n
	e
	r
	.
	p
	y
	.
- Reference output:
	P
	a
	r
	s
	e
	 
	s
	u
	c
	c
	e
	e
	d
	e
	d
	,
	 
	f
	i
	n
	d
	i
	n
	g
	 
	6
	 
	I
	L
	O
	C
	 
	o
	p
	e
	r
	a
	t
	i
	o
	n
	s
	.
- Your output:
	P
	O
	O
	 
	P
	O
	O
	O
	 
	P
	O
	O
	

	M
	u
	s
	t
	 
	s
	p
	e
	c
	i
	f
	y
	 
	a
	 
	f
	i
	l
	e
	 
	n
	a
	m
	e
	 
	a
	f
	t
	e
	r
	 
	t
	h
	e
	 
	f
	l
	a
	g
	.
❌ /clear/courses/comp412/students/ILOC/contributed/2013/lab3/s20_test.i failed!
- Summary:
	Y
	o
	u
	 
	i
	d
	e
	n
	t
	i
	f
	i
	e
	d
	 
	0
	/
	0
	 
	e
	r
	r
	o
	r
	s
	 
	c
	o
	r
	r
	e
	c
	t
	l
	y
	.
	Y
	o
	u
	 
	i
	d
	e
	n
	t
	i
	f
	i
	e
	d
	 
	0
	 
	c
	o
	r
	r
	e
	c
	t
	 
	l
	i
	n
	e
	s
	 
	a
	s
	 
	e
	r
	r
	o
	r
	s
	.
	Y
	o
	u
	 
	d
	o
	 
	n
	o
	t
	 
	h
	a
	v
	e
	 
	a
	 
	s
	u
	c
	c
	e
	s
	s
	 
	m
	e
	s
	s
	a
	g
	e
	 
	w
	h
	i
	l
	e
	 
	t
	h
	e
	 
	r
	e
	f
	e
	r
	e
	n
	c
	e
	 
	d
	o
	e
	s
	.
	N
	O
	T
	E
	:
	 
	Y
	o
	u
	r
	 
	s
	u
	c
	c
	e
	s
	s
	 
	m
	e
	s
	s
	a
	g
	e
	 
	m
	u
	s
	t
	 
	c
	o
	n
	t
	a
	i
	n
	 
	t
	h
	e
	 
	w
	o
	r
	d
	 
	"
	(
	S
	|
	s
	)
	u
	c
	c
	e
	e
	d
	e
	d
	"
	,
	 
	"
	(
	S
	|
	s
	)
	u
	c
	c
	e
	s
	s
	"
	,
	 
	"
	S
	U
	C
	C
	E
	S
	S
	"
	,
	 
	o
	r
	 
	"
	S
	U
	C
	C
	E
	E
	D
	E
	D
	"
	;
	 
	t
	h
	i
	s
	 
	c
	a
	n
	 
	b
	e
	 
	c
	h
	a
	n
	g
	e
	d
	 
	i
	n
	 
	r
	u
	n
	n
	e
	r
	.
	p
	y
	.
- Reference output:
	P
	a
	r
	s
	e
	 
	s
	u
	c
	c
	e
	e
	d
	e
	d
	,
	 
	f
	i
	n
	d
	i
	n
	g
	 
	1
	4
	 
	I
	L
	O
	C
	 
	o
	p
	e
	r
	a
	t
	i
	o
	n
	s
	.
- Your output:
	P
	O
	O
	 
	P
	O
	O
	O
	 
	P
	O
	O
	

	M
	u
	s
	t
	 
	s
	p
	e
	c
	i
	f
	y
	 
	a
	 
	f
	i
	l
	e
	 
	n
	a
	m
	e
	 
	a
	f
	t
	e
	r
	 
	t
	h
	e
	 
	f
	l
	a
	g
	.
❌ /clear/courses/comp412/students/ILOC/contributed/2013/lab3/s04_test.i failed!
- Summary:
	Y
	o
	u
	 
	i
	d
	e
	n
	t
	i
	f
	i
	e
	d
	 
	0
	/
	0
	 
	e
	r
	r
	o
	r
	s
	 
	c
	o
	r
	r
	e
	c
	t
	l
	y
	.
	Y
	o
	u
	 
	i
	d
	e
	n
	t
	i
	f
	i
	e
	d
	 
	0
	 
	c
	o
	r
	r
	e
	c
	t
	 
	l
	i
	n
	e
	s
	 
	a
	s
	 
	e
	r
	r
	o
	r
	s
	.
	Y
	o
	u
	 
	d
	o
	 
	n
	o
	t
	 
	h
	a
	v
	e
	 
	a
	 
	s
	u
	c
	c
	e
	s
	s
	 
	m
	e
	s
	s
	a
	g
	e
	 
	w
	h
	i
	l
	e
	 
	t
	h
	e
	 
	r
	e
	f
	e
	r
	e
	n
	c
	e
	 
	d
	o
	e
	s
	.
	N
	O
	T
	E
	:
	 
	Y
	o
	u
	r
	 
	s
	u
	c
	c
	e
	s
	s
	 
	m
	e
	s
	s
	a
	g
	e
	 
	m
	u
	s
	t
	 
	c
	o
	n
	t
	a
	i
	n
	 
	t
	h
	e
	 
	w
	o
	r
	d
	 
	"
	(
	S
	|
	s
	)
	u
	c
	c
	e
	e
	d
	e
	d
	"
	,
	 
	"
	(
	S
	|
	s
	)
	u
	c
	c
	e
	s
	s
	"
	,
	 
	"
	S
	U
	C
	C
	E
	S
	S
	"
	,
	 
	o
	r
	 
	"
	S
	U
	C
	C
	E
	E
	D
	E
	D
	"
	;
	 
	t
	h
	i
	s
	 
	c
	a
	n
	 
	b
	e
	 
	c
	h
	a
	n
	g
	e
	d
	 
	i
	n
	 
	r
	u
	n
	n
	e
	r
	.
	p
	y
	.
- Reference output:
	P
	a
	r
	s
	e
	 
	s
	u
	c
	c
	e
	e
	d
	e
	d
	,
	 
	f
	i
	n
	d
	i
	n
	g
	 
	1
	0
	 
	I
	L
	O
	C
	 
	o
	p
	e
	r
	a
	t
	i
	o
	n
	s
	.
- Your output:
	P
	O
	O
	 
	P
	O
	O
	O
	 
	P
	O
	O
	

	M
	u
	s
	t
	 
	s
	p
	e
	c
	i
	f
	y
	 
	a
	 
	f
	i
	l
	e
	 
	n
	a
	m
	e
	 
	a
	f
	t
	e
	r
	 
	t
	h
	e
	 
	f
	l
	a
	g
	.
❌ /clear/courses/comp412/students/ILOC/contributed/2013/lab3/s17_test.i failed!
- Summary:
	Y
	o
	u
	 
	i
	d
	e
	n
	t
	i
	f
	i
	e
	d
	 
	0
	/
	0
	 
	e
	r
	r
	o
	r
	s
	 
	c
	o
	r
	r
	e
	c
	t
	l
	y
	.
	Y
	o
	u
	 
	i
	d
	e
	n
	t
	i
	f
	i
	e
	d
	 
	0
	 
	c
	o
	r
	r
	e
	c
	t
	 
	l
	i
	n
	e
	s
	 
	a
	s
	 
	e
	r
	r
	o
	r
	s
	.
	Y
	o
	u
	 
	d
	o
	 
	n
	o
	t
	 
	h
	a
	v
	e
	 
	a
	 
	s
	u
	c
	c
	e
	s
	s
	 
	m
	e
	s
	s
	a
	g
	e
	 
	w
	h
	i
	l
	e
	 
	t
	h
	e
	 
	r
	e
	f
	e
	r
	e
	n
	c
	e
	 
	d
	o
	e
	s
	.
	N
	O
	T
	E
	:
	 
	Y
	o
	u
	r
	 
	s
	u
	c
	c
	e
	s
	s
	 
	m
	e
	s
	s
	a
	g
	e
	 
	m
	u
	s
	t
	 
	c
	o
	n
	t
	a
	i
	n
	 
	t
	h
	e
	 
	w
	o
	r
	d
	 
	"
	(
	S
	|
	s
	)
	u
	c
	c
	e
	e
	d
	e
	d
	"
	,
	 
	"
	(
	S
	|
	s
	)
	u
	c
	c
	e
	s
	s
	"
	,
	 
	"
	S
	U
	C
	C
	E
	S
	S
	"
	,
	 
	o
	r
	 
	"
	S
	U
	C
	C
	E
	E
	D
	E
	D
	"
	;
	 
	t
	h
	i
	s
	 
	c
	a
	n
	 
	b
	e
	 
	c
	h
	a
	n
	g
	e
	d
	 
	i
	n
	 
	r
	u
	n
	n
	e
	r
	.
	p
	y
	.
- Reference output:
	P
	a
	r
	s
	e
	 
	s
	u
	c
	c
	e
	e
	d
	e
	d
	,
	 
	f
	i
	n
	d
	i
	n
	g
	 
	2
	6
	 
	I
	L
	O
	C
	 
	o
	p
	e
	r
	a
	t
	i
	o
	n
	s
	.
- Your output:
	P
	O
	O
	 
	P
	O
	O
	O
	 
	P
	O
	O
	

	M
	u
	s
	t
	 
	s
	p
	e
	c
	i
	f
	y
	 
	a
	 
	f
	i
	l
	e
	 
	n
	a
	m
	e
	 
	a
	f
	t
	e
	r
	 
	t
	h
	e
	 
	f
	l
	a
	g
	.
❌ /clear/courses/comp412/students/ILOC/contributed/2013/lab3/s05_test.i failed!
- Summary:
	Y
	o
	u
	 
	i
	d
	e
	n
	t
	i
	f
	i
	e
	d
	 
	0
	/
	0
	 
	e
	r
	r
	o
	r
	s
	 
	c
	o
	r
	r
	e
	c
	t
	l
	y
	.
	Y
	o
	u
	 
	i
	d
	e
	n
	t
	i
	f
	i
	e
	d
	 
	0
	 
	c
	o
	r
	r
	e
	c
	t
	 
	l
	i
	n
	e
	s
	 
	a
	s
	 
	e
	r
	r
	o
	r
	s
	.
	Y
	o
	u
	 
	d
	o
	 
	n
	o
	t
	 
	h
	a
	v
	e
	 
	a
	 
	s
	u
	c
	c
	e
	s
	s
	 
	m
	e
	s
	s
	a
	g
	e
	 
	w
	h
	i
	l
	e
	 
	t
	h
	e
	 
	r
	e
	f
	e
	r
	e
	n
	c
	e
	 
	d
	o
	e
	s
	.
	N
	O
	T
	E
	:
	 
	Y
	o
	u
	r
	 
	s
	u
	c
	c
	e
	s
	s
	 
	m
	e
	s
	s
	a
	g
	e
	 
	m
	u
	s
	t
	 
	c
	o
	n
	t
	a
	i
	n
	 
	t
	h
	e
	 
	w
	o
	r
	d
	 
	"
	(
	S
	|
	s
	)
	u
	c
	c
	e
	e
	d
	e
	d
	"
	,
	 
	"
	(
	S
	|
	s
	)
	u
	c
	c
	e
	s
	s
	"
	,
	 
	"
	S
	U
	C
	C
	E
	S
	S
	"
	,
	 
	o
	r
	 
	"
	S
	U
	C
	C
	E
	E
	D
	E
	D
	"
	;
	 
	t
	h
	i
	s
	 
	c
	a
	n
	 
	b
	e
	 
	c
	h
	a
	n
	g
	e
	d
	 
	i
	n
	 
	r
	u
	n
	n
	e
	r
	.
	p
	y
	.
- Reference output:
	P
	a
	r
	s
	e
	 
	s
	u
	c
	c
	e
	e
	d
	e
	d
	,
	 
	f
	i
	n
	d
	i
	n
	g
	 
	3
	6
	 
	I
	L
	O
	C
	 
	o
	p
	e
	r
	a
	t
	i
	o
	n
	s
	.
- Your output:
	P
	O
	O
	 
	P
	O
	O
	O
	 
	P
	O
	O
	

	M
	u
	s
	t
	 
	s
	p
	e
	c
	i
	f
	y
	 
	a
	 
	f
	i
	l
	e
	 
	n
	a
	m
	e
	 
	a
	f
	t
	e
	r
	 
	t
	h
	e
	 
	f
	l
	a
	g
	.
❌ /clear/courses/comp412/students/ILOC/contributed/2013/lab3/s39_test.i failed!
- Summary:
	Y
	o
	u
	 
	i
	d
	e
	n
	t
	i
	f
	i
	e
	d
	 
	0
	/
	0
	 
	e
	r
	r
	o
	r
	s
	 
	c
	o
	r
	r
	e
	c
	t
	l
	y
	.
	Y
	o
	u
	 
	i
	d
	e
	n
	t
	i
	f
	i
	e
	d
	 
	0
	 
	c
	o
	r
	r
	e
	c
	t
	 
	l
	i
	n
	e
	s
	 
	a
	s
	 
	e
	r
	r
	o
	r
	s
	.
	Y
	o
	u
	 
	d
	o
	 
	n
	o
	t
	 
	h
	a
	v
	e
	 
	a
	 
	s
	u
	c
	c
	e
	s
	s
	 
	m
	e
	s
	s
	a
	g
	e
	 
	w
	h
	i
	l
	e
	 
	t
	h
	e
	 
	r
	e
	f
	e
	r
	e
	n
	c
	e
	 
	d
	o
	e
	s
	.
	N
	O
	T
	E
	:
	 
	Y
	o
	u
	r
	 
	s
	u
	c
	c
	e
	s
	s
	 
	m
	e
	s
	s
	a
	g
	e
	 
	m
	u
	s
	t
	 
	c
	o
	n
	t
	a
	i
	n
	 
	t
	h
	e
	 
	w
	o
	r
	d
	 
	"
	(
	S
	|
	s
	)
	u
	c
	c
	e
	e
	d
	e
	d
	"
	,
	 
	"
	(
	S
	|
	s
	)
	u
	c
	c
	e
	s
	s
	"
	,
	 
	"
	S
	U
	C
	C
	E
	S
	S
	"
	,
	 
	o
	r
	 
	"
	S
	U
	C
	C
	E
	E
	D
	E
	D
	"
	;
	 
	t
	h
	i
	s
	 
	c
	a
	n
	 
	b
	e
	 
	c
	h
	a
	n
	g
	e
	d
	 
	i
	n
	 
	r
	u
	n
	n
	e
	r
	.
	p
	y
	.
- Reference output:
	P
	a
	r
	s
	e
	 
	s
	u
	c
	c
	e
	e
	d
	e
	d
	,
	 
	f
	i
	n
	d
	i
	n
	g
	 
	7
	3
	 
	I
	L
	O
	C
	 
	o
	p
	e
	r
	a
	t
	i
	o
	n
	s
	.
- Your output:
	P
	O
	O
	 
	P
	O
	O
	O
	 
	P
	O
	O
	

	M
	u
	s
	t
	 
	s
	p
	e
	c
	i
	f
	y
	 
	a
	 
	f
	i
	l
	e
	 
	n
	a
	m
	e
	 
	a
	f
	t
	e
	r
	 
	t
	h
	e
	 
	f
	l
	a
	g
	.
❌ /clear/courses/comp412/students/ILOC/contributed/2013/lab3/s49_SumMult.i failed!
- Summary:
	Y
	o
	u
	 
	i
	d
	e
	n
	t
	i
	f
	i
	e
	d
	 
	0
	/
	0
	 
	e
	r
	r
	o
	r
	s
	 
	c
	o
	r
	r
	e
	c
	t
	l
	y
	.
	Y
	o
	u
	 
	i
	d
	e
	n
	t
	i
	f
	i
	e
	d
	 
	0
	 
	c
	o
	r
	r
	e
	c
	t
	 
	l
	i
	n
	e
	s
	 
	a
	s
	 
	e
	r
	r
	o
	r
	s
	.
	Y
	o
	u
	 
	d
	o
	 
	n
	o
	t
	 
	h
	a
	v
	e
	 
	a
	 
	s
	u
	c
	c
	e
	s
	s
	 
	m
	e
	s
	s
	a
	g
	e
	 
	w
	h
	i
	l
	e
	 
	t
	h
	e
	 
	r
	e
	f
	e
	r
	e
	n
	c
	e
	 
	d
	o
	e
	s
	.
	N
	O
	T
	E
	:
	 
	Y
	o
	u
	r
	 
	s
	u
	c
	c
	e
	s
	s
	 
	m
	e
	s
	s
	a
	g
	e
	 
	m
	u
	s
	t
	 
	c
	o
	n
	t
	a
	i
	n
	 
	t
	h
	e
	 
	w
	o
	r
	d
	 
	"
	(
	S
	|
	s
	)
	u
	c
	c
	e
	e
	d
	e
	d
	"
	,
	 
	"
	(
	S
	|
	s
	)
	u
	c
	c
	e
	s
	s
	"
	,
	 
	"
	S
	U
	C
	C
	E
	S
	S
	"
	,
	 
	o
	r
	 
	"
	S
	U
	C
	C
	E
	E
	D
	E
	D
	"
	;
	 
	t
	h
	i
	s
	 
	c
	a
	n
	 
	b
	e
	 
	c
	h
	a
	n
	g
	e
	d
	 
	i
	n
	 
	r
	u
	n
	n
	e
	r
	.
	p
	y
	.
- Reference output:
	P
	a
	r
	s
	e
	 
	s
	u
	c
	c
	e
	e
	d
	e
	d
	,
	 
	f
	i
	n
	d
	i
	n
	g
	 
	2
	3
	 
	I
	L
	O
	C
	 
	o
	p
	e
	r
	a
	t
	i
	o
	n
	s
	.
- Your output:
	P
	O
	O
	 
	P
	O
	O
	O
	 
	P
	O
	O
	

	M
	u
	s
	t
	 
	s
	p
	e
	c
	i
	f
	y
	 
	a
	 
	f
	i
	l
	e
	 
	n
	a
	m
	e
	 
	a
	f
	t
	e
	r
	 
	t
	h
	e
	 
	f
	l
	a
	g
	.
❌ /clear/courses/comp412/students/ILOC/contributed/2013/lab3/s25_test.i failed!
- Summary:
	Y
	o
	u
	 
	i
	d
	e
	n
	t
	i
	f
	i
	e
	d
	 
	0
	/
	0
	 
	e
	r
	r
	o
	r
	s
	 
	c
	o
	r
	r
	e
	c
	t
	l
	y
	.
	Y
	o
	u
	 
	i
	d
	e
	n
	t
	i
	f
	i
	e
	d
	 
	0
	 
	c
	o
	r
	r
	e
	c
	t
	 
	l
	i
	n
	e
	s
	 
	a
	s
	 
	e
	r
	r
	o
	r
	s
	.
	Y
	o
	u
	 
	d
	o
	 
	n
	o
	t
	 
	h
	a
	v
	e
	 
	a
	 
	s
	u
	c
	c
	e
	s
	s
	 
	m
	e
	s
	s
	a
	g
	e
	 
	w
	h
	i
	l
	e
	 
	t
	h
	e
	 
	r
	e
	f
	e
	r
	e
	n
	c
	e
	 
	d
	o
	e
	s
	.
	N
	O
	T
	E
	:
	 
	Y
	o
	u
	r
	 
	s
	u
	c
	c
	e
	s
	s
	 
	m
	e
	s
	s
	a
	g
	e
	 
	m
	u
	s
	t
	 
	c
	o
	n
	t
	a
	i
	n
	 
	t
	h
	e
	 
	w
	o
	r
	d
	 
	"
	(
	S
	|
	s
	)
	u
	c
	c
	e
	e
	d
	e
	d
	"
	,
	 
	"
	(
	S
	|
	s
	)
	u
	c
	c
	e
	s
	s
	"
	,
	 
	"
	S
	U
	C
	C
	E
	S
	S
	"
	,
	 
	o
	r
	 
	"
	S
	U
	C
	C
	E
	E
	D
	E
	D
	"
	;
	 
	t
	h
	i
	s
	 
	c
	a
	n
	 
	b
	e
	 
	c
	h
	a
	n
	g
	e
	d
	 
	i
	n
	 
	r
	u
	n
	n
	e
	r
	.
	p
	y
	.
- Reference output:
	P
	a
	r
	s
	e
	 
	s
	u
	c
	c
	e
	e
	d
	e
	d
	,
	 
	f
	i
	n
	d
	i
	n
	g
	 
	2
	0
	 
	I
	L
	O
	C
	 
	o
	p
	e
	r
	a
	t
	i
	o
	n
	s
	.
- Your output:
	P
	O
	O
	 
	P
	O
	O
	O
	 
	P
	O
	O
	

	M
	u
	s
	t
	 
	s
	p
	e
	c
	i
	f
	y
	 
	a
	 
	f
	i
	l
	e
	 
	n
	a
	m
	e
	 
	a
	f
	t
	e
	r
	 
	t
	h
	e
	 
	f
	l
	a
	g
	.
❌ /clear/courses/comp412/students/ILOC/contributed/2013/lab3/s06_test.i failed!
- Summary:
	Y
	o
	u
	 
	i
	d
	e
	n
	t
	i
	f
	i
	e
	d
	 
	0
	/
	0
	 
	e
	r
	r
	o
	r
	s
	 
	c
	o
	r
	r
	e
	c
	t
	l
	y
	.
	Y
	o
	u
	 
	i
	d
	e
	n
	t
	i
	f
	i
	e
	d
	 
	0
	 
	c
	o
	r
	r
	e
	c
	t
	 
	l
	i
	n
	e
	s
	 
	a
	s
	 
	e
	r
	r
	o
	r
	s
	.
	Y
	o
	u
	 
	d
	o
	 
	n
	o
	t
	 
	h
	a
	v
	e
	 
	a
	 
	s
	u
	c
	c
	e
	s
	s
	 
	m
	e
	s
	s
	a
	g
	e
	 
	w
	h
	i
	l
	e
	 
	t
	h
	e
	 
	r
	e
	f
	e
	r
	e
	n
	c
	e
	 
	d
	o
	e
	s
	.
	N
	O
	T
	E
	:
	 
	Y
	o
	u
	r
	 
	s
	u
	c
	c
	e
	s
	s
	 
	m
	e
	s
	s
	a
	g
	e
	 
	m
	u
	s
	t
	 
	c
	o
	n
	t
	a
	i
	n
	 
	t
	h
	e
	 
	w
	o
	r
	d
	 
	"
	(
	S
	|
	s
	)
	u
	c
	c
	e
	e
	d
	e
	d
	"
	,
	 
	"
	(
	S
	|
	s
	)
	u
	c
	c
	e
	s
	s
	"
	,
	 
	"
	S
	U
	C
	C
	E
	S
	S
	"
	,
	 
	o
	r
	 
	"
	S
	U
	C
	C
	E
	E
	D
	E
	D
	"
	;
	 
	t
	h
	i
	s
	 
	c
	a
	n
	 
	b
	e
	 
	c
	h
	a
	n
	g
	e
	d
	 
	i
	n
	 
	r
	u
	n
	n
	e
	r
	.
	p
	y
	.
- Reference output:
	P
	a
	r
	s
	e
	 
	s
	u
	c
	c
	e
	e
	d
	e
	d
	,
	 
	f
	i
	n
	d
	i
	n
	g
	 
	1
	1
	 
	I
	L
	O
	C
	 
	o
	p
	e
	r
	a
	t
	i
	o
	n
	s
	.
- Your output:
	P
	O
	O
	 
	P
	O
	O
	O
	 
	P
	O
	O
	

	M
	u
	s
	t
	 
	s
	p
	e
	c
	i
	f
	y
	 
	a
	 
	f
	i
	l
	e
	 
	n
	a
	m
	e
	 
	a
	f
	t
	e
	r
	 
	t
	h
	e
	 
	f
	l
	a
	g
	.
❌ /clear/courses/comp412/students/ILOC/contributed/2013/lab3/s28_test.i failed!
- Summary:
	Y
	o
	u
	 
	i
	d
	e
	n
	t
	i
	f
	i
	e
	d
	 
	0
	/
	0
	 
	e
	r
	r
	o
	r
	s
	 
	c
	o
	r
	r
	e
	c
	t
	l
	y
	.
	Y
	o
	u
	 
	i
	d
	e
	n
	t
	i
	f
	i
	e
	d
	 
	0
	 
	c
	o
	r
	r
	e
	c
	t
	 
	l
	i
	n
	e
	s
	 
	a
	s
	 
	e
	r
	r
	o
	r
	s
	.
	Y
	o
	u
	 
	d
	o
	 
	n
	o
	t
	 
	h
	a
	v
	e
	 
	a
	 
	s
	u
	c
	c
	e
	s
	s
	 
	m
	e
	s
	s
	a
	g
	e
	 
	w
	h
	i
	l
	e
	 
	t
	h
	e
	 
	r
	e
	f
	e
	r
	e
	n
	c
	e
	 
	d
	o
	e
	s
	.
	N
	O
	T
	E
	:
	 
	Y
	o
	u
	r
	 
	s
	u
	c
	c
	e
	s
	s
	 
	m
	e
	s
	s
	a
	g
	e
	 
	m
	u
	s
	t
	 
	c
	o
	n
	t
	a
	i
	n
	 
	t
	h
	e
	 
	w
	o
	r
	d
	 
	"
	(
	S
	|
	s
	)
	u
	c
	c
	e
	e
	d
	e
	d
	"
	,
	 
	"
	(
	S
	|
	s
	)
	u
	c
	c
	e
	s
	s
	"
	,
	 
	"
	S
	U
	C
	C
	E
	S
	S
	"
	,
	 
	o
	r
	 
	"
	S
	U
	C
	C
	E
	E
	D
	E
	D
	"
	;
	 
	t
	h
	i
	s
	 
	c
	a
	n
	 
	b
	e
	 
	c
	h
	a
	n
	g
	e
	d
	 
	i
	n
	 
	r
	u
	n
	n
	e
	r
	.
	p
	y
	.
- Reference output:
	P
	a
	r
	s
	e
	 
	s
	u
	c
	c
	e
	e
	d
	e
	d
	,
	 
	f
	i
	n
	d
	i
	n
	g
	 
	6
	 
	I
	L
	O
	C
	 
	o
	p
	e
	r
	a
	t
	i
	o
	n
	s
	.
- Your output:
	P
	O
	O
	 
	P
	O
	O
	O
	 
	P
	O
	O
	

	M
	u
	s
	t
	 
	s
	p
	e
	c
	i
	f
	y
	 
	a
	 
	f
	i
	l
	e
	 
	n
	a
	m
	e
	 
	a
	f
	t
	e
	r
	 
	t
	h
	e
	 
	f
	l
	a
	g
	.
❌ /clear/courses/comp412/students/ILOC/contributed/2013/lab3/s60_test.i failed!
- Summary:
	Y
	o
	u
	 
	i
	d
	e
	n
	t
	i
	f
	i
	e
	d
	 
	0
	/
	0
	 
	e
	r
	r
	o
	r
	s
	 
	c
	o
	r
	r
	e
	c
	t
	l
	y
	.
	Y
	o
	u
	 
	i
	d
	e
	n
	t
	i
	f
	i
	e
	d
	 
	0
	 
	c
	o
	r
	r
	e
	c
	t
	 
	l
	i
	n
	e
	s
	 
	a
	s
	 
	e
	r
	r
	o
	r
	s
	.
	Y
	o
	u
	 
	d
	o
	 
	n
	o
	t
	 
	h
	a
	v
	e
	 
	a
	 
	s
	u
	c
	c
	e
	s
	s
	 
	m
	e
	s
	s
	a
	g
	e
	 
	w
	h
	i
	l
	e
	 
	t
	h
	e
	 
	r
	e
	f
	e
	r
	e
	n
	c
	e
	 
	d
	o
	e
	s
	.
	N
	O
	T
	E
	:
	 
	Y
	o
	u
	r
	 
	s
	u
	c
	c
	e
	s
	s
	 
	m
	e
	s
	s
	a
	g
	e
	 
	m
	u
	s
	t
	 
	c
	o
	n
	t
	a
	i
	n
	 
	t
	h
	e
	 
	w
	o
	r
	d
	 
	"
	(
	S
	|
	s
	)
	u
	c
	c
	e
	e
	d
	e
	d
	"
	,
	 
	"
	(
	S
	|
	s
	)
	u
	c
	c
	e
	s
	s
	"
	,
	 
	"
	S
	U
	C
	C
	E
	S
	S
	"
	,
	 
	o
	r
	 
	"
	S
	U
	C
	C
	E
	E
	D
	E
	D
	"
	;
	 
	t
	h
	i
	s
	 
	c
	a
	n
	 
	b
	e
	 
	c
	h
	a
	n
	g
	e
	d
	 
	i
	n
	 
	r
	u
	n
	n
	e
	r
	.
	p
	y
	.
- Reference output:
	P
	a
	r
	s
	e
	 
	s
	u
	c
	c
	e
	e
	d
	e
	d
	,
	 
	f
	i
	n
	d
	i
	n
	g
	 
	2
	0
	 
	I
	L
	O
	C
	 
	o
	p
	e
	r
	a
	t
	i
	o
	n
	s
	.
- Your output:
	P
	O
	O
	 
	P
	O
	O
	O
	 
	P
	O
	O
	

	M
	u
	s
	t
	 
	s
	p
	e
	c
	i
	f
	y
	 
	a
	 
	f
	i
	l
	e
	 
	n
	a
	m
	e
	 
	a
	f
	t
	e
	r
	 
	t
	h
	e
	 
	f
	l
	a
	g
	.
❌ /clear/courses/comp412/students/ILOC/contributed/2013/lab3/s54_test.i failed!
- Summary:
	Y
	o
	u
	 
	i
	d
	e
	n
	t
	i
	f
	i
	e
	d
	 
	0
	/
	0
	 
	e
	r
	r
	o
	r
	s
	 
	c
	o
	r
	r
	e
	c
	t
	l
	y
	.
	Y
	o
	u
	 
	i
	d
	e
	n
	t
	i
	f
	i
	e
	d
	 
	0
	 
	c
	o
	r
	r
	e
	c
	t
	 
	l
	i
	n
	e
	s
	 
	a
	s
	 
	e
	r
	r
	o
	r
	s
	.
	Y
	o
	u
	 
	d
	o
	 
	n
	o
	t
	 
	h
	a
	v
	e
	 
	a
	 
	s
	u
	c
	c
	e
	s
	s
	 
	m
	e
	s
	s
	a
	g
	e
	 
	w
	h
	i
	l
	e
	 
	t
	h
	e
	 
	r
	e
	f
	e
	r
	e
	n
	c
	e
	 
	d
	o
	e
	s
	.
	N
	O
	T
	E
	:
	 
	Y
	o
	u
	r
	 
	s
	u
	c
	c
	e
	s
	s
	 
	m
	e
	s
	s
	a
	g
	e
	 
	m
	u
	s
	t
	 
	c
	o
	n
	t
	a
	i
	n
	 
	t
	h
	e
	 
	w
	o
	r
	d
	 
	"
	(
	S
	|
	s
	)
	u
	c
	c
	e
	e
	d
	e
	d
	"
	,
	 
	"
	(
	S
	|
	s
	)
	u
	c
	c
	e
	s
	s
	"
	,
	 
	"
	S
	U
	C
	C
	E
	S
	S
	"
	,
	 
	o
	r
	 
	"
	S
	U
	C
	C
	E
	E
	D
	E
	D
	"
	;
	 
	t
	h
	i
	s
	 
	c
	a
	n
	 
	b
	e
	 
	c
	h
	a
	n
	g
	e
	d
	 
	i
	n
	 
	r
	u
	n
	n
	e
	r
	.
	p
	y
	.
- Reference output:
	P
	a
	r
	s
	e
	 
	s
	u
	c
	c
	e
	e
	d
	e
	d
	,
	 
	f
	i
	n
	d
	i
	n
	g
	 
	3
	8
	 
	I
	L
	O
	C
	 
	o
	p
	e
	r
	a
	t
	i
	o
	n
	s
	.
- Your output:
	P
	O
	O
	 
	P
	O
	O
	O
	 
	P
	O
	O
	

	M
	u
	s
	t
	 
	s
	p
	e
	c
	i
	f
	y
	 
	a
	 
	f
	i
	l
	e
	 
	n
	a
	m
	e
	 
	a
	f
	t
	e
	r
	 
	t
	h
	e
	 
	f
	l
	a
	g
	.
❌ /clear/courses/comp412/students/ILOC/contributed/2013/lab3/s50_trickyRename.i failed!
- Summary:
	Y
	o
	u
	 
	i
	d
	e
	n
	t
	i
	f
	i
	e
	d
	 
	0
	/
	0
	 
	e
	r
	r
	o
	r
	s
	 
	c
	o
	r
	r
	e
	c
	t
	l
	y
	.
	Y
	o
	u
	 
	i
	d
	e
	n
	t
	i
	f
	i
	e
	d
	 
	0
	 
	c
	o
	r
	r
	e
	c
	t
	 
	l
	i
	n
	e
	s
	 
	a
	s
	 
	e
	r
	r
	o
	r
	s
	.
	Y
	o
	u
	 
	d
	o
	 
	n
	o
	t
	 
	h
	a
	v
	e
	 
	a
	 
	s
	u
	c
	c
	e
	s
	s
	 
	m
	e
	s
	s
	a
	g
	e
	 
	w
	h
	i
	l
	e
	 
	t
	h
	e
	 
	r
	e
	f
	e
	r
	e
	n
	c
	e
	 
	d
	o
	e
	s
	.
	N
	O
	T
	E
	:
	 
	Y
	o
	u
	r
	 
	s
	u
	c
	c
	e
	s
	s
	 
	m
	e
	s
	s
	a
	g
	e
	 
	m
	u
	s
	t
	 
	c
	o
	n
	t
	a
	i
	n
	 
	t
	h
	e
	 
	w
	o
	r
	d
	 
	"
	(
	S
	|
	s
	)
	u
	c
	c
	e
	e
	d
	e
	d
	"
	,
	 
	"
	(
	S
	|
	s
	)
	u
	c
	c
	e
	s
	s
	"
	,
	 
	"
	S
	U
	C
	C
	E
	S
	S
	"
	,
	 
	o
	r
	 
	"
	S
	U
	C
	C
	E
	E
	D
	E
	D
	"
	;
	 
	t
	h
	i
	s
	 
	c
	a
	n
	 
	b
	e
	 
	c
	h
	a
	n
	g
	e
	d
	 
	i
	n
	 
	r
	u
	n
	n
	e
	r
	.
	p
	y
	.
- Reference output:
	P
	a
	r
	s
	e
	 
	s
	u
	c
	c
	e
	e
	d
	e
	d
	,
	 
	f
	i
	n
	d
	i
	n
	g
	 
	1
	4
	 
	I
	L
	O
	C
	 
	o
	p
	e
	r
	a
	t
	i
	o
	n
	s
	.
- Your output:
	P
	O
	O
	 
	P
	O
	O
	O
	 
	P
	O
	O
	

	M
	u
	s
	t
	 
	s
	p
	e
	c
	i
	f
	y
	 
	a
	 
	f
	i
	l
	e
	 
	n
	a
	m
	e
	 
	a
	f
	t
	e
	r
	 
	t
	h
	e
	 
	f
	l
	a
	g
	.
❌ /clear/courses/comp412/students/ILOC/contributed/2013/lab3/s19_output_order.i failed!
- Summary:
	Y
	o
	u
	 
	i
	d
	e
	n
	t
	i
	f
	i
	e
	d
	 
	0
	/
	0
	 
	e
	r
	r
	o
	r
	s
	 
	c
	o
	r
	r
	e
	c
	t
	l
	y
	.
	Y
	o
	u
	 
	i
	d
	e
	n
	t
	i
	f
	i
	e
	d
	 
	0
	 
	c
	o
	r
	r
	e
	c
	t
	 
	l
	i
	n
	e
	s
	 
	a
	s
	 
	e
	r
	r
	o
	r
	s
	.
	Y
	o
	u
	 
	d
	o
	 
	n
	o
	t
	 
	h
	a
	v
	e
	 
	a
	 
	s
	u
	c
	c
	e
	s
	s
	 
	m
	e
	s
	s
	a
	g
	e
	 
	w
	h
	i
	l
	e
	 
	t
	h
	e
	 
	r
	e
	f
	e
	r
	e
	n
	c
	e
	 
	d
	o
	e
	s
	.
	N
	O
	T
	E
	:
	 
	Y
	o
	u
	r
	 
	s
	u
	c
	c
	e
	s
	s
	 
	m
	e
	s
	s
	a
	g
	e
	 
	m
	u
	s
	t
	 
	c
	o
	n
	t
	a
	i
	n
	 
	t
	h
	e
	 
	w
	o
	r
	d
	 
	"
	(
	S
	|
	s
	)
	u
	c
	c
	e
	e
	d
	e
	d
	"
	,
	 
	"
	(
	S
	|
	s
	)
	u
	c
	c
	e
	s
	s
	"
	,
	 
	"
	S
	U
	C
	C
	E
	S
	S
	"
	,
	 
	o
	r
	 
	"
	S
	U
	C
	C
	E
	E
	D
	E
	D
	"
	;
	 
	t
	h
	i
	s
	 
	c
	a
	n
	 
	b
	e
	 
	c
	h
	a
	n
	g
	e
	d
	 
	i
	n
	 
	r
	u
	n
	n
	e
	r
	.
	p
	y
	.
- Reference output:
	P
	a
	r
	s
	e
	 
	s
	u
	c
	c
	e
	e
	d
	e
	d
	,
	 
	f
	i
	n
	d
	i
	n
	g
	 
	1
	4
	 
	I
	L
	O
	C
	 
	o
	p
	e
	r
	a
	t
	i
	o
	n
	s
	.
- Your output:
	P
	O
	O
	 
	P
	O
	O
	O
	 
	P
	O
	O
	

	M
	u
	s
	t
	 
	s
	p
	e
	c
	i
	f
	y
	 
	a
	 
	f
	i
	l
	e
	 
	n
	a
	m
	e
	 
	a
	f
	t
	e
	r
	 
	t
	h
	e
	 
	f
	l
	a
	g
	.
❌ /clear/courses/comp412/students/ILOC/contributed/2013/lab3/s13_testpriorities.i failed!
- Summary:
	Y
	o
	u
	 
	i
	d
	e
	n
	t
	i
	f
	i
	e
	d
	 
	0
	/
	0
	 
	e
	r
	r
	o
	r
	s
	 
	c
	o
	r
	r
	e
	c
	t
	l
	y
	.
	Y
	o
	u
	 
	i
	d
	e
	n
	t
	i
	f
	i
	e
	d
	 
	0
	 
	c
	o
	r
	r
	e
	c
	t
	 
	l
	i
	n
	e
	s
	 
	a
	s
	 
	e
	r
	r
	o
	r
	s
	.
	Y
	o
	u
	 
	d
	o
	 
	n
	o
	t
	 
	h
	a
	v
	e
	 
	a
	 
	s
	u
	c
	c
	e
	s
	s
	 
	m
	e
	s
	s
	a
	g
	e
	 
	w
	h
	i
	l
	e
	 
	t
	h
	e
	 
	r
	e
	f
	e
	r
	e
	n
	c
	e
	 
	d
	o
	e
	s
	.
	N
	O
	T
	E
	:
	 
	Y
	o
	u
	r
	 
	s
	u
	c
	c
	e
	s
	s
	 
	m
	e
	s
	s
	a
	g
	e
	 
	m
	u
	s
	t
	 
	c
	o
	n
	t
	a
	i
	n
	 
	t
	h
	e
	 
	w
	o
	r
	d
	 
	"
	(
	S
	|
	s
	)
	u
	c
	c
	e
	e
	d
	e
	d
	"
	,
	 
	"
	(
	S
	|
	s
	)
	u
	c
	c
	e
	s
	s
	"
	,
	 
	"
	S
	U
	C
	C
	E
	S
	S
	"
	,
	 
	o
	r
	 
	"
	S
	U
	C
	C
	E
	E
	D
	E
	D
	"
	;
	 
	t
	h
	i
	s
	 
	c
	a
	n
	 
	b
	e
	 
	c
	h
	a
	n
	g
	e
	d
	 
	i
	n
	 
	r
	u
	n
	n
	e
	r
	.
	p
	y
	.
- Reference output:
	P
	a
	r
	s
	e
	 
	s
	u
	c
	c
	e
	e
	d
	e
	d
	,
	 
	f
	i
	n
	d
	i
	n
	g
	 
	2
	0
	 
	I
	L
	O
	C
	 
	o
	p
	e
	r
	a
	t
	i
	o
	n
	s
	.
- Your output:
	P
	O
	O
	 
	P
	O
	O
	O
	 
	P
	O
	O
	

	M
	u
	s
	t
	 
	s
	p
	e
	c
	i
	f
	y
	 
	a
	 
	f
	i
	l
	e
	 
	n
	a
	m
	e
	 
	a
	f
	t
	e
	r
	 
	t
	h
	e
	 
	f
	l
	a
	g
	.
❌ /clear/courses/comp412/students/ILOC/contributed/2013/lab3/s46_test.i failed!
- Summary:
	Y
	o
	u
	 
	i
	d
	e
	n
	t
	i
	f
	i
	e
	d
	 
	0
	/
	0
	 
	e
	r
	r
	o
	r
	s
	 
	c
	o
	r
	r
	e
	c
	t
	l
	y
	.
	Y
	o
	u
	 
	i
	d
	e
	n
	t
	i
	f
	i
	e
	d
	 
	0
	 
	c
	o
	r
	r
	e
	c
	t
	 
	l
	i
	n
	e
	s
	 
	a
	s
	 
	e
	r
	r
	o
	r
	s
	.
	Y
	o
	u
	 
	d
	o
	 
	n
	o
	t
	 
	h
	a
	v
	e
	 
	a
	 
	s
	u
	c
	c
	e
	s
	s
	 
	m
	e
	s
	s
	a
	g
	e
	 
	w
	h
	i
	l
	e
	 
	t
	h
	e
	 
	r
	e
	f
	e
	r
	e
	n
	c
	e
	 
	d
	o
	e
	s
	.
	N
	O
	T
	E
	:
	 
	Y
	o
	u
	r
	 
	s
	u
	c
	c
	e
	s
	s
	 
	m
	e
	s
	s
	a
	g
	e
	 
	m
	u
	s
	t
	 
	c
	o
	n
	t
	a
	i
	n
	 
	t
	h
	e
	 
	w
	o
	r
	d
	 
	"
	(
	S
	|
	s
	)
	u
	c
	c
	e
	e
	d
	e
	d
	"
	,
	 
	"
	(
	S
	|
	s
	)
	u
	c
	c
	e
	s
	s
	"
	,
	 
	"
	S
	U
	C
	C
	E
	S
	S
	"
	,
	 
	o
	r
	 
	"
	S
	U
	C
	C
	E
	E
	D
	E
	D
	"
	;
	 
	t
	h
	i
	s
	 
	c
	a
	n
	 
	b
	e
	 
	c
	h
	a
	n
	g
	e
	d
	 
	i
	n
	 
	r
	u
	n
	n
	e
	r
	.
	p
	y
	.
- Reference output:
	P
	a
	r
	s
	e
	 
	s
	u
	c
	c
	e
	e
	d
	e
	d
	,
	 
	f
	i
	n
	d
	i
	n
	g
	 
	1
	6
	 
	I
	L
	O
	C
	 
	o
	p
	e
	r
	a
	t
	i
	o
	n
	s
	.
- Your output:
	P
	O
	O
	 
	P
	O
	O
	O
	 
	P
	O
	O
	

	M
	u
	s
	t
	 
	s
	p
	e
	c
	i
	f
	y
	 
	a
	 
	f
	i
	l
	e
	 
	n
	a
	m
	e
	 
	a
	f
	t
	e
	r
	 
	t
	h
	e
	 
	f
	l
	a
	g
	.
❌ /clear/courses/comp412/students/ILOC/contributed/2013/lab3/s38_test.i failed!
- Summary:
	Y
	o
	u
	 
	i
	d
	e
	n
	t
	i
	f
	i
	e
	d
	 
	0
	/
	0
	 
	e
	r
	r
	o
	r
	s
	 
	c
	o
	r
	r
	e
	c
	t
	l
	y
	.
	Y
	o
	u
	 
	i
	d
	e
	n
	t
	i
	f
	i
	e
	d
	 
	0
	 
	c
	o
	r
	r
	e
	c
	t
	 
	l
	i
	n
	e
	s
	 
	a
	s
	 
	e
	r
	r
	o
	r
	s
	.
	Y
	o
	u
	 
	d
	o
	 
	n
	o
	t
	 
	h
	a
	v
	e
	 
	a
	 
	s
	u
	c
	c
	e
	s
	s
	 
	m
	e
	s
	s
	a
	g
	e
	 
	w
	h
	i
	l
	e
	 
	t
	h
	e
	 
	r
	e
	f
	e
	r
	e
	n
	c
	e
	 
	d
	o
	e
	s
	.
	N
	O
	T
	E
	:
	 
	Y
	o
	u
	r
	 
	s
	u
	c
	c
	e
	s
	s
	 
	m
	e
	s
	s
	a
	g
	e
	 
	m
	u
	s
	t
	 
	c
	o
	n
	t
	a
	i
	n
	 
	t
	h
	e
	 
	w
	o
	r
	d
	 
	"
	(
	S
	|
	s
	)
	u
	c
	c
	e
	e
	d
	e
	d
	"
	,
	 
	"
	(
	S
	|
	s
	)
	u
	c
	c
	e
	s
	s
	"
	,
	 
	"
	S
	U
	C
	C
	E
	S
	S
	"
	,
	 
	o
	r
	 
	"
	S
	U
	C
	C
	E
	E
	D
	E
	D
	"
	;
	 
	t
	h
	i
	s
	 
	c
	a
	n
	 
	b
	e
	 
	c
	h
	a
	n
	g
	e
	d
	 
	i
	n
	 
	r
	u
	n
	n
	e
	r
	.
	p
	y
	.
- Reference output:
	P
	a
	r
	s
	e
	 
	s
	u
	c
	c
	e
	e
	d
	e
	d
	,
	 
	f
	i
	n
	d
	i
	n
	g
	 
	2
	6
	 
	I
	L
	O
	C
	 
	o
	p
	e
	r
	a
	t
	i
	o
	n
	s
	.
- Your output:
	P
	O
	O
	 
	P
	O
	O
	O
	 
	P
	O
	O
	

	M
	u
	s
	t
	 
	s
	p
	e
	c
	i
	f
	y
	 
	a
	 
	f
	i
	l
	e
	 
	n
	a
	m
	e
	 
	a
	f
	t
	e
	r
	 
	t
	h
	e
	 
	f
	l
	a
	g
	.
❌ /clear/courses/comp412/students/ILOC/contributed/2013/lab3/s14_test.i failed!
- Summary:
	Y
	o
	u
	 
	i
	d
	e
	n
	t
	i
	f
	i
	e
	d
	 
	0
	/
	0
	 
	e
	r
	r
	o
	r
	s
	 
	c
	o
	r
	r
	e
	c
	t
	l
	y
	.
	Y
	o
	u
	 
	i
	d
	e
	n
	t
	i
	f
	i
	e
	d
	 
	0
	 
	c
	o
	r
	r
	e
	c
	t
	 
	l
	i
	n
	e
	s
	 
	a
	s
	 
	e
	r
	r
	o
	r
	s
	.
	Y
	o
	u
	 
	d
	o
	 
	n
	o
	t
	 
	h
	a
	v
	e
	 
	a
	 
	s
	u
	c
	c
	e
	s
	s
	 
	m
	e
	s
	s
	a
	g
	e
	 
	w
	h
	i
	l
	e
	 
	t
	h
	e
	 
	r
	e
	f
	e
	r
	e
	n
	c
	e
	 
	d
	o
	e
	s
	.
	N
	O
	T
	E
	:
	 
	Y
	o
	u
	r
	 
	s
	u
	c
	c
	e
	s
	s
	 
	m
	e
	s
	s
	a
	g
	e
	 
	m
	u
	s
	t
	 
	c
	o
	n
	t
	a
	i
	n
	 
	t
	h
	e
	 
	w
	o
	r
	d
	 
	"
	(
	S
	|
	s
	)
	u
	c
	c
	e
	e
	d
	e
	d
	"
	,
	 
	"
	(
	S
	|
	s
	)
	u
	c
	c
	e
	s
	s
	"
	,
	 
	"
	S
	U
	C
	C
	E
	S
	S
	"
	,
	 
	o
	r
	 
	"
	S
	U
	C
	C
	E
	E
	D
	E
	D
	"
	;
	 
	t
	h
	i
	s
	 
	c
	a
	n
	 
	b
	e
	 
	c
	h
	a
	n
	g
	e
	d
	 
	i
	n
	 
	r
	u
	n
	n
	e
	r
	.
	p
	y
	.
- Reference output:
	P
	a
	r
	s
	e
	 
	s
	u
	c
	c
	e
	e
	d
	e
	d
	,
	 
	f
	i
	n
	d
	i
	n
	g
	 
	1
	7
	 
	I
	L
	O
	C
	 
	o
	p
	e
	r
	a
	t
	i
	o
	n
	s
	.
- Your output:
	P
	O
	O
	 
	P
	O
	O
	O
	 
	P
	O
	O
	

	M
	u
	s
	t
	 
	s
	p
	e
	c
	i
	f
	y
	 
	a
	 
	f
	i
	l
	e
	 
	n
	a
	m
	e
	 
	a
	f
	t
	e
	r
	 
	t
	h
	e
	 
	f
	l
	a
	g
	.
❌ /clear/courses/comp412/students/ILOC/contributed/2013/lab3/s30_test.i failed!
- Summary:
	Y
	o
	u
	 
	i
	d
	e
	n
	t
	i
	f
	i
	e
	d
	 
	0
	/
	0
	 
	e
	r
	r
	o
	r
	s
	 
	c
	o
	r
	r
	e
	c
	t
	l
	y
	.
	Y
	o
	u
	 
	i
	d
	e
	n
	t
	i
	f
	i
	e
	d
	 
	0
	 
	c
	o
	r
	r
	e
	c
	t
	 
	l
	i
	n
	e
	s
	 
	a
	s
	 
	e
	r
	r
	o
	r
	s
	.
	Y
	o
	u
	 
	d
	o
	 
	n
	o
	t
	 
	h
	a
	v
	e
	 
	a
	 
	s
	u
	c
	c
	e
	s
	s
	 
	m
	e
	s
	s
	a
	g
	e
	 
	w
	h
	i
	l
	e
	 
	t
	h
	e
	 
	r
	e
	f
	e
	r
	e
	n
	c
	e
	 
	d
	o
	e
	s
	.
	N
	O
	T
	E
	:
	 
	Y
	o
	u
	r
	 
	s
	u
	c
	c
	e
	s
	s
	 
	m
	e
	s
	s
	a
	g
	e
	 
	m
	u
	s
	t
	 
	c
	o
	n
	t
	a
	i
	n
	 
	t
	h
	e
	 
	w
	o
	r
	d
	 
	"
	(
	S
	|
	s
	)
	u
	c
	c
	e
	e
	d
	e
	d
	"
	,
	 
	"
	(
	S
	|
	s
	)
	u
	c
	c
	e
	s
	s
	"
	,
	 
	"
	S
	U
	C
	C
	E
	S
	S
	"
	,
	 
	o
	r
	 
	"
	S
	U
	C
	C
	E
	E
	D
	E
	D
	"
	;
	 
	t
	h
	i
	s
	 
	c
	a
	n
	 
	b
	e
	 
	c
	h
	a
	n
	g
	e
	d
	 
	i
	n
	 
	r
	u
	n
	n
	e
	r
	.
	p
	y
	.
- Reference output:
	P
	a
	r
	s
	e
	 
	s
	u
	c
	c
	e
	e
	d
	e
	d
	,
	 
	f
	i
	n
	d
	i
	n
	g
	 
	3
	1
	 
	I
	L
	O
	C
	 
	o
	p
	e
	r
	a
	t
	i
	o
	n
	s
	.
- Your output:
	P
	O
	O
	 
	P
	O
	O
	O
	 
	P
	O
	O
	

	M
	u
	s
	t
	 
	s
	p
	e
	c
	i
	f
	y
	 
	a
	 
	f
	i
	l
	e
	 
	n
	a
	m
	e
	 
	a
	f
	t
	e
	r
	 
	t
	h
	e
	 
	f
	l
	a
	g
	.
❌ /clear/courses/comp412/students/ILOC/contributed/2013/lab3/s58_test.i failed!
- Summary:
	Y
	o
	u
	 
	i
	d
	e
	n
	t
	i
	f
	i
	e
	d
	 
	0
	/
	0
	 
	e
	r
	r
	o
	r
	s
	 
	c
	o
	r
	r
	e
	c
	t
	l
	y
	.
	Y
	o
	u
	 
	i
	d
	e
	n
	t
	i
	f
	i
	e
	d
	 
	0
	 
	c
	o
	r
	r
	e
	c
	t
	 
	l
	i
	n
	e
	s
	 
	a
	s
	 
	e
	r
	r
	o
	r
	s
	.
	Y
	o
	u
	 
	d
	o
	 
	n
	o
	t
	 
	h
	a
	v
	e
	 
	a
	 
	s
	u
	c
	c
	e
	s
	s
	 
	m
	e
	s
	s
	a
	g
	e
	 
	w
	h
	i
	l
	e
	 
	t
	h
	e
	 
	r
	e
	f
	e
	r
	e
	n
	c
	e
	 
	d
	o
	e
	s
	.
	N
	O
	T
	E
	:
	 
	Y
	o
	u
	r
	 
	s
	u
	c
	c
	e
	s
	s
	 
	m
	e
	s
	s
	a
	g
	e
	 
	m
	u
	s
	t
	 
	c
	o
	n
	t
	a
	i
	n
	 
	t
	h
	e
	 
	w
	o
	r
	d
	 
	"
	(
	S
	|
	s
	)
	u
	c
	c
	e
	e
	d
	e
	d
	"
	,
	 
	"
	(
	S
	|
	s
	)
	u
	c
	c
	e
	s
	s
	"
	,
	 
	"
	S
	U
	C
	C
	E
	S
	S
	"
	,
	 
	o
	r
	 
	"
	S
	U
	C
	C
	E
	E
	D
	E
	D
	"
	;
	 
	t
	h
	i
	s
	 
	c
	a
	n
	 
	b
	e
	 
	c
	h
	a
	n
	g
	e
	d
	 
	i
	n
	 
	r
	u
	n
	n
	e
	r
	.
	p
	y
	.
- Reference output:
	P
	a
	r
	s
	e
	 
	s
	u
	c
	c
	e
	e
	d
	e
	d
	,
	 
	f
	i
	n
	d
	i
	n
	g
	 
	4
	1
	 
	I
	L
	O
	C
	 
	o
	p
	e
	r
	a
	t
	i
	o
	n
	s
	.
- Your output:
	P
	O
	O
	 
	P
	O
	O
	O
	 
	P
	O
	O
	

	M
	u
	s
	t
	 
	s
	p
	e
	c
	i
	f
	y
	 
	a
	 
	f
	i
	l
	e
	 
	n
	a
	m
	e
	 
	a
	f
	t
	e
	r
	 
	t
	h
	e
	 
	f
	l
	a
	g
	.
❌ /clear/courses/comp412/students/ILOC/contributed/2013/lab3/s26_vectoradd_hard.i failed!
- Summary:
	Y
	o
	u
	 
	i
	d
	e
	n
	t
	i
	f
	i
	e
	d
	 
	0
	/
	0
	 
	e
	r
	r
	o
	r
	s
	 
	c
	o
	r
	r
	e
	c
	t
	l
	y
	.
	Y
	o
	u
	 
	i
	d
	e
	n
	t
	i
	f
	i
	e
	d
	 
	0
	 
	c
	o
	r
	r
	e
	c
	t
	 
	l
	i
	n
	e
	s
	 
	a
	s
	 
	e
	r
	r
	o
	r
	s
	.
	Y
	o
	u
	 
	d
	o
	 
	n
	o
	t
	 
	h
	a
	v
	e
	 
	a
	 
	s
	u
	c
	c
	e
	s
	s
	 
	m
	e
	s
	s
	a
	g
	e
	 
	w
	h
	i
	l
	e
	 
	t
	h
	e
	 
	r
	e
	f
	e
	r
	e
	n
	c
	e
	 
	d
	o
	e
	s
	.
	N
	O
	T
	E
	:
	 
	Y
	o
	u
	r
	 
	s
	u
	c
	c
	e
	s
	s
	 
	m
	e
	s
	s
	a
	g
	e
	 
	m
	u
	s
	t
	 
	c
	o
	n
	t
	a
	i
	n
	 
	t
	h
	e
	 
	w
	o
	r
	d
	 
	"
	(
	S
	|
	s
	)
	u
	c
	c
	e
	e
	d
	e
	d
	"
	,
	 
	"
	(
	S
	|
	s
	)
	u
	c
	c
	e
	s
	s
	"
	,
	 
	"
	S
	U
	C
	C
	E
	S
	S
	"
	,
	 
	o
	r
	 
	"
	S
	U
	C
	C
	E
	E
	D
	E
	D
	"
	;
	 
	t
	h
	i
	s
	 
	c
	a
	n
	 
	b
	e
	 
	c
	h
	a
	n
	g
	e
	d
	 
	i
	n
	 
	r
	u
	n
	n
	e
	r
	.
	p
	y
	.
- Reference output:
	P
	a
	r
	s
	e
	 
	s
	u
	c
	c
	e
	e
	d
	e
	d
	,
	 
	f
	i
	n
	d
	i
	n
	g
	 
	1
	9
	 
	I
	L
	O
	C
	 
	o
	p
	e
	r
	a
	t
	i
	o
	n
	s
	.
- Your output:
	P
	O
	O
	 
	P
	O
	O
	O
	 
	P
	O
	O
	

	M
	u
	s
	t
	 
	s
	p
	e
	c
	i
	f
	y
	 
	a
	 
	f
	i
	l
	e
	 
	n
	a
	m
	e
	 
	a
	f
	t
	e
	r
	 
	t
	h
	e
	 
	f
	l
	a
	g
	.
❌ /clear/courses/comp412/students/ILOC/contributed/2013/lab3/s26_vectoradd_easy.i failed!
- Summary:
	Y
	o
	u
	 
	i
	d
	e
	n
	t
	i
	f
	i
	e
	d
	 
	0
	/
	0
	 
	e
	r
	r
	o
	r
	s
	 
	c
	o
	r
	r
	e
	c
	t
	l
	y
	.
	Y
	o
	u
	 
	i
	d
	e
	n
	t
	i
	f
	i
	e
	d
	 
	0
	 
	c
	o
	r
	r
	e
	c
	t
	 
	l
	i
	n
	e
	s
	 
	a
	s
	 
	e
	r
	r
	o
	r
	s
	.
	Y
	o
	u
	 
	d
	o
	 
	n
	o
	t
	 
	h
	a
	v
	e
	 
	a
	 
	s
	u
	c
	c
	e
	s
	s
	 
	m
	e
	s
	s
	a
	g
	e
	 
	w
	h
	i
	l
	e
	 
	t
	h
	e
	 
	r
	e
	f
	e
	r
	e
	n
	c
	e
	 
	d
	o
	e
	s
	.
	N
	O
	T
	E
	:
	 
	Y
	o
	u
	r
	 
	s
	u
	c
	c
	e
	s
	s
	 
	m
	e
	s
	s
	a
	g
	e
	 
	m
	u
	s
	t
	 
	c
	o
	n
	t
	a
	i
	n
	 
	t
	h
	e
	 
	w
	o
	r
	d
	 
	"
	(
	S
	|
	s
	)
	u
	c
	c
	e
	e
	d
	e
	d
	"
	,
	 
	"
	(
	S
	|
	s
	)
	u
	c
	c
	e
	s
	s
	"
	,
	 
	"
	S
	U
	C
	C
	E
	S
	S
	"
	,
	 
	o
	r
	 
	"
	S
	U
	C
	C
	E
	E
	D
	E
	D
	"
	;
	 
	t
	h
	i
	s
	 
	c
	a
	n
	 
	b
	e
	 
	c
	h
	a
	n
	g
	e
	d
	 
	i
	n
	 
	r
	u
	n
	n
	e
	r
	.
	p
	y
	.
- Reference output:
	P
	a
	r
	s
	e
	 
	s
	u
	c
	c
	e
	e
	d
	e
	d
	,
	 
	f
	i
	n
	d
	i
	n
	g
	 
	1
	6
	 
	I
	L
	O
	C
	 
	o
	p
	e
	r
	a
	t
	i
	o
	n
	s
	.
- Your output:
	P
	O
	O
	 
	P
	O
	O
	O
	 
	P
	O
	O
	

	M
	u
	s
	t
	 
	s
	p
	e
	c
	i
	f
	y
	 
	a
	 
	f
	i
	l
	e
	 
	n
	a
	m
	e
	 
	a
	f
	t
	e
	r
	 
	t
	h
	e
	 
	f
	l
	a
	g
	.
❌ /clear/courses/comp412/students/ILOC/contributed/2013/lab3/s02_memory_disambiguation_1.i failed!
- Summary:
	Y
	o
	u
	 
	i
	d
	e
	n
	t
	i
	f
	i
	e
	d
	 
	0
	/
	0
	 
	e
	r
	r
	o
	r
	s
	 
	c
	o
	r
	r
	e
	c
	t
	l
	y
	.
	Y
	o
	u
	 
	i
	d
	e
	n
	t
	i
	f
	i
	e
	d
	 
	0
	 
	c
	o
	r
	r
	e
	c
	t
	 
	l
	i
	n
	e
	s
	 
	a
	s
	 
	e
	r
	r
	o
	r
	s
	.
	Y
	o
	u
	 
	d
	o
	 
	n
	o
	t
	 
	h
	a
	v
	e
	 
	a
	 
	s
	u
	c
	c
	e
	s
	s
	 
	m
	e
	s
	s
	a
	g
	e
	 
	w
	h
	i
	l
	e
	 
	t
	h
	e
	 
	r
	e
	f
	e
	r
	e
	n
	c
	e
	 
	d
	o
	e
	s
	.
	N
	O
	T
	E
	:
	 
	Y
	o
	u
	r
	 
	s
	u
	c
	c
	e
	s
	s
	 
	m
	e
	s
	s
	a
	g
	e
	 
	m
	u
	s
	t
	 
	c
	o
	n
	t
	a
	i
	n
	 
	t
	h
	e
	 
	w
	o
	r
	d
	 
	"
	(
	S
	|
	s
	)
	u
	c
	c
	e
	e
	d
	e
	d
	"
	,
	 
	"
	(
	S
	|
	s
	)
	u
	c
	c
	e
	s
	s
	"
	,
	 
	"
	S
	U
	C
	C
	E
	S
	S
	"
	,
	 
	o
	r
	 
	"
	S
	U
	C
	C
	E
	E
	D
	E
	D
	"
	;
	 
	t
	h
	i
	s
	 
	c
	a
	n
	 
	b
	e
	 
	c
	h
	a
	n
	g
	e
	d
	 
	i
	n
	 
	r
	u
	n
	n
	e
	r
	.
	p
	y
	.
- Reference output:
	P
	a
	r
	s
	e
	 
	s
	u
	c
	c
	e
	e
	d
	e
	d
	,
	 
	f
	i
	n
	d
	i
	n
	g
	 
	8
	 
	I
	L
	O
	C
	 
	o
	p
	e
	r
	a
	t
	i
	o
	n
	s
	.
- Your output:
	P
	O
	O
	 
	P
	O
	O
	O
	 
	P
	O
	O
	

	M
	u
	s
	t
	 
	s
	p
	e
	c
	i
	f
	y
	 
	a
	 
	f
	i
	l
	e
	 
	n
	a
	m
	e
	 
	a
	f
	t
	e
	r
	 
	t
	h
	e
	 
	f
	l
	a
	g
	.
❌ /clear/courses/comp412/students/ILOC/contributed/2013/lab3/s36_memoryconfusion.i failed!
- Summary:
	Y
	o
	u
	 
	i
	d
	e
	n
	t
	i
	f
	i
	e
	d
	 
	0
	/
	0
	 
	e
	r
	r
	o
	r
	s
	 
	c
	o
	r
	r
	e
	c
	t
	l
	y
	.
	Y
	o
	u
	 
	i
	d
	e
	n
	t
	i
	f
	i
	e
	d
	 
	0
	 
	c
	o
	r
	r
	e
	c
	t
	 
	l
	i
	n
	e
	s
	 
	a
	s
	 
	e
	r
	r
	o
	r
	s
	.
	Y
	o
	u
	 
	d
	o
	 
	n
	o
	t
	 
	h
	a
	v
	e
	 
	a
	 
	s
	u
	c
	c
	e
	s
	s
	 
	m
	e
	s
	s
	a
	g
	e
	 
	w
	h
	i
	l
	e
	 
	t
	h
	e
	 
	r
	e
	f
	e
	r
	e
	n
	c
	e
	 
	d
	o
	e
	s
	.
	N
	O
	T
	E
	:
	 
	Y
	o
	u
	r
	 
	s
	u
	c
	c
	e
	s
	s
	 
	m
	e
	s
	s
	a
	g
	e
	 
	m
	u
	s
	t
	 
	c
	o
	n
	t
	a
	i
	n
	 
	t
	h
	e
	 
	w
	o
	r
	d
	 
	"
	(
	S
	|
	s
	)
	u
	c
	c
	e
	e
	d
	e
	d
	"
	,
	 
	"
	(
	S
	|
	s
	)
	u
	c
	c
	e
	s
	s
	"
	,
	 
	"
	S
	U
	C
	C
	E
	S
	S
	"
	,
	 
	o
	r
	 
	"
	S
	U
	C
	C
	E
	E
	D
	E
	D
	"
	;
	 
	t
	h
	i
	s
	 
	c
	a
	n
	 
	b
	e
	 
	c
	h
	a
	n
	g
	e
	d
	 
	i
	n
	 
	r
	u
	n
	n
	e
	r
	.
	p
	y
	.
- Reference output:
	P
	a
	r
	s
	e
	 
	s
	u
	c
	c
	e
	e
	d
	e
	d
	,
	 
	f
	i
	n
	d
	i
	n
	g
	 
	1
	0
	 
	I
	L
	O
	C
	 
	o
	p
	e
	r
	a
	t
	i
	o
	n
	s
	.
- Your output:
	P
	O
	O
	 
	P
	O
	O
	O
	 
	P
	O
	O
	

	M
	u
	s
	t
	 
	s
	p
	e
	c
	i
	f
	y
	 
	a
	 
	f
	i
	l
	e
	 
	n
	a
	m
	e
	 
	a
	f
	t
	e
	r
	 
	t
	h
	e
	 
	f
	l
	a
	g
	.
❌ /clear/courses/comp412/students/ILOC/contributed/2013/lab3/s48_crowdedStore.i failed!
- Summary:
	Y
	o
	u
	 
	i
	d
	e
	n
	t
	i
	f
	i
	e
	d
	 
	0
	/
	0
	 
	e
	r
	r
	o
	r
	s
	 
	c
	o
	r
	r
	e
	c
	t
	l
	y
	.
	Y
	o
	u
	 
	i
	d
	e
	n
	t
	i
	f
	i
	e
	d
	 
	0
	 
	c
	o
	r
	r
	e
	c
	t
	 
	l
	i
	n
	e
	s
	 
	a
	s
	 
	e
	r
	r
	o
	r
	s
	.
	Y
	o
	u
	 
	d
	o
	 
	n
	o
	t
	 
	h
	a
	v
	e
	 
	a
	 
	s
	u
	c
	c
	e
	s
	s
	 
	m
	e
	s
	s
	a
	g
	e
	 
	w
	h
	i
	l
	e
	 
	t
	h
	e
	 
	r
	e
	f
	e
	r
	e
	n
	c
	e
	 
	d
	o
	e
	s
	.
	N
	O
	T
	E
	:
	 
	Y
	o
	u
	r
	 
	s
	u
	c
	c
	e
	s
	s
	 
	m
	e
	s
	s
	a
	g
	e
	 
	m
	u
	s
	t
	 
	c
	o
	n
	t
	a
	i
	n
	 
	t
	h
	e
	 
	w
	o
	r
	d
	 
	"
	(
	S
	|
	s
	)
	u
	c
	c
	e
	e
	d
	e
	d
	"
	,
	 
	"
	(
	S
	|
	s
	)
	u
	c
	c
	e
	s
	s
	"
	,
	 
	"
	S
	U
	C
	C
	E
	S
	S
	"
	,
	 
	o
	r
	 
	"
	S
	U
	C
	C
	E
	E
	D
	E
	D
	"
	;
	 
	t
	h
	i
	s
	 
	c
	a
	n
	 
	b
	e
	 
	c
	h
	a
	n
	g
	e
	d
	 
	i
	n
	 
	r
	u
	n
	n
	e
	r
	.
	p
	y
	.
- Reference output:
	P
	a
	r
	s
	e
	 
	s
	u
	c
	c
	e
	e
	d
	e
	d
	,
	 
	f
	i
	n
	d
	i
	n
	g
	 
	3
	5
	 
	I
	L
	O
	C
	 
	o
	p
	e
	r
	a
	t
	i
	o
	n
	s
	.
- Your output:
	P
	O
	O
	 
	P
	O
	O
	O
	 
	P
	O
	O
	

	M
	u
	s
	t
	 
	s
	p
	e
	c
	i
	f
	y
	 
	a
	 
	f
	i
	l
	e
	 
	n
	a
	m
	e
	 
	a
	f
	t
	e
	r
	 
	t
	h
	e
	 
	f
	l
	a
	g
	.
❌ /clear/courses/comp412/students/ILOC/contributed/2013/lab3/s47_test.i failed!
- Summary:
	Y
	o
	u
	 
	i
	d
	e
	n
	t
	i
	f
	i
	e
	d
	 
	0
	/
	0
	 
	e
	r
	r
	o
	r
	s
	 
	c
	o
	r
	r
	e
	c
	t
	l
	y
	.
	Y
	o
	u
	 
	i
	d
	e
	n
	t
	i
	f
	i
	e
	d
	 
	0
	 
	c
	o
	r
	r
	e
	c
	t
	 
	l
	i
	n
	e
	s
	 
	a
	s
	 
	e
	r
	r
	o
	r
	s
	.
	Y
	o
	u
	 
	d
	o
	 
	n
	o
	t
	 
	h
	a
	v
	e
	 
	a
	 
	s
	u
	c
	c
	e
	s
	s
	 
	m
	e
	s
	s
	a
	g
	e
	 
	w
	h
	i
	l
	e
	 
	t
	h
	e
	 
	r
	e
	f
	e
	r
	e
	n
	c
	e
	 
	d
	o
	e
	s
	.
	N
	O
	T
	E
	:
	 
	Y
	o
	u
	r
	 
	s
	u
	c
	c
	e
	s
	s
	 
	m
	e
	s
	s
	a
	g
	e
	 
	m
	u
	s
	t
	 
	c
	o
	n
	t
	a
	i
	n
	 
	t
	h
	e
	 
	w
	o
	r
	d
	 
	"
	(
	S
	|
	s
	)
	u
	c
	c
	e
	e
	d
	e
	d
	"
	,
	 
	"
	(
	S
	|
	s
	)
	u
	c
	c
	e
	s
	s
	"
	,
	 
	"
	S
	U
	C
	C
	E
	S
	S
	"
	,
	 
	o
	r
	 
	"
	S
	U
	C
	C
	E
	E
	D
	E
	D
	"
	;
	 
	t
	h
	i
	s
	 
	c
	a
	n
	 
	b
	e
	 
	c
	h
	a
	n
	g
	e
	d
	 
	i
	n
	 
	r
	u
	n
	n
	e
	r
	.
	p
	y
	.
- Reference output:
	P
	a
	r
	s
	e
	 
	s
	u
	c
	c
	e
	e
	d
	e
	d
	,
	 
	f
	i
	n
	d
	i
	n
	g
	 
	1
	6
	 
	I
	L
	O
	C
	 
	o
	p
	e
	r
	a
	t
	i
	o
	n
	s
	.
- Your output:
	P
	O
	O
	 
	P
	O
	O
	O
	 
	P
	O
	O
	

	M
	u
	s
	t
	 
	s
	p
	e
	c
	i
	f
	y
	 
	a
	 
	f
	i
	l
	e
	 
	n
	a
	m
	e
	 
	a
	f
	t
	e
	r
	 
	t
	h
	e
	 
	f
	l
	a
	g
	.
❌ /clear/courses/comp412/students/ILOC/contributed/2013/lab3/s10_dependency_test.i failed!
- Summary:
	Y
	o
	u
	 
	i
	d
	e
	n
	t
	i
	f
	i
	e
	d
	 
	0
	/
	0
	 
	e
	r
	r
	o
	r
	s
	 
	c
	o
	r
	r
	e
	c
	t
	l
	y
	.
	Y
	o
	u
	 
	i
	d
	e
	n
	t
	i
	f
	i
	e
	d
	 
	0
	 
	c
	o
	r
	r
	e
	c
	t
	 
	l
	i
	n
	e
	s
	 
	a
	s
	 
	e
	r
	r
	o
	r
	s
	.
	Y
	o
	u
	 
	d
	o
	 
	n
	o
	t
	 
	h
	a
	v
	e
	 
	a
	 
	s
	u
	c
	c
	e
	s
	s
	 
	m
	e
	s
	s
	a
	g
	e
	 
	w
	h
	i
	l
	e
	 
	t
	h
	e
	 
	r
	e
	f
	e
	r
	e
	n
	c
	e
	 
	d
	o
	e
	s
	.
	N
	O
	T
	E
	:
	 
	Y
	o
	u
	r
	 
	s
	u
	c
	c
	e
	s
	s
	 
	m
	e
	s
	s
	a
	g
	e
	 
	m
	u
	s
	t
	 
	c
	o
	n
	t
	a
	i
	n
	 
	t
	h
	e
	 
	w
	o
	r
	d
	 
	"
	(
	S
	|
	s
	)
	u
	c
	c
	e
	e
	d
	e
	d
	"
	,
	 
	"
	(
	S
	|
	s
	)
	u
	c
	c
	e
	s
	s
	"
	,
	 
	"
	S
	U
	C
	C
	E
	S
	S
	"
	,
	 
	o
	r
	 
	"
	S
	U
	C
	C
	E
	E
	D
	E
	D
	"
	;
	 
	t
	h
	i
	s
	 
	c
	a
	n
	 
	b
	e
	 
	c
	h
	a
	n
	g
	e
	d
	 
	i
	n
	 
	r
	u
	n
	n
	e
	r
	.
	p
	y
	.
- Reference output:
	P
	a
	r
	s
	e
	 
	s
	u
	c
	c
	e
	e
	d
	e
	d
	,
	 
	f
	i
	n
	d
	i
	n
	g
	 
	1
	3
	 
	I
	L
	O
	C
	 
	o
	p
	e
	r
	a
	t
	i
	o
	n
	s
	.
- Your output:
	P
	O
	O
	 
	P
	O
	O
	O
	 
	P
	O
	O
	

	M
	u
	s
	t
	 
	s
	p
	e
	c
	i
	f
	y
	 
	a
	 
	f
	i
	l
	e
	 
	n
	a
	m
	e
	 
	a
	f
	t
	e
	r
	 
	t
	h
	e
	 
	f
	l
	a
	g
	.
❌ /clear/courses/comp412/students/ILOC/contributed/2013/lab3/s23_test.i failed!
- Summary:
	Y
	o
	u
	 
	i
	d
	e
	n
	t
	i
	f
	i
	e
	d
	 
	0
	/
	0
	 
	e
	r
	r
	o
	r
	s
	 
	c
	o
	r
	r
	e
	c
	t
	l
	y
	.
	Y
	o
	u
	 
	i
	d
	e
	n
	t
	i
	f
	i
	e
	d
	 
	0
	 
	c
	o
	r
	r
	e
	c
	t
	 
	l
	i
	n
	e
	s
	 
	a
	s
	 
	e
	r
	r
	o
	r
	s
	.
	Y
	o
	u
	 
	d
	o
	 
	n
	o
	t
	 
	h
	a
	v
	e
	 
	a
	 
	s
	u
	c
	c
	e
	s
	s
	 
	m
	e
	s
	s
	a
	g
	e
	 
	w
	h
	i
	l
	e
	 
	t
	h
	e
	 
	r
	e
	f
	e
	r
	e
	n
	c
	e
	 
	d
	o
	e
	s
	.
	N
	O
	T
	E
	:
	 
	Y
	o
	u
	r
	 
	s
	u
	c
	c
	e
	s
	s
	 
	m
	e
	s
	s
	a
	g
	e
	 
	m
	u
	s
	t
	 
	c
	o
	n
	t
	a
	i
	n
	 
	t
	h
	e
	 
	w
	o
	r
	d
	 
	"
	(
	S
	|
	s
	)
	u
	c
	c
	e
	e
	d
	e
	d
	"
	,
	 
	"
	(
	S
	|
	s
	)
	u
	c
	c
	e
	s
	s
	"
	,
	 
	"
	S
	U
	C
	C
	E
	S
	S
	"
	,
	 
	o
	r
	 
	"
	S
	U
	C
	C
	E
	E
	D
	E
	D
	"
	;
	 
	t
	h
	i
	s
	 
	c
	a
	n
	 
	b
	e
	 
	c
	h
	a
	n
	g
	e
	d
	 
	i
	n
	 
	r
	u
	n
	n
	e
	r
	.
	p
	y
	.
- Reference output:
	P
	a
	r
	s
	e
	 
	s
	u
	c
	c
	e
	e
	d
	e
	d
	,
	 
	f
	i
	n
	d
	i
	n
	g
	 
	1
	6
	 
	I
	L
	O
	C
	 
	o
	p
	e
	r
	a
	t
	i
	o
	n
	s
	.
- Your output:
	P
	O
	O
	 
	P
	O
	O
	O
	 
	P
	O
	O
	

	M
	u
	s
	t
	 
	s
	p
	e
	c
	i
	f
	y
	 
	a
	 
	f
	i
	l
	e
	 
	n
	a
	m
	e
	 
	a
	f
	t
	e
	r
	 
	t
	h
	e
	 
	f
	l
	a
	g
	.
❌ /clear/courses/comp412/students/ILOC/contributed/2013/lab3/s44_test.i failed!
- Summary:
	Y
	o
	u
	 
	i
	d
	e
	n
	t
	i
	f
	i
	e
	d
	 
	0
	/
	0
	 
	e
	r
	r
	o
	r
	s
	 
	c
	o
	r
	r
	e
	c
	t
	l
	y
	.
	Y
	o
	u
	 
	i
	d
	e
	n
	t
	i
	f
	i
	e
	d
	 
	0
	 
	c
	o
	r
	r
	e
	c
	t
	 
	l
	i
	n
	e
	s
	 
	a
	s
	 
	e
	r
	r
	o
	r
	s
	.
	Y
	o
	u
	 
	d
	o
	 
	n
	o
	t
	 
	h
	a
	v
	e
	 
	a
	 
	s
	u
	c
	c
	e
	s
	s
	 
	m
	e
	s
	s
	a
	g
	e
	 
	w
	h
	i
	l
	e
	 
	t
	h
	e
	 
	r
	e
	f
	e
	r
	e
	n
	c
	e
	 
	d
	o
	e
	s
	.
	N
	O
	T
	E
	:
	 
	Y
	o
	u
	r
	 
	s
	u
	c
	c
	e
	s
	s
	 
	m
	e
	s
	s
	a
	g
	e
	 
	m
	u
	s
	t
	 
	c
	o
	n
	t
	a
	i
	n
	 
	t
	h
	e
	 
	w
	o
	r
	d
	 
	"
	(
	S
	|
	s
	)
	u
	c
	c
	e
	e
	d
	e
	d
	"
	,
	 
	"
	(
	S
	|
	s
	)
	u
	c
	c
	e
	s
	s
	"
	,
	 
	"
	S
	U
	C
	C
	E
	S
	S
	"
	,
	 
	o
	r
	 
	"
	S
	U
	C
	C
	E
	E
	D
	E
	D
	"
	;
	 
	t
	h
	i
	s
	 
	c
	a
	n
	 
	b
	e
	 
	c
	h
	a
	n
	g
	e
	d
	 
	i
	n
	 
	r
	u
	n
	n
	e
	r
	.
	p
	y
	.
- Reference output:
	P
	a
	r
	s
	e
	 
	s
	u
	c
	c
	e
	e
	d
	e
	d
	,
	 
	f
	i
	n
	d
	i
	n
	g
	 
	1
	7
	 
	I
	L
	O
	C
	 
	o
	p
	e
	r
	a
	t
	i
	o
	n
	s
	.
- Your output:
	P
	O
	O
	 
	P
	O
	O
	O
	 
	P
	O
	O
	

	M
	u
	s
	t
	 
	s
	p
	e
	c
	i
	f
	y
	 
	a
	 
	f
	i
	l
	e
	 
	n
	a
	m
	e
	 
	a
	f
	t
	e
	r
	 
	t
	h
	e
	 
	f
	l
	a
	g
	.
❌ /clear/courses/comp412/students/ILOC/contributed/2013/lab3/s15_test.i failed!
- Summary:
	Y
	o
	u
	 
	i
	d
	e
	n
	t
	i
	f
	i
	e
	d
	 
	0
	/
	0
	 
	e
	r
	r
	o
	r
	s
	 
	c
	o
	r
	r
	e
	c
	t
	l
	y
	.
	Y
	o
	u
	 
	i
	d
	e
	n
	t
	i
	f
	i
	e
	d
	 
	0
	 
	c
	o
	r
	r
	e
	c
	t
	 
	l
	i
	n
	e
	s
	 
	a
	s
	 
	e
	r
	r
	o
	r
	s
	.
	Y
	o
	u
	 
	d
	o
	 
	n
	o
	t
	 
	h
	a
	v
	e
	 
	a
	 
	s
	u
	c
	c
	e
	s
	s
	 
	m
	e
	s
	s
	a
	g
	e
	 
	w
	h
	i
	l
	e
	 
	t
	h
	e
	 
	r
	e
	f
	e
	r
	e
	n
	c
	e
	 
	d
	o
	e
	s
	.
	N
	O
	T
	E
	:
	 
	Y
	o
	u
	r
	 
	s
	u
	c
	c
	e
	s
	s
	 
	m
	e
	s
	s
	a
	g
	e
	 
	m
	u
	s
	t
	 
	c
	o
	n
	t
	a
	i
	n
	 
	t
	h
	e
	 
	w
	o
	r
	d
	 
	"
	(
	S
	|
	s
	)
	u
	c
	c
	e
	e
	d
	e
	d
	"
	,
	 
	"
	(
	S
	|
	s
	)
	u
	c
	c
	e
	s
	s
	"
	,
	 
	"
	S
	U
	C
	C
	E
	S
	S
	"
	,
	 
	o
	r
	 
	"
	S
	U
	C
	C
	E
	E
	D
	E
	D
	"
	;
	 
	t
	h
	i
	s
	 
	c
	a
	n
	 
	b
	e
	 
	c
	h
	a
	n
	g
	e
	d
	 
	i
	n
	 
	r
	u
	n
	n
	e
	r
	.
	p
	y
	.
- Reference output:
	P
	a
	r
	s
	e
	 
	s
	u
	c
	c
	e
	e
	d
	e
	d
	,
	 
	f
	i
	n
	d
	i
	n
	g
	 
	8
	 
	I
	L
	O
	C
	 
	o
	p
	e
	r
	a
	t
	i
	o
	n
	s
	.
- Your output:
	P
	O
	O
	 
	P
	O
	O
	O
	 
	P
	O
	O
	

	M
	u
	s
	t
	 
	s
	p
	e
	c
	i
	f
	y
	 
	a
	 
	f
	i
	l
	e
	 
	n
	a
	m
	e
	 
	a
	f
	t
	e
	r
	 
	t
	h
	e
	 
	f
	l
	a
	g
	.
❌ /clear/courses/comp412/students/ILOC/contributed/2013/lab3/s33_test.i failed!
- Summary:
	Y
	o
	u
	 
	i
	d
	e
	n
	t
	i
	f
	i
	e
	d
	 
	0
	/
	0
	 
	e
	r
	r
	o
	r
	s
	 
	c
	o
	r
	r
	e
	c
	t
	l
	y
	.
	Y
	o
	u
	 
	i
	d
	e
	n
	t
	i
	f
	i
	e
	d
	 
	0
	 
	c
	o
	r
	r
	e
	c
	t
	 
	l
	i
	n
	e
	s
	 
	a
	s
	 
	e
	r
	r
	o
	r
	s
	.
	Y
	o
	u
	 
	d
	o
	 
	n
	o
	t
	 
	h
	a
	v
	e
	 
	a
	 
	s
	u
	c
	c
	e
	s
	s
	 
	m
	e
	s
	s
	a
	g
	e
	 
	w
	h
	i
	l
	e
	 
	t
	h
	e
	 
	r
	e
	f
	e
	r
	e
	n
	c
	e
	 
	d
	o
	e
	s
	.
	N
	O
	T
	E
	:
	 
	Y
	o
	u
	r
	 
	s
	u
	c
	c
	e
	s
	s
	 
	m
	e
	s
	s
	a
	g
	e
	 
	m
	u
	s
	t
	 
	c
	o
	n
	t
	a
	i
	n
	 
	t
	h
	e
	 
	w
	o
	r
	d
	 
	"
	(
	S
	|
	s
	)
	u
	c
	c
	e
	e
	d
	e
	d
	"
	,
	 
	"
	(
	S
	|
	s
	)
	u
	c
	c
	e
	s
	s
	"
	,
	 
	"
	S
	U
	C
	C
	E
	S
	S
	"
	,
	 
	o
	r
	 
	"
	S
	U
	C
	C
	E
	E
	D
	E
	D
	"
	;
	 
	t
	h
	i
	s
	 
	c
	a
	n
	 
	b
	e
	 
	c
	h
	a
	n
	g
	e
	d
	 
	i
	n
	 
	r
	u
	n
	n
	e
	r
	.
	p
	y
	.
- Reference output:
	P
	a
	r
	s
	e
	 
	s
	u
	c
	c
	e
	e
	d
	e
	d
	,
	 
	f
	i
	n
	d
	i
	n
	g
	 
	8
	 
	I
	L
	O
	C
	 
	o
	p
	e
	r
	a
	t
	i
	o
	n
	s
	.
- Your output:
	P
	O
	O
	 
	P
	O
	O
	O
	 
	P
	O
	O
	

	M
	u
	s
	t
	 
	s
	p
	e
	c
	i
	f
	y
	 
	a
	 
	f
	i
	l
	e
	 
	n
	a
	m
	e
	 
	a
	f
	t
	e
	r
	 
	t
	h
	e
	 
	f
	l
	a
	g
	.
❌ /clear/courses/comp412/students/ILOC/contributed/2013/lab3/s02_memory_disambiguation_2.i failed!
- Summary:
	Y
	o
	u
	 
	i
	d
	e
	n
	t
	i
	f
	i
	e
	d
	 
	0
	/
	0
	 
	e
	r
	r
	o
	r
	s
	 
	c
	o
	r
	r
	e
	c
	t
	l
	y
	.
	Y
	o
	u
	 
	i
	d
	e
	n
	t
	i
	f
	i
	e
	d
	 
	0
	 
	c
	o
	r
	r
	e
	c
	t
	 
	l
	i
	n
	e
	s
	 
	a
	s
	 
	e
	r
	r
	o
	r
	s
	.
	Y
	o
	u
	 
	d
	o
	 
	n
	o
	t
	 
	h
	a
	v
	e
	 
	a
	 
	s
	u
	c
	c
	e
	s
	s
	 
	m
	e
	s
	s
	a
	g
	e
	 
	w
	h
	i
	l
	e
	 
	t
	h
	e
	 
	r
	e
	f
	e
	r
	e
	n
	c
	e
	 
	d
	o
	e
	s
	.
	N
	O
	T
	E
	:
	 
	Y
	o
	u
	r
	 
	s
	u
	c
	c
	e
	s
	s
	 
	m
	e
	s
	s
	a
	g
	e
	 
	m
	u
	s
	t
	 
	c
	o
	n
	t
	a
	i
	n
	 
	t
	h
	e
	 
	w
	o
	r
	d
	 
	"
	(
	S
	|
	s
	)
	u
	c
	c
	e
	e
	d
	e
	d
	"
	,
	 
	"
	(
	S
	|
	s
	)
	u
	c
	c
	e
	s
	s
	"
	,
	 
	"
	S
	U
	C
	C
	E
	S
	S
	"
	,
	 
	o
	r
	 
	"
	S
	U
	C
	C
	E
	E
	D
	E
	D
	"
	;
	 
	t
	h
	i
	s
	 
	c
	a
	n
	 
	b
	e
	 
	c
	h
	a
	n
	g
	e
	d
	 
	i
	n
	 
	r
	u
	n
	n
	e
	r
	.
	p
	y
	.
- Reference output:
	P
	a
	r
	s
	e
	 
	s
	u
	c
	c
	e
	e
	d
	e
	d
	,
	 
	f
	i
	n
	d
	i
	n
	g
	 
	1
	9
	 
	I
	L
	O
	C
	 
	o
	p
	e
	r
	a
	t
	i
	o
	n
	s
	.
- Your output:
	P
	O
	O
	 
	P
	O
	O
	O
	 
	P
	O
	O
	

	M
	u
	s
	t
	 
	s
	p
	e
	c
	i
	f
	y
	 
	a
	 
	f
	i
	l
	e
	 
	n
	a
	m
	e
	 
	a
	f
	t
	e
	r
	 
	t
	h
	e
	 
	f
	l
	a
	g
	.
❌ /clear/courses/comp412/students/ILOC/contributed/2013/lab3/s08_test.i failed!
- Summary:
	Y
	o
	u
	 
	i
	d
	e
	n
	t
	i
	f
	i
	e
	d
	 
	0
	/
	0
	 
	e
	r
	r
	o
	r
	s
	 
	c
	o
	r
	r
	e
	c
	t
	l
	y
	.
	Y
	o
	u
	 
	i
	d
	e
	n
	t
	i
	f
	i
	e
	d
	 
	0
	 
	c
	o
	r
	r
	e
	c
	t
	 
	l
	i
	n
	e
	s
	 
	a
	s
	 
	e
	r
	r
	o
	r
	s
	.
	Y
	o
	u
	 
	d
	o
	 
	n
	o
	t
	 
	h
	a
	v
	e
	 
	a
	 
	s
	u
	c
	c
	e
	s
	s
	 
	m
	e
	s
	s
	a
	g
	e
	 
	w
	h
	i
	l
	e
	 
	t
	h
	e
	 
	r
	e
	f
	e
	r
	e
	n
	c
	e
	 
	d
	o
	e
	s
	.
	N
	O
	T
	E
	:
	 
	Y
	o
	u
	r
	 
	s
	u
	c
	c
	e
	s
	s
	 
	m
	e
	s
	s
	a
	g
	e
	 
	m
	u
	s
	t
	 
	c
	o
	n
	t
	a
	i
	n
	 
	t
	h
	e
	 
	w
	o
	r
	d
	 
	"
	(
	S
	|
	s
	)
	u
	c
	c
	e
	e
	d
	e
	d
	"
	,
	 
	"
	(
	S
	|
	s
	)
	u
	c
	c
	e
	s
	s
	"
	,
	 
	"
	S
	U
	C
	C
	E
	S
	S
	"
	,
	 
	o
	r
	 
	"
	S
	U
	C
	C
	E
	E
	D
	E
	D
	"
	;
	 
	t
	h
	i
	s
	 
	c
	a
	n
	 
	b
	e
	 
	c
	h
	a
	n
	g
	e
	d
	 
	i
	n
	 
	r
	u
	n
	n
	e
	r
	.
	p
	y
	.
- Reference output:
	P
	a
	r
	s
	e
	 
	s
	u
	c
	c
	e
	e
	d
	e
	d
	,
	 
	f
	i
	n
	d
	i
	n
	g
	 
	9
	 
	I
	L
	O
	C
	 
	o
	p
	e
	r
	a
	t
	i
	o
	n
	s
	.
- Your output:
	P
	O
	O
	 
	P
	O
	O
	O
	 
	P
	O
	O
	

	M
	u
	s
	t
	 
	s
	p
	e
	c
	i
	f
	y
	 
	a
	 
	f
	i
	l
	e
	 
	n
	a
	m
	e
	 
	a
	f
	t
	e
	r
	 
	t
	h
	e
	 
	f
	l
	a
	g
	.
❌ /clear/courses/comp412/students/ILOC/contributed/2014/lab2/cal7.i failed!
- Summary:
	Y
	o
	u
	 
	i
	d
	e
	n
	t
	i
	f
	i
	e
	d
	 
	0
	/
	0
	 
	e
	r
	r
	o
	r
	s
	 
	c
	o
	r
	r
	e
	c
	t
	l
	y
	.
	Y
	o
	u
	 
	i
	d
	e
	n
	t
	i
	f
	i
	e
	d
	 
	0
	 
	c
	o
	r
	r
	e
	c
	t
	 
	l
	i
	n
	e
	s
	 
	a
	s
	 
	e
	r
	r
	o
	r
	s
	.
	Y
	o
	u
	 
	d
	o
	 
	n
	o
	t
	 
	h
	a
	v
	e
	 
	a
	 
	s
	u
	c
	c
	e
	s
	s
	 
	m
	e
	s
	s
	a
	g
	e
	 
	w
	h
	i
	l
	e
	 
	t
	h
	e
	 
	r
	e
	f
	e
	r
	e
	n
	c
	e
	 
	d
	o
	e
	s
	.
	N
	O
	T
	E
	:
	 
	Y
	o
	u
	r
	 
	s
	u
	c
	c
	e
	s
	s
	 
	m
	e
	s
	s
	a
	g
	e
	 
	m
	u
	s
	t
	 
	c
	o
	n
	t
	a
	i
	n
	 
	t
	h
	e
	 
	w
	o
	r
	d
	 
	"
	(
	S
	|
	s
	)
	u
	c
	c
	e
	e
	d
	e
	d
	"
	,
	 
	"
	(
	S
	|
	s
	)
	u
	c
	c
	e
	s
	s
	"
	,
	 
	"
	S
	U
	C
	C
	E
	S
	S
	"
	,
	 
	o
	r
	 
	"
	S
	U
	C
	C
	E
	E
	D
	E
	D
	"
	;
	 
	t
	h
	i
	s
	 
	c
	a
	n
	 
	b
	e
	 
	c
	h
	a
	n
	g
	e
	d
	 
	i
	n
	 
	r
	u
	n
	n
	e
	r
	.
	p
	y
	.
- Reference output:
	P
	a
	r
	s
	e
	 
	s
	u
	c
	c
	e
	e
	d
	e
	d
	,
	 
	f
	i
	n
	d
	i
	n
	g
	 
	1
	4
	 
	I
	L
	O
	C
	 
	o
	p
	e
	r
	a
	t
	i
	o
	n
	s
	.
- Your output:
	P
	O
	O
	 
	P
	O
	O
	O
	 
	P
	O
	O
	

	M
	u
	s
	t
	 
	s
	p
	e
	c
	i
	f
	y
	 
	a
	 
	f
	i
	l
	e
	 
	n
	a
	m
	e
	 
	a
	f
	t
	e
	r
	 
	t
	h
	e
	 
	f
	l
	a
	g
	.
❌ /clear/courses/comp412/students/ILOC/contributed/2014/lab2/jjc6.i failed!
- Summary:
	Y
	o
	u
	 
	i
	d
	e
	n
	t
	i
	f
	i
	e
	d
	 
	0
	/
	0
	 
	e
	r
	r
	o
	r
	s
	 
	c
	o
	r
	r
	e
	c
	t
	l
	y
	.
	Y
	o
	u
	 
	i
	d
	e
	n
	t
	i
	f
	i
	e
	d
	 
	0
	 
	c
	o
	r
	r
	e
	c
	t
	 
	l
	i
	n
	e
	s
	 
	a
	s
	 
	e
	r
	r
	o
	r
	s
	.
	Y
	o
	u
	 
	d
	o
	 
	n
	o
	t
	 
	h
	a
	v
	e
	 
	a
	 
	s
	u
	c
	c
	e
	s
	s
	 
	m
	e
	s
	s
	a
	g
	e
	 
	w
	h
	i
	l
	e
	 
	t
	h
	e
	 
	r
	e
	f
	e
	r
	e
	n
	c
	e
	 
	d
	o
	e
	s
	.
	N
	O
	T
	E
	:
	 
	Y
	o
	u
	r
	 
	s
	u
	c
	c
	e
	s
	s
	 
	m
	e
	s
	s
	a
	g
	e
	 
	m
	u
	s
	t
	 
	c
	o
	n
	t
	a
	i
	n
	 
	t
	h
	e
	 
	w
	o
	r
	d
	 
	"
	(
	S
	|
	s
	)
	u
	c
	c
	e
	e
	d
	e
	d
	"
	,
	 
	"
	(
	S
	|
	s
	)
	u
	c
	c
	e
	s
	s
	"
	,
	 
	"
	S
	U
	C
	C
	E
	S
	S
	"
	,
	 
	o
	r
	 
	"
	S
	U
	C
	C
	E
	E
	D
	E
	D
	"
	;
	 
	t
	h
	i
	s
	 
	c
	a
	n
	 
	b
	e
	 
	c
	h
	a
	n
	g
	e
	d
	 
	i
	n
	 
	r
	u
	n
	n
	e
	r
	.
	p
	y
	.
- Reference output:
	P
	a
	r
	s
	e
	 
	s
	u
	c
	c
	e
	e
	d
	e
	d
	,
	 
	f
	i
	n
	d
	i
	n
	g
	 
	9
	 
	I
	L
	O
	C
	 
	o
	p
	e
	r
	a
	t
	i
	o
	n
	s
	.
- Your output:
	P
	O
	O
	 
	P
	O
	O
	O
	 
	P
	O
	O
	

	M
	u
	s
	t
	 
	s
	p
	e
	c
	i
	f
	y
	 
	a
	 
	f
	i
	l
	e
	 
	n
	a
	m
	e
	 
	a
	f
	t
	e
	r
	 
	t
	h
	e
	 
	f
	l
	a
	g
	.
❌ /clear/courses/comp412/students/ILOC/contributed/2014/lab2/yp10.i failed!
- Summary:
	Y
	o
	u
	 
	i
	d
	e
	n
	t
	i
	f
	i
	e
	d
	 
	0
	/
	0
	 
	e
	r
	r
	o
	r
	s
	 
	c
	o
	r
	r
	e
	c
	t
	l
	y
	.
	Y
	o
	u
	 
	i
	d
	e
	n
	t
	i
	f
	i
	e
	d
	 
	0
	 
	c
	o
	r
	r
	e
	c
	t
	 
	l
	i
	n
	e
	s
	 
	a
	s
	 
	e
	r
	r
	o
	r
	s
	.
	Y
	o
	u
	 
	d
	o
	 
	n
	o
	t
	 
	h
	a
	v
	e
	 
	a
	 
	s
	u
	c
	c
	e
	s
	s
	 
	m
	e
	s
	s
	a
	g
	e
	 
	w
	h
	i
	l
	e
	 
	t
	h
	e
	 
	r
	e
	f
	e
	r
	e
	n
	c
	e
	 
	d
	o
	e
	s
	.
	N
	O
	T
	E
	:
	 
	Y
	o
	u
	r
	 
	s
	u
	c
	c
	e
	s
	s
	 
	m
	e
	s
	s
	a
	g
	e
	 
	m
	u
	s
	t
	 
	c
	o
	n
	t
	a
	i
	n
	 
	t
	h
	e
	 
	w
	o
	r
	d
	 
	"
	(
	S
	|
	s
	)
	u
	c
	c
	e
	e
	d
	e
	d
	"
	,
	 
	"
	(
	S
	|
	s
	)
	u
	c
	c
	e
	s
	s
	"
	,
	 
	"
	S
	U
	C
	C
	E
	S
	S
	"
	,
	 
	o
	r
	 
	"
	S
	U
	C
	C
	E
	E
	D
	E
	D
	"
	;
	 
	t
	h
	i
	s
	 
	c
	a
	n
	 
	b
	e
	 
	c
	h
	a
	n
	g
	e
	d
	 
	i
	n
	 
	r
	u
	n
	n
	e
	r
	.
	p
	y
	.
- Reference output:
	P
	a
	r
	s
	e
	 
	s
	u
	c
	c
	e
	e
	d
	e
	d
	,
	 
	f
	i
	n
	d
	i
	n
	g
	 
	2
	6
	 
	I
	L
	O
	C
	 
	o
	p
	e
	r
	a
	t
	i
	o
	n
	s
	.
- Your output:
	P
	O
	O
	 
	P
	O
	O
	O
	 
	P
	O
	O
	

	M
	u
	s
	t
	 
	s
	p
	e
	c
	i
	f
	y
	 
	a
	 
	f
	i
	l
	e
	 
	n
	a
	m
	e
	 
	a
	f
	t
	e
	r
	 
	t
	h
	e
	 
	f
	l
	a
	g
	.
❌ /clear/courses/comp412/students/ILOC/contributed/2014/lab2/wg7.i failed!
- Summary:
	Y
	o
	u
	 
	i
	d
	e
	n
	t
	i
	f
	i
	e
	d
	 
	0
	/
	0
	 
	e
	r
	r
	o
	r
	s
	 
	c
	o
	r
	r
	e
	c
	t
	l
	y
	.
	Y
	o
	u
	 
	i
	d
	e
	n
	t
	i
	f
	i
	e
	d
	 
	0
	 
	c
	o
	r
	r
	e
	c
	t
	 
	l
	i
	n
	e
	s
	 
	a
	s
	 
	e
	r
	r
	o
	r
	s
	.
	Y
	o
	u
	 
	d
	o
	 
	n
	o
	t
	 
	h
	a
	v
	e
	 
	a
	 
	s
	u
	c
	c
	e
	s
	s
	 
	m
	e
	s
	s
	a
	g
	e
	 
	w
	h
	i
	l
	e
	 
	t
	h
	e
	 
	r
	e
	f
	e
	r
	e
	n
	c
	e
	 
	d
	o
	e
	s
	.
	N
	O
	T
	E
	:
	 
	Y
	o
	u
	r
	 
	s
	u
	c
	c
	e
	s
	s
	 
	m
	e
	s
	s
	a
	g
	e
	 
	m
	u
	s
	t
	 
	c
	o
	n
	t
	a
	i
	n
	 
	t
	h
	e
	 
	w
	o
	r
	d
	 
	"
	(
	S
	|
	s
	)
	u
	c
	c
	e
	e
	d
	e
	d
	"
	,
	 
	"
	(
	S
	|
	s
	)
	u
	c
	c
	e
	s
	s
	"
	,
	 
	"
	S
	U
	C
	C
	E
	S
	S
	"
	,
	 
	o
	r
	 
	"
	S
	U
	C
	C
	E
	E
	D
	E
	D
	"
	;
	 
	t
	h
	i
	s
	 
	c
	a
	n
	 
	b
	e
	 
	c
	h
	a
	n
	g
	e
	d
	 
	i
	n
	 
	r
	u
	n
	n
	e
	r
	.
	p
	y
	.
- Reference output:
	P
	a
	r
	s
	e
	 
	s
	u
	c
	c
	e
	e
	d
	e
	d
	,
	 
	f
	i
	n
	d
	i
	n
	g
	 
	4
	7
	 
	I
	L
	O
	C
	 
	o
	p
	e
	r
	a
	t
	i
	o
	n
	s
	.
- Your output:
	P
	O
	O
	 
	P
	O
	O
	O
	 
	P
	O
	O
	

	M
	u
	s
	t
	 
	s
	p
	e
	c
	i
	f
	y
	 
	a
	 
	f
	i
	l
	e
	 
	n
	a
	m
	e
	 
	a
	f
	t
	e
	r
	 
	t
	h
	e
	 
	f
	l
	a
	g
	.
❌ /clear/courses/comp412/students/ILOC/contributed/2014/lab2/wan1.i failed!
- Summary:
	Y
	o
	u
	 
	i
	d
	e
	n
	t
	i
	f
	i
	e
	d
	 
	0
	/
	0
	 
	e
	r
	r
	o
	r
	s
	 
	c
	o
	r
	r
	e
	c
	t
	l
	y
	.
	Y
	o
	u
	 
	i
	d
	e
	n
	t
	i
	f
	i
	e
	d
	 
	0
	 
	c
	o
	r
	r
	e
	c
	t
	 
	l
	i
	n
	e
	s
	 
	a
	s
	 
	e
	r
	r
	o
	r
	s
	.
	Y
	o
	u
	 
	d
	o
	 
	n
	o
	t
	 
	h
	a
	v
	e
	 
	a
	 
	s
	u
	c
	c
	e
	s
	s
	 
	m
	e
	s
	s
	a
	g
	e
	 
	w
	h
	i
	l
	e
	 
	t
	h
	e
	 
	r
	e
	f
	e
	r
	e
	n
	c
	e
	 
	d
	o
	e
	s
	.
	N
	O
	T
	E
	:
	 
	Y
	o
	u
	r
	 
	s
	u
	c
	c
	e
	s
	s
	 
	m
	e
	s
	s
	a
	g
	e
	 
	m
	u
	s
	t
	 
	c
	o
	n
	t
	a
	i
	n
	 
	t
	h
	e
	 
	w
	o
	r
	d
	 
	"
	(
	S
	|
	s
	)
	u
	c
	c
	e
	e
	d
	e
	d
	"
	,
	 
	"
	(
	S
	|
	s
	)
	u
	c
	c
	e
	s
	s
	"
	,
	 
	"
	S
	U
	C
	C
	E
	S
	S
	"
	,
	 
	o
	r
	 
	"
	S
	U
	C
	C
	E
	E
	D
	E
	D
	"
	;
	 
	t
	h
	i
	s
	 
	c
	a
	n
	 
	b
	e
	 
	c
	h
	a
	n
	g
	e
	d
	 
	i
	n
	 
	r
	u
	n
	n
	e
	r
	.
	p
	y
	.
- Reference output:
	P
	a
	r
	s
	e
	 
	s
	u
	c
	c
	e
	e
	d
	e
	d
	,
	 
	f
	i
	n
	d
	i
	n
	g
	 
	4
	0
	 
	I
	L
	O
	C
	 
	o
	p
	e
	r
	a
	t
	i
	o
	n
	s
	.
- Your output:
	P
	O
	O
	 
	P
	O
	O
	O
	 
	P
	O
	O
	

	M
	u
	s
	t
	 
	s
	p
	e
	c
	i
	f
	y
	 
	a
	 
	f
	i
	l
	e
	 
	n
	a
	m
	e
	 
	a
	f
	t
	e
	r
	 
	t
	h
	e
	 
	f
	l
	a
	g
	.
❌ /clear/courses/comp412/students/ILOC/contributed/2014/lab2/nbh2.i failed!
- Summary:
	Y
	o
	u
	 
	i
	d
	e
	n
	t
	i
	f
	i
	e
	d
	 
	0
	/
	0
	 
	e
	r
	r
	o
	r
	s
	 
	c
	o
	r
	r
	e
	c
	t
	l
	y
	.
	Y
	o
	u
	 
	i
	d
	e
	n
	t
	i
	f
	i
	e
	d
	 
	0
	 
	c
	o
	r
	r
	e
	c
	t
	 
	l
	i
	n
	e
	s
	 
	a
	s
	 
	e
	r
	r
	o
	r
	s
	.
	Y
	o
	u
	 
	d
	o
	 
	n
	o
	t
	 
	h
	a
	v
	e
	 
	a
	 
	s
	u
	c
	c
	e
	s
	s
	 
	m
	e
	s
	s
	a
	g
	e
	 
	w
	h
	i
	l
	e
	 
	t
	h
	e
	 
	r
	e
	f
	e
	r
	e
	n
	c
	e
	 
	d
	o
	e
	s
	.
	N
	O
	T
	E
	:
	 
	Y
	o
	u
	r
	 
	s
	u
	c
	c
	e
	s
	s
	 
	m
	e
	s
	s
	a
	g
	e
	 
	m
	u
	s
	t
	 
	c
	o
	n
	t
	a
	i
	n
	 
	t
	h
	e
	 
	w
	o
	r
	d
	 
	"
	(
	S
	|
	s
	)
	u
	c
	c
	e
	e
	d
	e
	d
	"
	,
	 
	"
	(
	S
	|
	s
	)
	u
	c
	c
	e
	s
	s
	"
	,
	 
	"
	S
	U
	C
	C
	E
	S
	S
	"
	,
	 
	o
	r
	 
	"
	S
	U
	C
	C
	E
	E
	D
	E
	D
	"
	;
	 
	t
	h
	i
	s
	 
	c
	a
	n
	 
	b
	e
	 
	c
	h
	a
	n
	g
	e
	d
	 
	i
	n
	 
	r
	u
	n
	n
	e
	r
	.
	p
	y
	.
- Reference output:
	P
	a
	r
	s
	e
	 
	s
	u
	c
	c
	e
	e
	d
	e
	d
	,
	 
	f
	i
	n
	d
	i
	n
	g
	 
	3
	0
	 
	I
	L
	O
	C
	 
	o
	p
	e
	r
	a
	t
	i
	o
	n
	s
	.
- Your output:
	P
	O
	O
	 
	P
	O
	O
	O
	 
	P
	O
	O
	

	M
	u
	s
	t
	 
	s
	p
	e
	c
	i
	f
	y
	 
	a
	 
	f
	i
	l
	e
	 
	n
	a
	m
	e
	 
	a
	f
	t
	e
	r
	 
	t
	h
	e
	 
	f
	l
	a
	g
	.
❌ /clear/courses/comp412/students/ILOC/contributed/2014/lab2/jfj2.i failed!
- Summary:
	Y
	o
	u
	 
	i
	d
	e
	n
	t
	i
	f
	i
	e
	d
	 
	0
	/
	0
	 
	e
	r
	r
	o
	r
	s
	 
	c
	o
	r
	r
	e
	c
	t
	l
	y
	.
	Y
	o
	u
	 
	i
	d
	e
	n
	t
	i
	f
	i
	e
	d
	 
	0
	 
	c
	o
	r
	r
	e
	c
	t
	 
	l
	i
	n
	e
	s
	 
	a
	s
	 
	e
	r
	r
	o
	r
	s
	.
	Y
	o
	u
	 
	d
	o
	 
	n
	o
	t
	 
	h
	a
	v
	e
	 
	a
	 
	s
	u
	c
	c
	e
	s
	s
	 
	m
	e
	s
	s
	a
	g
	e
	 
	w
	h
	i
	l
	e
	 
	t
	h
	e
	 
	r
	e
	f
	e
	r
	e
	n
	c
	e
	 
	d
	o
	e
	s
	.
	N
	O
	T
	E
	:
	 
	Y
	o
	u
	r
	 
	s
	u
	c
	c
	e
	s
	s
	 
	m
	e
	s
	s
	a
	g
	e
	 
	m
	u
	s
	t
	 
	c
	o
	n
	t
	a
	i
	n
	 
	t
	h
	e
	 
	w
	o
	r
	d
	 
	"
	(
	S
	|
	s
	)
	u
	c
	c
	e
	e
	d
	e
	d
	"
	,
	 
	"
	(
	S
	|
	s
	)
	u
	c
	c
	e
	s
	s
	"
	,
	 
	"
	S
	U
	C
	C
	E
	S
	S
	"
	,
	 
	o
	r
	 
	"
	S
	U
	C
	C
	E
	E
	D
	E
	D
	"
	;
	 
	t
	h
	i
	s
	 
	c
	a
	n
	 
	b
	e
	 
	c
	h
	a
	n
	g
	e
	d
	 
	i
	n
	 
	r
	u
	n
	n
	e
	r
	.
	p
	y
	.
- Reference output:
	P
	a
	r
	s
	e
	 
	s
	u
	c
	c
	e
	e
	d
	e
	d
	,
	 
	f
	i
	n
	d
	i
	n
	g
	 
	6
	7
	 
	I
	L
	O
	C
	 
	o
	p
	e
	r
	a
	t
	i
	o
	n
	s
	.
- Your output:
	P
	O
	O
	 
	P
	O
	O
	O
	 
	P
	O
	O
	

	M
	u
	s
	t
	 
	s
	p
	e
	c
	i
	f
	y
	 
	a
	 
	f
	i
	l
	e
	 
	n
	a
	m
	e
	 
	a
	f
	t
	e
	r
	 
	t
	h
	e
	 
	f
	l
	a
	g
	.
❌ /clear/courses/comp412/students/ILOC/contributed/2014/lab2/my12.i failed!
- Summary:
	Y
	o
	u
	 
	i
	d
	e
	n
	t
	i
	f
	i
	e
	d
	 
	0
	/
	0
	 
	e
	r
	r
	o
	r
	s
	 
	c
	o
	r
	r
	e
	c
	t
	l
	y
	.
	Y
	o
	u
	 
	i
	d
	e
	n
	t
	i
	f
	i
	e
	d
	 
	0
	 
	c
	o
	r
	r
	e
	c
	t
	 
	l
	i
	n
	e
	s
	 
	a
	s
	 
	e
	r
	r
	o
	r
	s
	.
	Y
	o
	u
	 
	d
	o
	 
	n
	o
	t
	 
	h
	a
	v
	e
	 
	a
	 
	s
	u
	c
	c
	e
	s
	s
	 
	m
	e
	s
	s
	a
	g
	e
	 
	w
	h
	i
	l
	e
	 
	t
	h
	e
	 
	r
	e
	f
	e
	r
	e
	n
	c
	e
	 
	d
	o
	e
	s
	.
	N
	O
	T
	E
	:
	 
	Y
	o
	u
	r
	 
	s
	u
	c
	c
	e
	s
	s
	 
	m
	e
	s
	s
	a
	g
	e
	 
	m
	u
	s
	t
	 
	c
	o
	n
	t
	a
	i
	n
	 
	t
	h
	e
	 
	w
	o
	r
	d
	 
	"
	(
	S
	|
	s
	)
	u
	c
	c
	e
	e
	d
	e
	d
	"
	,
	 
	"
	(
	S
	|
	s
	)
	u
	c
	c
	e
	s
	s
	"
	,
	 
	"
	S
	U
	C
	C
	E
	S
	S
	"
	,
	 
	o
	r
	 
	"
	S
	U
	C
	C
	E
	E
	D
	E
	D
	"
	;
	 
	t
	h
	i
	s
	 
	c
	a
	n
	 
	b
	e
	 
	c
	h
	a
	n
	g
	e
	d
	 
	i
	n
	 
	r
	u
	n
	n
	e
	r
	.
	p
	y
	.
- Reference output:
	P
	a
	r
	s
	e
	 
	s
	u
	c
	c
	e
	e
	d
	e
	d
	,
	 
	f
	i
	n
	d
	i
	n
	g
	 
	6
	2
	 
	I
	L
	O
	C
	 
	o
	p
	e
	r
	a
	t
	i
	o
	n
	s
	.
- Your output:
	P
	O
	O
	 
	P
	O
	O
	O
	 
	P
	O
	O
	

	M
	u
	s
	t
	 
	s
	p
	e
	c
	i
	f
	y
	 
	a
	 
	f
	i
	l
	e
	 
	n
	a
	m
	e
	 
	a
	f
	t
	e
	r
	 
	t
	h
	e
	 
	f
	l
	a
	g
	.
❌ /clear/courses/comp412/students/ILOC/contributed/2014/lab2/yd9.squares.i failed!
- Summary:
	Y
	o
	u
	 
	i
	d
	e
	n
	t
	i
	f
	i
	e
	d
	 
	0
	/
	0
	 
	e
	r
	r
	o
	r
	s
	 
	c
	o
	r
	r
	e
	c
	t
	l
	y
	.
	Y
	o
	u
	 
	i
	d
	e
	n
	t
	i
	f
	i
	e
	d
	 
	0
	 
	c
	o
	r
	r
	e
	c
	t
	 
	l
	i
	n
	e
	s
	 
	a
	s
	 
	e
	r
	r
	o
	r
	s
	.
	Y
	o
	u
	 
	d
	o
	 
	n
	o
	t
	 
	h
	a
	v
	e
	 
	a
	 
	s
	u
	c
	c
	e
	s
	s
	 
	m
	e
	s
	s
	a
	g
	e
	 
	w
	h
	i
	l
	e
	 
	t
	h
	e
	 
	r
	e
	f
	e
	r
	e
	n
	c
	e
	 
	d
	o
	e
	s
	.
	N
	O
	T
	E
	:
	 
	Y
	o
	u
	r
	 
	s
	u
	c
	c
	e
	s
	s
	 
	m
	e
	s
	s
	a
	g
	e
	 
	m
	u
	s
	t
	 
	c
	o
	n
	t
	a
	i
	n
	 
	t
	h
	e
	 
	w
	o
	r
	d
	 
	"
	(
	S
	|
	s
	)
	u
	c
	c
	e
	e
	d
	e
	d
	"
	,
	 
	"
	(
	S
	|
	s
	)
	u
	c
	c
	e
	s
	s
	"
	,
	 
	"
	S
	U
	C
	C
	E
	S
	S
	"
	,
	 
	o
	r
	 
	"
	S
	U
	C
	C
	E
	E
	D
	E
	D
	"
	;
	 
	t
	h
	i
	s
	 
	c
	a
	n
	 
	b
	e
	 
	c
	h
	a
	n
	g
	e
	d
	 
	i
	n
	 
	r
	u
	n
	n
	e
	r
	.
	p
	y
	.
- Reference output:
	P
	a
	r
	s
	e
	 
	s
	u
	c
	c
	e
	e
	d
	e
	d
	,
	 
	f
	i
	n
	d
	i
	n
	g
	 
	5
	6
	 
	I
	L
	O
	C
	 
	o
	p
	e
	r
	a
	t
	i
	o
	n
	s
	.
- Your output:
	P
	O
	O
	 
	P
	O
	O
	O
	 
	P
	O
	O
	

	M
	u
	s
	t
	 
	s
	p
	e
	c
	i
	f
	y
	 
	a
	 
	f
	i
	l
	e
	 
	n
	a
	m
	e
	 
	a
	f
	t
	e
	r
	 
	t
	h
	e
	 
	f
	l
	a
	g
	.
❌ /clear/courses/comp412/students/ILOC/contributed/2014/lab2/jmn8.i failed!
- Summary:
	Y
	o
	u
	 
	i
	d
	e
	n
	t
	i
	f
	i
	e
	d
	 
	0
	/
	0
	 
	e
	r
	r
	o
	r
	s
	 
	c
	o
	r
	r
	e
	c
	t
	l
	y
	.
	Y
	o
	u
	 
	i
	d
	e
	n
	t
	i
	f
	i
	e
	d
	 
	0
	 
	c
	o
	r
	r
	e
	c
	t
	 
	l
	i
	n
	e
	s
	 
	a
	s
	 
	e
	r
	r
	o
	r
	s
	.
	Y
	o
	u
	 
	d
	o
	 
	n
	o
	t
	 
	h
	a
	v
	e
	 
	a
	 
	s
	u
	c
	c
	e
	s
	s
	 
	m
	e
	s
	s
	a
	g
	e
	 
	w
	h
	i
	l
	e
	 
	t
	h
	e
	 
	r
	e
	f
	e
	r
	e
	n
	c
	e
	 
	d
	o
	e
	s
	.
	N
	O
	T
	E
	:
	 
	Y
	o
	u
	r
	 
	s
	u
	c
	c
	e
	s
	s
	 
	m
	e
	s
	s
	a
	g
	e
	 
	m
	u
	s
	t
	 
	c
	o
	n
	t
	a
	i
	n
	 
	t
	h
	e
	 
	w
	o
	r
	d
	 
	"
	(
	S
	|
	s
	)
	u
	c
	c
	e
	e
	d
	e
	d
	"
	,
	 
	"
	(
	S
	|
	s
	)
	u
	c
	c
	e
	s
	s
	"
	,
	 
	"
	S
	U
	C
	C
	E
	S
	S
	"
	,
	 
	o
	r
	 
	"
	S
	U
	C
	C
	E
	E
	D
	E
	D
	"
	;
	 
	t
	h
	i
	s
	 
	c
	a
	n
	 
	b
	e
	 
	c
	h
	a
	n
	g
	e
	d
	 
	i
	n
	 
	r
	u
	n
	n
	e
	r
	.
	p
	y
	.
- Reference output:
	P
	a
	r
	s
	e
	 
	s
	u
	c
	c
	e
	e
	d
	e
	d
	,
	 
	f
	i
	n
	d
	i
	n
	g
	 
	6
	4
	 
	I
	L
	O
	C
	 
	o
	p
	e
	r
	a
	t
	i
	o
	n
	s
	.
- Your output:
	P
	O
	O
	 
	P
	O
	O
	O
	 
	P
	O
	O
	

	M
	u
	s
	t
	 
	s
	p
	e
	c
	i
	f
	y
	 
	a
	 
	f
	i
	l
	e
	 
	n
	a
	m
	e
	 
	a
	f
	t
	e
	r
	 
	t
	h
	e
	 
	f
	l
	a
	g
	.
❌ /clear/courses/comp412/students/ILOC/contributed/2014/lab2/ssh2.i failed!
- Summary:
	Y
	o
	u
	 
	i
	d
	e
	n
	t
	i
	f
	i
	e
	d
	 
	0
	/
	0
	 
	e
	r
	r
	o
	r
	s
	 
	c
	o
	r
	r
	e
	c
	t
	l
	y
	.
	Y
	o
	u
	 
	i
	d
	e
	n
	t
	i
	f
	i
	e
	d
	 
	0
	 
	c
	o
	r
	r
	e
	c
	t
	 
	l
	i
	n
	e
	s
	 
	a
	s
	 
	e
	r
	r
	o
	r
	s
	.
	Y
	o
	u
	 
	d
	o
	 
	n
	o
	t
	 
	h
	a
	v
	e
	 
	a
	 
	s
	u
	c
	c
	e
	s
	s
	 
	m
	e
	s
	s
	a
	g
	e
	 
	w
	h
	i
	l
	e
	 
	t
	h
	e
	 
	r
	e
	f
	e
	r
	e
	n
	c
	e
	 
	d
	o
	e
	s
	.
	N
	O
	T
	E
	:
	 
	Y
	o
	u
	r
	 
	s
	u
	c
	c
	e
	s
	s
	 
	m
	e
	s
	s
	a
	g
	e
	 
	m
	u
	s
	t
	 
	c
	o
	n
	t
	a
	i
	n
	 
	t
	h
	e
	 
	w
	o
	r
	d
	 
	"
	(
	S
	|
	s
	)
	u
	c
	c
	e
	e
	d
	e
	d
	"
	,
	 
	"
	(
	S
	|
	s
	)
	u
	c
	c
	e
	s
	s
	"
	,
	 
	"
	S
	U
	C
	C
	E
	S
	S
	"
	,
	 
	o
	r
	 
	"
	S
	U
	C
	C
	E
	E
	D
	E
	D
	"
	;
	 
	t
	h
	i
	s
	 
	c
	a
	n
	 
	b
	e
	 
	c
	h
	a
	n
	g
	e
	d
	 
	i
	n
	 
	r
	u
	n
	n
	e
	r
	.
	p
	y
	.
- Reference output:
	P
	a
	r
	s
	e
	 
	s
	u
	c
	c
	e
	e
	d
	e
	d
	,
	 
	f
	i
	n
	d
	i
	n
	g
	 
	2
	1
	 
	I
	L
	O
	C
	 
	o
	p
	e
	r
	a
	t
	i
	o
	n
	s
	.
- Your output:
	P
	O
	O
	 
	P
	O
	O
	O
	 
	P
	O
	O
	

	M
	u
	s
	t
	 
	s
	p
	e
	c
	i
	f
	y
	 
	a
	 
	f
	i
	l
	e
	 
	n
	a
	m
	e
	 
	a
	f
	t
	e
	r
	 
	t
	h
	e
	 
	f
	l
	a
	g
	.
❌ /clear/courses/comp412/students/ILOC/contributed/2014/lab2/yw27.i failed!
- Summary:
	Y
	o
	u
	 
	i
	d
	e
	n
	t
	i
	f
	i
	e
	d
	 
	0
	/
	0
	 
	e
	r
	r
	o
	r
	s
	 
	c
	o
	r
	r
	e
	c
	t
	l
	y
	.
	Y
	o
	u
	 
	i
	d
	e
	n
	t
	i
	f
	i
	e
	d
	 
	0
	 
	c
	o
	r
	r
	e
	c
	t
	 
	l
	i
	n
	e
	s
	 
	a
	s
	 
	e
	r
	r
	o
	r
	s
	.
	Y
	o
	u
	 
	d
	o
	 
	n
	o
	t
	 
	h
	a
	v
	e
	 
	a
	 
	s
	u
	c
	c
	e
	s
	s
	 
	m
	e
	s
	s
	a
	g
	e
	 
	w
	h
	i
	l
	e
	 
	t
	h
	e
	 
	r
	e
	f
	e
	r
	e
	n
	c
	e
	 
	d
	o
	e
	s
	.
	N
	O
	T
	E
	:
	 
	Y
	o
	u
	r
	 
	s
	u
	c
	c
	e
	s
	s
	 
	m
	e
	s
	s
	a
	g
	e
	 
	m
	u
	s
	t
	 
	c
	o
	n
	t
	a
	i
	n
	 
	t
	h
	e
	 
	w
	o
	r
	d
	 
	"
	(
	S
	|
	s
	)
	u
	c
	c
	e
	e
	d
	e
	d
	"
	,
	 
	"
	(
	S
	|
	s
	)
	u
	c
	c
	e
	s
	s
	"
	,
	 
	"
	S
	U
	C
	C
	E
	S
	S
	"
	,
	 
	o
	r
	 
	"
	S
	U
	C
	C
	E
	E
	D
	E
	D
	"
	;
	 
	t
	h
	i
	s
	 
	c
	a
	n
	 
	b
	e
	 
	c
	h
	a
	n
	g
	e
	d
	 
	i
	n
	 
	r
	u
	n
	n
	e
	r
	.
	p
	y
	.
- Reference output:
	P
	a
	r
	s
	e
	 
	s
	u
	c
	c
	e
	e
	d
	e
	d
	,
	 
	f
	i
	n
	d
	i
	n
	g
	 
	1
	1
	0
	 
	I
	L
	O
	C
	 
	o
	p
	e
	r
	a
	t
	i
	o
	n
	s
	.
- Your output:
	P
	O
	O
	 
	P
	O
	O
	O
	 
	P
	O
	O
	

	M
	u
	s
	t
	 
	s
	p
	e
	c
	i
	f
	y
	 
	a
	 
	f
	i
	l
	e
	 
	n
	a
	m
	e
	 
	a
	f
	t
	e
	r
	 
	t
	h
	e
	 
	f
	l
	a
	g
	.
❌ /clear/courses/comp412/students/ILOC/contributed/2014/lab2/xl22.i failed!
- Summary:
	Y
	o
	u
	 
	i
	d
	e
	n
	t
	i
	f
	i
	e
	d
	 
	0
	/
	0
	 
	e
	r
	r
	o
	r
	s
	 
	c
	o
	r
	r
	e
	c
	t
	l
	y
	.
	Y
	o
	u
	 
	i
	d
	e
	n
	t
	i
	f
	i
	e
	d
	 
	0
	 
	c
	o
	r
	r
	e
	c
	t
	 
	l
	i
	n
	e
	s
	 
	a
	s
	 
	e
	r
	r
	o
	r
	s
	.
	Y
	o
	u
	 
	d
	o
	 
	n
	o
	t
	 
	h
	a
	v
	e
	 
	a
	 
	s
	u
	c
	c
	e
	s
	s
	 
	m
	e
	s
	s
	a
	g
	e
	 
	w
	h
	i
	l
	e
	 
	t
	h
	e
	 
	r
	e
	f
	e
	r
	e
	n
	c
	e
	 
	d
	o
	e
	s
	.
	N
	O
	T
	E
	:
	 
	Y
	o
	u
	r
	 
	s
	u
	c
	c
	e
	s
	s
	 
	m
	e
	s
	s
	a
	g
	e
	 
	m
	u
	s
	t
	 
	c
	o
	n
	t
	a
	i
	n
	 
	t
	h
	e
	 
	w
	o
	r
	d
	 
	"
	(
	S
	|
	s
	)
	u
	c
	c
	e
	e
	d
	e
	d
	"
	,
	 
	"
	(
	S
	|
	s
	)
	u
	c
	c
	e
	s
	s
	"
	,
	 
	"
	S
	U
	C
	C
	E
	S
	S
	"
	,
	 
	o
	r
	 
	"
	S
	U
	C
	C
	E
	E
	D
	E
	D
	"
	;
	 
	t
	h
	i
	s
	 
	c
	a
	n
	 
	b
	e
	 
	c
	h
	a
	n
	g
	e
	d
	 
	i
	n
	 
	r
	u
	n
	n
	e
	r
	.
	p
	y
	.
- Reference output:
	P
	a
	r
	s
	e
	 
	s
	u
	c
	c
	e
	e
	d
	e
	d
	,
	 
	f
	i
	n
	d
	i
	n
	g
	 
	1
	7
	 
	I
	L
	O
	C
	 
	o
	p
	e
	r
	a
	t
	i
	o
	n
	s
	.
- Your output:
	P
	O
	O
	 
	P
	O
	O
	O
	 
	P
	O
	O
	

	M
	u
	s
	t
	 
	s
	p
	e
	c
	i
	f
	y
	 
	a
	 
	f
	i
	l
	e
	 
	n
	a
	m
	e
	 
	a
	f
	t
	e
	r
	 
	t
	h
	e
	 
	f
	l
	a
	g
	.
❌ /clear/courses/comp412/students/ILOC/contributed/2014/lab2/jl71.i failed!
- Summary:
	Y
	o
	u
	 
	i
	d
	e
	n
	t
	i
	f
	i
	e
	d
	 
	0
	/
	0
	 
	e
	r
	r
	o
	r
	s
	 
	c
	o
	r
	r
	e
	c
	t
	l
	y
	.
	Y
	o
	u
	 
	i
	d
	e
	n
	t
	i
	f
	i
	e
	d
	 
	0
	 
	c
	o
	r
	r
	e
	c
	t
	 
	l
	i
	n
	e
	s
	 
	a
	s
	 
	e
	r
	r
	o
	r
	s
	.
	Y
	o
	u
	 
	d
	o
	 
	n
	o
	t
	 
	h
	a
	v
	e
	 
	a
	 
	s
	u
	c
	c
	e
	s
	s
	 
	m
	e
	s
	s
	a
	g
	e
	 
	w
	h
	i
	l
	e
	 
	t
	h
	e
	 
	r
	e
	f
	e
	r
	e
	n
	c
	e
	 
	d
	o
	e
	s
	.
	N
	O
	T
	E
	:
	 
	Y
	o
	u
	r
	 
	s
	u
	c
	c
	e
	s
	s
	 
	m
	e
	s
	s
	a
	g
	e
	 
	m
	u
	s
	t
	 
	c
	o
	n
	t
	a
	i
	n
	 
	t
	h
	e
	 
	w
	o
	r
	d
	 
	"
	(
	S
	|
	s
	)
	u
	c
	c
	e
	e
	d
	e
	d
	"
	,
	 
	"
	(
	S
	|
	s
	)
	u
	c
	c
	e
	s
	s
	"
	,
	 
	"
	S
	U
	C
	C
	E
	S
	S
	"
	,
	 
	o
	r
	 
	"
	S
	U
	C
	C
	E
	E
	D
	E
	D
	"
	;
	 
	t
	h
	i
	s
	 
	c
	a
	n
	 
	b
	e
	 
	c
	h
	a
	n
	g
	e
	d
	 
	i
	n
	 
	r
	u
	n
	n
	e
	r
	.
	p
	y
	.
- Reference output:
	P
	a
	r
	s
	e
	 
	s
	u
	c
	c
	e
	e
	d
	e
	d
	,
	 
	f
	i
	n
	d
	i
	n
	g
	 
	1
	9
	 
	I
	L
	O
	C
	 
	o
	p
	e
	r
	a
	t
	i
	o
	n
	s
	.
- Your output:
	P
	O
	O
	 
	P
	O
	O
	O
	 
	P
	O
	O
	

	M
	u
	s
	t
	 
	s
	p
	e
	c
	i
	f
	y
	 
	a
	 
	f
	i
	l
	e
	 
	n
	a
	m
	e
	 
	a
	f
	t
	e
	r
	 
	t
	h
	e
	 
	f
	l
	a
	g
	.
❌ /clear/courses/comp412/students/ILOC/contributed/2014/lab2/bw6.i failed!
- Summary:
	Y
	o
	u
	 
	i
	d
	e
	n
	t
	i
	f
	i
	e
	d
	 
	0
	/
	0
	 
	e
	r
	r
	o
	r
	s
	 
	c
	o
	r
	r
	e
	c
	t
	l
	y
	.
	Y
	o
	u
	 
	i
	d
	e
	n
	t
	i
	f
	i
	e
	d
	 
	0
	 
	c
	o
	r
	r
	e
	c
	t
	 
	l
	i
	n
	e
	s
	 
	a
	s
	 
	e
	r
	r
	o
	r
	s
	.
	Y
	o
	u
	 
	d
	o
	 
	n
	o
	t
	 
	h
	a
	v
	e
	 
	a
	 
	s
	u
	c
	c
	e
	s
	s
	 
	m
	e
	s
	s
	a
	g
	e
	 
	w
	h
	i
	l
	e
	 
	t
	h
	e
	 
	r
	e
	f
	e
	r
	e
	n
	c
	e
	 
	d
	o
	e
	s
	.
	N
	O
	T
	E
	:
	 
	Y
	o
	u
	r
	 
	s
	u
	c
	c
	e
	s
	s
	 
	m
	e
	s
	s
	a
	g
	e
	 
	m
	u
	s
	t
	 
	c
	o
	n
	t
	a
	i
	n
	 
	t
	h
	e
	 
	w
	o
	r
	d
	 
	"
	(
	S
	|
	s
	)
	u
	c
	c
	e
	e
	d
	e
	d
	"
	,
	 
	"
	(
	S
	|
	s
	)
	u
	c
	c
	e
	s
	s
	"
	,
	 
	"
	S
	U
	C
	C
	E
	S
	S
	"
	,
	 
	o
	r
	 
	"
	S
	U
	C
	C
	E
	E
	D
	E
	D
	"
	;
	 
	t
	h
	i
	s
	 
	c
	a
	n
	 
	b
	e
	 
	c
	h
	a
	n
	g
	e
	d
	 
	i
	n
	 
	r
	u
	n
	n
	e
	r
	.
	p
	y
	.
- Reference output:
	P
	a
	r
	s
	e
	 
	s
	u
	c
	c
	e
	e
	d
	e
	d
	,
	 
	f
	i
	n
	d
	i
	n
	g
	 
	2
	3
	 
	I
	L
	O
	C
	 
	o
	p
	e
	r
	a
	t
	i
	o
	n
	s
	.
- Your output:
	P
	O
	O
	 
	P
	O
	O
	O
	 
	P
	O
	O
	

	M
	u
	s
	t
	 
	s
	p
	e
	c
	i
	f
	y
	 
	a
	 
	f
	i
	l
	e
	 
	n
	a
	m
	e
	 
	a
	f
	t
	e
	r
	 
	t
	h
	e
	 
	f
	l
	a
	g
	.
❌ /clear/courses/comp412/students/ILOC/contributed/2014/lab2/ngr2.i failed!
- Summary:
	Y
	o
	u
	 
	i
	d
	e
	n
	t
	i
	f
	i
	e
	d
	 
	0
	/
	0
	 
	e
	r
	r
	o
	r
	s
	 
	c
	o
	r
	r
	e
	c
	t
	l
	y
	.
	Y
	o
	u
	 
	i
	d
	e
	n
	t
	i
	f
	i
	e
	d
	 
	0
	 
	c
	o
	r
	r
	e
	c
	t
	 
	l
	i
	n
	e
	s
	 
	a
	s
	 
	e
	r
	r
	o
	r
	s
	.
	Y
	o
	u
	 
	d
	o
	 
	n
	o
	t
	 
	h
	a
	v
	e
	 
	a
	 
	s
	u
	c
	c
	e
	s
	s
	 
	m
	e
	s
	s
	a
	g
	e
	 
	w
	h
	i
	l
	e
	 
	t
	h
	e
	 
	r
	e
	f
	e
	r
	e
	n
	c
	e
	 
	d
	o
	e
	s
	.
	N
	O
	T
	E
	:
	 
	Y
	o
	u
	r
	 
	s
	u
	c
	c
	e
	s
	s
	 
	m
	e
	s
	s
	a
	g
	e
	 
	m
	u
	s
	t
	 
	c
	o
	n
	t
	a
	i
	n
	 
	t
	h
	e
	 
	w
	o
	r
	d
	 
	"
	(
	S
	|
	s
	)
	u
	c
	c
	e
	e
	d
	e
	d
	"
	,
	 
	"
	(
	S
	|
	s
	)
	u
	c
	c
	e
	s
	s
	"
	,
	 
	"
	S
	U
	C
	C
	E
	S
	S
	"
	,
	 
	o
	r
	 
	"
	S
	U
	C
	C
	E
	E
	D
	E
	D
	"
	;
	 
	t
	h
	i
	s
	 
	c
	a
	n
	 
	b
	e
	 
	c
	h
	a
	n
	g
	e
	d
	 
	i
	n
	 
	r
	u
	n
	n
	e
	r
	.
	p
	y
	.
- Reference output:
	P
	a
	r
	s
	e
	 
	s
	u
	c
	c
	e
	e
	d
	e
	d
	,
	 
	f
	i
	n
	d
	i
	n
	g
	 
	1
	0
	 
	I
	L
	O
	C
	 
	o
	p
	e
	r
	a
	t
	i
	o
	n
	s
	.
- Your output:
	P
	O
	O
	 
	P
	O
	O
	O
	 
	P
	O
	O
	

	M
	u
	s
	t
	 
	s
	p
	e
	c
	i
	f
	y
	 
	a
	 
	f
	i
	l
	e
	 
	n
	a
	m
	e
	 
	a
	f
	t
	e
	r
	 
	t
	h
	e
	 
	f
	l
	a
	g
	.
❌ /clear/courses/comp412/students/ILOC/contributed/2014/lab2/pyw1.i failed!
- Summary:
	Y
	o
	u
	 
	i
	d
	e
	n
	t
	i
	f
	i
	e
	d
	 
	0
	/
	0
	 
	e
	r
	r
	o
	r
	s
	 
	c
	o
	r
	r
	e
	c
	t
	l
	y
	.
	Y
	o
	u
	 
	i
	d
	e
	n
	t
	i
	f
	i
	e
	d
	 
	0
	 
	c
	o
	r
	r
	e
	c
	t
	 
	l
	i
	n
	e
	s
	 
	a
	s
	 
	e
	r
	r
	o
	r
	s
	.
	Y
	o
	u
	 
	d
	o
	 
	n
	o
	t
	 
	h
	a
	v
	e
	 
	a
	 
	s
	u
	c
	c
	e
	s
	s
	 
	m
	e
	s
	s
	a
	g
	e
	 
	w
	h
	i
	l
	e
	 
	t
	h
	e
	 
	r
	e
	f
	e
	r
	e
	n
	c
	e
	 
	d
	o
	e
	s
	.
	N
	O
	T
	E
	:
	 
	Y
	o
	u
	r
	 
	s
	u
	c
	c
	e
	s
	s
	 
	m
	e
	s
	s
	a
	g
	e
	 
	m
	u
	s
	t
	 
	c
	o
	n
	t
	a
	i
	n
	 
	t
	h
	e
	 
	w
	o
	r
	d
	 
	"
	(
	S
	|
	s
	)
	u
	c
	c
	e
	e
	d
	e
	d
	"
	,
	 
	"
	(
	S
	|
	s
	)
	u
	c
	c
	e
	s
	s
	"
	,
	 
	"
	S
	U
	C
	C
	E
	S
	S
	"
	,
	 
	o
	r
	 
	"
	S
	U
	C
	C
	E
	E
	D
	E
	D
	"
	;
	 
	t
	h
	i
	s
	 
	c
	a
	n
	 
	b
	e
	 
	c
	h
	a
	n
	g
	e
	d
	 
	i
	n
	 
	r
	u
	n
	n
	e
	r
	.
	p
	y
	.
- Reference output:
	P
	a
	r
	s
	e
	 
	s
	u
	c
	c
	e
	e
	d
	e
	d
	,
	 
	f
	i
	n
	d
	i
	n
	g
	 
	3
	3
	 
	I
	L
	O
	C
	 
	o
	p
	e
	r
	a
	t
	i
	o
	n
	s
	.
- Your output:
	P
	O
	O
	 
	P
	O
	O
	O
	 
	P
	O
	O
	

	M
	u
	s
	t
	 
	s
	p
	e
	c
	i
	f
	y
	 
	a
	 
	f
	i
	l
	e
	 
	n
	a
	m
	e
	 
	a
	f
	t
	e
	r
	 
	t
	h
	e
	 
	f
	l
	a
	g
	.
❌ /clear/courses/comp412/students/ILOC/contributed/2014/lab2/hz21.i failed!
- Summary:
	Y
	o
	u
	 
	i
	d
	e
	n
	t
	i
	f
	i
	e
	d
	 
	0
	/
	0
	 
	e
	r
	r
	o
	r
	s
	 
	c
	o
	r
	r
	e
	c
	t
	l
	y
	.
	Y
	o
	u
	 
	i
	d
	e
	n
	t
	i
	f
	i
	e
	d
	 
	0
	 
	c
	o
	r
	r
	e
	c
	t
	 
	l
	i
	n
	e
	s
	 
	a
	s
	 
	e
	r
	r
	o
	r
	s
	.
	Y
	o
	u
	 
	d
	o
	 
	n
	o
	t
	 
	h
	a
	v
	e
	 
	a
	 
	s
	u
	c
	c
	e
	s
	s
	 
	m
	e
	s
	s
	a
	g
	e
	 
	w
	h
	i
	l
	e
	 
	t
	h
	e
	 
	r
	e
	f
	e
	r
	e
	n
	c
	e
	 
	d
	o
	e
	s
	.
	N
	O
	T
	E
	:
	 
	Y
	o
	u
	r
	 
	s
	u
	c
	c
	e
	s
	s
	 
	m
	e
	s
	s
	a
	g
	e
	 
	m
	u
	s
	t
	 
	c
	o
	n
	t
	a
	i
	n
	 
	t
	h
	e
	 
	w
	o
	r
	d
	 
	"
	(
	S
	|
	s
	)
	u
	c
	c
	e
	e
	d
	e
	d
	"
	,
	 
	"
	(
	S
	|
	s
	)
	u
	c
	c
	e
	s
	s
	"
	,
	 
	"
	S
	U
	C
	C
	E
	S
	S
	"
	,
	 
	o
	r
	 
	"
	S
	U
	C
	C
	E
	E
	D
	E
	D
	"
	;
	 
	t
	h
	i
	s
	 
	c
	a
	n
	 
	b
	e
	 
	c
	h
	a
	n
	g
	e
	d
	 
	i
	n
	 
	r
	u
	n
	n
	e
	r
	.
	p
	y
	.
- Reference output:
	P
	a
	r
	s
	e
	 
	s
	u
	c
	c
	e
	e
	d
	e
	d
	,
	 
	f
	i
	n
	d
	i
	n
	g
	 
	5
	1
	 
	I
	L
	O
	C
	 
	o
	p
	e
	r
	a
	t
	i
	o
	n
	s
	.
- Your output:
	P
	O
	O
	 
	P
	O
	O
	O
	 
	P
	O
	O
	

	M
	u
	s
	t
	 
	s
	p
	e
	c
	i
	f
	y
	 
	a
	 
	f
	i
	l
	e
	 
	n
	a
	m
	e
	 
	a
	f
	t
	e
	r
	 
	t
	h
	e
	 
	f
	l
	a
	g
	.
❌ /clear/courses/comp412/students/ILOC/contributed/2014/lab2/yd9.gcd.i failed!
- Summary:
	Y
	o
	u
	 
	i
	d
	e
	n
	t
	i
	f
	i
	e
	d
	 
	0
	/
	0
	 
	e
	r
	r
	o
	r
	s
	 
	c
	o
	r
	r
	e
	c
	t
	l
	y
	.
	Y
	o
	u
	 
	i
	d
	e
	n
	t
	i
	f
	i
	e
	d
	 
	0
	 
	c
	o
	r
	r
	e
	c
	t
	 
	l
	i
	n
	e
	s
	 
	a
	s
	 
	e
	r
	r
	o
	r
	s
	.
	Y
	o
	u
	 
	d
	o
	 
	n
	o
	t
	 
	h
	a
	v
	e
	 
	a
	 
	s
	u
	c
	c
	e
	s
	s
	 
	m
	e
	s
	s
	a
	g
	e
	 
	w
	h
	i
	l
	e
	 
	t
	h
	e
	 
	r
	e
	f
	e
	r
	e
	n
	c
	e
	 
	d
	o
	e
	s
	.
	N
	O
	T
	E
	:
	 
	Y
	o
	u
	r
	 
	s
	u
	c
	c
	e
	s
	s
	 
	m
	e
	s
	s
	a
	g
	e
	 
	m
	u
	s
	t
	 
	c
	o
	n
	t
	a
	i
	n
	 
	t
	h
	e
	 
	w
	o
	r
	d
	 
	"
	(
	S
	|
	s
	)
	u
	c
	c
	e
	e
	d
	e
	d
	"
	,
	 
	"
	(
	S
	|
	s
	)
	u
	c
	c
	e
	s
	s
	"
	,
	 
	"
	S
	U
	C
	C
	E
	S
	S
	"
	,
	 
	o
	r
	 
	"
	S
	U
	C
	C
	E
	E
	D
	E
	D
	"
	;
	 
	t
	h
	i
	s
	 
	c
	a
	n
	 
	b
	e
	 
	c
	h
	a
	n
	g
	e
	d
	 
	i
	n
	 
	r
	u
	n
	n
	e
	r
	.
	p
	y
	.
- Reference output:
	P
	a
	r
	s
	e
	 
	s
	u
	c
	c
	e
	e
	d
	e
	d
	,
	 
	f
	i
	n
	d
	i
	n
	g
	 
	1
	1
	 
	I
	L
	O
	C
	 
	o
	p
	e
	r
	a
	t
	i
	o
	n
	s
	.
- Your output:
	P
	O
	O
	 
	P
	O
	O
	O
	 
	P
	O
	O
	

	M
	u
	s
	t
	 
	s
	p
	e
	c
	i
	f
	y
	 
	a
	 
	f
	i
	l
	e
	 
	n
	a
	m
	e
	 
	a
	f
	t
	e
	r
	 
	t
	h
	e
	 
	f
	l
	a
	g
	.
❌ /clear/courses/comp412/students/ILOC/contributed/2014/lab2/wj3.i failed!
- Summary:
	Y
	o
	u
	 
	i
	d
	e
	n
	t
	i
	f
	i
	e
	d
	 
	0
	/
	0
	 
	e
	r
	r
	o
	r
	s
	 
	c
	o
	r
	r
	e
	c
	t
	l
	y
	.
	Y
	o
	u
	 
	i
	d
	e
	n
	t
	i
	f
	i
	e
	d
	 
	0
	 
	c
	o
	r
	r
	e
	c
	t
	 
	l
	i
	n
	e
	s
	 
	a
	s
	 
	e
	r
	r
	o
	r
	s
	.
	Y
	o
	u
	 
	d
	o
	 
	n
	o
	t
	 
	h
	a
	v
	e
	 
	a
	 
	s
	u
	c
	c
	e
	s
	s
	 
	m
	e
	s
	s
	a
	g
	e
	 
	w
	h
	i
	l
	e
	 
	t
	h
	e
	 
	r
	e
	f
	e
	r
	e
	n
	c
	e
	 
	d
	o
	e
	s
	.
	N
	O
	T
	E
	:
	 
	Y
	o
	u
	r
	 
	s
	u
	c
	c
	e
	s
	s
	 
	m
	e
	s
	s
	a
	g
	e
	 
	m
	u
	s
	t
	 
	c
	o
	n
	t
	a
	i
	n
	 
	t
	h
	e
	 
	w
	o
	r
	d
	 
	"
	(
	S
	|
	s
	)
	u
	c
	c
	e
	e
	d
	e
	d
	"
	,
	 
	"
	(
	S
	|
	s
	)
	u
	c
	c
	e
	s
	s
	"
	,
	 
	"
	S
	U
	C
	C
	E
	S
	S
	"
	,
	 
	o
	r
	 
	"
	S
	U
	C
	C
	E
	E
	D
	E
	D
	"
	;
	 
	t
	h
	i
	s
	 
	c
	a
	n
	 
	b
	e
	 
	c
	h
	a
	n
	g
	e
	d
	 
	i
	n
	 
	r
	u
	n
	n
	e
	r
	.
	p
	y
	.
- Reference output:
	P
	a
	r
	s
	e
	 
	s
	u
	c
	c
	e
	e
	d
	e
	d
	,
	 
	f
	i
	n
	d
	i
	n
	g
	 
	1
	0
	 
	I
	L
	O
	C
	 
	o
	p
	e
	r
	a
	t
	i
	o
	n
	s
	.
- Your output:
	P
	O
	O
	 
	P
	O
	O
	O
	 
	P
	O
	O
	

	M
	u
	s
	t
	 
	s
	p
	e
	c
	i
	f
	y
	 
	a
	 
	f
	i
	l
	e
	 
	n
	a
	m
	e
	 
	a
	f
	t
	e
	r
	 
	t
	h
	e
	 
	f
	l
	a
	g
	.
❌ /clear/courses/comp412/students/ILOC/contributed/2014/lab2/jl98.i failed!
- Summary:
	Y
	o
	u
	 
	i
	d
	e
	n
	t
	i
	f
	i
	e
	d
	 
	0
	/
	0
	 
	e
	r
	r
	o
	r
	s
	 
	c
	o
	r
	r
	e
	c
	t
	l
	y
	.
	Y
	o
	u
	 
	i
	d
	e
	n
	t
	i
	f
	i
	e
	d
	 
	0
	 
	c
	o
	r
	r
	e
	c
	t
	 
	l
	i
	n
	e
	s
	 
	a
	s
	 
	e
	r
	r
	o
	r
	s
	.
	Y
	o
	u
	 
	d
	o
	 
	n
	o
	t
	 
	h
	a
	v
	e
	 
	a
	 
	s
	u
	c
	c
	e
	s
	s
	 
	m
	e
	s
	s
	a
	g
	e
	 
	w
	h
	i
	l
	e
	 
	t
	h
	e
	 
	r
	e
	f
	e
	r
	e
	n
	c
	e
	 
	d
	o
	e
	s
	.
	N
	O
	T
	E
	:
	 
	Y
	o
	u
	r
	 
	s
	u
	c
	c
	e
	s
	s
	 
	m
	e
	s
	s
	a
	g
	e
	 
	m
	u
	s
	t
	 
	c
	o
	n
	t
	a
	i
	n
	 
	t
	h
	e
	 
	w
	o
	r
	d
	 
	"
	(
	S
	|
	s
	)
	u
	c
	c
	e
	e
	d
	e
	d
	"
	,
	 
	"
	(
	S
	|
	s
	)
	u
	c
	c
	e
	s
	s
	"
	,
	 
	"
	S
	U
	C
	C
	E
	S
	S
	"
	,
	 
	o
	r
	 
	"
	S
	U
	C
	C
	E
	E
	D
	E
	D
	"
	;
	 
	t
	h
	i
	s
	 
	c
	a
	n
	 
	b
	e
	 
	c
	h
	a
	n
	g
	e
	d
	 
	i
	n
	 
	r
	u
	n
	n
	e
	r
	.
	p
	y
	.
- Reference output:
	P
	a
	r
	s
	e
	 
	s
	u
	c
	c
	e
	e
	d
	e
	d
	,
	 
	f
	i
	n
	d
	i
	n
	g
	 
	1
	6
	 
	I
	L
	O
	C
	 
	o
	p
	e
	r
	a
	t
	i
	o
	n
	s
	.
- Your output:
	P
	O
	O
	 
	P
	O
	O
	O
	 
	P
	O
	O
	

	M
	u
	s
	t
	 
	s
	p
	e
	c
	i
	f
	y
	 
	a
	 
	f
	i
	l
	e
	 
	n
	a
	m
	e
	 
	a
	f
	t
	e
	r
	 
	t
	h
	e
	 
	f
	l
	a
	g
	.
❌ /clear/courses/comp412/students/ILOC/contributed/2014/lab2/ews1.i failed!
- Summary:
	Y
	o
	u
	 
	i
	d
	e
	n
	t
	i
	f
	i
	e
	d
	 
	0
	/
	0
	 
	e
	r
	r
	o
	r
	s
	 
	c
	o
	r
	r
	e
	c
	t
	l
	y
	.
	Y
	o
	u
	 
	i
	d
	e
	n
	t
	i
	f
	i
	e
	d
	 
	0
	 
	c
	o
	r
	r
	e
	c
	t
	 
	l
	i
	n
	e
	s
	 
	a
	s
	 
	e
	r
	r
	o
	r
	s
	.
	Y
	o
	u
	 
	d
	o
	 
	n
	o
	t
	 
	h
	a
	v
	e
	 
	a
	 
	s
	u
	c
	c
	e
	s
	s
	 
	m
	e
	s
	s
	a
	g
	e
	 
	w
	h
	i
	l
	e
	 
	t
	h
	e
	 
	r
	e
	f
	e
	r
	e
	n
	c
	e
	 
	d
	o
	e
	s
	.
	N
	O
	T
	E
	:
	 
	Y
	o
	u
	r
	 
	s
	u
	c
	c
	e
	s
	s
	 
	m
	e
	s
	s
	a
	g
	e
	 
	m
	u
	s
	t
	 
	c
	o
	n
	t
	a
	i
	n
	 
	t
	h
	e
	 
	w
	o
	r
	d
	 
	"
	(
	S
	|
	s
	)
	u
	c
	c
	e
	e
	d
	e
	d
	"
	,
	 
	"
	(
	S
	|
	s
	)
	u
	c
	c
	e
	s
	s
	"
	,
	 
	"
	S
	U
	C
	C
	E
	S
	S
	"
	,
	 
	o
	r
	 
	"
	S
	U
	C
	C
	E
	E
	D
	E
	D
	"
	;
	 
	t
	h
	i
	s
	 
	c
	a
	n
	 
	b
	e
	 
	c
	h
	a
	n
	g
	e
	d
	 
	i
	n
	 
	r
	u
	n
	n
	e
	r
	.
	p
	y
	.
- Reference output:
	P
	a
	r
	s
	e
	 
	s
	u
	c
	c
	e
	e
	d
	e
	d
	,
	 
	f
	i
	n
	d
	i
	n
	g
	 
	2
	4
	 
	I
	L
	O
	C
	 
	o
	p
	e
	r
	a
	t
	i
	o
	n
	s
	.
- Your output:
	P
	O
	O
	 
	P
	O
	O
	O
	 
	P
	O
	O
	

	M
	u
	s
	t
	 
	s
	p
	e
	c
	i
	f
	y
	 
	a
	 
	f
	i
	l
	e
	 
	n
	a
	m
	e
	 
	a
	f
	t
	e
	r
	 
	t
	h
	e
	 
	f
	l
	a
	g
	.
❌ /clear/courses/comp412/students/ILOC/contributed/2014/lab2/hl33.i failed!
- Summary:
	Y
	o
	u
	 
	i
	d
	e
	n
	t
	i
	f
	i
	e
	d
	 
	0
	/
	0
	 
	e
	r
	r
	o
	r
	s
	 
	c
	o
	r
	r
	e
	c
	t
	l
	y
	.
	Y
	o
	u
	 
	i
	d
	e
	n
	t
	i
	f
	i
	e
	d
	 
	0
	 
	c
	o
	r
	r
	e
	c
	t
	 
	l
	i
	n
	e
	s
	 
	a
	s
	 
	e
	r
	r
	o
	r
	s
	.
	Y
	o
	u
	 
	d
	o
	 
	n
	o
	t
	 
	h
	a
	v
	e
	 
	a
	 
	s
	u
	c
	c
	e
	s
	s
	 
	m
	e
	s
	s
	a
	g
	e
	 
	w
	h
	i
	l
	e
	 
	t
	h
	e
	 
	r
	e
	f
	e
	r
	e
	n
	c
	e
	 
	d
	o
	e
	s
	.
	N
	O
	T
	E
	:
	 
	Y
	o
	u
	r
	 
	s
	u
	c
	c
	e
	s
	s
	 
	m
	e
	s
	s
	a
	g
	e
	 
	m
	u
	s
	t
	 
	c
	o
	n
	t
	a
	i
	n
	 
	t
	h
	e
	 
	w
	o
	r
	d
	 
	"
	(
	S
	|
	s
	)
	u
	c
	c
	e
	e
	d
	e
	d
	"
	,
	 
	"
	(
	S
	|
	s
	)
	u
	c
	c
	e
	s
	s
	"
	,
	 
	"
	S
	U
	C
	C
	E
	S
	S
	"
	,
	 
	o
	r
	 
	"
	S
	U
	C
	C
	E
	E
	D
	E
	D
	"
	;
	 
	t
	h
	i
	s
	 
	c
	a
	n
	 
	b
	e
	 
	c
	h
	a
	n
	g
	e
	d
	 
	i
	n
	 
	r
	u
	n
	n
	e
	r
	.
	p
	y
	.
- Reference output:
	P
	a
	r
	s
	e
	 
	s
	u
	c
	c
	e
	e
	d
	e
	d
	,
	 
	f
	i
	n
	d
	i
	n
	g
	 
	1
	0
	 
	I
	L
	O
	C
	 
	o
	p
	e
	r
	a
	t
	i
	o
	n
	s
	.
- Your output:
	P
	O
	O
	 
	P
	O
	O
	O
	 
	P
	O
	O
	

	M
	u
	s
	t
	 
	s
	p
	e
	c
	i
	f
	y
	 
	a
	 
	f
	i
	l
	e
	 
	n
	a
	m
	e
	 
	a
	f
	t
	e
	r
	 
	t
	h
	e
	 
	f
	l
	a
	g
	.
❌ /clear/courses/comp412/students/ILOC/contributed/2014/lab2/imh1.i failed!
- Summary:
	Y
	o
	u
	 
	i
	d
	e
	n
	t
	i
	f
	i
	e
	d
	 
	0
	/
	0
	 
	e
	r
	r
	o
	r
	s
	 
	c
	o
	r
	r
	e
	c
	t
	l
	y
	.
	Y
	o
	u
	 
	i
	d
	e
	n
	t
	i
	f
	i
	e
	d
	 
	0
	 
	c
	o
	r
	r
	e
	c
	t
	 
	l
	i
	n
	e
	s
	 
	a
	s
	 
	e
	r
	r
	o
	r
	s
	.
	Y
	o
	u
	 
	d
	o
	 
	n
	o
	t
	 
	h
	a
	v
	e
	 
	a
	 
	s
	u
	c
	c
	e
	s
	s
	 
	m
	e
	s
	s
	a
	g
	e
	 
	w
	h
	i
	l
	e
	 
	t
	h
	e
	 
	r
	e
	f
	e
	r
	e
	n
	c
	e
	 
	d
	o
	e
	s
	.
	N
	O
	T
	E
	:
	 
	Y
	o
	u
	r
	 
	s
	u
	c
	c
	e
	s
	s
	 
	m
	e
	s
	s
	a
	g
	e
	 
	m
	u
	s
	t
	 
	c
	o
	n
	t
	a
	i
	n
	 
	t
	h
	e
	 
	w
	o
	r
	d
	 
	"
	(
	S
	|
	s
	)
	u
	c
	c
	e
	e
	d
	e
	d
	"
	,
	 
	"
	(
	S
	|
	s
	)
	u
	c
	c
	e
	s
	s
	"
	,
	 
	"
	S
	U
	C
	C
	E
	S
	S
	"
	,
	 
	o
	r
	 
	"
	S
	U
	C
	C
	E
	E
	D
	E
	D
	"
	;
	 
	t
	h
	i
	s
	 
	c
	a
	n
	 
	b
	e
	 
	c
	h
	a
	n
	g
	e
	d
	 
	i
	n
	 
	r
	u
	n
	n
	e
	r
	.
	p
	y
	.
- Reference output:
	P
	a
	r
	s
	e
	 
	s
	u
	c
	c
	e
	e
	d
	e
	d
	,
	 
	f
	i
	n
	d
	i
	n
	g
	 
	6
	0
	 
	I
	L
	O
	C
	 
	o
	p
	e
	r
	a
	t
	i
	o
	n
	s
	.
- Your output:
	P
	O
	O
	 
	P
	O
	O
	O
	 
	P
	O
	O
	

	M
	u
	s
	t
	 
	s
	p
	e
	c
	i
	f
	y
	 
	a
	 
	f
	i
	l
	e
	 
	n
	a
	m
	e
	 
	a
	f
	t
	e
	r
	 
	t
	h
	e
	 
	f
	l
	a
	g
	.
❌ /clear/courses/comp412/students/ILOC/contributed/2014/lab2/kcb5.i failed!
- Summary:
	Y
	o
	u
	 
	i
	d
	e
	n
	t
	i
	f
	i
	e
	d
	 
	0
	/
	0
	 
	e
	r
	r
	o
	r
	s
	 
	c
	o
	r
	r
	e
	c
	t
	l
	y
	.
	Y
	o
	u
	 
	i
	d
	e
	n
	t
	i
	f
	i
	e
	d
	 
	0
	 
	c
	o
	r
	r
	e
	c
	t
	 
	l
	i
	n
	e
	s
	 
	a
	s
	 
	e
	r
	r
	o
	r
	s
	.
	Y
	o
	u
	 
	d
	o
	 
	n
	o
	t
	 
	h
	a
	v
	e
	 
	a
	 
	s
	u
	c
	c
	e
	s
	s
	 
	m
	e
	s
	s
	a
	g
	e
	 
	w
	h
	i
	l
	e
	 
	t
	h
	e
	 
	r
	e
	f
	e
	r
	e
	n
	c
	e
	 
	d
	o
	e
	s
	.
	N
	O
	T
	E
	:
	 
	Y
	o
	u
	r
	 
	s
	u
	c
	c
	e
	s
	s
	 
	m
	e
	s
	s
	a
	g
	e
	 
	m
	u
	s
	t
	 
	c
	o
	n
	t
	a
	i
	n
	 
	t
	h
	e
	 
	w
	o
	r
	d
	 
	"
	(
	S
	|
	s
	)
	u
	c
	c
	e
	e
	d
	e
	d
	"
	,
	 
	"
	(
	S
	|
	s
	)
	u
	c
	c
	e
	s
	s
	"
	,
	 
	"
	S
	U
	C
	C
	E
	S
	S
	"
	,
	 
	o
	r
	 
	"
	S
	U
	C
	C
	E
	E
	D
	E
	D
	"
	;
	 
	t
	h
	i
	s
	 
	c
	a
	n
	 
	b
	e
	 
	c
	h
	a
	n
	g
	e
	d
	 
	i
	n
	 
	r
	u
	n
	n
	e
	r
	.
	p
	y
	.
- Reference output:
	P
	a
	r
	s
	e
	 
	s
	u
	c
	c
	e
	e
	d
	e
	d
	,
	 
	f
	i
	n
	d
	i
	n
	g
	 
	4
	0
	 
	I
	L
	O
	C
	 
	o
	p
	e
	r
	a
	t
	i
	o
	n
	s
	.
- Your output:
	P
	O
	O
	 
	P
	O
	O
	O
	 
	P
	O
	O
	

	M
	u
	s
	t
	 
	s
	p
	e
	c
	i
	f
	y
	 
	a
	 
	f
	i
	l
	e
	 
	n
	a
	m
	e
	 
	a
	f
	t
	e
	r
	 
	t
	h
	e
	 
	f
	l
	a
	g
	.
❌ /clear/courses/comp412/students/ILOC/contributed/2014/lab2/wsp1.i failed!
- Summary:
	Y
	o
	u
	 
	i
	d
	e
	n
	t
	i
	f
	i
	e
	d
	 
	0
	/
	0
	 
	e
	r
	r
	o
	r
	s
	 
	c
	o
	r
	r
	e
	c
	t
	l
	y
	.
	Y
	o
	u
	 
	i
	d
	e
	n
	t
	i
	f
	i
	e
	d
	 
	0
	 
	c
	o
	r
	r
	e
	c
	t
	 
	l
	i
	n
	e
	s
	 
	a
	s
	 
	e
	r
	r
	o
	r
	s
	.
	Y
	o
	u
	 
	d
	o
	 
	n
	o
	t
	 
	h
	a
	v
	e
	 
	a
	 
	s
	u
	c
	c
	e
	s
	s
	 
	m
	e
	s
	s
	a
	g
	e
	 
	w
	h
	i
	l
	e
	 
	t
	h
	e
	 
	r
	e
	f
	e
	r
	e
	n
	c
	e
	 
	d
	o
	e
	s
	.
	N
	O
	T
	E
	:
	 
	Y
	o
	u
	r
	 
	s
	u
	c
	c
	e
	s
	s
	 
	m
	e
	s
	s
	a
	g
	e
	 
	m
	u
	s
	t
	 
	c
	o
	n
	t
	a
	i
	n
	 
	t
	h
	e
	 
	w
	o
	r
	d
	 
	"
	(
	S
	|
	s
	)
	u
	c
	c
	e
	e
	d
	e
	d
	"
	,
	 
	"
	(
	S
	|
	s
	)
	u
	c
	c
	e
	s
	s
	"
	,
	 
	"
	S
	U
	C
	C
	E
	S
	S
	"
	,
	 
	o
	r
	 
	"
	S
	U
	C
	C
	E
	E
	D
	E
	D
	"
	;
	 
	t
	h
	i
	s
	 
	c
	a
	n
	 
	b
	e
	 
	c
	h
	a
	n
	g
	e
	d
	 
	i
	n
	 
	r
	u
	n
	n
	e
	r
	.
	p
	y
	.
- Reference output:
	P
	a
	r
	s
	e
	 
	s
	u
	c
	c
	e
	e
	d
	e
	d
	,
	 
	f
	i
	n
	d
	i
	n
	g
	 
	2
	0
	 
	I
	L
	O
	C
	 
	o
	p
	e
	r
	a
	t
	i
	o
	n
	s
	.
- Your output:
	P
	O
	O
	 
	P
	O
	O
	O
	 
	P
	O
	O
	

	M
	u
	s
	t
	 
	s
	p
	e
	c
	i
	f
	y
	 
	a
	 
	f
	i
	l
	e
	 
	n
	a
	m
	e
	 
	a
	f
	t
	e
	r
	 
	t
	h
	e
	 
	f
	l
	a
	g
	.
❌ /clear/courses/comp412/students/ILOC/contributed/2014/lab2/les6.i failed!
- Summary:
	Y
	o
	u
	 
	i
	d
	e
	n
	t
	i
	f
	i
	e
	d
	 
	0
	/
	0
	 
	e
	r
	r
	o
	r
	s
	 
	c
	o
	r
	r
	e
	c
	t
	l
	y
	.
	Y
	o
	u
	 
	i
	d
	e
	n
	t
	i
	f
	i
	e
	d
	 
	0
	 
	c
	o
	r
	r
	e
	c
	t
	 
	l
	i
	n
	e
	s
	 
	a
	s
	 
	e
	r
	r
	o
	r
	s
	.
	Y
	o
	u
	 
	d
	o
	 
	n
	o
	t
	 
	h
	a
	v
	e
	 
	a
	 
	s
	u
	c
	c
	e
	s
	s
	 
	m
	e
	s
	s
	a
	g
	e
	 
	w
	h
	i
	l
	e
	 
	t
	h
	e
	 
	r
	e
	f
	e
	r
	e
	n
	c
	e
	 
	d
	o
	e
	s
	.
	N
	O
	T
	E
	:
	 
	Y
	o
	u
	r
	 
	s
	u
	c
	c
	e
	s
	s
	 
	m
	e
	s
	s
	a
	g
	e
	 
	m
	u
	s
	t
	 
	c
	o
	n
	t
	a
	i
	n
	 
	t
	h
	e
	 
	w
	o
	r
	d
	 
	"
	(
	S
	|
	s
	)
	u
	c
	c
	e
	e
	d
	e
	d
	"
	,
	 
	"
	(
	S
	|
	s
	)
	u
	c
	c
	e
	s
	s
	"
	,
	 
	"
	S
	U
	C
	C
	E
	S
	S
	"
	,
	 
	o
	r
	 
	"
	S
	U
	C
	C
	E
	E
	D
	E
	D
	"
	;
	 
	t
	h
	i
	s
	 
	c
	a
	n
	 
	b
	e
	 
	c
	h
	a
	n
	g
	e
	d
	 
	i
	n
	 
	r
	u
	n
	n
	e
	r
	.
	p
	y
	.
- Reference output:
	P
	a
	r
	s
	e
	 
	s
	u
	c
	c
	e
	e
	d
	e
	d
	,
	 
	f
	i
	n
	d
	i
	n
	g
	 
	2
	0
	 
	I
	L
	O
	C
	 
	o
	p
	e
	r
	a
	t
	i
	o
	n
	s
	.
- Your output:
	P
	O
	O
	 
	P
	O
	O
	O
	 
	P
	O
	O
	

	M
	u
	s
	t
	 
	s
	p
	e
	c
	i
	f
	y
	 
	a
	 
	f
	i
	l
	e
	 
	n
	a
	m
	e
	 
	a
	f
	t
	e
	r
	 
	t
	h
	e
	 
	f
	l
	a
	g
	.
❌ /clear/courses/comp412/students/ILOC/contributed/2014/lab2/icm2.i failed!
- Summary:
	Y
	o
	u
	 
	i
	d
	e
	n
	t
	i
	f
	i
	e
	d
	 
	0
	/
	0
	 
	e
	r
	r
	o
	r
	s
	 
	c
	o
	r
	r
	e
	c
	t
	l
	y
	.
	Y
	o
	u
	 
	i
	d
	e
	n
	t
	i
	f
	i
	e
	d
	 
	0
	 
	c
	o
	r
	r
	e
	c
	t
	 
	l
	i
	n
	e
	s
	 
	a
	s
	 
	e
	r
	r
	o
	r
	s
	.
	Y
	o
	u
	 
	d
	o
	 
	n
	o
	t
	 
	h
	a
	v
	e
	 
	a
	 
	s
	u
	c
	c
	e
	s
	s
	 
	m
	e
	s
	s
	a
	g
	e
	 
	w
	h
	i
	l
	e
	 
	t
	h
	e
	 
	r
	e
	f
	e
	r
	e
	n
	c
	e
	 
	d
	o
	e
	s
	.
	N
	O
	T
	E
	:
	 
	Y
	o
	u
	r
	 
	s
	u
	c
	c
	e
	s
	s
	 
	m
	e
	s
	s
	a
	g
	e
	 
	m
	u
	s
	t
	 
	c
	o
	n
	t
	a
	i
	n
	 
	t
	h
	e
	 
	w
	o
	r
	d
	 
	"
	(
	S
	|
	s
	)
	u
	c
	c
	e
	e
	d
	e
	d
	"
	,
	 
	"
	(
	S
	|
	s
	)
	u
	c
	c
	e
	s
	s
	"
	,
	 
	"
	S
	U
	C
	C
	E
	S
	S
	"
	,
	 
	o
	r
	 
	"
	S
	U
	C
	C
	E
	E
	D
	E
	D
	"
	;
	 
	t
	h
	i
	s
	 
	c
	a
	n
	 
	b
	e
	 
	c
	h
	a
	n
	g
	e
	d
	 
	i
	n
	 
	r
	u
	n
	n
	e
	r
	.
	p
	y
	.
- Reference output:
	P
	a
	r
	s
	e
	 
	s
	u
	c
	c
	e
	e
	d
	e
	d
	,
	 
	f
	i
	n
	d
	i
	n
	g
	 
	2
	2
	 
	I
	L
	O
	C
	 
	o
	p
	e
	r
	a
	t
	i
	o
	n
	s
	.
- Your output:
	P
	O
	O
	 
	P
	O
	O
	O
	 
	P
	O
	O
	

	M
	u
	s
	t
	 
	s
	p
	e
	c
	i
	f
	y
	 
	a
	 
	f
	i
	l
	e
	 
	n
	a
	m
	e
	 
	a
	f
	t
	e
	r
	 
	t
	h
	e
	 
	f
	l
	a
	g
	.
❌ /clear/courses/comp412/students/ILOC/contributed/2014/lab2/yl65.i failed!
- Summary:
	Y
	o
	u
	 
	i
	d
	e
	n
	t
	i
	f
	i
	e
	d
	 
	0
	/
	0
	 
	e
	r
	r
	o
	r
	s
	 
	c
	o
	r
	r
	e
	c
	t
	l
	y
	.
	Y
	o
	u
	 
	i
	d
	e
	n
	t
	i
	f
	i
	e
	d
	 
	0
	 
	c
	o
	r
	r
	e
	c
	t
	 
	l
	i
	n
	e
	s
	 
	a
	s
	 
	e
	r
	r
	o
	r
	s
	.
	Y
	o
	u
	 
	d
	o
	 
	n
	o
	t
	 
	h
	a
	v
	e
	 
	a
	 
	s
	u
	c
	c
	e
	s
	s
	 
	m
	e
	s
	s
	a
	g
	e
	 
	w
	h
	i
	l
	e
	 
	t
	h
	e
	 
	r
	e
	f
	e
	r
	e
	n
	c
	e
	 
	d
	o
	e
	s
	.
	N
	O
	T
	E
	:
	 
	Y
	o
	u
	r
	 
	s
	u
	c
	c
	e
	s
	s
	 
	m
	e
	s
	s
	a
	g
	e
	 
	m
	u
	s
	t
	 
	c
	o
	n
	t
	a
	i
	n
	 
	t
	h
	e
	 
	w
	o
	r
	d
	 
	"
	(
	S
	|
	s
	)
	u
	c
	c
	e
	e
	d
	e
	d
	"
	,
	 
	"
	(
	S
	|
	s
	)
	u
	c
	c
	e
	s
	s
	"
	,
	 
	"
	S
	U
	C
	C
	E
	S
	S
	"
	,
	 
	o
	r
	 
	"
	S
	U
	C
	C
	E
	E
	D
	E
	D
	"
	;
	 
	t
	h
	i
	s
	 
	c
	a
	n
	 
	b
	e
	 
	c
	h
	a
	n
	g
	e
	d
	 
	i
	n
	 
	r
	u
	n
	n
	e
	r
	.
	p
	y
	.
- Reference output:
	P
	a
	r
	s
	e
	 
	s
	u
	c
	c
	e
	e
	d
	e
	d
	,
	 
	f
	i
	n
	d
	i
	n
	g
	 
	3
	9
	 
	I
	L
	O
	C
	 
	o
	p
	e
	r
	a
	t
	i
	o
	n
	s
	.
- Your output:
	P
	O
	O
	 
	P
	O
	O
	O
	 
	P
	O
	O
	

	M
	u
	s
	t
	 
	s
	p
	e
	c
	i
	f
	y
	 
	a
	 
	f
	i
	l
	e
	 
	n
	a
	m
	e
	 
	a
	f
	t
	e
	r
	 
	t
	h
	e
	 
	f
	l
	a
	g
	.
❌ /clear/courses/comp412/students/ILOC/contributed/2014/lab2/sm80.i failed!
- Summary:
	Y
	o
	u
	 
	i
	d
	e
	n
	t
	i
	f
	i
	e
	d
	 
	0
	/
	0
	 
	e
	r
	r
	o
	r
	s
	 
	c
	o
	r
	r
	e
	c
	t
	l
	y
	.
	Y
	o
	u
	 
	i
	d
	e
	n
	t
	i
	f
	i
	e
	d
	 
	0
	 
	c
	o
	r
	r
	e
	c
	t
	 
	l
	i
	n
	e
	s
	 
	a
	s
	 
	e
	r
	r
	o
	r
	s
	.
	Y
	o
	u
	 
	d
	o
	 
	n
	o
	t
	 
	h
	a
	v
	e
	 
	a
	 
	s
	u
	c
	c
	e
	s
	s
	 
	m
	e
	s
	s
	a
	g
	e
	 
	w
	h
	i
	l
	e
	 
	t
	h
	e
	 
	r
	e
	f
	e
	r
	e
	n
	c
	e
	 
	d
	o
	e
	s
	.
	N
	O
	T
	E
	:
	 
	Y
	o
	u
	r
	 
	s
	u
	c
	c
	e
	s
	s
	 
	m
	e
	s
	s
	a
	g
	e
	 
	m
	u
	s
	t
	 
	c
	o
	n
	t
	a
	i
	n
	 
	t
	h
	e
	 
	w
	o
	r
	d
	 
	"
	(
	S
	|
	s
	)
	u
	c
	c
	e
	e
	d
	e
	d
	"
	,
	 
	"
	(
	S
	|
	s
	)
	u
	c
	c
	e
	s
	s
	"
	,
	 
	"
	S
	U
	C
	C
	E
	S
	S
	"
	,
	 
	o
	r
	 
	"
	S
	U
	C
	C
	E
	E
	D
	E
	D
	"
	;
	 
	t
	h
	i
	s
	 
	c
	a
	n
	 
	b
	e
	 
	c
	h
	a
	n
	g
	e
	d
	 
	i
	n
	 
	r
	u
	n
	n
	e
	r
	.
	p
	y
	.
- Reference output:
	P
	a
	r
	s
	e
	 
	s
	u
	c
	c
	e
	e
	d
	e
	d
	,
	 
	f
	i
	n
	d
	i
	n
	g
	 
	3
	1
	 
	I
	L
	O
	C
	 
	o
	p
	e
	r
	a
	t
	i
	o
	n
	s
	.
- Your output:
	P
	O
	O
	 
	P
	O
	O
	O
	 
	P
	O
	O
	

	M
	u
	s
	t
	 
	s
	p
	e
	c
	i
	f
	y
	 
	a
	 
	f
	i
	l
	e
	 
	n
	a
	m
	e
	 
	a
	f
	t
	e
	r
	 
	t
	h
	e
	 
	f
	l
	a
	g
	.
❌ /clear/courses/comp412/students/ILOC/contributed/2014/lab2/msp5.i failed!
- Summary:
	Y
	o
	u
	 
	i
	d
	e
	n
	t
	i
	f
	i
	e
	d
	 
	0
	/
	0
	 
	e
	r
	r
	o
	r
	s
	 
	c
	o
	r
	r
	e
	c
	t
	l
	y
	.
	Y
	o
	u
	 
	i
	d
	e
	n
	t
	i
	f
	i
	e
	d
	 
	0
	 
	c
	o
	r
	r
	e
	c
	t
	 
	l
	i
	n
	e
	s
	 
	a
	s
	 
	e
	r
	r
	o
	r
	s
	.
	Y
	o
	u
	 
	d
	o
	 
	n
	o
	t
	 
	h
	a
	v
	e
	 
	a
	 
	s
	u
	c
	c
	e
	s
	s
	 
	m
	e
	s
	s
	a
	g
	e
	 
	w
	h
	i
	l
	e
	 
	t
	h
	e
	 
	r
	e
	f
	e
	r
	e
	n
	c
	e
	 
	d
	o
	e
	s
	.
	N
	O
	T
	E
	:
	 
	Y
	o
	u
	r
	 
	s
	u
	c
	c
	e
	s
	s
	 
	m
	e
	s
	s
	a
	g
	e
	 
	m
	u
	s
	t
	 
	c
	o
	n
	t
	a
	i
	n
	 
	t
	h
	e
	 
	w
	o
	r
	d
	 
	"
	(
	S
	|
	s
	)
	u
	c
	c
	e
	e
	d
	e
	d
	"
	,
	 
	"
	(
	S
	|
	s
	)
	u
	c
	c
	e
	s
	s
	"
	,
	 
	"
	S
	U
	C
	C
	E
	S
	S
	"
	,
	 
	o
	r
	 
	"
	S
	U
	C
	C
	E
	E
	D
	E
	D
	"
	;
	 
	t
	h
	i
	s
	 
	c
	a
	n
	 
	b
	e
	 
	c
	h
	a
	n
	g
	e
	d
	 
	i
	n
	 
	r
	u
	n
	n
	e
	r
	.
	p
	y
	.
- Reference output:
	P
	a
	r
	s
	e
	 
	s
	u
	c
	c
	e
	e
	d
	e
	d
	,
	 
	f
	i
	n
	d
	i
	n
	g
	 
	8
	0
	 
	I
	L
	O
	C
	 
	o
	p
	e
	r
	a
	t
	i
	o
	n
	s
	.
- Your output:
	P
	O
	O
	 
	P
	O
	O
	O
	 
	P
	O
	O
	

	M
	u
	s
	t
	 
	s
	p
	e
	c
	i
	f
	y
	 
	a
	 
	f
	i
	l
	e
	 
	n
	a
	m
	e
	 
	a
	f
	t
	e
	r
	 
	t
	h
	e
	 
	f
	l
	a
	g
	.
❌ /clear/courses/comp412/students/ILOC/contributed/2014/lab2/kwa2.i failed!
- Summary:
	Y
	o
	u
	 
	i
	d
	e
	n
	t
	i
	f
	i
	e
	d
	 
	0
	/
	0
	 
	e
	r
	r
	o
	r
	s
	 
	c
	o
	r
	r
	e
	c
	t
	l
	y
	.
	Y
	o
	u
	 
	i
	d
	e
	n
	t
	i
	f
	i
	e
	d
	 
	0
	 
	c
	o
	r
	r
	e
	c
	t
	 
	l
	i
	n
	e
	s
	 
	a
	s
	 
	e
	r
	r
	o
	r
	s
	.
	Y
	o
	u
	 
	d
	o
	 
	n
	o
	t
	 
	h
	a
	v
	e
	 
	a
	 
	s
	u
	c
	c
	e
	s
	s
	 
	m
	e
	s
	s
	a
	g
	e
	 
	w
	h
	i
	l
	e
	 
	t
	h
	e
	 
	r
	e
	f
	e
	r
	e
	n
	c
	e
	 
	d
	o
	e
	s
	.
	N
	O
	T
	E
	:
	 
	Y
	o
	u
	r
	 
	s
	u
	c
	c
	e
	s
	s
	 
	m
	e
	s
	s
	a
	g
	e
	 
	m
	u
	s
	t
	 
	c
	o
	n
	t
	a
	i
	n
	 
	t
	h
	e
	 
	w
	o
	r
	d
	 
	"
	(
	S
	|
	s
	)
	u
	c
	c
	e
	e
	d
	e
	d
	"
	,
	 
	"
	(
	S
	|
	s
	)
	u
	c
	c
	e
	s
	s
	"
	,
	 
	"
	S
	U
	C
	C
	E
	S
	S
	"
	,
	 
	o
	r
	 
	"
	S
	U
	C
	C
	E
	E
	D
	E
	D
	"
	;
	 
	t
	h
	i
	s
	 
	c
	a
	n
	 
	b
	e
	 
	c
	h
	a
	n
	g
	e
	d
	 
	i
	n
	 
	r
	u
	n
	n
	e
	r
	.
	p
	y
	.
- Reference output:
	P
	a
	r
	s
	e
	 
	s
	u
	c
	c
	e
	e
	d
	e
	d
	,
	 
	f
	i
	n
	d
	i
	n
	g
	 
	2
	8
	2
	 
	I
	L
	O
	C
	 
	o
	p
	e
	r
	a
	t
	i
	o
	n
	s
	.
- Your output:
	P
	O
	O
	 
	P
	O
	O
	O
	 
	P
	O
	O
	

	M
	u
	s
	t
	 
	s
	p
	e
	c
	i
	f
	y
	 
	a
	 
	f
	i
	l
	e
	 
	n
	a
	m
	e
	 
	a
	f
	t
	e
	r
	 
	t
	h
	e
	 
	f
	l
	a
	g
	.
❌ /clear/courses/comp412/students/ILOC/contributed/2014/lab2/sjl4.i failed!
- Summary:
	Y
	o
	u
	 
	i
	d
	e
	n
	t
	i
	f
	i
	e
	d
	 
	0
	/
	0
	 
	e
	r
	r
	o
	r
	s
	 
	c
	o
	r
	r
	e
	c
	t
	l
	y
	.
	Y
	o
	u
	 
	i
	d
	e
	n
	t
	i
	f
	i
	e
	d
	 
	0
	 
	c
	o
	r
	r
	e
	c
	t
	 
	l
	i
	n
	e
	s
	 
	a
	s
	 
	e
	r
	r
	o
	r
	s
	.
	Y
	o
	u
	 
	d
	o
	 
	n
	o
	t
	 
	h
	a
	v
	e
	 
	a
	 
	s
	u
	c
	c
	e
	s
	s
	 
	m
	e
	s
	s
	a
	g
	e
	 
	w
	h
	i
	l
	e
	 
	t
	h
	e
	 
	r
	e
	f
	e
	r
	e
	n
	c
	e
	 
	d
	o
	e
	s
	.
	N
	O
	T
	E
	:
	 
	Y
	o
	u
	r
	 
	s
	u
	c
	c
	e
	s
	s
	 
	m
	e
	s
	s
	a
	g
	e
	 
	m
	u
	s
	t
	 
	c
	o
	n
	t
	a
	i
	n
	 
	t
	h
	e
	 
	w
	o
	r
	d
	 
	"
	(
	S
	|
	s
	)
	u
	c
	c
	e
	e
	d
	e
	d
	"
	,
	 
	"
	(
	S
	|
	s
	)
	u
	c
	c
	e
	s
	s
	"
	,
	 
	"
	S
	U
	C
	C
	E
	S
	S
	"
	,
	 
	o
	r
	 
	"
	S
	U
	C
	C
	E
	E
	D
	E
	D
	"
	;
	 
	t
	h
	i
	s
	 
	c
	a
	n
	 
	b
	e
	 
	c
	h
	a
	n
	g
	e
	d
	 
	i
	n
	 
	r
	u
	n
	n
	e
	r
	.
	p
	y
	.
- Reference output:
	P
	a
	r
	s
	e
	 
	s
	u
	c
	c
	e
	e
	d
	e
	d
	,
	 
	f
	i
	n
	d
	i
	n
	g
	 
	8
	5
	 
	I
	L
	O
	C
	 
	o
	p
	e
	r
	a
	t
	i
	o
	n
	s
	.
- Your output:
	P
	O
	O
	 
	P
	O
	O
	O
	 
	P
	O
	O
	

	M
	u
	s
	t
	 
	s
	p
	e
	c
	i
	f
	y
	 
	a
	 
	f
	i
	l
	e
	 
	n
	a
	m
	e
	 
	a
	f
	t
	e
	r
	 
	t
	h
	e
	 
	f
	l
	a
	g
	.
❌ /clear/courses/comp412/students/ILOC/contributed/2014/lab2/jmg9.i failed!
- Summary:
	Y
	o
	u
	 
	i
	d
	e
	n
	t
	i
	f
	i
	e
	d
	 
	0
	/
	0
	 
	e
	r
	r
	o
	r
	s
	 
	c
	o
	r
	r
	e
	c
	t
	l
	y
	.
	Y
	o
	u
	 
	i
	d
	e
	n
	t
	i
	f
	i
	e
	d
	 
	0
	 
	c
	o
	r
	r
	e
	c
	t
	 
	l
	i
	n
	e
	s
	 
	a
	s
	 
	e
	r
	r
	o
	r
	s
	.
	Y
	o
	u
	 
	d
	o
	 
	n
	o
	t
	 
	h
	a
	v
	e
	 
	a
	 
	s
	u
	c
	c
	e
	s
	s
	 
	m
	e
	s
	s
	a
	g
	e
	 
	w
	h
	i
	l
	e
	 
	t
	h
	e
	 
	r
	e
	f
	e
	r
	e
	n
	c
	e
	 
	d
	o
	e
	s
	.
	N
	O
	T
	E
	:
	 
	Y
	o
	u
	r
	 
	s
	u
	c
	c
	e
	s
	s
	 
	m
	e
	s
	s
	a
	g
	e
	 
	m
	u
	s
	t
	 
	c
	o
	n
	t
	a
	i
	n
	 
	t
	h
	e
	 
	w
	o
	r
	d
	 
	"
	(
	S
	|
	s
	)
	u
	c
	c
	e
	e
	d
	e
	d
	"
	,
	 
	"
	(
	S
	|
	s
	)
	u
	c
	c
	e
	s
	s
	"
	,
	 
	"
	S
	U
	C
	C
	E
	S
	S
	"
	,
	 
	o
	r
	 
	"
	S
	U
	C
	C
	E
	E
	D
	E
	D
	"
	;
	 
	t
	h
	i
	s
	 
	c
	a
	n
	 
	b
	e
	 
	c
	h
	a
	n
	g
	e
	d
	 
	i
	n
	 
	r
	u
	n
	n
	e
	r
	.
	p
	y
	.
- Reference output:
	P
	a
	r
	s
	e
	 
	s
	u
	c
	c
	e
	e
	d
	e
	d
	,
	 
	f
	i
	n
	d
	i
	n
	g
	 
	2
	0
	 
	I
	L
	O
	C
	 
	o
	p
	e
	r
	a
	t
	i
	o
	n
	s
	.
- Your output:
	P
	O
	O
	 
	P
	O
	O
	O
	 
	P
	O
	O
	

	M
	u
	s
	t
	 
	s
	p
	e
	c
	i
	f
	y
	 
	a
	 
	f
	i
	l
	e
	 
	n
	a
	m
	e
	 
	a
	f
	t
	e
	r
	 
	t
	h
	e
	 
	f
	l
	a
	g
	.
❌ /clear/courses/comp412/students/ILOC/contributed/2014/lab2/jjo1.i failed!
- Summary:
	Y
	o
	u
	 
	i
	d
	e
	n
	t
	i
	f
	i
	e
	d
	 
	0
	/
	0
	 
	e
	r
	r
	o
	r
	s
	 
	c
	o
	r
	r
	e
	c
	t
	l
	y
	.
	Y
	o
	u
	 
	i
	d
	e
	n
	t
	i
	f
	i
	e
	d
	 
	0
	 
	c
	o
	r
	r
	e
	c
	t
	 
	l
	i
	n
	e
	s
	 
	a
	s
	 
	e
	r
	r
	o
	r
	s
	.
	Y
	o
	u
	 
	d
	o
	 
	n
	o
	t
	 
	h
	a
	v
	e
	 
	a
	 
	s
	u
	c
	c
	e
	s
	s
	 
	m
	e
	s
	s
	a
	g
	e
	 
	w
	h
	i
	l
	e
	 
	t
	h
	e
	 
	r
	e
	f
	e
	r
	e
	n
	c
	e
	 
	d
	o
	e
	s
	.
	N
	O
	T
	E
	:
	 
	Y
	o
	u
	r
	 
	s
	u
	c
	c
	e
	s
	s
	 
	m
	e
	s
	s
	a
	g
	e
	 
	m
	u
	s
	t
	 
	c
	o
	n
	t
	a
	i
	n
	 
	t
	h
	e
	 
	w
	o
	r
	d
	 
	"
	(
	S
	|
	s
	)
	u
	c
	c
	e
	e
	d
	e
	d
	"
	,
	 
	"
	(
	S
	|
	s
	)
	u
	c
	c
	e
	s
	s
	"
	,
	 
	"
	S
	U
	C
	C
	E
	S
	S
	"
	,
	 
	o
	r
	 
	"
	S
	U
	C
	C
	E
	E
	D
	E
	D
	"
	;
	 
	t
	h
	i
	s
	 
	c
	a
	n
	 
	b
	e
	 
	c
	h
	a
	n
	g
	e
	d
	 
	i
	n
	 
	r
	u
	n
	n
	e
	r
	.
	p
	y
	.
- Reference output:
	P
	a
	r
	s
	e
	 
	s
	u
	c
	c
	e
	e
	d
	e
	d
	,
	 
	f
	i
	n
	d
	i
	n
	g
	 
	1
	5
	 
	I
	L
	O
	C
	 
	o
	p
	e
	r
	a
	t
	i
	o
	n
	s
	.
- Your output:
	P
	O
	O
	 
	P
	O
	O
	O
	 
	P
	O
	O
	

	M
	u
	s
	t
	 
	s
	p
	e
	c
	i
	f
	y
	 
	a
	 
	f
	i
	l
	e
	 
	n
	a
	m
	e
	 
	a
	f
	t
	e
	r
	 
	t
	h
	e
	 
	f
	l
	a
	g
	.
❌ /clear/courses/comp412/students/ILOC/contributed/2014/lab2/ash4.i failed!
- Summary:
	Y
	o
	u
	 
	i
	d
	e
	n
	t
	i
	f
	i
	e
	d
	 
	0
	/
	0
	 
	e
	r
	r
	o
	r
	s
	 
	c
	o
	r
	r
	e
	c
	t
	l
	y
	.
	Y
	o
	u
	 
	i
	d
	e
	n
	t
	i
	f
	i
	e
	d
	 
	0
	 
	c
	o
	r
	r
	e
	c
	t
	 
	l
	i
	n
	e
	s
	 
	a
	s
	 
	e
	r
	r
	o
	r
	s
	.
	Y
	o
	u
	 
	d
	o
	 
	n
	o
	t
	 
	h
	a
	v
	e
	 
	a
	 
	s
	u
	c
	c
	e
	s
	s
	 
	m
	e
	s
	s
	a
	g
	e
	 
	w
	h
	i
	l
	e
	 
	t
	h
	e
	 
	r
	e
	f
	e
	r
	e
	n
	c
	e
	 
	d
	o
	e
	s
	.
	N
	O
	T
	E
	:
	 
	Y
	o
	u
	r
	 
	s
	u
	c
	c
	e
	s
	s
	 
	m
	e
	s
	s
	a
	g
	e
	 
	m
	u
	s
	t
	 
	c
	o
	n
	t
	a
	i
	n
	 
	t
	h
	e
	 
	w
	o
	r
	d
	 
	"
	(
	S
	|
	s
	)
	u
	c
	c
	e
	e
	d
	e
	d
	"
	,
	 
	"
	(
	S
	|
	s
	)
	u
	c
	c
	e
	s
	s
	"
	,
	 
	"
	S
	U
	C
	C
	E
	S
	S
	"
	,
	 
	o
	r
	 
	"
	S
	U
	C
	C
	E
	E
	D
	E
	D
	"
	;
	 
	t
	h
	i
	s
	 
	c
	a
	n
	 
	b
	e
	 
	c
	h
	a
	n
	g
	e
	d
	 
	i
	n
	 
	r
	u
	n
	n
	e
	r
	.
	p
	y
	.
- Reference output:
	P
	a
	r
	s
	e
	 
	s
	u
	c
	c
	e
	e
	d
	e
	d
	,
	 
	f
	i
	n
	d
	i
	n
	g
	 
	4
	1
	 
	I
	L
	O
	C
	 
	o
	p
	e
	r
	a
	t
	i
	o
	n
	s
	.
- Your output:
	P
	O
	O
	 
	P
	O
	O
	O
	 
	P
	O
	O
	

	M
	u
	s
	t
	 
	s
	p
	e
	c
	i
	f
	y
	 
	a
	 
	f
	i
	l
	e
	 
	n
	a
	m
	e
	 
	a
	f
	t
	e
	r
	 
	t
	h
	e
	 
	f
	l
	a
	g
	.
❌ /clear/courses/comp412/students/ILOC/contributed/2014/lab2/fg10.i failed!
- Summary:
	Y
	o
	u
	 
	i
	d
	e
	n
	t
	i
	f
	i
	e
	d
	 
	0
	/
	0
	 
	e
	r
	r
	o
	r
	s
	 
	c
	o
	r
	r
	e
	c
	t
	l
	y
	.
	Y
	o
	u
	 
	i
	d
	e
	n
	t
	i
	f
	i
	e
	d
	 
	0
	 
	c
	o
	r
	r
	e
	c
	t
	 
	l
	i
	n
	e
	s
	 
	a
	s
	 
	e
	r
	r
	o
	r
	s
	.
	Y
	o
	u
	 
	d
	o
	 
	n
	o
	t
	 
	h
	a
	v
	e
	 
	a
	 
	s
	u
	c
	c
	e
	s
	s
	 
	m
	e
	s
	s
	a
	g
	e
	 
	w
	h
	i
	l
	e
	 
	t
	h
	e
	 
	r
	e
	f
	e
	r
	e
	n
	c
	e
	 
	d
	o
	e
	s
	.
	N
	O
	T
	E
	:
	 
	Y
	o
	u
	r
	 
	s
	u
	c
	c
	e
	s
	s
	 
	m
	e
	s
	s
	a
	g
	e
	 
	m
	u
	s
	t
	 
	c
	o
	n
	t
	a
	i
	n
	 
	t
	h
	e
	 
	w
	o
	r
	d
	 
	"
	(
	S
	|
	s
	)
	u
	c
	c
	e
	e
	d
	e
	d
	"
	,
	 
	"
	(
	S
	|
	s
	)
	u
	c
	c
	e
	s
	s
	"
	,
	 
	"
	S
	U
	C
	C
	E
	S
	S
	"
	,
	 
	o
	r
	 
	"
	S
	U
	C
	C
	E
	E
	D
	E
	D
	"
	;
	 
	t
	h
	i
	s
	 
	c
	a
	n
	 
	b
	e
	 
	c
	h
	a
	n
	g
	e
	d
	 
	i
	n
	 
	r
	u
	n
	n
	e
	r
	.
	p
	y
	.
- Reference output:
	P
	a
	r
	s
	e
	 
	s
	u
	c
	c
	e
	e
	d
	e
	d
	,
	 
	f
	i
	n
	d
	i
	n
	g
	 
	8
	 
	I
	L
	O
	C
	 
	o
	p
	e
	r
	a
	t
	i
	o
	n
	s
	.
- Your output:
	P
	O
	O
	 
	P
	O
	O
	O
	 
	P
	O
	O
	

	M
	u
	s
	t
	 
	s
	p
	e
	c
	i
	f
	y
	 
	a
	 
	f
	i
	l
	e
	 
	n
	a
	m
	e
	 
	a
	f
	t
	e
	r
	 
	t
	h
	e
	 
	f
	l
	a
	g
	.
❌ /clear/courses/comp412/students/ILOC/contributed/2014/lab2/jps12.i failed!
- Summary:
	Y
	o
	u
	 
	i
	d
	e
	n
	t
	i
	f
	i
	e
	d
	 
	0
	/
	0
	 
	e
	r
	r
	o
	r
	s
	 
	c
	o
	r
	r
	e
	c
	t
	l
	y
	.
	Y
	o
	u
	 
	i
	d
	e
	n
	t
	i
	f
	i
	e
	d
	 
	0
	 
	c
	o
	r
	r
	e
	c
	t
	 
	l
	i
	n
	e
	s
	 
	a
	s
	 
	e
	r
	r
	o
	r
	s
	.
	Y
	o
	u
	 
	d
	o
	 
	n
	o
	t
	 
	h
	a
	v
	e
	 
	a
	 
	s
	u
	c
	c
	e
	s
	s
	 
	m
	e
	s
	s
	a
	g
	e
	 
	w
	h
	i
	l
	e
	 
	t
	h
	e
	 
	r
	e
	f
	e
	r
	e
	n
	c
	e
	 
	d
	o
	e
	s
	.
	N
	O
	T
	E
	:
	 
	Y
	o
	u
	r
	 
	s
	u
	c
	c
	e
	s
	s
	 
	m
	e
	s
	s
	a
	g
	e
	 
	m
	u
	s
	t
	 
	c
	o
	n
	t
	a
	i
	n
	 
	t
	h
	e
	 
	w
	o
	r
	d
	 
	"
	(
	S
	|
	s
	)
	u
	c
	c
	e
	e
	d
	e
	d
	"
	,
	 
	"
	(
	S
	|
	s
	)
	u
	c
	c
	e
	s
	s
	"
	,
	 
	"
	S
	U
	C
	C
	E
	S
	S
	"
	,
	 
	o
	r
	 
	"
	S
	U
	C
	C
	E
	E
	D
	E
	D
	"
	;
	 
	t
	h
	i
	s
	 
	c
	a
	n
	 
	b
	e
	 
	c
	h
	a
	n
	g
	e
	d
	 
	i
	n
	 
	r
	u
	n
	n
	e
	r
	.
	p
	y
	.
- Reference output:
	P
	a
	r
	s
	e
	 
	s
	u
	c
	c
	e
	e
	d
	e
	d
	,
	 
	f
	i
	n
	d
	i
	n
	g
	 
	1
	9
	5
	 
	I
	L
	O
	C
	 
	o
	p
	e
	r
	a
	t
	i
	o
	n
	s
	.
- Your output:
	P
	O
	O
	 
	P
	O
	O
	O
	 
	P
	O
	O
	

	M
	u
	s
	t
	 
	s
	p
	e
	c
	i
	f
	y
	 
	a
	 
	f
	i
	l
	e
	 
	n
	a
	m
	e
	 
	a
	f
	t
	e
	r
	 
	t
	h
	e
	 
	f
	l
	a
	g
	.
❌ /clear/courses/comp412/students/ILOC/contributed/2014/lab2/jak6.i failed!
- Summary:
	Y
	o
	u
	 
	i
	d
	e
	n
	t
	i
	f
	i
	e
	d
	 
	0
	/
	0
	 
	e
	r
	r
	o
	r
	s
	 
	c
	o
	r
	r
	e
	c
	t
	l
	y
	.
	Y
	o
	u
	 
	i
	d
	e
	n
	t
	i
	f
	i
	e
	d
	 
	0
	 
	c
	o
	r
	r
	e
	c
	t
	 
	l
	i
	n
	e
	s
	 
	a
	s
	 
	e
	r
	r
	o
	r
	s
	.
	Y
	o
	u
	 
	d
	o
	 
	n
	o
	t
	 
	h
	a
	v
	e
	 
	a
	 
	s
	u
	c
	c
	e
	s
	s
	 
	m
	e
	s
	s
	a
	g
	e
	 
	w
	h
	i
	l
	e
	 
	t
	h
	e
	 
	r
	e
	f
	e
	r
	e
	n
	c
	e
	 
	d
	o
	e
	s
	.
	N
	O
	T
	E
	:
	 
	Y
	o
	u
	r
	 
	s
	u
	c
	c
	e
	s
	s
	 
	m
	e
	s
	s
	a
	g
	e
	 
	m
	u
	s
	t
	 
	c
	o
	n
	t
	a
	i
	n
	 
	t
	h
	e
	 
	w
	o
	r
	d
	 
	"
	(
	S
	|
	s
	)
	u
	c
	c
	e
	e
	d
	e
	d
	"
	,
	 
	"
	(
	S
	|
	s
	)
	u
	c
	c
	e
	s
	s
	"
	,
	 
	"
	S
	U
	C
	C
	E
	S
	S
	"
	,
	 
	o
	r
	 
	"
	S
	U
	C
	C
	E
	E
	D
	E
	D
	"
	;
	 
	t
	h
	i
	s
	 
	c
	a
	n
	 
	b
	e
	 
	c
	h
	a
	n
	g
	e
	d
	 
	i
	n
	 
	r
	u
	n
	n
	e
	r
	.
	p
	y
	.
- Reference output:
	P
	a
	r
	s
	e
	 
	s
	u
	c
	c
	e
	e
	d
	e
	d
	,
	 
	f
	i
	n
	d
	i
	n
	g
	 
	5
	4
	 
	I
	L
	O
	C
	 
	o
	p
	e
	r
	a
	t
	i
	o
	n
	s
	.
- Your output:
	P
	O
	O
	 
	P
	O
	O
	O
	 
	P
	O
	O
	

	M
	u
	s
	t
	 
	s
	p
	e
	c
	i
	f
	y
	 
	a
	 
	f
	i
	l
	e
	 
	n
	a
	m
	e
	 
	a
	f
	t
	e
	r
	 
	t
	h
	e
	 
	f
	l
	a
	g
	.
❌ /clear/courses/comp412/students/ILOC/contributed/2014/lab2/cms14.i failed!
- Summary:
	Y
	o
	u
	 
	i
	d
	e
	n
	t
	i
	f
	i
	e
	d
	 
	0
	/
	0
	 
	e
	r
	r
	o
	r
	s
	 
	c
	o
	r
	r
	e
	c
	t
	l
	y
	.
	Y
	o
	u
	 
	i
	d
	e
	n
	t
	i
	f
	i
	e
	d
	 
	0
	 
	c
	o
	r
	r
	e
	c
	t
	 
	l
	i
	n
	e
	s
	 
	a
	s
	 
	e
	r
	r
	o
	r
	s
	.
	Y
	o
	u
	 
	d
	o
	 
	n
	o
	t
	 
	h
	a
	v
	e
	 
	a
	 
	s
	u
	c
	c
	e
	s
	s
	 
	m
	e
	s
	s
	a
	g
	e
	 
	w
	h
	i
	l
	e
	 
	t
	h
	e
	 
	r
	e
	f
	e
	r
	e
	n
	c
	e
	 
	d
	o
	e
	s
	.
	N
	O
	T
	E
	:
	 
	Y
	o
	u
	r
	 
	s
	u
	c
	c
	e
	s
	s
	 
	m
	e
	s
	s
	a
	g
	e
	 
	m
	u
	s
	t
	 
	c
	o
	n
	t
	a
	i
	n
	 
	t
	h
	e
	 
	w
	o
	r
	d
	 
	"
	(
	S
	|
	s
	)
	u
	c
	c
	e
	e
	d
	e
	d
	"
	,
	 
	"
	(
	S
	|
	s
	)
	u
	c
	c
	e
	s
	s
	"
	,
	 
	"
	S
	U
	C
	C
	E
	S
	S
	"
	,
	 
	o
	r
	 
	"
	S
	U
	C
	C
	E
	E
	D
	E
	D
	"
	;
	 
	t
	h
	i
	s
	 
	c
	a
	n
	 
	b
	e
	 
	c
	h
	a
	n
	g
	e
	d
	 
	i
	n
	 
	r
	u
	n
	n
	e
	r
	.
	p
	y
	.
- Reference output:
	P
	a
	r
	s
	e
	 
	s
	u
	c
	c
	e
	e
	d
	e
	d
	,
	 
	f
	i
	n
	d
	i
	n
	g
	 
	3
	5
	 
	I
	L
	O
	C
	 
	o
	p
	e
	r
	a
	t
	i
	o
	n
	s
	.
- Your output:
	P
	O
	O
	 
	P
	O
	O
	O
	 
	P
	O
	O
	

	M
	u
	s
	t
	 
	s
	p
	e
	c
	i
	f
	y
	 
	a
	 
	f
	i
	l
	e
	 
	n
	a
	m
	e
	 
	a
	f
	t
	e
	r
	 
	t
	h
	e
	 
	f
	l
	a
	g
	.
❌ /clear/courses/comp412/students/ILOC/contributed/2014/lab2/jdw7.i failed!
- Summary:
	Y
	o
	u
	 
	i
	d
	e
	n
	t
	i
	f
	i
	e
	d
	 
	0
	/
	0
	 
	e
	r
	r
	o
	r
	s
	 
	c
	o
	r
	r
	e
	c
	t
	l
	y
	.
	Y
	o
	u
	 
	i
	d
	e
	n
	t
	i
	f
	i
	e
	d
	 
	0
	 
	c
	o
	r
	r
	e
	c
	t
	 
	l
	i
	n
	e
	s
	 
	a
	s
	 
	e
	r
	r
	o
	r
	s
	.
	Y
	o
	u
	 
	d
	o
	 
	n
	o
	t
	 
	h
	a
	v
	e
	 
	a
	 
	s
	u
	c
	c
	e
	s
	s
	 
	m
	e
	s
	s
	a
	g
	e
	 
	w
	h
	i
	l
	e
	 
	t
	h
	e
	 
	r
	e
	f
	e
	r
	e
	n
	c
	e
	 
	d
	o
	e
	s
	.
	N
	O
	T
	E
	:
	 
	Y
	o
	u
	r
	 
	s
	u
	c
	c
	e
	s
	s
	 
	m
	e
	s
	s
	a
	g
	e
	 
	m
	u
	s
	t
	 
	c
	o
	n
	t
	a
	i
	n
	 
	t
	h
	e
	 
	w
	o
	r
	d
	 
	"
	(
	S
	|
	s
	)
	u
	c
	c
	e
	e
	d
	e
	d
	"
	,
	 
	"
	(
	S
	|
	s
	)
	u
	c
	c
	e
	s
	s
	"
	,
	 
	"
	S
	U
	C
	C
	E
	S
	S
	"
	,
	 
	o
	r
	 
	"
	S
	U
	C
	C
	E
	E
	D
	E
	D
	"
	;
	 
	t
	h
	i
	s
	 
	c
	a
	n
	 
	b
	e
	 
	c
	h
	a
	n
	g
	e
	d
	 
	i
	n
	 
	r
	u
	n
	n
	e
	r
	.
	p
	y
	.
- Reference output:
	P
	a
	r
	s
	e
	 
	s
	u
	c
	c
	e
	e
	d
	e
	d
	,
	 
	f
	i
	n
	d
	i
	n
	g
	 
	2
	0
	 
	I
	L
	O
	C
	 
	o
	p
	e
	r
	a
	t
	i
	o
	n
	s
	.
- Your output:
	P
	O
	O
	 
	P
	O
	O
	O
	 
	P
	O
	O
	

	M
	u
	s
	t
	 
	s
	p
	e
	c
	i
	f
	y
	 
	a
	 
	f
	i
	l
	e
	 
	n
	a
	m
	e
	 
	a
	f
	t
	e
	r
	 
	t
	h
	e
	 
	f
	l
	a
	g
	.
❌ /clear/courses/comp412/students/ILOC/contributed/2014/lab2/veb2.i failed!
- Summary:
	Y
	o
	u
	 
	i
	d
	e
	n
	t
	i
	f
	i
	e
	d
	 
	0
	/
	0
	 
	e
	r
	r
	o
	r
	s
	 
	c
	o
	r
	r
	e
	c
	t
	l
	y
	.
	Y
	o
	u
	 
	i
	d
	e
	n
	t
	i
	f
	i
	e
	d
	 
	0
	 
	c
	o
	r
	r
	e
	c
	t
	 
	l
	i
	n
	e
	s
	 
	a
	s
	 
	e
	r
	r
	o
	r
	s
	.
	Y
	o
	u
	 
	d
	o
	 
	n
	o
	t
	 
	h
	a
	v
	e
	 
	a
	 
	s
	u
	c
	c
	e
	s
	s
	 
	m
	e
	s
	s
	a
	g
	e
	 
	w
	h
	i
	l
	e
	 
	t
	h
	e
	 
	r
	e
	f
	e
	r
	e
	n
	c
	e
	 
	d
	o
	e
	s
	.
	N
	O
	T
	E
	:
	 
	Y
	o
	u
	r
	 
	s
	u
	c
	c
	e
	s
	s
	 
	m
	e
	s
	s
	a
	g
	e
	 
	m
	u
	s
	t
	 
	c
	o
	n
	t
	a
	i
	n
	 
	t
	h
	e
	 
	w
	o
	r
	d
	 
	"
	(
	S
	|
	s
	)
	u
	c
	c
	e
	e
	d
	e
	d
	"
	,
	 
	"
	(
	S
	|
	s
	)
	u
	c
	c
	e
	s
	s
	"
	,
	 
	"
	S
	U
	C
	C
	E
	S
	S
	"
	,
	 
	o
	r
	 
	"
	S
	U
	C
	C
	E
	E
	D
	E
	D
	"
	;
	 
	t
	h
	i
	s
	 
	c
	a
	n
	 
	b
	e
	 
	c
	h
	a
	n
	g
	e
	d
	 
	i
	n
	 
	r
	u
	n
	n
	e
	r
	.
	p
	y
	.
- Reference output:
	P
	a
	r
	s
	e
	 
	s
	u
	c
	c
	e
	e
	d
	e
	d
	,
	 
	f
	i
	n
	d
	i
	n
	g
	 
	4
	2
	 
	I
	L
	O
	C
	 
	o
	p
	e
	r
	a
	t
	i
	o
	n
	s
	.
- Your output:
	P
	O
	O
	 
	P
	O
	O
	O
	 
	P
	O
	O
	

	M
	u
	s
	t
	 
	s
	p
	e
	c
	i
	f
	y
	 
	a
	 
	f
	i
	l
	e
	 
	n
	a
	m
	e
	 
	a
	f
	t
	e
	r
	 
	t
	h
	e
	 
	f
	l
	a
	g
	.
❌ /clear/courses/comp412/students/ILOC/contributed/2014/lab2/mcc10.i failed!
- Summary:
	Y
	o
	u
	 
	i
	d
	e
	n
	t
	i
	f
	i
	e
	d
	 
	0
	/
	0
	 
	e
	r
	r
	o
	r
	s
	 
	c
	o
	r
	r
	e
	c
	t
	l
	y
	.
	Y
	o
	u
	 
	i
	d
	e
	n
	t
	i
	f
	i
	e
	d
	 
	0
	 
	c
	o
	r
	r
	e
	c
	t
	 
	l
	i
	n
	e
	s
	 
	a
	s
	 
	e
	r
	r
	o
	r
	s
	.
	Y
	o
	u
	 
	d
	o
	 
	n
	o
	t
	 
	h
	a
	v
	e
	 
	a
	 
	s
	u
	c
	c
	e
	s
	s
	 
	m
	e
	s
	s
	a
	g
	e
	 
	w
	h
	i
	l
	e
	 
	t
	h
	e
	 
	r
	e
	f
	e
	r
	e
	n
	c
	e
	 
	d
	o
	e
	s
	.
	N
	O
	T
	E
	:
	 
	Y
	o
	u
	r
	 
	s
	u
	c
	c
	e
	s
	s
	 
	m
	e
	s
	s
	a
	g
	e
	 
	m
	u
	s
	t
	 
	c
	o
	n
	t
	a
	i
	n
	 
	t
	h
	e
	 
	w
	o
	r
	d
	 
	"
	(
	S
	|
	s
	)
	u
	c
	c
	e
	e
	d
	e
	d
	"
	,
	 
	"
	(
	S
	|
	s
	)
	u
	c
	c
	e
	s
	s
	"
	,
	 
	"
	S
	U
	C
	C
	E
	S
	S
	"
	,
	 
	o
	r
	 
	"
	S
	U
	C
	C
	E
	E
	D
	E
	D
	"
	;
	 
	t
	h
	i
	s
	 
	c
	a
	n
	 
	b
	e
	 
	c
	h
	a
	n
	g
	e
	d
	 
	i
	n
	 
	r
	u
	n
	n
	e
	r
	.
	p
	y
	.
- Reference output:
	P
	a
	r
	s
	e
	 
	s
	u
	c
	c
	e
	e
	d
	e
	d
	,
	 
	f
	i
	n
	d
	i
	n
	g
	 
	2
	3
	 
	I
	L
	O
	C
	 
	o
	p
	e
	r
	a
	t
	i
	o
	n
	s
	.
- Your output:
	P
	O
	O
	 
	P
	O
	O
	O
	 
	P
	O
	O
	

	M
	u
	s
	t
	 
	s
	p
	e
	c
	i
	f
	y
	 
	a
	 
	f
	i
	l
	e
	 
	n
	a
	m
	e
	 
	a
	f
	t
	e
	r
	 
	t
	h
	e
	 
	f
	l
	a
	g
	.
❌ /clear/courses/comp412/students/ILOC/contributed/2014/lab2/zw12.i failed!
- Summary:
	Y
	o
	u
	 
	i
	d
	e
	n
	t
	i
	f
	i
	e
	d
	 
	0
	/
	0
	 
	e
	r
	r
	o
	r
	s
	 
	c
	o
	r
	r
	e
	c
	t
	l
	y
	.
	Y
	o
	u
	 
	i
	d
	e
	n
	t
	i
	f
	i
	e
	d
	 
	0
	 
	c
	o
	r
	r
	e
	c
	t
	 
	l
	i
	n
	e
	s
	 
	a
	s
	 
	e
	r
	r
	o
	r
	s
	.
	Y
	o
	u
	 
	d
	o
	 
	n
	o
	t
	 
	h
	a
	v
	e
	 
	a
	 
	s
	u
	c
	c
	e
	s
	s
	 
	m
	e
	s
	s
	a
	g
	e
	 
	w
	h
	i
	l
	e
	 
	t
	h
	e
	 
	r
	e
	f
	e
	r
	e
	n
	c
	e
	 
	d
	o
	e
	s
	.
	N
	O
	T
	E
	:
	 
	Y
	o
	u
	r
	 
	s
	u
	c
	c
	e
	s
	s
	 
	m
	e
	s
	s
	a
	g
	e
	 
	m
	u
	s
	t
	 
	c
	o
	n
	t
	a
	i
	n
	 
	t
	h
	e
	 
	w
	o
	r
	d
	 
	"
	(
	S
	|
	s
	)
	u
	c
	c
	e
	e
	d
	e
	d
	"
	,
	 
	"
	(
	S
	|
	s
	)
	u
	c
	c
	e
	s
	s
	"
	,
	 
	"
	S
	U
	C
	C
	E
	S
	S
	"
	,
	 
	o
	r
	 
	"
	S
	U
	C
	C
	E
	E
	D
	E
	D
	"
	;
	 
	t
	h
	i
	s
	 
	c
	a
	n
	 
	b
	e
	 
	c
	h
	a
	n
	g
	e
	d
	 
	i
	n
	 
	r
	u
	n
	n
	e
	r
	.
	p
	y
	.
- Reference output:
	P
	a
	r
	s
	e
	 
	s
	u
	c
	c
	e
	e
	d
	e
	d
	,
	 
	f
	i
	n
	d
	i
	n
	g
	 
	1
	2
	 
	I
	L
	O
	C
	 
	o
	p
	e
	r
	a
	t
	i
	o
	n
	s
	.
- Your output:
	P
	O
	O
	 
	P
	O
	O
	O
	 
	P
	O
	O
	

	M
	u
	s
	t
	 
	s
	p
	e
	c
	i
	f
	y
	 
	a
	 
	f
	i
	l
	e
	 
	n
	a
	m
	e
	 
	a
	f
	t
	e
	r
	 
	t
	h
	e
	 
	f
	l
	a
	g
	.
❌ /clear/courses/comp412/students/ILOC/contributed/2014/lab2/jdc5.i failed!
- Summary:
	Y
	o
	u
	 
	i
	d
	e
	n
	t
	i
	f
	i
	e
	d
	 
	0
	/
	0
	 
	e
	r
	r
	o
	r
	s
	 
	c
	o
	r
	r
	e
	c
	t
	l
	y
	.
	Y
	o
	u
	 
	i
	d
	e
	n
	t
	i
	f
	i
	e
	d
	 
	0
	 
	c
	o
	r
	r
	e
	c
	t
	 
	l
	i
	n
	e
	s
	 
	a
	s
	 
	e
	r
	r
	o
	r
	s
	.
	Y
	o
	u
	 
	d
	o
	 
	n
	o
	t
	 
	h
	a
	v
	e
	 
	a
	 
	s
	u
	c
	c
	e
	s
	s
	 
	m
	e
	s
	s
	a
	g
	e
	 
	w
	h
	i
	l
	e
	 
	t
	h
	e
	 
	r
	e
	f
	e
	r
	e
	n
	c
	e
	 
	d
	o
	e
	s
	.
	N
	O
	T
	E
	:
	 
	Y
	o
	u
	r
	 
	s
	u
	c
	c
	e
	s
	s
	 
	m
	e
	s
	s
	a
	g
	e
	 
	m
	u
	s
	t
	 
	c
	o
	n
	t
	a
	i
	n
	 
	t
	h
	e
	 
	w
	o
	r
	d
	 
	"
	(
	S
	|
	s
	)
	u
	c
	c
	e
	e
	d
	e
	d
	"
	,
	 
	"
	(
	S
	|
	s
	)
	u
	c
	c
	e
	s
	s
	"
	,
	 
	"
	S
	U
	C
	C
	E
	S
	S
	"
	,
	 
	o
	r
	 
	"
	S
	U
	C
	C
	E
	E
	D
	E
	D
	"
	;
	 
	t
	h
	i
	s
	 
	c
	a
	n
	 
	b
	e
	 
	c
	h
	a
	n
	g
	e
	d
	 
	i
	n
	 
	r
	u
	n
	n
	e
	r
	.
	p
	y
	.
- Reference output:
	P
	a
	r
	s
	e
	 
	s
	u
	c
	c
	e
	e
	d
	e
	d
	,
	 
	f
	i
	n
	d
	i
	n
	g
	 
	5
	6
	 
	I
	L
	O
	C
	 
	o
	p
	e
	r
	a
	t
	i
	o
	n
	s
	.
- Your output:
	P
	O
	O
	 
	P
	O
	O
	O
	 
	P
	O
	O
	

	M
	u
	s
	t
	 
	s
	p
	e
	c
	i
	f
	y
	 
	a
	 
	f
	i
	l
	e
	 
	n
	a
	m
	e
	 
	a
	f
	t
	e
	r
	 
	t
	h
	e
	 
	f
	l
	a
	g
	.
❌ /clear/courses/comp412/students/ILOC/contributed/2014/lab2/gel1.i failed!
- Summary:
	Y
	o
	u
	 
	i
	d
	e
	n
	t
	i
	f
	i
	e
	d
	 
	0
	/
	0
	 
	e
	r
	r
	o
	r
	s
	 
	c
	o
	r
	r
	e
	c
	t
	l
	y
	.
	Y
	o
	u
	 
	i
	d
	e
	n
	t
	i
	f
	i
	e
	d
	 
	0
	 
	c
	o
	r
	r
	e
	c
	t
	 
	l
	i
	n
	e
	s
	 
	a
	s
	 
	e
	r
	r
	o
	r
	s
	.
	Y
	o
	u
	 
	d
	o
	 
	n
	o
	t
	 
	h
	a
	v
	e
	 
	a
	 
	s
	u
	c
	c
	e
	s
	s
	 
	m
	e
	s
	s
	a
	g
	e
	 
	w
	h
	i
	l
	e
	 
	t
	h
	e
	 
	r
	e
	f
	e
	r
	e
	n
	c
	e
	 
	d
	o
	e
	s
	.
	N
	O
	T
	E
	:
	 
	Y
	o
	u
	r
	 
	s
	u
	c
	c
	e
	s
	s
	 
	m
	e
	s
	s
	a
	g
	e
	 
	m
	u
	s
	t
	 
	c
	o
	n
	t
	a
	i
	n
	 
	t
	h
	e
	 
	w
	o
	r
	d
	 
	"
	(
	S
	|
	s
	)
	u
	c
	c
	e
	e
	d
	e
	d
	"
	,
	 
	"
	(
	S
	|
	s
	)
	u
	c
	c
	e
	s
	s
	"
	,
	 
	"
	S
	U
	C
	C
	E
	S
	S
	"
	,
	 
	o
	r
	 
	"
	S
	U
	C
	C
	E
	E
	D
	E
	D
	"
	;
	 
	t
	h
	i
	s
	 
	c
	a
	n
	 
	b
	e
	 
	c
	h
	a
	n
	g
	e
	d
	 
	i
	n
	 
	r
	u
	n
	n
	e
	r
	.
	p
	y
	.
- Reference output:
	P
	a
	r
	s
	e
	 
	s
	u
	c
	c
	e
	e
	d
	e
	d
	,
	 
	f
	i
	n
	d
	i
	n
	g
	 
	3
	6
	 
	I
	L
	O
	C
	 
	o
	p
	e
	r
	a
	t
	i
	o
	n
	s
	.
- Your output:
	P
	O
	O
	 
	P
	O
	O
	O
	 
	P
	O
	O
	

	M
	u
	s
	t
	 
	s
	p
	e
	c
	i
	f
	y
	 
	a
	 
	f
	i
	l
	e
	 
	n
	a
	m
	e
	 
	a
	f
	t
	e
	r
	 
	t
	h
	e
	 
	f
	l
	a
	g
	.
❌ /clear/courses/comp412/students/ILOC/contributed/2014/lab2/cz21.i failed!
- Summary:
	Y
	o
	u
	 
	i
	d
	e
	n
	t
	i
	f
	i
	e
	d
	 
	0
	/
	0
	 
	e
	r
	r
	o
	r
	s
	 
	c
	o
	r
	r
	e
	c
	t
	l
	y
	.
	Y
	o
	u
	 
	i
	d
	e
	n
	t
	i
	f
	i
	e
	d
	 
	0
	 
	c
	o
	r
	r
	e
	c
	t
	 
	l
	i
	n
	e
	s
	 
	a
	s
	 
	e
	r
	r
	o
	r
	s
	.
	Y
	o
	u
	 
	d
	o
	 
	n
	o
	t
	 
	h
	a
	v
	e
	 
	a
	 
	s
	u
	c
	c
	e
	s
	s
	 
	m
	e
	s
	s
	a
	g
	e
	 
	w
	h
	i
	l
	e
	 
	t
	h
	e
	 
	r
	e
	f
	e
	r
	e
	n
	c
	e
	 
	d
	o
	e
	s
	.
	N
	O
	T
	E
	:
	 
	Y
	o
	u
	r
	 
	s
	u
	c
	c
	e
	s
	s
	 
	m
	e
	s
	s
	a
	g
	e
	 
	m
	u
	s
	t
	 
	c
	o
	n
	t
	a
	i
	n
	 
	t
	h
	e
	 
	w
	o
	r
	d
	 
	"
	(
	S
	|
	s
	)
	u
	c
	c
	e
	e
	d
	e
	d
	"
	,
	 
	"
	(
	S
	|
	s
	)
	u
	c
	c
	e
	s
	s
	"
	,
	 
	"
	S
	U
	C
	C
	E
	S
	S
	"
	,
	 
	o
	r
	 
	"
	S
	U
	C
	C
	E
	E
	D
	E
	D
	"
	;
	 
	t
	h
	i
	s
	 
	c
	a
	n
	 
	b
	e
	 
	c
	h
	a
	n
	g
	e
	d
	 
	i
	n
	 
	r
	u
	n
	n
	e
	r
	.
	p
	y
	.
- Reference output:
	P
	a
	r
	s
	e
	 
	s
	u
	c
	c
	e
	e
	d
	e
	d
	,
	 
	f
	i
	n
	d
	i
	n
	g
	 
	5
	0
	 
	I
	L
	O
	C
	 
	o
	p
	e
	r
	a
	t
	i
	o
	n
	s
	.
- Your output:
	P
	O
	O
	 
	P
	O
	O
	O
	 
	P
	O
	O
	

	M
	u
	s
	t
	 
	s
	p
	e
	c
	i
	f
	y
	 
	a
	 
	f
	i
	l
	e
	 
	n
	a
	m
	e
	 
	a
	f
	t
	e
	r
	 
	t
	h
	e
	 
	f
	l
	a
	g
	.
❌ /clear/courses/comp412/students/ILOC/contributed/2014/lab2/kz12.i failed!
- Summary:
	Y
	o
	u
	 
	i
	d
	e
	n
	t
	i
	f
	i
	e
	d
	 
	0
	/
	0
	 
	e
	r
	r
	o
	r
	s
	 
	c
	o
	r
	r
	e
	c
	t
	l
	y
	.
	Y
	o
	u
	 
	i
	d
	e
	n
	t
	i
	f
	i
	e
	d
	 
	0
	 
	c
	o
	r
	r
	e
	c
	t
	 
	l
	i
	n
	e
	s
	 
	a
	s
	 
	e
	r
	r
	o
	r
	s
	.
	Y
	o
	u
	 
	d
	o
	 
	n
	o
	t
	 
	h
	a
	v
	e
	 
	a
	 
	s
	u
	c
	c
	e
	s
	s
	 
	m
	e
	s
	s
	a
	g
	e
	 
	w
	h
	i
	l
	e
	 
	t
	h
	e
	 
	r
	e
	f
	e
	r
	e
	n
	c
	e
	 
	d
	o
	e
	s
	.
	N
	O
	T
	E
	:
	 
	Y
	o
	u
	r
	 
	s
	u
	c
	c
	e
	s
	s
	 
	m
	e
	s
	s
	a
	g
	e
	 
	m
	u
	s
	t
	 
	c
	o
	n
	t
	a
	i
	n
	 
	t
	h
	e
	 
	w
	o
	r
	d
	 
	"
	(
	S
	|
	s
	)
	u
	c
	c
	e
	e
	d
	e
	d
	"
	,
	 
	"
	(
	S
	|
	s
	)
	u
	c
	c
	e
	s
	s
	"
	,
	 
	"
	S
	U
	C
	C
	E
	S
	S
	"
	,
	 
	o
	r
	 
	"
	S
	U
	C
	C
	E
	E
	D
	E
	D
	"
	;
	 
	t
	h
	i
	s
	 
	c
	a
	n
	 
	b
	e
	 
	c
	h
	a
	n
	g
	e
	d
	 
	i
	n
	 
	r
	u
	n
	n
	e
	r
	.
	p
	y
	.
- Reference output:
	P
	a
	r
	s
	e
	 
	s
	u
	c
	c
	e
	e
	d
	e
	d
	,
	 
	f
	i
	n
	d
	i
	n
	g
	 
	4
	6
	 
	I
	L
	O
	C
	 
	o
	p
	e
	r
	a
	t
	i
	o
	n
	s
	.
- Your output:
	P
	O
	O
	 
	P
	O
	O
	O
	 
	P
	O
	O
	

	M
	u
	s
	t
	 
	s
	p
	e
	c
	i
	f
	y
	 
	a
	 
	f
	i
	l
	e
	 
	n
	a
	m
	e
	 
	a
	f
	t
	e
	r
	 
	t
	h
	e
	 
	f
	l
	a
	g
	.
❌ /clear/courses/comp412/students/ILOC/contributed/2014/lab2/cx5.i failed!
- Summary:
	Y
	o
	u
	 
	i
	d
	e
	n
	t
	i
	f
	i
	e
	d
	 
	0
	/
	0
	 
	e
	r
	r
	o
	r
	s
	 
	c
	o
	r
	r
	e
	c
	t
	l
	y
	.
	Y
	o
	u
	 
	i
	d
	e
	n
	t
	i
	f
	i
	e
	d
	 
	0
	 
	c
	o
	r
	r
	e
	c
	t
	 
	l
	i
	n
	e
	s
	 
	a
	s
	 
	e
	r
	r
	o
	r
	s
	.
	Y
	o
	u
	 
	d
	o
	 
	n
	o
	t
	 
	h
	a
	v
	e
	 
	a
	 
	s
	u
	c
	c
	e
	s
	s
	 
	m
	e
	s
	s
	a
	g
	e
	 
	w
	h
	i
	l
	e
	 
	t
	h
	e
	 
	r
	e
	f
	e
	r
	e
	n
	c
	e
	 
	d
	o
	e
	s
	.
	N
	O
	T
	E
	:
	 
	Y
	o
	u
	r
	 
	s
	u
	c
	c
	e
	s
	s
	 
	m
	e
	s
	s
	a
	g
	e
	 
	m
	u
	s
	t
	 
	c
	o
	n
	t
	a
	i
	n
	 
	t
	h
	e
	 
	w
	o
	r
	d
	 
	"
	(
	S
	|
	s
	)
	u
	c
	c
	e
	e
	d
	e
	d
	"
	,
	 
	"
	(
	S
	|
	s
	)
	u
	c
	c
	e
	s
	s
	"
	,
	 
	"
	S
	U
	C
	C
	E
	S
	S
	"
	,
	 
	o
	r
	 
	"
	S
	U
	C
	C
	E
	E
	D
	E
	D
	"
	;
	 
	t
	h
	i
	s
	 
	c
	a
	n
	 
	b
	e
	 
	c
	h
	a
	n
	g
	e
	d
	 
	i
	n
	 
	r
	u
	n
	n
	e
	r
	.
	p
	y
	.
- Reference output:
	P
	a
	r
	s
	e
	 
	s
	u
	c
	c
	e
	e
	d
	e
	d
	,
	 
	f
	i
	n
	d
	i
	n
	g
	 
	1
	1
	 
	I
	L
	O
	C
	 
	o
	p
	e
	r
	a
	t
	i
	o
	n
	s
	.
- Your output:
	P
	O
	O
	 
	P
	O
	O
	O
	 
	P
	O
	O
	

	M
	u
	s
	t
	 
	s
	p
	e
	c
	i
	f
	y
	 
	a
	 
	f
	i
	l
	e
	 
	n
	a
	m
	e
	 
	a
	f
	t
	e
	r
	 
	t
	h
	e
	 
	f
	l
	a
	g
	.
❌ /clear/courses/comp412/students/ILOC/contributed/2014/lab2/yn4.i failed!
- Summary:
	Y
	o
	u
	 
	i
	d
	e
	n
	t
	i
	f
	i
	e
	d
	 
	0
	/
	0
	 
	e
	r
	r
	o
	r
	s
	 
	c
	o
	r
	r
	e
	c
	t
	l
	y
	.
	Y
	o
	u
	 
	i
	d
	e
	n
	t
	i
	f
	i
	e
	d
	 
	0
	 
	c
	o
	r
	r
	e
	c
	t
	 
	l
	i
	n
	e
	s
	 
	a
	s
	 
	e
	r
	r
	o
	r
	s
	.
	Y
	o
	u
	 
	d
	o
	 
	n
	o
	t
	 
	h
	a
	v
	e
	 
	a
	 
	s
	u
	c
	c
	e
	s
	s
	 
	m
	e
	s
	s
	a
	g
	e
	 
	w
	h
	i
	l
	e
	 
	t
	h
	e
	 
	r
	e
	f
	e
	r
	e
	n
	c
	e
	 
	d
	o
	e
	s
	.
	N
	O
	T
	E
	:
	 
	Y
	o
	u
	r
	 
	s
	u
	c
	c
	e
	s
	s
	 
	m
	e
	s
	s
	a
	g
	e
	 
	m
	u
	s
	t
	 
	c
	o
	n
	t
	a
	i
	n
	 
	t
	h
	e
	 
	w
	o
	r
	d
	 
	"
	(
	S
	|
	s
	)
	u
	c
	c
	e
	e
	d
	e
	d
	"
	,
	 
	"
	(
	S
	|
	s
	)
	u
	c
	c
	e
	s
	s
	"
	,
	 
	"
	S
	U
	C
	C
	E
	S
	S
	"
	,
	 
	o
	r
	 
	"
	S
	U
	C
	C
	E
	E
	D
	E
	D
	"
	;
	 
	t
	h
	i
	s
	 
	c
	a
	n
	 
	b
	e
	 
	c
	h
	a
	n
	g
	e
	d
	 
	i
	n
	 
	r
	u
	n
	n
	e
	r
	.
	p
	y
	.
- Reference output:
	P
	a
	r
	s
	e
	 
	s
	u
	c
	c
	e
	e
	d
	e
	d
	,
	 
	f
	i
	n
	d
	i
	n
	g
	 
	1
	3
	 
	I
	L
	O
	C
	 
	o
	p
	e
	r
	a
	t
	i
	o
	n
	s
	.
- Your output:
	P
	O
	O
	 
	P
	O
	O
	O
	 
	P
	O
	O
	

	M
	u
	s
	t
	 
	s
	p
	e
	c
	i
	f
	y
	 
	a
	 
	f
	i
	l
	e
	 
	n
	a
	m
	e
	 
	a
	f
	t
	e
	r
	 
	t
	h
	e
	 
	f
	l
	a
	g
	.
❌ /clear/courses/comp412/students/ILOC/contributed/2014/lab2/dtp3.i failed!
- Summary:
	Y
	o
	u
	 
	i
	d
	e
	n
	t
	i
	f
	i
	e
	d
	 
	0
	/
	0
	 
	e
	r
	r
	o
	r
	s
	 
	c
	o
	r
	r
	e
	c
	t
	l
	y
	.
	Y
	o
	u
	 
	i
	d
	e
	n
	t
	i
	f
	i
	e
	d
	 
	0
	 
	c
	o
	r
	r
	e
	c
	t
	 
	l
	i
	n
	e
	s
	 
	a
	s
	 
	e
	r
	r
	o
	r
	s
	.
	Y
	o
	u
	 
	d
	o
	 
	n
	o
	t
	 
	h
	a
	v
	e
	 
	a
	 
	s
	u
	c
	c
	e
	s
	s
	 
	m
	e
	s
	s
	a
	g
	e
	 
	w
	h
	i
	l
	e
	 
	t
	h
	e
	 
	r
	e
	f
	e
	r
	e
	n
	c
	e
	 
	d
	o
	e
	s
	.
	N
	O
	T
	E
	:
	 
	Y
	o
	u
	r
	 
	s
	u
	c
	c
	e
	s
	s
	 
	m
	e
	s
	s
	a
	g
	e
	 
	m
	u
	s
	t
	 
	c
	o
	n
	t
	a
	i
	n
	 
	t
	h
	e
	 
	w
	o
	r
	d
	 
	"
	(
	S
	|
	s
	)
	u
	c
	c
	e
	e
	d
	e
	d
	"
	,
	 
	"
	(
	S
	|
	s
	)
	u
	c
	c
	e
	s
	s
	"
	,
	 
	"
	S
	U
	C
	C
	E
	S
	S
	"
	,
	 
	o
	r
	 
	"
	S
	U
	C
	C
	E
	E
	D
	E
	D
	"
	;
	 
	t
	h
	i
	s
	 
	c
	a
	n
	 
	b
	e
	 
	c
	h
	a
	n
	g
	e
	d
	 
	i
	n
	 
	r
	u
	n
	n
	e
	r
	.
	p
	y
	.
- Reference output:
	P
	a
	r
	s
	e
	 
	s
	u
	c
	c
	e
	e
	d
	e
	d
	,
	 
	f
	i
	n
	d
	i
	n
	g
	 
	3
	6
	 
	I
	L
	O
	C
	 
	o
	p
	e
	r
	a
	t
	i
	o
	n
	s
	.
- Your output:
	P
	O
	O
	 
	P
	O
	O
	O
	 
	P
	O
	O
	

	M
	u
	s
	t
	 
	s
	p
	e
	c
	i
	f
	y
	 
	a
	 
	f
	i
	l
	e
	 
	n
	a
	m
	e
	 
	a
	f
	t
	e
	r
	 
	t
	h
	e
	 
	f
	l
	a
	g
	.
❌ /clear/courses/comp412/students/ILOC/contributed/2014/lab2/yx14.i failed!
- Summary:
	Y
	o
	u
	 
	i
	d
	e
	n
	t
	i
	f
	i
	e
	d
	 
	0
	/
	0
	 
	e
	r
	r
	o
	r
	s
	 
	c
	o
	r
	r
	e
	c
	t
	l
	y
	.
	Y
	o
	u
	 
	i
	d
	e
	n
	t
	i
	f
	i
	e
	d
	 
	0
	 
	c
	o
	r
	r
	e
	c
	t
	 
	l
	i
	n
	e
	s
	 
	a
	s
	 
	e
	r
	r
	o
	r
	s
	.
	Y
	o
	u
	 
	d
	o
	 
	n
	o
	t
	 
	h
	a
	v
	e
	 
	a
	 
	s
	u
	c
	c
	e
	s
	s
	 
	m
	e
	s
	s
	a
	g
	e
	 
	w
	h
	i
	l
	e
	 
	t
	h
	e
	 
	r
	e
	f
	e
	r
	e
	n
	c
	e
	 
	d
	o
	e
	s
	.
	N
	O
	T
	E
	:
	 
	Y
	o
	u
	r
	 
	s
	u
	c
	c
	e
	s
	s
	 
	m
	e
	s
	s
	a
	g
	e
	 
	m
	u
	s
	t
	 
	c
	o
	n
	t
	a
	i
	n
	 
	t
	h
	e
	 
	w
	o
	r
	d
	 
	"
	(
	S
	|
	s
	)
	u
	c
	c
	e
	e
	d
	e
	d
	"
	,
	 
	"
	(
	S
	|
	s
	)
	u
	c
	c
	e
	s
	s
	"
	,
	 
	"
	S
	U
	C
	C
	E
	S
	S
	"
	,
	 
	o
	r
	 
	"
	S
	U
	C
	C
	E
	E
	D
	E
	D
	"
	;
	 
	t
	h
	i
	s
	 
	c
	a
	n
	 
	b
	e
	 
	c
	h
	a
	n
	g
	e
	d
	 
	i
	n
	 
	r
	u
	n
	n
	e
	r
	.
	p
	y
	.
- Reference output:
	P
	a
	r
	s
	e
	 
	s
	u
	c
	c
	e
	e
	d
	e
	d
	,
	 
	f
	i
	n
	d
	i
	n
	g
	 
	1
	0
	 
	I
	L
	O
	C
	 
	o
	p
	e
	r
	a
	t
	i
	o
	n
	s
	.
- Your output:
	P
	O
	O
	 
	P
	O
	O
	O
	 
	P
	O
	O
	

	M
	u
	s
	t
	 
	s
	p
	e
	c
	i
	f
	y
	 
	a
	 
	f
	i
	l
	e
	 
	n
	a
	m
	e
	 
	a
	f
	t
	e
	r
	 
	t
	h
	e
	 
	f
	l
	a
	g
	.
❌ /clear/courses/comp412/students/ILOC/contributed/2014/lab2/kef2.i failed!
- Summary:
	Y
	o
	u
	 
	i
	d
	e
	n
	t
	i
	f
	i
	e
	d
	 
	0
	/
	0
	 
	e
	r
	r
	o
	r
	s
	 
	c
	o
	r
	r
	e
	c
	t
	l
	y
	.
	Y
	o
	u
	 
	i
	d
	e
	n
	t
	i
	f
	i
	e
	d
	 
	0
	 
	c
	o
	r
	r
	e
	c
	t
	 
	l
	i
	n
	e
	s
	 
	a
	s
	 
	e
	r
	r
	o
	r
	s
	.
	Y
	o
	u
	 
	d
	o
	 
	n
	o
	t
	 
	h
	a
	v
	e
	 
	a
	 
	s
	u
	c
	c
	e
	s
	s
	 
	m
	e
	s
	s
	a
	g
	e
	 
	w
	h
	i
	l
	e
	 
	t
	h
	e
	 
	r
	e
	f
	e
	r
	e
	n
	c
	e
	 
	d
	o
	e
	s
	.
	N
	O
	T
	E
	:
	 
	Y
	o
	u
	r
	 
	s
	u
	c
	c
	e
	s
	s
	 
	m
	e
	s
	s
	a
	g
	e
	 
	m
	u
	s
	t
	 
	c
	o
	n
	t
	a
	i
	n
	 
	t
	h
	e
	 
	w
	o
	r
	d
	 
	"
	(
	S
	|
	s
	)
	u
	c
	c
	e
	e
	d
	e
	d
	"
	,
	 
	"
	(
	S
	|
	s
	)
	u
	c
	c
	e
	s
	s
	"
	,
	 
	"
	S
	U
	C
	C
	E
	S
	S
	"
	,
	 
	o
	r
	 
	"
	S
	U
	C
	C
	E
	E
	D
	E
	D
	"
	;
	 
	t
	h
	i
	s
	 
	c
	a
	n
	 
	b
	e
	 
	c
	h
	a
	n
	g
	e
	d
	 
	i
	n
	 
	r
	u
	n
	n
	e
	r
	.
	p
	y
	.
- Reference output:
	P
	a
	r
	s
	e
	 
	s
	u
	c
	c
	e
	e
	d
	e
	d
	,
	 
	f
	i
	n
	d
	i
	n
	g
	 
	2
	6
	 
	I
	L
	O
	C
	 
	o
	p
	e
	r
	a
	t
	i
	o
	n
	s
	.
- Your output:
	P
	O
	O
	 
	P
	O
	O
	O
	 
	P
	O
	O
	

	M
	u
	s
	t
	 
	s
	p
	e
	c
	i
	f
	y
	 
	a
	 
	f
	i
	l
	e
	 
	n
	a
	m
	e
	 
	a
	f
	t
	e
	r
	 
	t
	h
	e
	 
	f
	l
	a
	g
	.
❌ /clear/courses/comp412/students/ILOC/contributed/2014/lab2/kag8.i failed!
- Summary:
	Y
	o
	u
	 
	i
	d
	e
	n
	t
	i
	f
	i
	e
	d
	 
	0
	/
	0
	 
	e
	r
	r
	o
	r
	s
	 
	c
	o
	r
	r
	e
	c
	t
	l
	y
	.
	Y
	o
	u
	 
	i
	d
	e
	n
	t
	i
	f
	i
	e
	d
	 
	0
	 
	c
	o
	r
	r
	e
	c
	t
	 
	l
	i
	n
	e
	s
	 
	a
	s
	 
	e
	r
	r
	o
	r
	s
	.
	Y
	o
	u
	 
	d
	o
	 
	n
	o
	t
	 
	h
	a
	v
	e
	 
	a
	 
	s
	u
	c
	c
	e
	s
	s
	 
	m
	e
	s
	s
	a
	g
	e
	 
	w
	h
	i
	l
	e
	 
	t
	h
	e
	 
	r
	e
	f
	e
	r
	e
	n
	c
	e
	 
	d
	o
	e
	s
	.
	N
	O
	T
	E
	:
	 
	Y
	o
	u
	r
	 
	s
	u
	c
	c
	e
	s
	s
	 
	m
	e
	s
	s
	a
	g
	e
	 
	m
	u
	s
	t
	 
	c
	o
	n
	t
	a
	i
	n
	 
	t
	h
	e
	 
	w
	o
	r
	d
	 
	"
	(
	S
	|
	s
	)
	u
	c
	c
	e
	e
	d
	e
	d
	"
	,
	 
	"
	(
	S
	|
	s
	)
	u
	c
	c
	e
	s
	s
	"
	,
	 
	"
	S
	U
	C
	C
	E
	S
	S
	"
	,
	 
	o
	r
	 
	"
	S
	U
	C
	C
	E
	E
	D
	E
	D
	"
	;
	 
	t
	h
	i
	s
	 
	c
	a
	n
	 
	b
	e
	 
	c
	h
	a
	n
	g
	e
	d
	 
	i
	n
	 
	r
	u
	n
	n
	e
	r
	.
	p
	y
	.
- Reference output:
	P
	a
	r
	s
	e
	 
	s
	u
	c
	c
	e
	e
	d
	e
	d
	,
	 
	f
	i
	n
	d
	i
	n
	g
	 
	1
	9
	 
	I
	L
	O
	C
	 
	o
	p
	e
	r
	a
	t
	i
	o
	n
	s
	.
- Your output:
	P
	O
	O
	 
	P
	O
	O
	O
	 
	P
	O
	O
	

	M
	u
	s
	t
	 
	s
	p
	e
	c
	i
	f
	y
	 
	a
	 
	f
	i
	l
	e
	 
	n
	a
	m
	e
	 
	a
	f
	t
	e
	r
	 
	t
	h
	e
	 
	f
	l
	a
	g
	.
❌ /clear/courses/comp412/students/ILOC/contributed/2014/lab2/gty1.i failed!
- Summary:
	Y
	o
	u
	 
	i
	d
	e
	n
	t
	i
	f
	i
	e
	d
	 
	0
	/
	0
	 
	e
	r
	r
	o
	r
	s
	 
	c
	o
	r
	r
	e
	c
	t
	l
	y
	.
	Y
	o
	u
	 
	i
	d
	e
	n
	t
	i
	f
	i
	e
	d
	 
	0
	 
	c
	o
	r
	r
	e
	c
	t
	 
	l
	i
	n
	e
	s
	 
	a
	s
	 
	e
	r
	r
	o
	r
	s
	.
	Y
	o
	u
	 
	d
	o
	 
	n
	o
	t
	 
	h
	a
	v
	e
	 
	a
	 
	s
	u
	c
	c
	e
	s
	s
	 
	m
	e
	s
	s
	a
	g
	e
	 
	w
	h
	i
	l
	e
	 
	t
	h
	e
	 
	r
	e
	f
	e
	r
	e
	n
	c
	e
	 
	d
	o
	e
	s
	.
	N
	O
	T
	E
	:
	 
	Y
	o
	u
	r
	 
	s
	u
	c
	c
	e
	s
	s
	 
	m
	e
	s
	s
	a
	g
	e
	 
	m
	u
	s
	t
	 
	c
	o
	n
	t
	a
	i
	n
	 
	t
	h
	e
	 
	w
	o
	r
	d
	 
	"
	(
	S
	|
	s
	)
	u
	c
	c
	e
	e
	d
	e
	d
	"
	,
	 
	"
	(
	S
	|
	s
	)
	u
	c
	c
	e
	s
	s
	"
	,
	 
	"
	S
	U
	C
	C
	E
	S
	S
	"
	,
	 
	o
	r
	 
	"
	S
	U
	C
	C
	E
	E
	D
	E
	D
	"
	;
	 
	t
	h
	i
	s
	 
	c
	a
	n
	 
	b
	e
	 
	c
	h
	a
	n
	g
	e
	d
	 
	i
	n
	 
	r
	u
	n
	n
	e
	r
	.
	p
	y
	.
- Reference output:
	P
	a
	r
	s
	e
	 
	s
	u
	c
	c
	e
	e
	d
	e
	d
	,
	 
	f
	i
	n
	d
	i
	n
	g
	 
	4
	4
	 
	I
	L
	O
	C
	 
	o
	p
	e
	r
	a
	t
	i
	o
	n
	s
	.
- Your output:
	P
	O
	O
	 
	P
	O
	O
	O
	 
	P
	O
	O
	

	M
	u
	s
	t
	 
	s
	p
	e
	c
	i
	f
	y
	 
	a
	 
	f
	i
	l
	e
	 
	n
	a
	m
	e
	 
	a
	f
	t
	e
	r
	 
	t
	h
	e
	 
	f
	l
	a
	g
	.
❌ /clear/courses/comp412/students/ILOC/contributed/2014/lab2/eeb3.i failed!
- Summary:
	Y
	o
	u
	 
	i
	d
	e
	n
	t
	i
	f
	i
	e
	d
	 
	0
	/
	0
	 
	e
	r
	r
	o
	r
	s
	 
	c
	o
	r
	r
	e
	c
	t
	l
	y
	.
	Y
	o
	u
	 
	i
	d
	e
	n
	t
	i
	f
	i
	e
	d
	 
	0
	 
	c
	o
	r
	r
	e
	c
	t
	 
	l
	i
	n
	e
	s
	 
	a
	s
	 
	e
	r
	r
	o
	r
	s
	.
	Y
	o
	u
	 
	d
	o
	 
	n
	o
	t
	 
	h
	a
	v
	e
	 
	a
	 
	s
	u
	c
	c
	e
	s
	s
	 
	m
	e
	s
	s
	a
	g
	e
	 
	w
	h
	i
	l
	e
	 
	t
	h
	e
	 
	r
	e
	f
	e
	r
	e
	n
	c
	e
	 
	d
	o
	e
	s
	.
	N
	O
	T
	E
	:
	 
	Y
	o
	u
	r
	 
	s
	u
	c
	c
	e
	s
	s
	 
	m
	e
	s
	s
	a
	g
	e
	 
	m
	u
	s
	t
	 
	c
	o
	n
	t
	a
	i
	n
	 
	t
	h
	e
	 
	w
	o
	r
	d
	 
	"
	(
	S
	|
	s
	)
	u
	c
	c
	e
	e
	d
	e
	d
	"
	,
	 
	"
	(
	S
	|
	s
	)
	u
	c
	c
	e
	s
	s
	"
	,
	 
	"
	S
	U
	C
	C
	E
	S
	S
	"
	,
	 
	o
	r
	 
	"
	S
	U
	C
	C
	E
	E
	D
	E
	D
	"
	;
	 
	t
	h
	i
	s
	 
	c
	a
	n
	 
	b
	e
	 
	c
	h
	a
	n
	g
	e
	d
	 
	i
	n
	 
	r
	u
	n
	n
	e
	r
	.
	p
	y
	.
- Reference output:
	P
	a
	r
	s
	e
	 
	s
	u
	c
	c
	e
	e
	d
	e
	d
	,
	 
	f
	i
	n
	d
	i
	n
	g
	 
	6
	1
	 
	I
	L
	O
	C
	 
	o
	p
	e
	r
	a
	t
	i
	o
	n
	s
	.
- Your output:
	P
	O
	O
	 
	P
	O
	O
	O
	 
	P
	O
	O
	

	M
	u
	s
	t
	 
	s
	p
	e
	c
	i
	f
	y
	 
	a
	 
	f
	i
	l
	e
	 
	n
	a
	m
	e
	 
	a
	f
	t
	e
	r
	 
	t
	h
	e
	 
	f
	l
	a
	g
	.
❌ /clear/courses/comp412/students/ILOC/contributed/2014/lab3/cal7.i failed!
- Summary:
	Y
	o
	u
	 
	i
	d
	e
	n
	t
	i
	f
	i
	e
	d
	 
	0
	/
	0
	 
	e
	r
	r
	o
	r
	s
	 
	c
	o
	r
	r
	e
	c
	t
	l
	y
	.
	Y
	o
	u
	 
	i
	d
	e
	n
	t
	i
	f
	i
	e
	d
	 
	0
	 
	c
	o
	r
	r
	e
	c
	t
	 
	l
	i
	n
	e
	s
	 
	a
	s
	 
	e
	r
	r
	o
	r
	s
	.
	Y
	o
	u
	 
	d
	o
	 
	n
	o
	t
	 
	h
	a
	v
	e
	 
	a
	 
	s
	u
	c
	c
	e
	s
	s
	 
	m
	e
	s
	s
	a
	g
	e
	 
	w
	h
	i
	l
	e
	 
	t
	h
	e
	 
	r
	e
	f
	e
	r
	e
	n
	c
	e
	 
	d
	o
	e
	s
	.
	N
	O
	T
	E
	:
	 
	Y
	o
	u
	r
	 
	s
	u
	c
	c
	e
	s
	s
	 
	m
	e
	s
	s
	a
	g
	e
	 
	m
	u
	s
	t
	 
	c
	o
	n
	t
	a
	i
	n
	 
	t
	h
	e
	 
	w
	o
	r
	d
	 
	"
	(
	S
	|
	s
	)
	u
	c
	c
	e
	e
	d
	e
	d
	"
	,
	 
	"
	(
	S
	|
	s
	)
	u
	c
	c
	e
	s
	s
	"
	,
	 
	"
	S
	U
	C
	C
	E
	S
	S
	"
	,
	 
	o
	r
	 
	"
	S
	U
	C
	C
	E
	E
	D
	E
	D
	"
	;
	 
	t
	h
	i
	s
	 
	c
	a
	n
	 
	b
	e
	 
	c
	h
	a
	n
	g
	e
	d
	 
	i
	n
	 
	r
	u
	n
	n
	e
	r
	.
	p
	y
	.
- Reference output:
	P
	a
	r
	s
	e
	 
	s
	u
	c
	c
	e
	e
	d
	e
	d
	,
	 
	f
	i
	n
	d
	i
	n
	g
	 
	1
	3
	 
	I
	L
	O
	C
	 
	o
	p
	e
	r
	a
	t
	i
	o
	n
	s
	.
- Your output:
	P
	O
	O
	 
	P
	O
	O
	O
	 
	P
	O
	O
	

	M
	u
	s
	t
	 
	s
	p
	e
	c
	i
	f
	y
	 
	a
	 
	f
	i
	l
	e
	 
	n
	a
	m
	e
	 
	a
	f
	t
	e
	r
	 
	t
	h
	e
	 
	f
	l
	a
	g
	.
❌ /clear/courses/comp412/students/ILOC/contributed/2014/lab3/jjc6.i failed!
- Summary:
	Y
	o
	u
	 
	i
	d
	e
	n
	t
	i
	f
	i
	e
	d
	 
	0
	/
	0
	 
	e
	r
	r
	o
	r
	s
	 
	c
	o
	r
	r
	e
	c
	t
	l
	y
	.
	Y
	o
	u
	 
	i
	d
	e
	n
	t
	i
	f
	i
	e
	d
	 
	0
	 
	c
	o
	r
	r
	e
	c
	t
	 
	l
	i
	n
	e
	s
	 
	a
	s
	 
	e
	r
	r
	o
	r
	s
	.
	Y
	o
	u
	 
	d
	o
	 
	n
	o
	t
	 
	h
	a
	v
	e
	 
	a
	 
	s
	u
	c
	c
	e
	s
	s
	 
	m
	e
	s
	s
	a
	g
	e
	 
	w
	h
	i
	l
	e
	 
	t
	h
	e
	 
	r
	e
	f
	e
	r
	e
	n
	c
	e
	 
	d
	o
	e
	s
	.
	N
	O
	T
	E
	:
	 
	Y
	o
	u
	r
	 
	s
	u
	c
	c
	e
	s
	s
	 
	m
	e
	s
	s
	a
	g
	e
	 
	m
	u
	s
	t
	 
	c
	o
	n
	t
	a
	i
	n
	 
	t
	h
	e
	 
	w
	o
	r
	d
	 
	"
	(
	S
	|
	s
	)
	u
	c
	c
	e
	e
	d
	e
	d
	"
	,
	 
	"
	(
	S
	|
	s
	)
	u
	c
	c
	e
	s
	s
	"
	,
	 
	"
	S
	U
	C
	C
	E
	S
	S
	"
	,
	 
	o
	r
	 
	"
	S
	U
	C
	C
	E
	E
	D
	E
	D
	"
	;
	 
	t
	h
	i
	s
	 
	c
	a
	n
	 
	b
	e
	 
	c
	h
	a
	n
	g
	e
	d
	 
	i
	n
	 
	r
	u
	n
	n
	e
	r
	.
	p
	y
	.
- Reference output:
	P
	a
	r
	s
	e
	 
	s
	u
	c
	c
	e
	e
	d
	e
	d
	,
	 
	f
	i
	n
	d
	i
	n
	g
	 
	8
	 
	I
	L
	O
	C
	 
	o
	p
	e
	r
	a
	t
	i
	o
	n
	s
	.
- Your output:
	P
	O
	O
	 
	P
	O
	O
	O
	 
	P
	O
	O
	

	M
	u
	s
	t
	 
	s
	p
	e
	c
	i
	f
	y
	 
	a
	 
	f
	i
	l
	e
	 
	n
	a
	m
	e
	 
	a
	f
	t
	e
	r
	 
	t
	h
	e
	 
	f
	l
	a
	g
	.
❌ /clear/courses/comp412/students/ILOC/contributed/2014/lab3/yp10.i failed!
- Summary:
	Y
	o
	u
	 
	i
	d
	e
	n
	t
	i
	f
	i
	e
	d
	 
	0
	/
	0
	 
	e
	r
	r
	o
	r
	s
	 
	c
	o
	r
	r
	e
	c
	t
	l
	y
	.
	Y
	o
	u
	 
	i
	d
	e
	n
	t
	i
	f
	i
	e
	d
	 
	0
	 
	c
	o
	r
	r
	e
	c
	t
	 
	l
	i
	n
	e
	s
	 
	a
	s
	 
	e
	r
	r
	o
	r
	s
	.
	Y
	o
	u
	 
	d
	o
	 
	n
	o
	t
	 
	h
	a
	v
	e
	 
	a
	 
	s
	u
	c
	c
	e
	s
	s
	 
	m
	e
	s
	s
	a
	g
	e
	 
	w
	h
	i
	l
	e
	 
	t
	h
	e
	 
	r
	e
	f
	e
	r
	e
	n
	c
	e
	 
	d
	o
	e
	s
	.
	N
	O
	T
	E
	:
	 
	Y
	o
	u
	r
	 
	s
	u
	c
	c
	e
	s
	s
	 
	m
	e
	s
	s
	a
	g
	e
	 
	m
	u
	s
	t
	 
	c
	o
	n
	t
	a
	i
	n
	 
	t
	h
	e
	 
	w
	o
	r
	d
	 
	"
	(
	S
	|
	s
	)
	u
	c
	c
	e
	e
	d
	e
	d
	"
	,
	 
	"
	(
	S
	|
	s
	)
	u
	c
	c
	e
	s
	s
	"
	,
	 
	"
	S
	U
	C
	C
	E
	S
	S
	"
	,
	 
	o
	r
	 
	"
	S
	U
	C
	C
	E
	E
	D
	E
	D
	"
	;
	 
	t
	h
	i
	s
	 
	c
	a
	n
	 
	b
	e
	 
	c
	h
	a
	n
	g
	e
	d
	 
	i
	n
	 
	r
	u
	n
	n
	e
	r
	.
	p
	y
	.
- Reference output:
	P
	a
	r
	s
	e
	 
	s
	u
	c
	c
	e
	e
	d
	e
	d
	,
	 
	f
	i
	n
	d
	i
	n
	g
	 
	1
	5
	 
	I
	L
	O
	C
	 
	o
	p
	e
	r
	a
	t
	i
	o
	n
	s
	.
- Your output:
	P
	O
	O
	 
	P
	O
	O
	O
	 
	P
	O
	O
	

	M
	u
	s
	t
	 
	s
	p
	e
	c
	i
	f
	y
	 
	a
	 
	f
	i
	l
	e
	 
	n
	a
	m
	e
	 
	a
	f
	t
	e
	r
	 
	t
	h
	e
	 
	f
	l
	a
	g
	.
❌ /clear/courses/comp412/students/ILOC/contributed/2014/lab3/wg7.i failed!
- Summary:
	Y
	o
	u
	 
	i
	d
	e
	n
	t
	i
	f
	i
	e
	d
	 
	0
	/
	0
	 
	e
	r
	r
	o
	r
	s
	 
	c
	o
	r
	r
	e
	c
	t
	l
	y
	.
	Y
	o
	u
	 
	i
	d
	e
	n
	t
	i
	f
	i
	e
	d
	 
	0
	 
	c
	o
	r
	r
	e
	c
	t
	 
	l
	i
	n
	e
	s
	 
	a
	s
	 
	e
	r
	r
	o
	r
	s
	.
	Y
	o
	u
	 
	d
	o
	 
	n
	o
	t
	 
	h
	a
	v
	e
	 
	a
	 
	s
	u
	c
	c
	e
	s
	s
	 
	m
	e
	s
	s
	a
	g
	e
	 
	w
	h
	i
	l
	e
	 
	t
	h
	e
	 
	r
	e
	f
	e
	r
	e
	n
	c
	e
	 
	d
	o
	e
	s
	.
	N
	O
	T
	E
	:
	 
	Y
	o
	u
	r
	 
	s
	u
	c
	c
	e
	s
	s
	 
	m
	e
	s
	s
	a
	g
	e
	 
	m
	u
	s
	t
	 
	c
	o
	n
	t
	a
	i
	n
	 
	t
	h
	e
	 
	w
	o
	r
	d
	 
	"
	(
	S
	|
	s
	)
	u
	c
	c
	e
	e
	d
	e
	d
	"
	,
	 
	"
	(
	S
	|
	s
	)
	u
	c
	c
	e
	s
	s
	"
	,
	 
	"
	S
	U
	C
	C
	E
	S
	S
	"
	,
	 
	o
	r
	 
	"
	S
	U
	C
	C
	E
	E
	D
	E
	D
	"
	;
	 
	t
	h
	i
	s
	 
	c
	a
	n
	 
	b
	e
	 
	c
	h
	a
	n
	g
	e
	d
	 
	i
	n
	 
	r
	u
	n
	n
	e
	r
	.
	p
	y
	.
- Reference output:
	P
	a
	r
	s
	e
	 
	s
	u
	c
	c
	e
	e
	d
	e
	d
	,
	 
	f
	i
	n
	d
	i
	n
	g
	 
	2
	5
	 
	I
	L
	O
	C
	 
	o
	p
	e
	r
	a
	t
	i
	o
	n
	s
	.
- Your output:
	P
	O
	O
	 
	P
	O
	O
	O
	 
	P
	O
	O
	

	M
	u
	s
	t
	 
	s
	p
	e
	c
	i
	f
	y
	 
	a
	 
	f
	i
	l
	e
	 
	n
	a
	m
	e
	 
	a
	f
	t
	e
	r
	 
	t
	h
	e
	 
	f
	l
	a
	g
	.
❌ /clear/courses/comp412/students/ILOC/contributed/2014/lab3/wan1.i failed!
- Summary:
	Y
	o
	u
	 
	i
	d
	e
	n
	t
	i
	f
	i
	e
	d
	 
	0
	/
	0
	 
	e
	r
	r
	o
	r
	s
	 
	c
	o
	r
	r
	e
	c
	t
	l
	y
	.
	Y
	o
	u
	 
	i
	d
	e
	n
	t
	i
	f
	i
	e
	d
	 
	0
	 
	c
	o
	r
	r
	e
	c
	t
	 
	l
	i
	n
	e
	s
	 
	a
	s
	 
	e
	r
	r
	o
	r
	s
	.
	Y
	o
	u
	 
	d
	o
	 
	n
	o
	t
	 
	h
	a
	v
	e
	 
	a
	 
	s
	u
	c
	c
	e
	s
	s
	 
	m
	e
	s
	s
	a
	g
	e
	 
	w
	h
	i
	l
	e
	 
	t
	h
	e
	 
	r
	e
	f
	e
	r
	e
	n
	c
	e
	 
	d
	o
	e
	s
	.
	N
	O
	T
	E
	:
	 
	Y
	o
	u
	r
	 
	s
	u
	c
	c
	e
	s
	s
	 
	m
	e
	s
	s
	a
	g
	e
	 
	m
	u
	s
	t
	 
	c
	o
	n
	t
	a
	i
	n
	 
	t
	h
	e
	 
	w
	o
	r
	d
	 
	"
	(
	S
	|
	s
	)
	u
	c
	c
	e
	e
	d
	e
	d
	"
	,
	 
	"
	(
	S
	|
	s
	)
	u
	c
	c
	e
	s
	s
	"
	,
	 
	"
	S
	U
	C
	C
	E
	S
	S
	"
	,
	 
	o
	r
	 
	"
	S
	U
	C
	C
	E
	E
	D
	E
	D
	"
	;
	 
	t
	h
	i
	s
	 
	c
	a
	n
	 
	b
	e
	 
	c
	h
	a
	n
	g
	e
	d
	 
	i
	n
	 
	r
	u
	n
	n
	e
	r
	.
	p
	y
	.
- Reference output:
	P
	a
	r
	s
	e
	 
	s
	u
	c
	c
	e
	e
	d
	e
	d
	,
	 
	f
	i
	n
	d
	i
	n
	g
	 
	3
	8
	 
	I
	L
	O
	C
	 
	o
	p
	e
	r
	a
	t
	i
	o
	n
	s
	.
- Your output:
	P
	O
	O
	 
	P
	O
	O
	O
	 
	P
	O
	O
	

	M
	u
	s
	t
	 
	s
	p
	e
	c
	i
	f
	y
	 
	a
	 
	f
	i
	l
	e
	 
	n
	a
	m
	e
	 
	a
	f
	t
	e
	r
	 
	t
	h
	e
	 
	f
	l
	a
	g
	.
❌ /clear/courses/comp412/students/ILOC/contributed/2014/lab3/nbh2.i failed!
- Summary:
	Y
	o
	u
	 
	i
	d
	e
	n
	t
	i
	f
	i
	e
	d
	 
	0
	/
	0
	 
	e
	r
	r
	o
	r
	s
	 
	c
	o
	r
	r
	e
	c
	t
	l
	y
	.
	Y
	o
	u
	 
	i
	d
	e
	n
	t
	i
	f
	i
	e
	d
	 
	0
	 
	c
	o
	r
	r
	e
	c
	t
	 
	l
	i
	n
	e
	s
	 
	a
	s
	 
	e
	r
	r
	o
	r
	s
	.
	Y
	o
	u
	 
	d
	o
	 
	n
	o
	t
	 
	h
	a
	v
	e
	 
	a
	 
	s
	u
	c
	c
	e
	s
	s
	 
	m
	e
	s
	s
	a
	g
	e
	 
	w
	h
	i
	l
	e
	 
	t
	h
	e
	 
	r
	e
	f
	e
	r
	e
	n
	c
	e
	 
	d
	o
	e
	s
	.
	N
	O
	T
	E
	:
	 
	Y
	o
	u
	r
	 
	s
	u
	c
	c
	e
	s
	s
	 
	m
	e
	s
	s
	a
	g
	e
	 
	m
	u
	s
	t
	 
	c
	o
	n
	t
	a
	i
	n
	 
	t
	h
	e
	 
	w
	o
	r
	d
	 
	"
	(
	S
	|
	s
	)
	u
	c
	c
	e
	e
	d
	e
	d
	"
	,
	 
	"
	(
	S
	|
	s
	)
	u
	c
	c
	e
	s
	s
	"
	,
	 
	"
	S
	U
	C
	C
	E
	S
	S
	"
	,
	 
	o
	r
	 
	"
	S
	U
	C
	C
	E
	E
	D
	E
	D
	"
	;
	 
	t
	h
	i
	s
	 
	c
	a
	n
	 
	b
	e
	 
	c
	h
	a
	n
	g
	e
	d
	 
	i
	n
	 
	r
	u
	n
	n
	e
	r
	.
	p
	y
	.
- Reference output:
	P
	a
	r
	s
	e
	 
	s
	u
	c
	c
	e
	e
	d
	e
	d
	,
	 
	f
	i
	n
	d
	i
	n
	g
	 
	5
	6
	 
	I
	L
	O
	C
	 
	o
	p
	e
	r
	a
	t
	i
	o
	n
	s
	.
- Your output:
	P
	O
	O
	 
	P
	O
	O
	O
	 
	P
	O
	O
	

	M
	u
	s
	t
	 
	s
	p
	e
	c
	i
	f
	y
	 
	a
	 
	f
	i
	l
	e
	 
	n
	a
	m
	e
	 
	a
	f
	t
	e
	r
	 
	t
	h
	e
	 
	f
	l
	a
	g
	.
❌ /clear/courses/comp412/students/ILOC/contributed/2014/lab3/tbw1.i failed!
- Summary:
	Y
	o
	u
	 
	i
	d
	e
	n
	t
	i
	f
	i
	e
	d
	 
	0
	/
	0
	 
	e
	r
	r
	o
	r
	s
	 
	c
	o
	r
	r
	e
	c
	t
	l
	y
	.
	Y
	o
	u
	 
	i
	d
	e
	n
	t
	i
	f
	i
	e
	d
	 
	0
	 
	c
	o
	r
	r
	e
	c
	t
	 
	l
	i
	n
	e
	s
	 
	a
	s
	 
	e
	r
	r
	o
	r
	s
	.
	Y
	o
	u
	 
	d
	o
	 
	n
	o
	t
	 
	h
	a
	v
	e
	 
	a
	 
	s
	u
	c
	c
	e
	s
	s
	 
	m
	e
	s
	s
	a
	g
	e
	 
	w
	h
	i
	l
	e
	 
	t
	h
	e
	 
	r
	e
	f
	e
	r
	e
	n
	c
	e
	 
	d
	o
	e
	s
	.
	N
	O
	T
	E
	:
	 
	Y
	o
	u
	r
	 
	s
	u
	c
	c
	e
	s
	s
	 
	m
	e
	s
	s
	a
	g
	e
	 
	m
	u
	s
	t
	 
	c
	o
	n
	t
	a
	i
	n
	 
	t
	h
	e
	 
	w
	o
	r
	d
	 
	"
	(
	S
	|
	s
	)
	u
	c
	c
	e
	e
	d
	e
	d
	"
	,
	 
	"
	(
	S
	|
	s
	)
	u
	c
	c
	e
	s
	s
	"
	,
	 
	"
	S
	U
	C
	C
	E
	S
	S
	"
	,
	 
	o
	r
	 
	"
	S
	U
	C
	C
	E
	E
	D
	E
	D
	"
	;
	 
	t
	h
	i
	s
	 
	c
	a
	n
	 
	b
	e
	 
	c
	h
	a
	n
	g
	e
	d
	 
	i
	n
	 
	r
	u
	n
	n
	e
	r
	.
	p
	y
	.
- Reference output:
	P
	a
	r
	s
	e
	 
	s
	u
	c
	c
	e
	e
	d
	e
	d
	,
	 
	f
	i
	n
	d
	i
	n
	g
	 
	4
	8
	 
	I
	L
	O
	C
	 
	o
	p
	e
	r
	a
	t
	i
	o
	n
	s
	.
- Your output:
	P
	O
	O
	 
	P
	O
	O
	O
	 
	P
	O
	O
	

	M
	u
	s
	t
	 
	s
	p
	e
	c
	i
	f
	y
	 
	a
	 
	f
	i
	l
	e
	 
	n
	a
	m
	e
	 
	a
	f
	t
	e
	r
	 
	t
	h
	e
	 
	f
	l
	a
	g
	.
❌ /clear/courses/comp412/students/ILOC/contributed/2014/lab3/jfj2.i failed!
- Summary:
	Y
	o
	u
	 
	i
	d
	e
	n
	t
	i
	f
	i
	e
	d
	 
	0
	/
	0
	 
	e
	r
	r
	o
	r
	s
	 
	c
	o
	r
	r
	e
	c
	t
	l
	y
	.
	Y
	o
	u
	 
	i
	d
	e
	n
	t
	i
	f
	i
	e
	d
	 
	0
	 
	c
	o
	r
	r
	e
	c
	t
	 
	l
	i
	n
	e
	s
	 
	a
	s
	 
	e
	r
	r
	o
	r
	s
	.
	Y
	o
	u
	 
	d
	o
	 
	n
	o
	t
	 
	h
	a
	v
	e
	 
	a
	 
	s
	u
	c
	c
	e
	s
	s
	 
	m
	e
	s
	s
	a
	g
	e
	 
	w
	h
	i
	l
	e
	 
	t
	h
	e
	 
	r
	e
	f
	e
	r
	e
	n
	c
	e
	 
	d
	o
	e
	s
	.
	N
	O
	T
	E
	:
	 
	Y
	o
	u
	r
	 
	s
	u
	c
	c
	e
	s
	s
	 
	m
	e
	s
	s
	a
	g
	e
	 
	m
	u
	s
	t
	 
	c
	o
	n
	t
	a
	i
	n
	 
	t
	h
	e
	 
	w
	o
	r
	d
	 
	"
	(
	S
	|
	s
	)
	u
	c
	c
	e
	e
	d
	e
	d
	"
	,
	 
	"
	(
	S
	|
	s
	)
	u
	c
	c
	e
	s
	s
	"
	,
	 
	"
	S
	U
	C
	C
	E
	S
	S
	"
	,
	 
	o
	r
	 
	"
	S
	U
	C
	C
	E
	E
	D
	E
	D
	"
	;
	 
	t
	h
	i
	s
	 
	c
	a
	n
	 
	b
	e
	 
	c
	h
	a
	n
	g
	e
	d
	 
	i
	n
	 
	r
	u
	n
	n
	e
	r
	.
	p
	y
	.
- Reference output:
	P
	a
	r
	s
	e
	 
	s
	u
	c
	c
	e
	e
	d
	e
	d
	,
	 
	f
	i
	n
	d
	i
	n
	g
	 
	1
	6
	 
	I
	L
	O
	C
	 
	o
	p
	e
	r
	a
	t
	i
	o
	n
	s
	.
- Your output:
	P
	O
	O
	 
	P
	O
	O
	O
	 
	P
	O
	O
	

	M
	u
	s
	t
	 
	s
	p
	e
	c
	i
	f
	y
	 
	a
	 
	f
	i
	l
	e
	 
	n
	a
	m
	e
	 
	a
	f
	t
	e
	r
	 
	t
	h
	e
	 
	f
	l
	a
	g
	.
❌ /clear/courses/comp412/students/ILOC/contributed/2014/lab3/my12.i failed!
- Summary:
	Y
	o
	u
	 
	i
	d
	e
	n
	t
	i
	f
	i
	e
	d
	 
	0
	/
	0
	 
	e
	r
	r
	o
	r
	s
	 
	c
	o
	r
	r
	e
	c
	t
	l
	y
	.
	Y
	o
	u
	 
	i
	d
	e
	n
	t
	i
	f
	i
	e
	d
	 
	0
	 
	c
	o
	r
	r
	e
	c
	t
	 
	l
	i
	n
	e
	s
	 
	a
	s
	 
	e
	r
	r
	o
	r
	s
	.
	Y
	o
	u
	 
	d
	o
	 
	n
	o
	t
	 
	h
	a
	v
	e
	 
	a
	 
	s
	u
	c
	c
	e
	s
	s
	 
	m
	e
	s
	s
	a
	g
	e
	 
	w
	h
	i
	l
	e
	 
	t
	h
	e
	 
	r
	e
	f
	e
	r
	e
	n
	c
	e
	 
	d
	o
	e
	s
	.
	N
	O
	T
	E
	:
	 
	Y
	o
	u
	r
	 
	s
	u
	c
	c
	e
	s
	s
	 
	m
	e
	s
	s
	a
	g
	e
	 
	m
	u
	s
	t
	 
	c
	o
	n
	t
	a
	i
	n
	 
	t
	h
	e
	 
	w
	o
	r
	d
	 
	"
	(
	S
	|
	s
	)
	u
	c
	c
	e
	e
	d
	e
	d
	"
	,
	 
	"
	(
	S
	|
	s
	)
	u
	c
	c
	e
	s
	s
	"
	,
	 
	"
	S
	U
	C
	C
	E
	S
	S
	"
	,
	 
	o
	r
	 
	"
	S
	U
	C
	C
	E
	E
	D
	E
	D
	"
	;
	 
	t
	h
	i
	s
	 
	c
	a
	n
	 
	b
	e
	 
	c
	h
	a
	n
	g
	e
	d
	 
	i
	n
	 
	r
	u
	n
	n
	e
	r
	.
	p
	y
	.
- Reference output:
	P
	a
	r
	s
	e
	 
	s
	u
	c
	c
	e
	e
	d
	e
	d
	,
	 
	f
	i
	n
	d
	i
	n
	g
	 
	4
	4
	 
	I
	L
	O
	C
	 
	o
	p
	e
	r
	a
	t
	i
	o
	n
	s
	.
- Your output:
	P
	O
	O
	 
	P
	O
	O
	O
	 
	P
	O
	O
	

	M
	u
	s
	t
	 
	s
	p
	e
	c
	i
	f
	y
	 
	a
	 
	f
	i
	l
	e
	 
	n
	a
	m
	e
	 
	a
	f
	t
	e
	r
	 
	t
	h
	e
	 
	f
	l
	a
	g
	.
❌ /clear/courses/comp412/students/ILOC/contributed/2014/lab3/tc19.i failed!
- Summary:
	Y
	o
	u
	 
	i
	d
	e
	n
	t
	i
	f
	i
	e
	d
	 
	0
	/
	0
	 
	e
	r
	r
	o
	r
	s
	 
	c
	o
	r
	r
	e
	c
	t
	l
	y
	.
	Y
	o
	u
	 
	i
	d
	e
	n
	t
	i
	f
	i
	e
	d
	 
	0
	 
	c
	o
	r
	r
	e
	c
	t
	 
	l
	i
	n
	e
	s
	 
	a
	s
	 
	e
	r
	r
	o
	r
	s
	.
	Y
	o
	u
	 
	d
	o
	 
	n
	o
	t
	 
	h
	a
	v
	e
	 
	a
	 
	s
	u
	c
	c
	e
	s
	s
	 
	m
	e
	s
	s
	a
	g
	e
	 
	w
	h
	i
	l
	e
	 
	t
	h
	e
	 
	r
	e
	f
	e
	r
	e
	n
	c
	e
	 
	d
	o
	e
	s
	.
	N
	O
	T
	E
	:
	 
	Y
	o
	u
	r
	 
	s
	u
	c
	c
	e
	s
	s
	 
	m
	e
	s
	s
	a
	g
	e
	 
	m
	u
	s
	t
	 
	c
	o
	n
	t
	a
	i
	n
	 
	t
	h
	e
	 
	w
	o
	r
	d
	 
	"
	(
	S
	|
	s
	)
	u
	c
	c
	e
	e
	d
	e
	d
	"
	,
	 
	"
	(
	S
	|
	s
	)
	u
	c
	c
	e
	s
	s
	"
	,
	 
	"
	S
	U
	C
	C
	E
	S
	S
	"
	,
	 
	o
	r
	 
	"
	S
	U
	C
	C
	E
	E
	D
	E
	D
	"
	;
	 
	t
	h
	i
	s
	 
	c
	a
	n
	 
	b
	e
	 
	c
	h
	a
	n
	g
	e
	d
	 
	i
	n
	 
	r
	u
	n
	n
	e
	r
	.
	p
	y
	.
- Reference output:
	P
	a
	r
	s
	e
	 
	s
	u
	c
	c
	e
	e
	d
	e
	d
	,
	 
	f
	i
	n
	d
	i
	n
	g
	 
	1
	6
	 
	I
	L
	O
	C
	 
	o
	p
	e
	r
	a
	t
	i
	o
	n
	s
	.
- Your output:
	P
	O
	O
	 
	P
	O
	O
	O
	 
	P
	O
	O
	

	M
	u
	s
	t
	 
	s
	p
	e
	c
	i
	f
	y
	 
	a
	 
	f
	i
	l
	e
	 
	n
	a
	m
	e
	 
	a
	f
	t
	e
	r
	 
	t
	h
	e
	 
	f
	l
	a
	g
	.
❌ /clear/courses/comp412/students/ILOC/contributed/2014/lab3/ssh2.i failed!
- Summary:
	Y
	o
	u
	 
	i
	d
	e
	n
	t
	i
	f
	i
	e
	d
	 
	0
	/
	0
	 
	e
	r
	r
	o
	r
	s
	 
	c
	o
	r
	r
	e
	c
	t
	l
	y
	.
	Y
	o
	u
	 
	i
	d
	e
	n
	t
	i
	f
	i
	e
	d
	 
	0
	 
	c
	o
	r
	r
	e
	c
	t
	 
	l
	i
	n
	e
	s
	 
	a
	s
	 
	e
	r
	r
	o
	r
	s
	.
	Y
	o
	u
	 
	d
	o
	 
	n
	o
	t
	 
	h
	a
	v
	e
	 
	a
	 
	s
	u
	c
	c
	e
	s
	s
	 
	m
	e
	s
	s
	a
	g
	e
	 
	w
	h
	i
	l
	e
	 
	t
	h
	e
	 
	r
	e
	f
	e
	r
	e
	n
	c
	e
	 
	d
	o
	e
	s
	.
	N
	O
	T
	E
	:
	 
	Y
	o
	u
	r
	 
	s
	u
	c
	c
	e
	s
	s
	 
	m
	e
	s
	s
	a
	g
	e
	 
	m
	u
	s
	t
	 
	c
	o
	n
	t
	a
	i
	n
	 
	t
	h
	e
	 
	w
	o
	r
	d
	 
	"
	(
	S
	|
	s
	)
	u
	c
	c
	e
	e
	d
	e
	d
	"
	,
	 
	"
	(
	S
	|
	s
	)
	u
	c
	c
	e
	s
	s
	"
	,
	 
	"
	S
	U
	C
	C
	E
	S
	S
	"
	,
	 
	o
	r
	 
	"
	S
	U
	C
	C
	E
	E
	D
	E
	D
	"
	;
	 
	t
	h
	i
	s
	 
	c
	a
	n
	 
	b
	e
	 
	c
	h
	a
	n
	g
	e
	d
	 
	i
	n
	 
	r
	u
	n
	n
	e
	r
	.
	p
	y
	.
- Reference output:
	P
	a
	r
	s
	e
	 
	s
	u
	c
	c
	e
	e
	d
	e
	d
	,
	 
	f
	i
	n
	d
	i
	n
	g
	 
	2
	1
	 
	I
	L
	O
	C
	 
	o
	p
	e
	r
	a
	t
	i
	o
	n
	s
	.
- Your output:
	P
	O
	O
	 
	P
	O
	O
	O
	 
	P
	O
	O
	

	M
	u
	s
	t
	 
	s
	p
	e
	c
	i
	f
	y
	 
	a
	 
	f
	i
	l
	e
	 
	n
	a
	m
	e
	 
	a
	f
	t
	e
	r
	 
	t
	h
	e
	 
	f
	l
	a
	g
	.
❌ /clear/courses/comp412/students/ILOC/contributed/2014/lab3/jmn8.2.i failed!
- Summary:
	Y
	o
	u
	 
	i
	d
	e
	n
	t
	i
	f
	i
	e
	d
	 
	0
	/
	0
	 
	e
	r
	r
	o
	r
	s
	 
	c
	o
	r
	r
	e
	c
	t
	l
	y
	.
	Y
	o
	u
	 
	i
	d
	e
	n
	t
	i
	f
	i
	e
	d
	 
	0
	 
	c
	o
	r
	r
	e
	c
	t
	 
	l
	i
	n
	e
	s
	 
	a
	s
	 
	e
	r
	r
	o
	r
	s
	.
	Y
	o
	u
	 
	d
	o
	 
	n
	o
	t
	 
	h
	a
	v
	e
	 
	a
	 
	s
	u
	c
	c
	e
	s
	s
	 
	m
	e
	s
	s
	a
	g
	e
	 
	w
	h
	i
	l
	e
	 
	t
	h
	e
	 
	r
	e
	f
	e
	r
	e
	n
	c
	e
	 
	d
	o
	e
	s
	.
	N
	O
	T
	E
	:
	 
	Y
	o
	u
	r
	 
	s
	u
	c
	c
	e
	s
	s
	 
	m
	e
	s
	s
	a
	g
	e
	 
	m
	u
	s
	t
	 
	c
	o
	n
	t
	a
	i
	n
	 
	t
	h
	e
	 
	w
	o
	r
	d
	 
	"
	(
	S
	|
	s
	)
	u
	c
	c
	e
	e
	d
	e
	d
	"
	,
	 
	"
	(
	S
	|
	s
	)
	u
	c
	c
	e
	s
	s
	"
	,
	 
	"
	S
	U
	C
	C
	E
	S
	S
	"
	,
	 
	o
	r
	 
	"
	S
	U
	C
	C
	E
	E
	D
	E
	D
	"
	;
	 
	t
	h
	i
	s
	 
	c
	a
	n
	 
	b
	e
	 
	c
	h
	a
	n
	g
	e
	d
	 
	i
	n
	 
	r
	u
	n
	n
	e
	r
	.
	p
	y
	.
- Reference output:
	P
	a
	r
	s
	e
	 
	s
	u
	c
	c
	e
	e
	d
	e
	d
	,
	 
	f
	i
	n
	d
	i
	n
	g
	 
	1
	6
	 
	I
	L
	O
	C
	 
	o
	p
	e
	r
	a
	t
	i
	o
	n
	s
	.
- Your output:
	P
	O
	O
	 
	P
	O
	O
	O
	 
	P
	O
	O
	

	M
	u
	s
	t
	 
	s
	p
	e
	c
	i
	f
	y
	 
	a
	 
	f
	i
	l
	e
	 
	n
	a
	m
	e
	 
	a
	f
	t
	e
	r
	 
	t
	h
	e
	 
	f
	l
	a
	g
	.
❌ /clear/courses/comp412/students/ILOC/contributed/2014/lab3/xl22.i failed!
- Summary:
	Y
	o
	u
	 
	i
	d
	e
	n
	t
	i
	f
	i
	e
	d
	 
	0
	/
	0
	 
	e
	r
	r
	o
	r
	s
	 
	c
	o
	r
	r
	e
	c
	t
	l
	y
	.
	Y
	o
	u
	 
	i
	d
	e
	n
	t
	i
	f
	i
	e
	d
	 
	0
	 
	c
	o
	r
	r
	e
	c
	t
	 
	l
	i
	n
	e
	s
	 
	a
	s
	 
	e
	r
	r
	o
	r
	s
	.
	Y
	o
	u
	 
	d
	o
	 
	n
	o
	t
	 
	h
	a
	v
	e
	 
	a
	 
	s
	u
	c
	c
	e
	s
	s
	 
	m
	e
	s
	s
	a
	g
	e
	 
	w
	h
	i
	l
	e
	 
	t
	h
	e
	 
	r
	e
	f
	e
	r
	e
	n
	c
	e
	 
	d
	o
	e
	s
	.
	N
	O
	T
	E
	:
	 
	Y
	o
	u
	r
	 
	s
	u
	c
	c
	e
	s
	s
	 
	m
	e
	s
	s
	a
	g
	e
	 
	m
	u
	s
	t
	 
	c
	o
	n
	t
	a
	i
	n
	 
	t
	h
	e
	 
	w
	o
	r
	d
	 
	"
	(
	S
	|
	s
	)
	u
	c
	c
	e
	e
	d
	e
	d
	"
	,
	 
	"
	(
	S
	|
	s
	)
	u
	c
	c
	e
	s
	s
	"
	,
	 
	"
	S
	U
	C
	C
	E
	S
	S
	"
	,
	 
	o
	r
	 
	"
	S
	U
	C
	C
	E
	E
	D
	E
	D
	"
	;
	 
	t
	h
	i
	s
	 
	c
	a
	n
	 
	b
	e
	 
	c
	h
	a
	n
	g
	e
	d
	 
	i
	n
	 
	r
	u
	n
	n
	e
	r
	.
	p
	y
	.
- Reference output:
	P
	a
	r
	s
	e
	 
	s
	u
	c
	c
	e
	e
	d
	e
	d
	,
	 
	f
	i
	n
	d
	i
	n
	g
	 
	2
	6
	 
	I
	L
	O
	C
	 
	o
	p
	e
	r
	a
	t
	i
	o
	n
	s
	.
- Your output:
	P
	O
	O
	 
	P
	O
	O
	O
	 
	P
	O
	O
	

	M
	u
	s
	t
	 
	s
	p
	e
	c
	i
	f
	y
	 
	a
	 
	f
	i
	l
	e
	 
	n
	a
	m
	e
	 
	a
	f
	t
	e
	r
	 
	t
	h
	e
	 
	f
	l
	a
	g
	.
❌ /clear/courses/comp412/students/ILOC/contributed/2014/lab3/jl71.i failed!
- Summary:
	Y
	o
	u
	 
	i
	d
	e
	n
	t
	i
	f
	i
	e
	d
	 
	0
	/
	0
	 
	e
	r
	r
	o
	r
	s
	 
	c
	o
	r
	r
	e
	c
	t
	l
	y
	.
	Y
	o
	u
	 
	i
	d
	e
	n
	t
	i
	f
	i
	e
	d
	 
	0
	 
	c
	o
	r
	r
	e
	c
	t
	 
	l
	i
	n
	e
	s
	 
	a
	s
	 
	e
	r
	r
	o
	r
	s
	.
	Y
	o
	u
	 
	d
	o
	 
	n
	o
	t
	 
	h
	a
	v
	e
	 
	a
	 
	s
	u
	c
	c
	e
	s
	s
	 
	m
	e
	s
	s
	a
	g
	e
	 
	w
	h
	i
	l
	e
	 
	t
	h
	e
	 
	r
	e
	f
	e
	r
	e
	n
	c
	e
	 
	d
	o
	e
	s
	.
	N
	O
	T
	E
	:
	 
	Y
	o
	u
	r
	 
	s
	u
	c
	c
	e
	s
	s
	 
	m
	e
	s
	s
	a
	g
	e
	 
	m
	u
	s
	t
	 
	c
	o
	n
	t
	a
	i
	n
	 
	t
	h
	e
	 
	w
	o
	r
	d
	 
	"
	(
	S
	|
	s
	)
	u
	c
	c
	e
	e
	d
	e
	d
	"
	,
	 
	"
	(
	S
	|
	s
	)
	u
	c
	c
	e
	s
	s
	"
	,
	 
	"
	S
	U
	C
	C
	E
	S
	S
	"
	,
	 
	o
	r
	 
	"
	S
	U
	C
	C
	E
	E
	D
	E
	D
	"
	;
	 
	t
	h
	i
	s
	 
	c
	a
	n
	 
	b
	e
	 
	c
	h
	a
	n
	g
	e
	d
	 
	i
	n
	 
	r
	u
	n
	n
	e
	r
	.
	p
	y
	.
- Reference output:
	P
	a
	r
	s
	e
	 
	s
	u
	c
	c
	e
	e
	d
	e
	d
	,
	 
	f
	i
	n
	d
	i
	n
	g
	 
	1
	9
	 
	I
	L
	O
	C
	 
	o
	p
	e
	r
	a
	t
	i
	o
	n
	s
	.
- Your output:
	P
	O
	O
	 
	P
	O
	O
	O
	 
	P
	O
	O
	

	M
	u
	s
	t
	 
	s
	p
	e
	c
	i
	f
	y
	 
	a
	 
	f
	i
	l
	e
	 
	n
	a
	m
	e
	 
	a
	f
	t
	e
	r
	 
	t
	h
	e
	 
	f
	l
	a
	g
	.
❌ /clear/courses/comp412/students/ILOC/contributed/2014/lab3/bw6.i failed!
- Summary:
	Y
	o
	u
	 
	i
	d
	e
	n
	t
	i
	f
	i
	e
	d
	 
	0
	/
	0
	 
	e
	r
	r
	o
	r
	s
	 
	c
	o
	r
	r
	e
	c
	t
	l
	y
	.
	Y
	o
	u
	 
	i
	d
	e
	n
	t
	i
	f
	i
	e
	d
	 
	0
	 
	c
	o
	r
	r
	e
	c
	t
	 
	l
	i
	n
	e
	s
	 
	a
	s
	 
	e
	r
	r
	o
	r
	s
	.
	Y
	o
	u
	 
	d
	o
	 
	n
	o
	t
	 
	h
	a
	v
	e
	 
	a
	 
	s
	u
	c
	c
	e
	s
	s
	 
	m
	e
	s
	s
	a
	g
	e
	 
	w
	h
	i
	l
	e
	 
	t
	h
	e
	 
	r
	e
	f
	e
	r
	e
	n
	c
	e
	 
	d
	o
	e
	s
	.
	N
	O
	T
	E
	:
	 
	Y
	o
	u
	r
	 
	s
	u
	c
	c
	e
	s
	s
	 
	m
	e
	s
	s
	a
	g
	e
	 
	m
	u
	s
	t
	 
	c
	o
	n
	t
	a
	i
	n
	 
	t
	h
	e
	 
	w
	o
	r
	d
	 
	"
	(
	S
	|
	s
	)
	u
	c
	c
	e
	e
	d
	e
	d
	"
	,
	 
	"
	(
	S
	|
	s
	)
	u
	c
	c
	e
	s
	s
	"
	,
	 
	"
	S
	U
	C
	C
	E
	S
	S
	"
	,
	 
	o
	r
	 
	"
	S
	U
	C
	C
	E
	E
	D
	E
	D
	"
	;
	 
	t
	h
	i
	s
	 
	c
	a
	n
	 
	b
	e
	 
	c
	h
	a
	n
	g
	e
	d
	 
	i
	n
	 
	r
	u
	n
	n
	e
	r
	.
	p
	y
	.
- Reference output:
	P
	a
	r
	s
	e
	 
	s
	u
	c
	c
	e
	e
	d
	e
	d
	,
	 
	f
	i
	n
	d
	i
	n
	g
	 
	2
	3
	 
	I
	L
	O
	C
	 
	o
	p
	e
	r
	a
	t
	i
	o
	n
	s
	.
- Your output:
	P
	O
	O
	 
	P
	O
	O
	O
	 
	P
	O
	O
	

	M
	u
	s
	t
	 
	s
	p
	e
	c
	i
	f
	y
	 
	a
	 
	f
	i
	l
	e
	 
	n
	a
	m
	e
	 
	a
	f
	t
	e
	r
	 
	t
	h
	e
	 
	f
	l
	a
	g
	.
❌ /clear/courses/comp412/students/ILOC/contributed/2014/lab3/ngr2.i failed!
- Summary:
	Y
	o
	u
	 
	i
	d
	e
	n
	t
	i
	f
	i
	e
	d
	 
	0
	/
	0
	 
	e
	r
	r
	o
	r
	s
	 
	c
	o
	r
	r
	e
	c
	t
	l
	y
	.
	Y
	o
	u
	 
	i
	d
	e
	n
	t
	i
	f
	i
	e
	d
	 
	0
	 
	c
	o
	r
	r
	e
	c
	t
	 
	l
	i
	n
	e
	s
	 
	a
	s
	 
	e
	r
	r
	o
	r
	s
	.
	Y
	o
	u
	 
	d
	o
	 
	n
	o
	t
	 
	h
	a
	v
	e
	 
	a
	 
	s
	u
	c
	c
	e
	s
	s
	 
	m
	e
	s
	s
	a
	g
	e
	 
	w
	h
	i
	l
	e
	 
	t
	h
	e
	 
	r
	e
	f
	e
	r
	e
	n
	c
	e
	 
	d
	o
	e
	s
	.
	N
	O
	T
	E
	:
	 
	Y
	o
	u
	r
	 
	s
	u
	c
	c
	e
	s
	s
	 
	m
	e
	s
	s
	a
	g
	e
	 
	m
	u
	s
	t
	 
	c
	o
	n
	t
	a
	i
	n
	 
	t
	h
	e
	 
	w
	o
	r
	d
	 
	"
	(
	S
	|
	s
	)
	u
	c
	c
	e
	e
	d
	e
	d
	"
	,
	 
	"
	(
	S
	|
	s
	)
	u
	c
	c
	e
	s
	s
	"
	,
	 
	"
	S
	U
	C
	C
	E
	S
	S
	"
	,
	 
	o
	r
	 
	"
	S
	U
	C
	C
	E
	E
	D
	E
	D
	"
	;
	 
	t
	h
	i
	s
	 
	c
	a
	n
	 
	b
	e
	 
	c
	h
	a
	n
	g
	e
	d
	 
	i
	n
	 
	r
	u
	n
	n
	e
	r
	.
	p
	y
	.
- Reference output:
	P
	a
	r
	s
	e
	 
	s
	u
	c
	c
	e
	e
	d
	e
	d
	,
	 
	f
	i
	n
	d
	i
	n
	g
	 
	9
	1
	 
	I
	L
	O
	C
	 
	o
	p
	e
	r
	a
	t
	i
	o
	n
	s
	.
- Your output:
	P
	O
	O
	 
	P
	O
	O
	O
	 
	P
	O
	O
	

	M
	u
	s
	t
	 
	s
	p
	e
	c
	i
	f
	y
	 
	a
	 
	f
	i
	l
	e
	 
	n
	a
	m
	e
	 
	a
	f
	t
	e
	r
	 
	t
	h
	e
	 
	f
	l
	a
	g
	.
❌ /clear/courses/comp412/students/ILOC/contributed/2014/lab3/pyw1.i failed!
- Summary:
	Y
	o
	u
	 
	i
	d
	e
	n
	t
	i
	f
	i
	e
	d
	 
	0
	/
	0
	 
	e
	r
	r
	o
	r
	s
	 
	c
	o
	r
	r
	e
	c
	t
	l
	y
	.
	Y
	o
	u
	 
	i
	d
	e
	n
	t
	i
	f
	i
	e
	d
	 
	0
	 
	c
	o
	r
	r
	e
	c
	t
	 
	l
	i
	n
	e
	s
	 
	a
	s
	 
	e
	r
	r
	o
	r
	s
	.
	Y
	o
	u
	 
	d
	o
	 
	n
	o
	t
	 
	h
	a
	v
	e
	 
	a
	 
	s
	u
	c
	c
	e
	s
	s
	 
	m
	e
	s
	s
	a
	g
	e
	 
	w
	h
	i
	l
	e
	 
	t
	h
	e
	 
	r
	e
	f
	e
	r
	e
	n
	c
	e
	 
	d
	o
	e
	s
	.
	N
	O
	T
	E
	:
	 
	Y
	o
	u
	r
	 
	s
	u
	c
	c
	e
	s
	s
	 
	m
	e
	s
	s
	a
	g
	e
	 
	m
	u
	s
	t
	 
	c
	o
	n
	t
	a
	i
	n
	 
	t
	h
	e
	 
	w
	o
	r
	d
	 
	"
	(
	S
	|
	s
	)
	u
	c
	c
	e
	e
	d
	e
	d
	"
	,
	 
	"
	(
	S
	|
	s
	)
	u
	c
	c
	e
	s
	s
	"
	,
	 
	"
	S
	U
	C
	C
	E
	S
	S
	"
	,
	 
	o
	r
	 
	"
	S
	U
	C
	C
	E
	E
	D
	E
	D
	"
	;
	 
	t
	h
	i
	s
	 
	c
	a
	n
	 
	b
	e
	 
	c
	h
	a
	n
	g
	e
	d
	 
	i
	n
	 
	r
	u
	n
	n
	e
	r
	.
	p
	y
	.
- Reference output:
	P
	a
	r
	s
	e
	 
	s
	u
	c
	c
	e
	e
	d
	e
	d
	,
	 
	f
	i
	n
	d
	i
	n
	g
	 
	3
	1
	 
	I
	L
	O
	C
	 
	o
	p
	e
	r
	a
	t
	i
	o
	n
	s
	.
- Your output:
	P
	O
	O
	 
	P
	O
	O
	O
	 
	P
	O
	O
	

	M
	u
	s
	t
	 
	s
	p
	e
	c
	i
	f
	y
	 
	a
	 
	f
	i
	l
	e
	 
	n
	a
	m
	e
	 
	a
	f
	t
	e
	r
	 
	t
	h
	e
	 
	f
	l
	a
	g
	.
❌ /clear/courses/comp412/students/ILOC/contributed/2014/lab3/hz21.i failed!
- Summary:
	Y
	o
	u
	 
	i
	d
	e
	n
	t
	i
	f
	i
	e
	d
	 
	0
	/
	0
	 
	e
	r
	r
	o
	r
	s
	 
	c
	o
	r
	r
	e
	c
	t
	l
	y
	.
	Y
	o
	u
	 
	i
	d
	e
	n
	t
	i
	f
	i
	e
	d
	 
	0
	 
	c
	o
	r
	r
	e
	c
	t
	 
	l
	i
	n
	e
	s
	 
	a
	s
	 
	e
	r
	r
	o
	r
	s
	.
	Y
	o
	u
	 
	d
	o
	 
	n
	o
	t
	 
	h
	a
	v
	e
	 
	a
	 
	s
	u
	c
	c
	e
	s
	s
	 
	m
	e
	s
	s
	a
	g
	e
	 
	w
	h
	i
	l
	e
	 
	t
	h
	e
	 
	r
	e
	f
	e
	r
	e
	n
	c
	e
	 
	d
	o
	e
	s
	.
	N
	O
	T
	E
	:
	 
	Y
	o
	u
	r
	 
	s
	u
	c
	c
	e
	s
	s
	 
	m
	e
	s
	s
	a
	g
	e
	 
	m
	u
	s
	t
	 
	c
	o
	n
	t
	a
	i
	n
	 
	t
	h
	e
	 
	w
	o
	r
	d
	 
	"
	(
	S
	|
	s
	)
	u
	c
	c
	e
	e
	d
	e
	d
	"
	,
	 
	"
	(
	S
	|
	s
	)
	u
	c
	c
	e
	s
	s
	"
	,
	 
	"
	S
	U
	C
	C
	E
	S
	S
	"
	,
	 
	o
	r
	 
	"
	S
	U
	C
	C
	E
	E
	D
	E
	D
	"
	;
	 
	t
	h
	i
	s
	 
	c
	a
	n
	 
	b
	e
	 
	c
	h
	a
	n
	g
	e
	d
	 
	i
	n
	 
	r
	u
	n
	n
	e
	r
	.
	p
	y
	.
- Reference output:
	P
	a
	r
	s
	e
	 
	s
	u
	c
	c
	e
	e
	d
	e
	d
	,
	 
	f
	i
	n
	d
	i
	n
	g
	 
	1
	3
	 
	I
	L
	O
	C
	 
	o
	p
	e
	r
	a
	t
	i
	o
	n
	s
	.
- Your output:
	P
	O
	O
	 
	P
	O
	O
	O
	 
	P
	O
	O
	

	M
	u
	s
	t
	 
	s
	p
	e
	c
	i
	f
	y
	 
	a
	 
	f
	i
	l
	e
	 
	n
	a
	m
	e
	 
	a
	f
	t
	e
	r
	 
	t
	h
	e
	 
	f
	l
	a
	g
	.
❌ /clear/courses/comp412/students/ILOC/contributed/2014/lab3/wj3.i failed!
- Summary:
	Y
	o
	u
	 
	i
	d
	e
	n
	t
	i
	f
	i
	e
	d
	 
	0
	/
	0
	 
	e
	r
	r
	o
	r
	s
	 
	c
	o
	r
	r
	e
	c
	t
	l
	y
	.
	Y
	o
	u
	 
	i
	d
	e
	n
	t
	i
	f
	i
	e
	d
	 
	0
	 
	c
	o
	r
	r
	e
	c
	t
	 
	l
	i
	n
	e
	s
	 
	a
	s
	 
	e
	r
	r
	o
	r
	s
	.
	Y
	o
	u
	 
	d
	o
	 
	n
	o
	t
	 
	h
	a
	v
	e
	 
	a
	 
	s
	u
	c
	c
	e
	s
	s
	 
	m
	e
	s
	s
	a
	g
	e
	 
	w
	h
	i
	l
	e
	 
	t
	h
	e
	 
	r
	e
	f
	e
	r
	e
	n
	c
	e
	 
	d
	o
	e
	s
	.
	N
	O
	T
	E
	:
	 
	Y
	o
	u
	r
	 
	s
	u
	c
	c
	e
	s
	s
	 
	m
	e
	s
	s
	a
	g
	e
	 
	m
	u
	s
	t
	 
	c
	o
	n
	t
	a
	i
	n
	 
	t
	h
	e
	 
	w
	o
	r
	d
	 
	"
	(
	S
	|
	s
	)
	u
	c
	c
	e
	e
	d
	e
	d
	"
	,
	 
	"
	(
	S
	|
	s
	)
	u
	c
	c
	e
	s
	s
	"
	,
	 
	"
	S
	U
	C
	C
	E
	S
	S
	"
	,
	 
	o
	r
	 
	"
	S
	U
	C
	C
	E
	E
	D
	E
	D
	"
	;
	 
	t
	h
	i
	s
	 
	c
	a
	n
	 
	b
	e
	 
	c
	h
	a
	n
	g
	e
	d
	 
	i
	n
	 
	r
	u
	n
	n
	e
	r
	.
	p
	y
	.
- Reference output:
	P
	a
	r
	s
	e
	 
	s
	u
	c
	c
	e
	e
	d
	e
	d
	,
	 
	f
	i
	n
	d
	i
	n
	g
	 
	9
	 
	I
	L
	O
	C
	 
	o
	p
	e
	r
	a
	t
	i
	o
	n
	s
	.
- Your output:
	P
	O
	O
	 
	P
	O
	O
	O
	 
	P
	O
	O
	

	M
	u
	s
	t
	 
	s
	p
	e
	c
	i
	f
	y
	 
	a
	 
	f
	i
	l
	e
	 
	n
	a
	m
	e
	 
	a
	f
	t
	e
	r
	 
	t
	h
	e
	 
	f
	l
	a
	g
	.
❌ /clear/courses/comp412/students/ILOC/contributed/2014/lab3/jl98.i failed!
- Summary:
	Y
	o
	u
	 
	i
	d
	e
	n
	t
	i
	f
	i
	e
	d
	 
	0
	/
	0
	 
	e
	r
	r
	o
	r
	s
	 
	c
	o
	r
	r
	e
	c
	t
	l
	y
	.
	Y
	o
	u
	 
	i
	d
	e
	n
	t
	i
	f
	i
	e
	d
	 
	0
	 
	c
	o
	r
	r
	e
	c
	t
	 
	l
	i
	n
	e
	s
	 
	a
	s
	 
	e
	r
	r
	o
	r
	s
	.
	Y
	o
	u
	 
	d
	o
	 
	n
	o
	t
	 
	h
	a
	v
	e
	 
	a
	 
	s
	u
	c
	c
	e
	s
	s
	 
	m
	e
	s
	s
	a
	g
	e
	 
	w
	h
	i
	l
	e
	 
	t
	h
	e
	 
	r
	e
	f
	e
	r
	e
	n
	c
	e
	 
	d
	o
	e
	s
	.
	N
	O
	T
	E
	:
	 
	Y
	o
	u
	r
	 
	s
	u
	c
	c
	e
	s
	s
	 
	m
	e
	s
	s
	a
	g
	e
	 
	m
	u
	s
	t
	 
	c
	o
	n
	t
	a
	i
	n
	 
	t
	h
	e
	 
	w
	o
	r
	d
	 
	"
	(
	S
	|
	s
	)
	u
	c
	c
	e
	e
	d
	e
	d
	"
	,
	 
	"
	(
	S
	|
	s
	)
	u
	c
	c
	e
	s
	s
	"
	,
	 
	"
	S
	U
	C
	C
	E
	S
	S
	"
	,
	 
	o
	r
	 
	"
	S
	U
	C
	C
	E
	E
	D
	E
	D
	"
	;
	 
	t
	h
	i
	s
	 
	c
	a
	n
	 
	b
	e
	 
	c
	h
	a
	n
	g
	e
	d
	 
	i
	n
	 
	r
	u
	n
	n
	e
	r
	.
	p
	y
	.
- Reference output:
	P
	a
	r
	s
	e
	 
	s
	u
	c
	c
	e
	e
	d
	e
	d
	,
	 
	f
	i
	n
	d
	i
	n
	g
	 
	2
	4
	 
	I
	L
	O
	C
	 
	o
	p
	e
	r
	a
	t
	i
	o
	n
	s
	.
- Your output:
	P
	O
	O
	 
	P
	O
	O
	O
	 
	P
	O
	O
	

	M
	u
	s
	t
	 
	s
	p
	e
	c
	i
	f
	y
	 
	a
	 
	f
	i
	l
	e
	 
	n
	a
	m
	e
	 
	a
	f
	t
	e
	r
	 
	t
	h
	e
	 
	f
	l
	a
	g
	.
❌ /clear/courses/comp412/students/ILOC/contributed/2014/lab3/ews1.i failed!
- Summary:
	Y
	o
	u
	 
	i
	d
	e
	n
	t
	i
	f
	i
	e
	d
	 
	0
	/
	0
	 
	e
	r
	r
	o
	r
	s
	 
	c
	o
	r
	r
	e
	c
	t
	l
	y
	.
	Y
	o
	u
	 
	i
	d
	e
	n
	t
	i
	f
	i
	e
	d
	 
	0
	 
	c
	o
	r
	r
	e
	c
	t
	 
	l
	i
	n
	e
	s
	 
	a
	s
	 
	e
	r
	r
	o
	r
	s
	.
	Y
	o
	u
	 
	d
	o
	 
	n
	o
	t
	 
	h
	a
	v
	e
	 
	a
	 
	s
	u
	c
	c
	e
	s
	s
	 
	m
	e
	s
	s
	a
	g
	e
	 
	w
	h
	i
	l
	e
	 
	t
	h
	e
	 
	r
	e
	f
	e
	r
	e
	n
	c
	e
	 
	d
	o
	e
	s
	.
	N
	O
	T
	E
	:
	 
	Y
	o
	u
	r
	 
	s
	u
	c
	c
	e
	s
	s
	 
	m
	e
	s
	s
	a
	g
	e
	 
	m
	u
	s
	t
	 
	c
	o
	n
	t
	a
	i
	n
	 
	t
	h
	e
	 
	w
	o
	r
	d
	 
	"
	(
	S
	|
	s
	)
	u
	c
	c
	e
	e
	d
	e
	d
	"
	,
	 
	"
	(
	S
	|
	s
	)
	u
	c
	c
	e
	s
	s
	"
	,
	 
	"
	S
	U
	C
	C
	E
	S
	S
	"
	,
	 
	o
	r
	 
	"
	S
	U
	C
	C
	E
	E
	D
	E
	D
	"
	;
	 
	t
	h
	i
	s
	 
	c
	a
	n
	 
	b
	e
	 
	c
	h
	a
	n
	g
	e
	d
	 
	i
	n
	 
	r
	u
	n
	n
	e
	r
	.
	p
	y
	.
- Reference output:
	P
	a
	r
	s
	e
	 
	s
	u
	c
	c
	e
	e
	d
	e
	d
	,
	 
	f
	i
	n
	d
	i
	n
	g
	 
	1
	9
	 
	I
	L
	O
	C
	 
	o
	p
	e
	r
	a
	t
	i
	o
	n
	s
	.
- Your output:
	P
	O
	O
	 
	P
	O
	O
	O
	 
	P
	O
	O
	

	M
	u
	s
	t
	 
	s
	p
	e
	c
	i
	f
	y
	 
	a
	 
	f
	i
	l
	e
	 
	n
	a
	m
	e
	 
	a
	f
	t
	e
	r
	 
	t
	h
	e
	 
	f
	l
	a
	g
	.
❌ /clear/courses/comp412/students/ILOC/contributed/2014/lab3/hl33.i failed!
- Summary:
	Y
	o
	u
	 
	i
	d
	e
	n
	t
	i
	f
	i
	e
	d
	 
	0
	/
	0
	 
	e
	r
	r
	o
	r
	s
	 
	c
	o
	r
	r
	e
	c
	t
	l
	y
	.
	Y
	o
	u
	 
	i
	d
	e
	n
	t
	i
	f
	i
	e
	d
	 
	0
	 
	c
	o
	r
	r
	e
	c
	t
	 
	l
	i
	n
	e
	s
	 
	a
	s
	 
	e
	r
	r
	o
	r
	s
	.
	Y
	o
	u
	 
	d
	o
	 
	n
	o
	t
	 
	h
	a
	v
	e
	 
	a
	 
	s
	u
	c
	c
	e
	s
	s
	 
	m
	e
	s
	s
	a
	g
	e
	 
	w
	h
	i
	l
	e
	 
	t
	h
	e
	 
	r
	e
	f
	e
	r
	e
	n
	c
	e
	 
	d
	o
	e
	s
	.
	N
	O
	T
	E
	:
	 
	Y
	o
	u
	r
	 
	s
	u
	c
	c
	e
	s
	s
	 
	m
	e
	s
	s
	a
	g
	e
	 
	m
	u
	s
	t
	 
	c
	o
	n
	t
	a
	i
	n
	 
	t
	h
	e
	 
	w
	o
	r
	d
	 
	"
	(
	S
	|
	s
	)
	u
	c
	c
	e
	e
	d
	e
	d
	"
	,
	 
	"
	(
	S
	|
	s
	)
	u
	c
	c
	e
	s
	s
	"
	,
	 
	"
	S
	U
	C
	C
	E
	S
	S
	"
	,
	 
	o
	r
	 
	"
	S
	U
	C
	C
	E
	E
	D
	E
	D
	"
	;
	 
	t
	h
	i
	s
	 
	c
	a
	n
	 
	b
	e
	 
	c
	h
	a
	n
	g
	e
	d
	 
	i
	n
	 
	r
	u
	n
	n
	e
	r
	.
	p
	y
	.
- Reference output:
	P
	a
	r
	s
	e
	 
	s
	u
	c
	c
	e
	e
	d
	e
	d
	,
	 
	f
	i
	n
	d
	i
	n
	g
	 
	1
	2
	 
	I
	L
	O
	C
	 
	o
	p
	e
	r
	a
	t
	i
	o
	n
	s
	.
- Your output:
	P
	O
	O
	 
	P
	O
	O
	O
	 
	P
	O
	O
	

	M
	u
	s
	t
	 
	s
	p
	e
	c
	i
	f
	y
	 
	a
	 
	f
	i
	l
	e
	 
	n
	a
	m
	e
	 
	a
	f
	t
	e
	r
	 
	t
	h
	e
	 
	f
	l
	a
	g
	.
❌ /clear/courses/comp412/students/ILOC/contributed/2014/lab3/imh1.i failed!
- Summary:
	Y
	o
	u
	 
	i
	d
	e
	n
	t
	i
	f
	i
	e
	d
	 
	0
	/
	0
	 
	e
	r
	r
	o
	r
	s
	 
	c
	o
	r
	r
	e
	c
	t
	l
	y
	.
	Y
	o
	u
	 
	i
	d
	e
	n
	t
	i
	f
	i
	e
	d
	 
	0
	 
	c
	o
	r
	r
	e
	c
	t
	 
	l
	i
	n
	e
	s
	 
	a
	s
	 
	e
	r
	r
	o
	r
	s
	.
	Y
	o
	u
	 
	d
	o
	 
	n
	o
	t
	 
	h
	a
	v
	e
	 
	a
	 
	s
	u
	c
	c
	e
	s
	s
	 
	m
	e
	s
	s
	a
	g
	e
	 
	w
	h
	i
	l
	e
	 
	t
	h
	e
	 
	r
	e
	f
	e
	r
	e
	n
	c
	e
	 
	d
	o
	e
	s
	.
	N
	O
	T
	E
	:
	 
	Y
	o
	u
	r
	 
	s
	u
	c
	c
	e
	s
	s
	 
	m
	e
	s
	s
	a
	g
	e
	 
	m
	u
	s
	t
	 
	c
	o
	n
	t
	a
	i
	n
	 
	t
	h
	e
	 
	w
	o
	r
	d
	 
	"
	(
	S
	|
	s
	)
	u
	c
	c
	e
	e
	d
	e
	d
	"
	,
	 
	"
	(
	S
	|
	s
	)
	u
	c
	c
	e
	s
	s
	"
	,
	 
	"
	S
	U
	C
	C
	E
	S
	S
	"
	,
	 
	o
	r
	 
	"
	S
	U
	C
	C
	E
	E
	D
	E
	D
	"
	;
	 
	t
	h
	i
	s
	 
	c
	a
	n
	 
	b
	e
	 
	c
	h
	a
	n
	g
	e
	d
	 
	i
	n
	 
	r
	u
	n
	n
	e
	r
	.
	p
	y
	.
- Reference output:
	P
	a
	r
	s
	e
	 
	s
	u
	c
	c
	e
	e
	d
	e
	d
	,
	 
	f
	i
	n
	d
	i
	n
	g
	 
	1
	8
	 
	I
	L
	O
	C
	 
	o
	p
	e
	r
	a
	t
	i
	o
	n
	s
	.
- Your output:
	P
	O
	O
	 
	P
	O
	O
	O
	 
	P
	O
	O
	

	M
	u
	s
	t
	 
	s
	p
	e
	c
	i
	f
	y
	 
	a
	 
	f
	i
	l
	e
	 
	n
	a
	m
	e
	 
	a
	f
	t
	e
	r
	 
	t
	h
	e
	 
	f
	l
	a
	g
	.
❌ /clear/courses/comp412/students/ILOC/contributed/2014/lab3/wsp1.i failed!
- Summary:
	Y
	o
	u
	 
	i
	d
	e
	n
	t
	i
	f
	i
	e
	d
	 
	0
	/
	0
	 
	e
	r
	r
	o
	r
	s
	 
	c
	o
	r
	r
	e
	c
	t
	l
	y
	.
	Y
	o
	u
	 
	i
	d
	e
	n
	t
	i
	f
	i
	e
	d
	 
	0
	 
	c
	o
	r
	r
	e
	c
	t
	 
	l
	i
	n
	e
	s
	 
	a
	s
	 
	e
	r
	r
	o
	r
	s
	.
	Y
	o
	u
	 
	d
	o
	 
	n
	o
	t
	 
	h
	a
	v
	e
	 
	a
	 
	s
	u
	c
	c
	e
	s
	s
	 
	m
	e
	s
	s
	a
	g
	e
	 
	w
	h
	i
	l
	e
	 
	t
	h
	e
	 
	r
	e
	f
	e
	r
	e
	n
	c
	e
	 
	d
	o
	e
	s
	.
	N
	O
	T
	E
	:
	 
	Y
	o
	u
	r
	 
	s
	u
	c
	c
	e
	s
	s
	 
	m
	e
	s
	s
	a
	g
	e
	 
	m
	u
	s
	t
	 
	c
	o
	n
	t
	a
	i
	n
	 
	t
	h
	e
	 
	w
	o
	r
	d
	 
	"
	(
	S
	|
	s
	)
	u
	c
	c
	e
	e
	d
	e
	d
	"
	,
	 
	"
	(
	S
	|
	s
	)
	u
	c
	c
	e
	s
	s
	"
	,
	 
	"
	S
	U
	C
	C
	E
	S
	S
	"
	,
	 
	o
	r
	 
	"
	S
	U
	C
	C
	E
	E
	D
	E
	D
	"
	;
	 
	t
	h
	i
	s
	 
	c
	a
	n
	 
	b
	e
	 
	c
	h
	a
	n
	g
	e
	d
	 
	i
	n
	 
	r
	u
	n
	n
	e
	r
	.
	p
	y
	.
- Reference output:
	P
	a
	r
	s
	e
	 
	s
	u
	c
	c
	e
	e
	d
	e
	d
	,
	 
	f
	i
	n
	d
	i
	n
	g
	 
	2
	4
	 
	I
	L
	O
	C
	 
	o
	p
	e
	r
	a
	t
	i
	o
	n
	s
	.
- Your output:
	P
	O
	O
	 
	P
	O
	O
	O
	 
	P
	O
	O
	

	M
	u
	s
	t
	 
	s
	p
	e
	c
	i
	f
	y
	 
	a
	 
	f
	i
	l
	e
	 
	n
	a
	m
	e
	 
	a
	f
	t
	e
	r
	 
	t
	h
	e
	 
	f
	l
	a
	g
	.
❌ /clear/courses/comp412/students/ILOC/contributed/2014/lab3/les6.i failed!
- Summary:
	Y
	o
	u
	 
	i
	d
	e
	n
	t
	i
	f
	i
	e
	d
	 
	0
	/
	0
	 
	e
	r
	r
	o
	r
	s
	 
	c
	o
	r
	r
	e
	c
	t
	l
	y
	.
	Y
	o
	u
	 
	i
	d
	e
	n
	t
	i
	f
	i
	e
	d
	 
	0
	 
	c
	o
	r
	r
	e
	c
	t
	 
	l
	i
	n
	e
	s
	 
	a
	s
	 
	e
	r
	r
	o
	r
	s
	.
	Y
	o
	u
	 
	d
	o
	 
	n
	o
	t
	 
	h
	a
	v
	e
	 
	a
	 
	s
	u
	c
	c
	e
	s
	s
	 
	m
	e
	s
	s
	a
	g
	e
	 
	w
	h
	i
	l
	e
	 
	t
	h
	e
	 
	r
	e
	f
	e
	r
	e
	n
	c
	e
	 
	d
	o
	e
	s
	.
	N
	O
	T
	E
	:
	 
	Y
	o
	u
	r
	 
	s
	u
	c
	c
	e
	s
	s
	 
	m
	e
	s
	s
	a
	g
	e
	 
	m
	u
	s
	t
	 
	c
	o
	n
	t
	a
	i
	n
	 
	t
	h
	e
	 
	w
	o
	r
	d
	 
	"
	(
	S
	|
	s
	)
	u
	c
	c
	e
	e
	d
	e
	d
	"
	,
	 
	"
	(
	S
	|
	s
	)
	u
	c
	c
	e
	s
	s
	"
	,
	 
	"
	S
	U
	C
	C
	E
	S
	S
	"
	,
	 
	o
	r
	 
	"
	S
	U
	C
	C
	E
	E
	D
	E
	D
	"
	;
	 
	t
	h
	i
	s
	 
	c
	a
	n
	 
	b
	e
	 
	c
	h
	a
	n
	g
	e
	d
	 
	i
	n
	 
	r
	u
	n
	n
	e
	r
	.
	p
	y
	.
- Reference output:
	P
	a
	r
	s
	e
	 
	s
	u
	c
	c
	e
	e
	d
	e
	d
	,
	 
	f
	i
	n
	d
	i
	n
	g
	 
	1
	1
	 
	I
	L
	O
	C
	 
	o
	p
	e
	r
	a
	t
	i
	o
	n
	s
	.
- Your output:
	P
	O
	O
	 
	P
	O
	O
	O
	 
	P
	O
	O
	

	M
	u
	s
	t
	 
	s
	p
	e
	c
	i
	f
	y
	 
	a
	 
	f
	i
	l
	e
	 
	n
	a
	m
	e
	 
	a
	f
	t
	e
	r
	 
	t
	h
	e
	 
	f
	l
	a
	g
	.
❌ /clear/courses/comp412/students/ILOC/contributed/2014/lab3/icm2.i failed!
- Summary:
	Y
	o
	u
	 
	i
	d
	e
	n
	t
	i
	f
	i
	e
	d
	 
	0
	/
	0
	 
	e
	r
	r
	o
	r
	s
	 
	c
	o
	r
	r
	e
	c
	t
	l
	y
	.
	Y
	o
	u
	 
	i
	d
	e
	n
	t
	i
	f
	i
	e
	d
	 
	0
	 
	c
	o
	r
	r
	e
	c
	t
	 
	l
	i
	n
	e
	s
	 
	a
	s
	 
	e
	r
	r
	o
	r
	s
	.
	Y
	o
	u
	 
	d
	o
	 
	n
	o
	t
	 
	h
	a
	v
	e
	 
	a
	 
	s
	u
	c
	c
	e
	s
	s
	 
	m
	e
	s
	s
	a
	g
	e
	 
	w
	h
	i
	l
	e
	 
	t
	h
	e
	 
	r
	e
	f
	e
	r
	e
	n
	c
	e
	 
	d
	o
	e
	s
	.
	N
	O
	T
	E
	:
	 
	Y
	o
	u
	r
	 
	s
	u
	c
	c
	e
	s
	s
	 
	m
	e
	s
	s
	a
	g
	e
	 
	m
	u
	s
	t
	 
	c
	o
	n
	t
	a
	i
	n
	 
	t
	h
	e
	 
	w
	o
	r
	d
	 
	"
	(
	S
	|
	s
	)
	u
	c
	c
	e
	e
	d
	e
	d
	"
	,
	 
	"
	(
	S
	|
	s
	)
	u
	c
	c
	e
	s
	s
	"
	,
	 
	"
	S
	U
	C
	C
	E
	S
	S
	"
	,
	 
	o
	r
	 
	"
	S
	U
	C
	C
	E
	E
	D
	E
	D
	"
	;
	 
	t
	h
	i
	s
	 
	c
	a
	n
	 
	b
	e
	 
	c
	h
	a
	n
	g
	e
	d
	 
	i
	n
	 
	r
	u
	n
	n
	e
	r
	.
	p
	y
	.
- Reference output:
	P
	a
	r
	s
	e
	 
	s
	u
	c
	c
	e
	e
	d
	e
	d
	,
	 
	f
	i
	n
	d
	i
	n
	g
	 
	2
	5
	 
	I
	L
	O
	C
	 
	o
	p
	e
	r
	a
	t
	i
	o
	n
	s
	.
- Your output:
	P
	O
	O
	 
	P
	O
	O
	O
	 
	P
	O
	O
	

	M
	u
	s
	t
	 
	s
	p
	e
	c
	i
	f
	y
	 
	a
	 
	f
	i
	l
	e
	 
	n
	a
	m
	e
	 
	a
	f
	t
	e
	r
	 
	t
	h
	e
	 
	f
	l
	a
	g
	.
❌ /clear/courses/comp412/students/ILOC/contributed/2014/lab3/sm80.i failed!
- Summary:
	Y
	o
	u
	 
	i
	d
	e
	n
	t
	i
	f
	i
	e
	d
	 
	0
	/
	0
	 
	e
	r
	r
	o
	r
	s
	 
	c
	o
	r
	r
	e
	c
	t
	l
	y
	.
	Y
	o
	u
	 
	i
	d
	e
	n
	t
	i
	f
	i
	e
	d
	 
	0
	 
	c
	o
	r
	r
	e
	c
	t
	 
	l
	i
	n
	e
	s
	 
	a
	s
	 
	e
	r
	r
	o
	r
	s
	.
	Y
	o
	u
	 
	d
	o
	 
	n
	o
	t
	 
	h
	a
	v
	e
	 
	a
	 
	s
	u
	c
	c
	e
	s
	s
	 
	m
	e
	s
	s
	a
	g
	e
	 
	w
	h
	i
	l
	e
	 
	t
	h
	e
	 
	r
	e
	f
	e
	r
	e
	n
	c
	e
	 
	d
	o
	e
	s
	.
	N
	O
	T
	E
	:
	 
	Y
	o
	u
	r
	 
	s
	u
	c
	c
	e
	s
	s
	 
	m
	e
	s
	s
	a
	g
	e
	 
	m
	u
	s
	t
	 
	c
	o
	n
	t
	a
	i
	n
	 
	t
	h
	e
	 
	w
	o
	r
	d
	 
	"
	(
	S
	|
	s
	)
	u
	c
	c
	e
	e
	d
	e
	d
	"
	,
	 
	"
	(
	S
	|
	s
	)
	u
	c
	c
	e
	s
	s
	"
	,
	 
	"
	S
	U
	C
	C
	E
	S
	S
	"
	,
	 
	o
	r
	 
	"
	S
	U
	C
	C
	E
	E
	D
	E
	D
	"
	;
	 
	t
	h
	i
	s
	 
	c
	a
	n
	 
	b
	e
	 
	c
	h
	a
	n
	g
	e
	d
	 
	i
	n
	 
	r
	u
	n
	n
	e
	r
	.
	p
	y
	.
- Reference output:
	P
	a
	r
	s
	e
	 
	s
	u
	c
	c
	e
	e
	d
	e
	d
	,
	 
	f
	i
	n
	d
	i
	n
	g
	 
	2
	3
	 
	I
	L
	O
	C
	 
	o
	p
	e
	r
	a
	t
	i
	o
	n
	s
	.
- Your output:
	P
	O
	O
	 
	P
	O
	O
	O
	 
	P
	O
	O
	

	M
	u
	s
	t
	 
	s
	p
	e
	c
	i
	f
	y
	 
	a
	 
	f
	i
	l
	e
	 
	n
	a
	m
	e
	 
	a
	f
	t
	e
	r
	 
	t
	h
	e
	 
	f
	l
	a
	g
	.
❌ /clear/courses/comp412/students/ILOC/contributed/2014/lab3/msp5.i failed!
- Summary:
	Y
	o
	u
	 
	i
	d
	e
	n
	t
	i
	f
	i
	e
	d
	 
	0
	/
	0
	 
	e
	r
	r
	o
	r
	s
	 
	c
	o
	r
	r
	e
	c
	t
	l
	y
	.
	Y
	o
	u
	 
	i
	d
	e
	n
	t
	i
	f
	i
	e
	d
	 
	0
	 
	c
	o
	r
	r
	e
	c
	t
	 
	l
	i
	n
	e
	s
	 
	a
	s
	 
	e
	r
	r
	o
	r
	s
	.
	Y
	o
	u
	 
	d
	o
	 
	n
	o
	t
	 
	h
	a
	v
	e
	 
	a
	 
	s
	u
	c
	c
	e
	s
	s
	 
	m
	e
	s
	s
	a
	g
	e
	 
	w
	h
	i
	l
	e
	 
	t
	h
	e
	 
	r
	e
	f
	e
	r
	e
	n
	c
	e
	 
	d
	o
	e
	s
	.
	N
	O
	T
	E
	:
	 
	Y
	o
	u
	r
	 
	s
	u
	c
	c
	e
	s
	s
	 
	m
	e
	s
	s
	a
	g
	e
	 
	m
	u
	s
	t
	 
	c
	o
	n
	t
	a
	i
	n
	 
	t
	h
	e
	 
	w
	o
	r
	d
	 
	"
	(
	S
	|
	s
	)
	u
	c
	c
	e
	e
	d
	e
	d
	"
	,
	 
	"
	(
	S
	|
	s
	)
	u
	c
	c
	e
	s
	s
	"
	,
	 
	"
	S
	U
	C
	C
	E
	S
	S
	"
	,
	 
	o
	r
	 
	"
	S
	U
	C
	C
	E
	E
	D
	E
	D
	"
	;
	 
	t
	h
	i
	s
	 
	c
	a
	n
	 
	b
	e
	 
	c
	h
	a
	n
	g
	e
	d
	 
	i
	n
	 
	r
	u
	n
	n
	e
	r
	.
	p
	y
	.
- Reference output:
	P
	a
	r
	s
	e
	 
	s
	u
	c
	c
	e
	e
	d
	e
	d
	,
	 
	f
	i
	n
	d
	i
	n
	g
	 
	1
	5
	 
	I
	L
	O
	C
	 
	o
	p
	e
	r
	a
	t
	i
	o
	n
	s
	.
- Your output:
	P
	O
	O
	 
	P
	O
	O
	O
	 
	P
	O
	O
	

	M
	u
	s
	t
	 
	s
	p
	e
	c
	i
	f
	y
	 
	a
	 
	f
	i
	l
	e
	 
	n
	a
	m
	e
	 
	a
	f
	t
	e
	r
	 
	t
	h
	e
	 
	f
	l
	a
	g
	.
❌ /clear/courses/comp412/students/ILOC/contributed/2014/lab3/kwa2.i failed!
- Summary:
	Y
	o
	u
	 
	i
	d
	e
	n
	t
	i
	f
	i
	e
	d
	 
	0
	/
	0
	 
	e
	r
	r
	o
	r
	s
	 
	c
	o
	r
	r
	e
	c
	t
	l
	y
	.
	Y
	o
	u
	 
	i
	d
	e
	n
	t
	i
	f
	i
	e
	d
	 
	0
	 
	c
	o
	r
	r
	e
	c
	t
	 
	l
	i
	n
	e
	s
	 
	a
	s
	 
	e
	r
	r
	o
	r
	s
	.
	Y
	o
	u
	 
	d
	o
	 
	n
	o
	t
	 
	h
	a
	v
	e
	 
	a
	 
	s
	u
	c
	c
	e
	s
	s
	 
	m
	e
	s
	s
	a
	g
	e
	 
	w
	h
	i
	l
	e
	 
	t
	h
	e
	 
	r
	e
	f
	e
	r
	e
	n
	c
	e
	 
	d
	o
	e
	s
	.
	N
	O
	T
	E
	:
	 
	Y
	o
	u
	r
	 
	s
	u
	c
	c
	e
	s
	s
	 
	m
	e
	s
	s
	a
	g
	e
	 
	m
	u
	s
	t
	 
	c
	o
	n
	t
	a
	i
	n
	 
	t
	h
	e
	 
	w
	o
	r
	d
	 
	"
	(
	S
	|
	s
	)
	u
	c
	c
	e
	e
	d
	e
	d
	"
	,
	 
	"
	(
	S
	|
	s
	)
	u
	c
	c
	e
	s
	s
	"
	,
	 
	"
	S
	U
	C
	C
	E
	S
	S
	"
	,
	 
	o
	r
	 
	"
	S
	U
	C
	C
	E
	E
	D
	E
	D
	"
	;
	 
	t
	h
	i
	s
	 
	c
	a
	n
	 
	b
	e
	 
	c
	h
	a
	n
	g
	e
	d
	 
	i
	n
	 
	r
	u
	n
	n
	e
	r
	.
	p
	y
	.
- Reference output:
	P
	a
	r
	s
	e
	 
	s
	u
	c
	c
	e
	e
	d
	e
	d
	,
	 
	f
	i
	n
	d
	i
	n
	g
	 
	7
	2
	 
	I
	L
	O
	C
	 
	o
	p
	e
	r
	a
	t
	i
	o
	n
	s
	.
- Your output:
	P
	O
	O
	 
	P
	O
	O
	O
	 
	P
	O
	O
	

	M
	u
	s
	t
	 
	s
	p
	e
	c
	i
	f
	y
	 
	a
	 
	f
	i
	l
	e
	 
	n
	a
	m
	e
	 
	a
	f
	t
	e
	r
	 
	t
	h
	e
	 
	f
	l
	a
	g
	.
❌ /clear/courses/comp412/students/ILOC/contributed/2014/lab3/sjl4.i failed!
- Summary:
	Y
	o
	u
	 
	i
	d
	e
	n
	t
	i
	f
	i
	e
	d
	 
	0
	/
	0
	 
	e
	r
	r
	o
	r
	s
	 
	c
	o
	r
	r
	e
	c
	t
	l
	y
	.
	Y
	o
	u
	 
	i
	d
	e
	n
	t
	i
	f
	i
	e
	d
	 
	0
	 
	c
	o
	r
	r
	e
	c
	t
	 
	l
	i
	n
	e
	s
	 
	a
	s
	 
	e
	r
	r
	o
	r
	s
	.
	Y
	o
	u
	 
	d
	o
	 
	n
	o
	t
	 
	h
	a
	v
	e
	 
	a
	 
	s
	u
	c
	c
	e
	s
	s
	 
	m
	e
	s
	s
	a
	g
	e
	 
	w
	h
	i
	l
	e
	 
	t
	h
	e
	 
	r
	e
	f
	e
	r
	e
	n
	c
	e
	 
	d
	o
	e
	s
	.
	N
	O
	T
	E
	:
	 
	Y
	o
	u
	r
	 
	s
	u
	c
	c
	e
	s
	s
	 
	m
	e
	s
	s
	a
	g
	e
	 
	m
	u
	s
	t
	 
	c
	o
	n
	t
	a
	i
	n
	 
	t
	h
	e
	 
	w
	o
	r
	d
	 
	"
	(
	S
	|
	s
	)
	u
	c
	c
	e
	e
	d
	e
	d
	"
	,
	 
	"
	(
	S
	|
	s
	)
	u
	c
	c
	e
	s
	s
	"
	,
	 
	"
	S
	U
	C
	C
	E
	S
	S
	"
	,
	 
	o
	r
	 
	"
	S
	U
	C
	C
	E
	E
	D
	E
	D
	"
	;
	 
	t
	h
	i
	s
	 
	c
	a
	n
	 
	b
	e
	 
	c
	h
	a
	n
	g
	e
	d
	 
	i
	n
	 
	r
	u
	n
	n
	e
	r
	.
	p
	y
	.
- Reference output:
	P
	a
	r
	s
	e
	 
	s
	u
	c
	c
	e
	e
	d
	e
	d
	,
	 
	f
	i
	n
	d
	i
	n
	g
	 
	4
	4
	 
	I
	L
	O
	C
	 
	o
	p
	e
	r
	a
	t
	i
	o
	n
	s
	.
- Your output:
	P
	O
	O
	 
	P
	O
	O
	O
	 
	P
	O
	O
	

	M
	u
	s
	t
	 
	s
	p
	e
	c
	i
	f
	y
	 
	a
	 
	f
	i
	l
	e
	 
	n
	a
	m
	e
	 
	a
	f
	t
	e
	r
	 
	t
	h
	e
	 
	f
	l
	a
	g
	.
❌ /clear/courses/comp412/students/ILOC/contributed/2014/lab3/jmg9.i failed!
- Summary:
	Y
	o
	u
	 
	i
	d
	e
	n
	t
	i
	f
	i
	e
	d
	 
	0
	/
	0
	 
	e
	r
	r
	o
	r
	s
	 
	c
	o
	r
	r
	e
	c
	t
	l
	y
	.
	Y
	o
	u
	 
	i
	d
	e
	n
	t
	i
	f
	i
	e
	d
	 
	0
	 
	c
	o
	r
	r
	e
	c
	t
	 
	l
	i
	n
	e
	s
	 
	a
	s
	 
	e
	r
	r
	o
	r
	s
	.
	Y
	o
	u
	 
	d
	o
	 
	n
	o
	t
	 
	h
	a
	v
	e
	 
	a
	 
	s
	u
	c
	c
	e
	s
	s
	 
	m
	e
	s
	s
	a
	g
	e
	 
	w
	h
	i
	l
	e
	 
	t
	h
	e
	 
	r
	e
	f
	e
	r
	e
	n
	c
	e
	 
	d
	o
	e
	s
	.
	N
	O
	T
	E
	:
	 
	Y
	o
	u
	r
	 
	s
	u
	c
	c
	e
	s
	s
	 
	m
	e
	s
	s
	a
	g
	e
	 
	m
	u
	s
	t
	 
	c
	o
	n
	t
	a
	i
	n
	 
	t
	h
	e
	 
	w
	o
	r
	d
	 
	"
	(
	S
	|
	s
	)
	u
	c
	c
	e
	e
	d
	e
	d
	"
	,
	 
	"
	(
	S
	|
	s
	)
	u
	c
	c
	e
	s
	s
	"
	,
	 
	"
	S
	U
	C
	C
	E
	S
	S
	"
	,
	 
	o
	r
	 
	"
	S
	U
	C
	C
	E
	E
	D
	E
	D
	"
	;
	 
	t
	h
	i
	s
	 
	c
	a
	n
	 
	b
	e
	 
	c
	h
	a
	n
	g
	e
	d
	 
	i
	n
	 
	r
	u
	n
	n
	e
	r
	.
	p
	y
	.
- Reference output:
	P
	a
	r
	s
	e
	 
	s
	u
	c
	c
	e
	e
	d
	e
	d
	,
	 
	f
	i
	n
	d
	i
	n
	g
	 
	3
	6
	 
	I
	L
	O
	C
	 
	o
	p
	e
	r
	a
	t
	i
	o
	n
	s
	.
- Your output:
	P
	O
	O
	 
	P
	O
	O
	O
	 
	P
	O
	O
	

	M
	u
	s
	t
	 
	s
	p
	e
	c
	i
	f
	y
	 
	a
	 
	f
	i
	l
	e
	 
	n
	a
	m
	e
	 
	a
	f
	t
	e
	r
	 
	t
	h
	e
	 
	f
	l
	a
	g
	.
❌ /clear/courses/comp412/students/ILOC/contributed/2014/lab3/jjo1.i failed!
- Summary:
	Y
	o
	u
	 
	i
	d
	e
	n
	t
	i
	f
	i
	e
	d
	 
	0
	/
	0
	 
	e
	r
	r
	o
	r
	s
	 
	c
	o
	r
	r
	e
	c
	t
	l
	y
	.
	Y
	o
	u
	 
	i
	d
	e
	n
	t
	i
	f
	i
	e
	d
	 
	0
	 
	c
	o
	r
	r
	e
	c
	t
	 
	l
	i
	n
	e
	s
	 
	a
	s
	 
	e
	r
	r
	o
	r
	s
	.
	Y
	o
	u
	 
	d
	o
	 
	n
	o
	t
	 
	h
	a
	v
	e
	 
	a
	 
	s
	u
	c
	c
	e
	s
	s
	 
	m
	e
	s
	s
	a
	g
	e
	 
	w
	h
	i
	l
	e
	 
	t
	h
	e
	 
	r
	e
	f
	e
	r
	e
	n
	c
	e
	 
	d
	o
	e
	s
	.
	N
	O
	T
	E
	:
	 
	Y
	o
	u
	r
	 
	s
	u
	c
	c
	e
	s
	s
	 
	m
	e
	s
	s
	a
	g
	e
	 
	m
	u
	s
	t
	 
	c
	o
	n
	t
	a
	i
	n
	 
	t
	h
	e
	 
	w
	o
	r
	d
	 
	"
	(
	S
	|
	s
	)
	u
	c
	c
	e
	e
	d
	e
	d
	"
	,
	 
	"
	(
	S
	|
	s
	)
	u
	c
	c
	e
	s
	s
	"
	,
	 
	"
	S
	U
	C
	C
	E
	S
	S
	"
	,
	 
	o
	r
	 
	"
	S
	U
	C
	C
	E
	E
	D
	E
	D
	"
	;
	 
	t
	h
	i
	s
	 
	c
	a
	n
	 
	b
	e
	 
	c
	h
	a
	n
	g
	e
	d
	 
	i
	n
	 
	r
	u
	n
	n
	e
	r
	.
	p
	y
	.
- Reference output:
	P
	a
	r
	s
	e
	 
	s
	u
	c
	c
	e
	e
	d
	e
	d
	,
	 
	f
	i
	n
	d
	i
	n
	g
	 
	2
	8
	 
	I
	L
	O
	C
	 
	o
	p
	e
	r
	a
	t
	i
	o
	n
	s
	.
- Your output:
	P
	O
	O
	 
	P
	O
	O
	O
	 
	P
	O
	O
	

	M
	u
	s
	t
	 
	s
	p
	e
	c
	i
	f
	y
	 
	a
	 
	f
	i
	l
	e
	 
	n
	a
	m
	e
	 
	a
	f
	t
	e
	r
	 
	t
	h
	e
	 
	f
	l
	a
	g
	.
❌ /clear/courses/comp412/students/ILOC/contributed/2014/lab3/fg10.i failed!
- Summary:
	Y
	o
	u
	 
	i
	d
	e
	n
	t
	i
	f
	i
	e
	d
	 
	0
	/
	0
	 
	e
	r
	r
	o
	r
	s
	 
	c
	o
	r
	r
	e
	c
	t
	l
	y
	.
	Y
	o
	u
	 
	i
	d
	e
	n
	t
	i
	f
	i
	e
	d
	 
	0
	 
	c
	o
	r
	r
	e
	c
	t
	 
	l
	i
	n
	e
	s
	 
	a
	s
	 
	e
	r
	r
	o
	r
	s
	.
	Y
	o
	u
	 
	d
	o
	 
	n
	o
	t
	 
	h
	a
	v
	e
	 
	a
	 
	s
	u
	c
	c
	e
	s
	s
	 
	m
	e
	s
	s
	a
	g
	e
	 
	w
	h
	i
	l
	e
	 
	t
	h
	e
	 
	r
	e
	f
	e
	r
	e
	n
	c
	e
	 
	d
	o
	e
	s
	.
	N
	O
	T
	E
	:
	 
	Y
	o
	u
	r
	 
	s
	u
	c
	c
	e
	s
	s
	 
	m
	e
	s
	s
	a
	g
	e
	 
	m
	u
	s
	t
	 
	c
	o
	n
	t
	a
	i
	n
	 
	t
	h
	e
	 
	w
	o
	r
	d
	 
	"
	(
	S
	|
	s
	)
	u
	c
	c
	e
	e
	d
	e
	d
	"
	,
	 
	"
	(
	S
	|
	s
	)
	u
	c
	c
	e
	s
	s
	"
	,
	 
	"
	S
	U
	C
	C
	E
	S
	S
	"
	,
	 
	o
	r
	 
	"
	S
	U
	C
	C
	E
	E
	D
	E
	D
	"
	;
	 
	t
	h
	i
	s
	 
	c
	a
	n
	 
	b
	e
	 
	c
	h
	a
	n
	g
	e
	d
	 
	i
	n
	 
	r
	u
	n
	n
	e
	r
	.
	p
	y
	.
- Reference output:
	P
	a
	r
	s
	e
	 
	s
	u
	c
	c
	e
	e
	d
	e
	d
	,
	 
	f
	i
	n
	d
	i
	n
	g
	 
	4
	1
	 
	I
	L
	O
	C
	 
	o
	p
	e
	r
	a
	t
	i
	o
	n
	s
	.
- Your output:
	P
	O
	O
	 
	P
	O
	O
	O
	 
	P
	O
	O
	

	M
	u
	s
	t
	 
	s
	p
	e
	c
	i
	f
	y
	 
	a
	 
	f
	i
	l
	e
	 
	n
	a
	m
	e
	 
	a
	f
	t
	e
	r
	 
	t
	h
	e
	 
	f
	l
	a
	g
	.
❌ /clear/courses/comp412/students/ILOC/contributed/2014/lab3/xl43.i failed!
- Summary:
	Y
	o
	u
	 
	i
	d
	e
	n
	t
	i
	f
	i
	e
	d
	 
	0
	/
	0
	 
	e
	r
	r
	o
	r
	s
	 
	c
	o
	r
	r
	e
	c
	t
	l
	y
	.
	Y
	o
	u
	 
	i
	d
	e
	n
	t
	i
	f
	i
	e
	d
	 
	0
	 
	c
	o
	r
	r
	e
	c
	t
	 
	l
	i
	n
	e
	s
	 
	a
	s
	 
	e
	r
	r
	o
	r
	s
	.
	Y
	o
	u
	 
	d
	o
	 
	n
	o
	t
	 
	h
	a
	v
	e
	 
	a
	 
	s
	u
	c
	c
	e
	s
	s
	 
	m
	e
	s
	s
	a
	g
	e
	 
	w
	h
	i
	l
	e
	 
	t
	h
	e
	 
	r
	e
	f
	e
	r
	e
	n
	c
	e
	 
	d
	o
	e
	s
	.
	N
	O
	T
	E
	:
	 
	Y
	o
	u
	r
	 
	s
	u
	c
	c
	e
	s
	s
	 
	m
	e
	s
	s
	a
	g
	e
	 
	m
	u
	s
	t
	 
	c
	o
	n
	t
	a
	i
	n
	 
	t
	h
	e
	 
	w
	o
	r
	d
	 
	"
	(
	S
	|
	s
	)
	u
	c
	c
	e
	e
	d
	e
	d
	"
	,
	 
	"
	(
	S
	|
	s
	)
	u
	c
	c
	e
	s
	s
	"
	,
	 
	"
	S
	U
	C
	C
	E
	S
	S
	"
	,
	 
	o
	r
	 
	"
	S
	U
	C
	C
	E
	E
	D
	E
	D
	"
	;
	 
	t
	h
	i
	s
	 
	c
	a
	n
	 
	b
	e
	 
	c
	h
	a
	n
	g
	e
	d
	 
	i
	n
	 
	r
	u
	n
	n
	e
	r
	.
	p
	y
	.
- Reference output:
	P
	a
	r
	s
	e
	 
	s
	u
	c
	c
	e
	e
	d
	e
	d
	,
	 
	f
	i
	n
	d
	i
	n
	g
	 
	5
	0
	 
	I
	L
	O
	C
	 
	o
	p
	e
	r
	a
	t
	i
	o
	n
	s
	.
- Your output:
	P
	O
	O
	 
	P
	O
	O
	O
	 
	P
	O
	O
	

	M
	u
	s
	t
	 
	s
	p
	e
	c
	i
	f
	y
	 
	a
	 
	f
	i
	l
	e
	 
	n
	a
	m
	e
	 
	a
	f
	t
	e
	r
	 
	t
	h
	e
	 
	f
	l
	a
	g
	.
❌ /clear/courses/comp412/students/ILOC/contributed/2014/lab3/jps12.i failed!
- Summary:
	Y
	o
	u
	 
	i
	d
	e
	n
	t
	i
	f
	i
	e
	d
	 
	0
	/
	0
	 
	e
	r
	r
	o
	r
	s
	 
	c
	o
	r
	r
	e
	c
	t
	l
	y
	.
	Y
	o
	u
	 
	i
	d
	e
	n
	t
	i
	f
	i
	e
	d
	 
	0
	 
	c
	o
	r
	r
	e
	c
	t
	 
	l
	i
	n
	e
	s
	 
	a
	s
	 
	e
	r
	r
	o
	r
	s
	.
	Y
	o
	u
	 
	d
	o
	 
	n
	o
	t
	 
	h
	a
	v
	e
	 
	a
	 
	s
	u
	c
	c
	e
	s
	s
	 
	m
	e
	s
	s
	a
	g
	e
	 
	w
	h
	i
	l
	e
	 
	t
	h
	e
	 
	r
	e
	f
	e
	r
	e
	n
	c
	e
	 
	d
	o
	e
	s
	.
	N
	O
	T
	E
	:
	 
	Y
	o
	u
	r
	 
	s
	u
	c
	c
	e
	s
	s
	 
	m
	e
	s
	s
	a
	g
	e
	 
	m
	u
	s
	t
	 
	c
	o
	n
	t
	a
	i
	n
	 
	t
	h
	e
	 
	w
	o
	r
	d
	 
	"
	(
	S
	|
	s
	)
	u
	c
	c
	e
	e
	d
	e
	d
	"
	,
	 
	"
	(
	S
	|
	s
	)
	u
	c
	c
	e
	s
	s
	"
	,
	 
	"
	S
	U
	C
	C
	E
	S
	S
	"
	,
	 
	o
	r
	 
	"
	S
	U
	C
	C
	E
	E
	D
	E
	D
	"
	;
	 
	t
	h
	i
	s
	 
	c
	a
	n
	 
	b
	e
	 
	c
	h
	a
	n
	g
	e
	d
	 
	i
	n
	 
	r
	u
	n
	n
	e
	r
	.
	p
	y
	.
- Reference output:
	P
	a
	r
	s
	e
	 
	s
	u
	c
	c
	e
	e
	d
	e
	d
	,
	 
	f
	i
	n
	d
	i
	n
	g
	 
	2
	1
	 
	I
	L
	O
	C
	 
	o
	p
	e
	r
	a
	t
	i
	o
	n
	s
	.
- Your output:
	P
	O
	O
	 
	P
	O
	O
	O
	 
	P
	O
	O
	

	M
	u
	s
	t
	 
	s
	p
	e
	c
	i
	f
	y
	 
	a
	 
	f
	i
	l
	e
	 
	n
	a
	m
	e
	 
	a
	f
	t
	e
	r
	 
	t
	h
	e
	 
	f
	l
	a
	g
	.
❌ /clear/courses/comp412/students/ILOC/contributed/2014/lab3/jak6.i failed!
- Summary:
	Y
	o
	u
	 
	i
	d
	e
	n
	t
	i
	f
	i
	e
	d
	 
	0
	/
	0
	 
	e
	r
	r
	o
	r
	s
	 
	c
	o
	r
	r
	e
	c
	t
	l
	y
	.
	Y
	o
	u
	 
	i
	d
	e
	n
	t
	i
	f
	i
	e
	d
	 
	0
	 
	c
	o
	r
	r
	e
	c
	t
	 
	l
	i
	n
	e
	s
	 
	a
	s
	 
	e
	r
	r
	o
	r
	s
	.
	Y
	o
	u
	 
	d
	o
	 
	n
	o
	t
	 
	h
	a
	v
	e
	 
	a
	 
	s
	u
	c
	c
	e
	s
	s
	 
	m
	e
	s
	s
	a
	g
	e
	 
	w
	h
	i
	l
	e
	 
	t
	h
	e
	 
	r
	e
	f
	e
	r
	e
	n
	c
	e
	 
	d
	o
	e
	s
	.
	N
	O
	T
	E
	:
	 
	Y
	o
	u
	r
	 
	s
	u
	c
	c
	e
	s
	s
	 
	m
	e
	s
	s
	a
	g
	e
	 
	m
	u
	s
	t
	 
	c
	o
	n
	t
	a
	i
	n
	 
	t
	h
	e
	 
	w
	o
	r
	d
	 
	"
	(
	S
	|
	s
	)
	u
	c
	c
	e
	e
	d
	e
	d
	"
	,
	 
	"
	(
	S
	|
	s
	)
	u
	c
	c
	e
	s
	s
	"
	,
	 
	"
	S
	U
	C
	C
	E
	S
	S
	"
	,
	 
	o
	r
	 
	"
	S
	U
	C
	C
	E
	E
	D
	E
	D
	"
	;
	 
	t
	h
	i
	s
	 
	c
	a
	n
	 
	b
	e
	 
	c
	h
	a
	n
	g
	e
	d
	 
	i
	n
	 
	r
	u
	n
	n
	e
	r
	.
	p
	y
	.
- Reference output:
	P
	a
	r
	s
	e
	 
	s
	u
	c
	c
	e
	e
	d
	e
	d
	,
	 
	f
	i
	n
	d
	i
	n
	g
	 
	2
	4
	 
	I
	L
	O
	C
	 
	o
	p
	e
	r
	a
	t
	i
	o
	n
	s
	.
- Your output:
	P
	O
	O
	 
	P
	O
	O
	O
	 
	P
	O
	O
	

	M
	u
	s
	t
	 
	s
	p
	e
	c
	i
	f
	y
	 
	a
	 
	f
	i
	l
	e
	 
	n
	a
	m
	e
	 
	a
	f
	t
	e
	r
	 
	t
	h
	e
	 
	f
	l
	a
	g
	.
❌ /clear/courses/comp412/students/ILOC/contributed/2014/lab3/cms14.i failed!
- Summary:
	Y
	o
	u
	 
	i
	d
	e
	n
	t
	i
	f
	i
	e
	d
	 
	0
	/
	0
	 
	e
	r
	r
	o
	r
	s
	 
	c
	o
	r
	r
	e
	c
	t
	l
	y
	.
	Y
	o
	u
	 
	i
	d
	e
	n
	t
	i
	f
	i
	e
	d
	 
	0
	 
	c
	o
	r
	r
	e
	c
	t
	 
	l
	i
	n
	e
	s
	 
	a
	s
	 
	e
	r
	r
	o
	r
	s
	.
	Y
	o
	u
	 
	d
	o
	 
	n
	o
	t
	 
	h
	a
	v
	e
	 
	a
	 
	s
	u
	c
	c
	e
	s
	s
	 
	m
	e
	s
	s
	a
	g
	e
	 
	w
	h
	i
	l
	e
	 
	t
	h
	e
	 
	r
	e
	f
	e
	r
	e
	n
	c
	e
	 
	d
	o
	e
	s
	.
	N
	O
	T
	E
	:
	 
	Y
	o
	u
	r
	 
	s
	u
	c
	c
	e
	s
	s
	 
	m
	e
	s
	s
	a
	g
	e
	 
	m
	u
	s
	t
	 
	c
	o
	n
	t
	a
	i
	n
	 
	t
	h
	e
	 
	w
	o
	r
	d
	 
	"
	(
	S
	|
	s
	)
	u
	c
	c
	e
	e
	d
	e
	d
	"
	,
	 
	"
	(
	S
	|
	s
	)
	u
	c
	c
	e
	s
	s
	"
	,
	 
	"
	S
	U
	C
	C
	E
	S
	S
	"
	,
	 
	o
	r
	 
	"
	S
	U
	C
	C
	E
	E
	D
	E
	D
	"
	;
	 
	t
	h
	i
	s
	 
	c
	a
	n
	 
	b
	e
	 
	c
	h
	a
	n
	g
	e
	d
	 
	i
	n
	 
	r
	u
	n
	n
	e
	r
	.
	p
	y
	.
- Reference output:
	P
	a
	r
	s
	e
	 
	s
	u
	c
	c
	e
	e
	d
	e
	d
	,
	 
	f
	i
	n
	d
	i
	n
	g
	 
	3
	6
	 
	I
	L
	O
	C
	 
	o
	p
	e
	r
	a
	t
	i
	o
	n
	s
	.
- Your output:
	P
	O
	O
	 
	P
	O
	O
	O
	 
	P
	O
	O
	

	M
	u
	s
	t
	 
	s
	p
	e
	c
	i
	f
	y
	 
	a
	 
	f
	i
	l
	e
	 
	n
	a
	m
	e
	 
	a
	f
	t
	e
	r
	 
	t
	h
	e
	 
	f
	l
	a
	g
	.
❌ /clear/courses/comp412/students/ILOC/contributed/2014/lab3/jdw7.i failed!
- Summary:
	Y
	o
	u
	 
	i
	d
	e
	n
	t
	i
	f
	i
	e
	d
	 
	0
	/
	0
	 
	e
	r
	r
	o
	r
	s
	 
	c
	o
	r
	r
	e
	c
	t
	l
	y
	.
	Y
	o
	u
	 
	i
	d
	e
	n
	t
	i
	f
	i
	e
	d
	 
	0
	 
	c
	o
	r
	r
	e
	c
	t
	 
	l
	i
	n
	e
	s
	 
	a
	s
	 
	e
	r
	r
	o
	r
	s
	.
	Y
	o
	u
	 
	d
	o
	 
	n
	o
	t
	 
	h
	a
	v
	e
	 
	a
	 
	s
	u
	c
	c
	e
	s
	s
	 
	m
	e
	s
	s
	a
	g
	e
	 
	w
	h
	i
	l
	e
	 
	t
	h
	e
	 
	r
	e
	f
	e
	r
	e
	n
	c
	e
	 
	d
	o
	e
	s
	.
	N
	O
	T
	E
	:
	 
	Y
	o
	u
	r
	 
	s
	u
	c
	c
	e
	s
	s
	 
	m
	e
	s
	s
	a
	g
	e
	 
	m
	u
	s
	t
	 
	c
	o
	n
	t
	a
	i
	n
	 
	t
	h
	e
	 
	w
	o
	r
	d
	 
	"
	(
	S
	|
	s
	)
	u
	c
	c
	e
	e
	d
	e
	d
	"
	,
	 
	"
	(
	S
	|
	s
	)
	u
	c
	c
	e
	s
	s
	"
	,
	 
	"
	S
	U
	C
	C
	E
	S
	S
	"
	,
	 
	o
	r
	 
	"
	S
	U
	C
	C
	E
	E
	D
	E
	D
	"
	;
	 
	t
	h
	i
	s
	 
	c
	a
	n
	 
	b
	e
	 
	c
	h
	a
	n
	g
	e
	d
	 
	i
	n
	 
	r
	u
	n
	n
	e
	r
	.
	p
	y
	.
- Reference output:
	P
	a
	r
	s
	e
	 
	s
	u
	c
	c
	e
	e
	d
	e
	d
	,
	 
	f
	i
	n
	d
	i
	n
	g
	 
	3
	2
	 
	I
	L
	O
	C
	 
	o
	p
	e
	r
	a
	t
	i
	o
	n
	s
	.
- Your output:
	P
	O
	O
	 
	P
	O
	O
	O
	 
	P
	O
	O
	

	M
	u
	s
	t
	 
	s
	p
	e
	c
	i
	f
	y
	 
	a
	 
	f
	i
	l
	e
	 
	n
	a
	m
	e
	 
	a
	f
	t
	e
	r
	 
	t
	h
	e
	 
	f
	l
	a
	g
	.
❌ /clear/courses/comp412/students/ILOC/contributed/2014/lab3/veb2.i failed!
- Summary:
	Y
	o
	u
	 
	i
	d
	e
	n
	t
	i
	f
	i
	e
	d
	 
	0
	/
	0
	 
	e
	r
	r
	o
	r
	s
	 
	c
	o
	r
	r
	e
	c
	t
	l
	y
	.
	Y
	o
	u
	 
	i
	d
	e
	n
	t
	i
	f
	i
	e
	d
	 
	0
	 
	c
	o
	r
	r
	e
	c
	t
	 
	l
	i
	n
	e
	s
	 
	a
	s
	 
	e
	r
	r
	o
	r
	s
	.
	Y
	o
	u
	 
	d
	o
	 
	n
	o
	t
	 
	h
	a
	v
	e
	 
	a
	 
	s
	u
	c
	c
	e
	s
	s
	 
	m
	e
	s
	s
	a
	g
	e
	 
	w
	h
	i
	l
	e
	 
	t
	h
	e
	 
	r
	e
	f
	e
	r
	e
	n
	c
	e
	 
	d
	o
	e
	s
	.
	N
	O
	T
	E
	:
	 
	Y
	o
	u
	r
	 
	s
	u
	c
	c
	e
	s
	s
	 
	m
	e
	s
	s
	a
	g
	e
	 
	m
	u
	s
	t
	 
	c
	o
	n
	t
	a
	i
	n
	 
	t
	h
	e
	 
	w
	o
	r
	d
	 
	"
	(
	S
	|
	s
	)
	u
	c
	c
	e
	e
	d
	e
	d
	"
	,
	 
	"
	(
	S
	|
	s
	)
	u
	c
	c
	e
	s
	s
	"
	,
	 
	"
	S
	U
	C
	C
	E
	S
	S
	"
	,
	 
	o
	r
	 
	"
	S
	U
	C
	C
	E
	E
	D
	E
	D
	"
	;
	 
	t
	h
	i
	s
	 
	c
	a
	n
	 
	b
	e
	 
	c
	h
	a
	n
	g
	e
	d
	 
	i
	n
	 
	r
	u
	n
	n
	e
	r
	.
	p
	y
	.
- Reference output:
	P
	a
	r
	s
	e
	 
	s
	u
	c
	c
	e
	e
	d
	e
	d
	,
	 
	f
	i
	n
	d
	i
	n
	g
	 
	1
	1
	 
	I
	L
	O
	C
	 
	o
	p
	e
	r
	a
	t
	i
	o
	n
	s
	.
- Your output:
	P
	O
	O
	 
	P
	O
	O
	O
	 
	P
	O
	O
	

	M
	u
	s
	t
	 
	s
	p
	e
	c
	i
	f
	y
	 
	a
	 
	f
	i
	l
	e
	 
	n
	a
	m
	e
	 
	a
	f
	t
	e
	r
	 
	t
	h
	e
	 
	f
	l
	a
	g
	.
❌ /clear/courses/comp412/students/ILOC/contributed/2014/lab3/mcc10.i failed!
- Summary:
	Y
	o
	u
	 
	i
	d
	e
	n
	t
	i
	f
	i
	e
	d
	 
	0
	/
	0
	 
	e
	r
	r
	o
	r
	s
	 
	c
	o
	r
	r
	e
	c
	t
	l
	y
	.
	Y
	o
	u
	 
	i
	d
	e
	n
	t
	i
	f
	i
	e
	d
	 
	0
	 
	c
	o
	r
	r
	e
	c
	t
	 
	l
	i
	n
	e
	s
	 
	a
	s
	 
	e
	r
	r
	o
	r
	s
	.
	Y
	o
	u
	 
	d
	o
	 
	n
	o
	t
	 
	h
	a
	v
	e
	 
	a
	 
	s
	u
	c
	c
	e
	s
	s
	 
	m
	e
	s
	s
	a
	g
	e
	 
	w
	h
	i
	l
	e
	 
	t
	h
	e
	 
	r
	e
	f
	e
	r
	e
	n
	c
	e
	 
	d
	o
	e
	s
	.
	N
	O
	T
	E
	:
	 
	Y
	o
	u
	r
	 
	s
	u
	c
	c
	e
	s
	s
	 
	m
	e
	s
	s
	a
	g
	e
	 
	m
	u
	s
	t
	 
	c
	o
	n
	t
	a
	i
	n
	 
	t
	h
	e
	 
	w
	o
	r
	d
	 
	"
	(
	S
	|
	s
	)
	u
	c
	c
	e
	e
	d
	e
	d
	"
	,
	 
	"
	(
	S
	|
	s
	)
	u
	c
	c
	e
	s
	s
	"
	,
	 
	"
	S
	U
	C
	C
	E
	S
	S
	"
	,
	 
	o
	r
	 
	"
	S
	U
	C
	C
	E
	E
	D
	E
	D
	"
	;
	 
	t
	h
	i
	s
	 
	c
	a
	n
	 
	b
	e
	 
	c
	h
	a
	n
	g
	e
	d
	 
	i
	n
	 
	r
	u
	n
	n
	e
	r
	.
	p
	y
	.
- Reference output:
	P
	a
	r
	s
	e
	 
	s
	u
	c
	c
	e
	e
	d
	e
	d
	,
	 
	f
	i
	n
	d
	i
	n
	g
	 
	2
	2
	 
	I
	L
	O
	C
	 
	o
	p
	e
	r
	a
	t
	i
	o
	n
	s
	.
- Your output:
	P
	O
	O
	 
	P
	O
	O
	O
	 
	P
	O
	O
	

	M
	u
	s
	t
	 
	s
	p
	e
	c
	i
	f
	y
	 
	a
	 
	f
	i
	l
	e
	 
	n
	a
	m
	e
	 
	a
	f
	t
	e
	r
	 
	t
	h
	e
	 
	f
	l
	a
	g
	.
❌ /clear/courses/comp412/students/ILOC/contributed/2014/lab3/jdc5.i failed!
- Summary:
	Y
	o
	u
	 
	i
	d
	e
	n
	t
	i
	f
	i
	e
	d
	 
	0
	/
	0
	 
	e
	r
	r
	o
	r
	s
	 
	c
	o
	r
	r
	e
	c
	t
	l
	y
	.
	Y
	o
	u
	 
	i
	d
	e
	n
	t
	i
	f
	i
	e
	d
	 
	0
	 
	c
	o
	r
	r
	e
	c
	t
	 
	l
	i
	n
	e
	s
	 
	a
	s
	 
	e
	r
	r
	o
	r
	s
	.
	Y
	o
	u
	 
	d
	o
	 
	n
	o
	t
	 
	h
	a
	v
	e
	 
	a
	 
	s
	u
	c
	c
	e
	s
	s
	 
	m
	e
	s
	s
	a
	g
	e
	 
	w
	h
	i
	l
	e
	 
	t
	h
	e
	 
	r
	e
	f
	e
	r
	e
	n
	c
	e
	 
	d
	o
	e
	s
	.
	N
	O
	T
	E
	:
	 
	Y
	o
	u
	r
	 
	s
	u
	c
	c
	e
	s
	s
	 
	m
	e
	s
	s
	a
	g
	e
	 
	m
	u
	s
	t
	 
	c
	o
	n
	t
	a
	i
	n
	 
	t
	h
	e
	 
	w
	o
	r
	d
	 
	"
	(
	S
	|
	s
	)
	u
	c
	c
	e
	e
	d
	e
	d
	"
	,
	 
	"
	(
	S
	|
	s
	)
	u
	c
	c
	e
	s
	s
	"
	,
	 
	"
	S
	U
	C
	C
	E
	S
	S
	"
	,
	 
	o
	r
	 
	"
	S
	U
	C
	C
	E
	E
	D
	E
	D
	"
	;
	 
	t
	h
	i
	s
	 
	c
	a
	n
	 
	b
	e
	 
	c
	h
	a
	n
	g
	e
	d
	 
	i
	n
	 
	r
	u
	n
	n
	e
	r
	.
	p
	y
	.
- Reference output:
	P
	a
	r
	s
	e
	 
	s
	u
	c
	c
	e
	e
	d
	e
	d
	,
	 
	f
	i
	n
	d
	i
	n
	g
	 
	5
	8
	 
	I
	L
	O
	C
	 
	o
	p
	e
	r
	a
	t
	i
	o
	n
	s
	.
- Your output:
	P
	O
	O
	 
	P
	O
	O
	O
	 
	P
	O
	O
	

	M
	u
	s
	t
	 
	s
	p
	e
	c
	i
	f
	y
	 
	a
	 
	f
	i
	l
	e
	 
	n
	a
	m
	e
	 
	a
	f
	t
	e
	r
	 
	t
	h
	e
	 
	f
	l
	a
	g
	.
❌ /clear/courses/comp412/students/ILOC/contributed/2014/lab3/gel1.i failed!
- Summary:
	Y
	o
	u
	 
	i
	d
	e
	n
	t
	i
	f
	i
	e
	d
	 
	0
	/
	0
	 
	e
	r
	r
	o
	r
	s
	 
	c
	o
	r
	r
	e
	c
	t
	l
	y
	.
	Y
	o
	u
	 
	i
	d
	e
	n
	t
	i
	f
	i
	e
	d
	 
	0
	 
	c
	o
	r
	r
	e
	c
	t
	 
	l
	i
	n
	e
	s
	 
	a
	s
	 
	e
	r
	r
	o
	r
	s
	.
	Y
	o
	u
	 
	d
	o
	 
	n
	o
	t
	 
	h
	a
	v
	e
	 
	a
	 
	s
	u
	c
	c
	e
	s
	s
	 
	m
	e
	s
	s
	a
	g
	e
	 
	w
	h
	i
	l
	e
	 
	t
	h
	e
	 
	r
	e
	f
	e
	r
	e
	n
	c
	e
	 
	d
	o
	e
	s
	.
	N
	O
	T
	E
	:
	 
	Y
	o
	u
	r
	 
	s
	u
	c
	c
	e
	s
	s
	 
	m
	e
	s
	s
	a
	g
	e
	 
	m
	u
	s
	t
	 
	c
	o
	n
	t
	a
	i
	n
	 
	t
	h
	e
	 
	w
	o
	r
	d
	 
	"
	(
	S
	|
	s
	)
	u
	c
	c
	e
	e
	d
	e
	d
	"
	,
	 
	"
	(
	S
	|
	s
	)
	u
	c
	c
	e
	s
	s
	"
	,
	 
	"
	S
	U
	C
	C
	E
	S
	S
	"
	,
	 
	o
	r
	 
	"
	S
	U
	C
	C
	E
	E
	D
	E
	D
	"
	;
	 
	t
	h
	i
	s
	 
	c
	a
	n
	 
	b
	e
	 
	c
	h
	a
	n
	g
	e
	d
	 
	i
	n
	 
	r
	u
	n
	n
	e
	r
	.
	p
	y
	.
- Reference output:
	P
	a
	r
	s
	e
	 
	s
	u
	c
	c
	e
	e
	d
	e
	d
	,
	 
	f
	i
	n
	d
	i
	n
	g
	 
	4
	3
	 
	I
	L
	O
	C
	 
	o
	p
	e
	r
	a
	t
	i
	o
	n
	s
	.
- Your output:
	P
	O
	O
	 
	P
	O
	O
	O
	 
	P
	O
	O
	

	M
	u
	s
	t
	 
	s
	p
	e
	c
	i
	f
	y
	 
	a
	 
	f
	i
	l
	e
	 
	n
	a
	m
	e
	 
	a
	f
	t
	e
	r
	 
	t
	h
	e
	 
	f
	l
	a
	g
	.
❌ /clear/courses/comp412/students/ILOC/contributed/2014/lab3/cz21.i failed!
- Summary:
	Y
	o
	u
	 
	i
	d
	e
	n
	t
	i
	f
	i
	e
	d
	 
	0
	/
	0
	 
	e
	r
	r
	o
	r
	s
	 
	c
	o
	r
	r
	e
	c
	t
	l
	y
	.
	Y
	o
	u
	 
	i
	d
	e
	n
	t
	i
	f
	i
	e
	d
	 
	0
	 
	c
	o
	r
	r
	e
	c
	t
	 
	l
	i
	n
	e
	s
	 
	a
	s
	 
	e
	r
	r
	o
	r
	s
	.
	Y
	o
	u
	 
	d
	o
	 
	n
	o
	t
	 
	h
	a
	v
	e
	 
	a
	 
	s
	u
	c
	c
	e
	s
	s
	 
	m
	e
	s
	s
	a
	g
	e
	 
	w
	h
	i
	l
	e
	 
	t
	h
	e
	 
	r
	e
	f
	e
	r
	e
	n
	c
	e
	 
	d
	o
	e
	s
	.
	N
	O
	T
	E
	:
	 
	Y
	o
	u
	r
	 
	s
	u
	c
	c
	e
	s
	s
	 
	m
	e
	s
	s
	a
	g
	e
	 
	m
	u
	s
	t
	 
	c
	o
	n
	t
	a
	i
	n
	 
	t
	h
	e
	 
	w
	o
	r
	d
	 
	"
	(
	S
	|
	s
	)
	u
	c
	c
	e
	e
	d
	e
	d
	"
	,
	 
	"
	(
	S
	|
	s
	)
	u
	c
	c
	e
	s
	s
	"
	,
	 
	"
	S
	U
	C
	C
	E
	S
	S
	"
	,
	 
	o
	r
	 
	"
	S
	U
	C
	C
	E
	E
	D
	E
	D
	"
	;
	 
	t
	h
	i
	s
	 
	c
	a
	n
	 
	b
	e
	 
	c
	h
	a
	n
	g
	e
	d
	 
	i
	n
	 
	r
	u
	n
	n
	e
	r
	.
	p
	y
	.
- Reference output:
	P
	a
	r
	s
	e
	 
	s
	u
	c
	c
	e
	e
	d
	e
	d
	,
	 
	f
	i
	n
	d
	i
	n
	g
	 
	6
	8
	 
	I
	L
	O
	C
	 
	o
	p
	e
	r
	a
	t
	i
	o
	n
	s
	.
- Your output:
	P
	O
	O
	 
	P
	O
	O
	O
	 
	P
	O
	O
	

	M
	u
	s
	t
	 
	s
	p
	e
	c
	i
	f
	y
	 
	a
	 
	f
	i
	l
	e
	 
	n
	a
	m
	e
	 
	a
	f
	t
	e
	r
	 
	t
	h
	e
	 
	f
	l
	a
	g
	.
❌ /clear/courses/comp412/students/ILOC/contributed/2014/lab3/cx5.i failed!
- Summary:
	Y
	o
	u
	 
	i
	d
	e
	n
	t
	i
	f
	i
	e
	d
	 
	0
	/
	0
	 
	e
	r
	r
	o
	r
	s
	 
	c
	o
	r
	r
	e
	c
	t
	l
	y
	.
	Y
	o
	u
	 
	i
	d
	e
	n
	t
	i
	f
	i
	e
	d
	 
	0
	 
	c
	o
	r
	r
	e
	c
	t
	 
	l
	i
	n
	e
	s
	 
	a
	s
	 
	e
	r
	r
	o
	r
	s
	.
	Y
	o
	u
	 
	d
	o
	 
	n
	o
	t
	 
	h
	a
	v
	e
	 
	a
	 
	s
	u
	c
	c
	e
	s
	s
	 
	m
	e
	s
	s
	a
	g
	e
	 
	w
	h
	i
	l
	e
	 
	t
	h
	e
	 
	r
	e
	f
	e
	r
	e
	n
	c
	e
	 
	d
	o
	e
	s
	.
	N
	O
	T
	E
	:
	 
	Y
	o
	u
	r
	 
	s
	u
	c
	c
	e
	s
	s
	 
	m
	e
	s
	s
	a
	g
	e
	 
	m
	u
	s
	t
	 
	c
	o
	n
	t
	a
	i
	n
	 
	t
	h
	e
	 
	w
	o
	r
	d
	 
	"
	(
	S
	|
	s
	)
	u
	c
	c
	e
	e
	d
	e
	d
	"
	,
	 
	"
	(
	S
	|
	s
	)
	u
	c
	c
	e
	s
	s
	"
	,
	 
	"
	S
	U
	C
	C
	E
	S
	S
	"
	,
	 
	o
	r
	 
	"
	S
	U
	C
	C
	E
	E
	D
	E
	D
	"
	;
	 
	t
	h
	i
	s
	 
	c
	a
	n
	 
	b
	e
	 
	c
	h
	a
	n
	g
	e
	d
	 
	i
	n
	 
	r
	u
	n
	n
	e
	r
	.
	p
	y
	.
- Reference output:
	P
	a
	r
	s
	e
	 
	s
	u
	c
	c
	e
	e
	d
	e
	d
	,
	 
	f
	i
	n
	d
	i
	n
	g
	 
	1
	1
	 
	I
	L
	O
	C
	 
	o
	p
	e
	r
	a
	t
	i
	o
	n
	s
	.
- Your output:
	P
	O
	O
	 
	P
	O
	O
	O
	 
	P
	O
	O
	

	M
	u
	s
	t
	 
	s
	p
	e
	c
	i
	f
	y
	 
	a
	 
	f
	i
	l
	e
	 
	n
	a
	m
	e
	 
	a
	f
	t
	e
	r
	 
	t
	h
	e
	 
	f
	l
	a
	g
	.
❌ /clear/courses/comp412/students/ILOC/contributed/2014/lab3/yn4.i failed!
- Summary:
	Y
	o
	u
	 
	i
	d
	e
	n
	t
	i
	f
	i
	e
	d
	 
	0
	/
	0
	 
	e
	r
	r
	o
	r
	s
	 
	c
	o
	r
	r
	e
	c
	t
	l
	y
	.
	Y
	o
	u
	 
	i
	d
	e
	n
	t
	i
	f
	i
	e
	d
	 
	0
	 
	c
	o
	r
	r
	e
	c
	t
	 
	l
	i
	n
	e
	s
	 
	a
	s
	 
	e
	r
	r
	o
	r
	s
	.
	Y
	o
	u
	 
	d
	o
	 
	n
	o
	t
	 
	h
	a
	v
	e
	 
	a
	 
	s
	u
	c
	c
	e
	s
	s
	 
	m
	e
	s
	s
	a
	g
	e
	 
	w
	h
	i
	l
	e
	 
	t
	h
	e
	 
	r
	e
	f
	e
	r
	e
	n
	c
	e
	 
	d
	o
	e
	s
	.
	N
	O
	T
	E
	:
	 
	Y
	o
	u
	r
	 
	s
	u
	c
	c
	e
	s
	s
	 
	m
	e
	s
	s
	a
	g
	e
	 
	m
	u
	s
	t
	 
	c
	o
	n
	t
	a
	i
	n
	 
	t
	h
	e
	 
	w
	o
	r
	d
	 
	"
	(
	S
	|
	s
	)
	u
	c
	c
	e
	e
	d
	e
	d
	"
	,
	 
	"
	(
	S
	|
	s
	)
	u
	c
	c
	e
	s
	s
	"
	,
	 
	"
	S
	U
	C
	C
	E
	S
	S
	"
	,
	 
	o
	r
	 
	"
	S
	U
	C
	C
	E
	E
	D
	E
	D
	"
	;
	 
	t
	h
	i
	s
	 
	c
	a
	n
	 
	b
	e
	 
	c
	h
	a
	n
	g
	e
	d
	 
	i
	n
	 
	r
	u
	n
	n
	e
	r
	.
	p
	y
	.
- Reference output:
	P
	a
	r
	s
	e
	 
	s
	u
	c
	c
	e
	e
	d
	e
	d
	,
	 
	f
	i
	n
	d
	i
	n
	g
	 
	3
	8
	 
	I
	L
	O
	C
	 
	o
	p
	e
	r
	a
	t
	i
	o
	n
	s
	.
- Your output:
	P
	O
	O
	 
	P
	O
	O
	O
	 
	P
	O
	O
	

	M
	u
	s
	t
	 
	s
	p
	e
	c
	i
	f
	y
	 
	a
	 
	f
	i
	l
	e
	 
	n
	a
	m
	e
	 
	a
	f
	t
	e
	r
	 
	t
	h
	e
	 
	f
	l
	a
	g
	.
❌ /clear/courses/comp412/students/ILOC/contributed/2014/lab3/jmn8.3.i failed!
- Summary:
	Y
	o
	u
	 
	i
	d
	e
	n
	t
	i
	f
	i
	e
	d
	 
	0
	/
	0
	 
	e
	r
	r
	o
	r
	s
	 
	c
	o
	r
	r
	e
	c
	t
	l
	y
	.
	Y
	o
	u
	 
	i
	d
	e
	n
	t
	i
	f
	i
	e
	d
	 
	0
	 
	c
	o
	r
	r
	e
	c
	t
	 
	l
	i
	n
	e
	s
	 
	a
	s
	 
	e
	r
	r
	o
	r
	s
	.
	Y
	o
	u
	 
	d
	o
	 
	n
	o
	t
	 
	h
	a
	v
	e
	 
	a
	 
	s
	u
	c
	c
	e
	s
	s
	 
	m
	e
	s
	s
	a
	g
	e
	 
	w
	h
	i
	l
	e
	 
	t
	h
	e
	 
	r
	e
	f
	e
	r
	e
	n
	c
	e
	 
	d
	o
	e
	s
	.
	N
	O
	T
	E
	:
	 
	Y
	o
	u
	r
	 
	s
	u
	c
	c
	e
	s
	s
	 
	m
	e
	s
	s
	a
	g
	e
	 
	m
	u
	s
	t
	 
	c
	o
	n
	t
	a
	i
	n
	 
	t
	h
	e
	 
	w
	o
	r
	d
	 
	"
	(
	S
	|
	s
	)
	u
	c
	c
	e
	e
	d
	e
	d
	"
	,
	 
	"
	(
	S
	|
	s
	)
	u
	c
	c
	e
	s
	s
	"
	,
	 
	"
	S
	U
	C
	C
	E
	S
	S
	"
	,
	 
	o
	r
	 
	"
	S
	U
	C
	C
	E
	E
	D
	E
	D
	"
	;
	 
	t
	h
	i
	s
	 
	c
	a
	n
	 
	b
	e
	 
	c
	h
	a
	n
	g
	e
	d
	 
	i
	n
	 
	r
	u
	n
	n
	e
	r
	.
	p
	y
	.
- Reference output:
	P
	a
	r
	s
	e
	 
	s
	u
	c
	c
	e
	e
	d
	e
	d
	,
	 
	f
	i
	n
	d
	i
	n
	g
	 
	1
	2
	 
	I
	L
	O
	C
	 
	o
	p
	e
	r
	a
	t
	i
	o
	n
	s
	.
- Your output:
	P
	O
	O
	 
	P
	O
	O
	O
	 
	P
	O
	O
	

	M
	u
	s
	t
	 
	s
	p
	e
	c
	i
	f
	y
	 
	a
	 
	f
	i
	l
	e
	 
	n
	a
	m
	e
	 
	a
	f
	t
	e
	r
	 
	t
	h
	e
	 
	f
	l
	a
	g
	.
❌ /clear/courses/comp412/students/ILOC/contributed/2014/lab3/dtp3.i failed!
- Summary:
	Y
	o
	u
	 
	i
	d
	e
	n
	t
	i
	f
	i
	e
	d
	 
	0
	/
	0
	 
	e
	r
	r
	o
	r
	s
	 
	c
	o
	r
	r
	e
	c
	t
	l
	y
	.
	Y
	o
	u
	 
	i
	d
	e
	n
	t
	i
	f
	i
	e
	d
	 
	0
	 
	c
	o
	r
	r
	e
	c
	t
	 
	l
	i
	n
	e
	s
	 
	a
	s
	 
	e
	r
	r
	o
	r
	s
	.
	Y
	o
	u
	 
	d
	o
	 
	n
	o
	t
	 
	h
	a
	v
	e
	 
	a
	 
	s
	u
	c
	c
	e
	s
	s
	 
	m
	e
	s
	s
	a
	g
	e
	 
	w
	h
	i
	l
	e
	 
	t
	h
	e
	 
	r
	e
	f
	e
	r
	e
	n
	c
	e
	 
	d
	o
	e
	s
	.
	N
	O
	T
	E
	:
	 
	Y
	o
	u
	r
	 
	s
	u
	c
	c
	e
	s
	s
	 
	m
	e
	s
	s
	a
	g
	e
	 
	m
	u
	s
	t
	 
	c
	o
	n
	t
	a
	i
	n
	 
	t
	h
	e
	 
	w
	o
	r
	d
	 
	"
	(
	S
	|
	s
	)
	u
	c
	c
	e
	e
	d
	e
	d
	"
	,
	 
	"
	(
	S
	|
	s
	)
	u
	c
	c
	e
	s
	s
	"
	,
	 
	"
	S
	U
	C
	C
	E
	S
	S
	"
	,
	 
	o
	r
	 
	"
	S
	U
	C
	C
	E
	E
	D
	E
	D
	"
	;
	 
	t
	h
	i
	s
	 
	c
	a
	n
	 
	b
	e
	 
	c
	h
	a
	n
	g
	e
	d
	 
	i
	n
	 
	r
	u
	n
	n
	e
	r
	.
	p
	y
	.
- Reference output:
	P
	a
	r
	s
	e
	 
	s
	u
	c
	c
	e
	e
	d
	e
	d
	,
	 
	f
	i
	n
	d
	i
	n
	g
	 
	1
	7
	 
	I
	L
	O
	C
	 
	o
	p
	e
	r
	a
	t
	i
	o
	n
	s
	.
- Your output:
	P
	O
	O
	 
	P
	O
	O
	O
	 
	P
	O
	O
	

	M
	u
	s
	t
	 
	s
	p
	e
	c
	i
	f
	y
	 
	a
	 
	f
	i
	l
	e
	 
	n
	a
	m
	e
	 
	a
	f
	t
	e
	r
	 
	t
	h
	e
	 
	f
	l
	a
	g
	.
❌ /clear/courses/comp412/students/ILOC/contributed/2014/lab3/jmn8.4.i failed!
- Summary:
	Y
	o
	u
	 
	i
	d
	e
	n
	t
	i
	f
	i
	e
	d
	 
	0
	/
	0
	 
	e
	r
	r
	o
	r
	s
	 
	c
	o
	r
	r
	e
	c
	t
	l
	y
	.
	Y
	o
	u
	 
	i
	d
	e
	n
	t
	i
	f
	i
	e
	d
	 
	0
	 
	c
	o
	r
	r
	e
	c
	t
	 
	l
	i
	n
	e
	s
	 
	a
	s
	 
	e
	r
	r
	o
	r
	s
	.
	Y
	o
	u
	 
	d
	o
	 
	n
	o
	t
	 
	h
	a
	v
	e
	 
	a
	 
	s
	u
	c
	c
	e
	s
	s
	 
	m
	e
	s
	s
	a
	g
	e
	 
	w
	h
	i
	l
	e
	 
	t
	h
	e
	 
	r
	e
	f
	e
	r
	e
	n
	c
	e
	 
	d
	o
	e
	s
	.
	N
	O
	T
	E
	:
	 
	Y
	o
	u
	r
	 
	s
	u
	c
	c
	e
	s
	s
	 
	m
	e
	s
	s
	a
	g
	e
	 
	m
	u
	s
	t
	 
	c
	o
	n
	t
	a
	i
	n
	 
	t
	h
	e
	 
	w
	o
	r
	d
	 
	"
	(
	S
	|
	s
	)
	u
	c
	c
	e
	e
	d
	e
	d
	"
	,
	 
	"
	(
	S
	|
	s
	)
	u
	c
	c
	e
	s
	s
	"
	,
	 
	"
	S
	U
	C
	C
	E
	S
	S
	"
	,
	 
	o
	r
	 
	"
	S
	U
	C
	C
	E
	E
	D
	E
	D
	"
	;
	 
	t
	h
	i
	s
	 
	c
	a
	n
	 
	b
	e
	 
	c
	h
	a
	n
	g
	e
	d
	 
	i
	n
	 
	r
	u
	n
	n
	e
	r
	.
	p
	y
	.
- Reference output:
	P
	a
	r
	s
	e
	 
	s
	u
	c
	c
	e
	e
	d
	e
	d
	,
	 
	f
	i
	n
	d
	i
	n
	g
	 
	1
	0
	 
	I
	L
	O
	C
	 
	o
	p
	e
	r
	a
	t
	i
	o
	n
	s
	.
- Your output:
	P
	O
	O
	 
	P
	O
	O
	O
	 
	P
	O
	O
	

	M
	u
	s
	t
	 
	s
	p
	e
	c
	i
	f
	y
	 
	a
	 
	f
	i
	l
	e
	 
	n
	a
	m
	e
	 
	a
	f
	t
	e
	r
	 
	t
	h
	e
	 
	f
	l
	a
	g
	.
❌ /clear/courses/comp412/students/ILOC/contributed/2014/lab3/jmn8.1.i failed!
- Summary:
	Y
	o
	u
	 
	i
	d
	e
	n
	t
	i
	f
	i
	e
	d
	 
	0
	/
	0
	 
	e
	r
	r
	o
	r
	s
	 
	c
	o
	r
	r
	e
	c
	t
	l
	y
	.
	Y
	o
	u
	 
	i
	d
	e
	n
	t
	i
	f
	i
	e
	d
	 
	0
	 
	c
	o
	r
	r
	e
	c
	t
	 
	l
	i
	n
	e
	s
	 
	a
	s
	 
	e
	r
	r
	o
	r
	s
	.
	Y
	o
	u
	 
	d
	o
	 
	n
	o
	t
	 
	h
	a
	v
	e
	 
	a
	 
	s
	u
	c
	c
	e
	s
	s
	 
	m
	e
	s
	s
	a
	g
	e
	 
	w
	h
	i
	l
	e
	 
	t
	h
	e
	 
	r
	e
	f
	e
	r
	e
	n
	c
	e
	 
	d
	o
	e
	s
	.
	N
	O
	T
	E
	:
	 
	Y
	o
	u
	r
	 
	s
	u
	c
	c
	e
	s
	s
	 
	m
	e
	s
	s
	a
	g
	e
	 
	m
	u
	s
	t
	 
	c
	o
	n
	t
	a
	i
	n
	 
	t
	h
	e
	 
	w
	o
	r
	d
	 
	"
	(
	S
	|
	s
	)
	u
	c
	c
	e
	e
	d
	e
	d
	"
	,
	 
	"
	(
	S
	|
	s
	)
	u
	c
	c
	e
	s
	s
	"
	,
	 
	"
	S
	U
	C
	C
	E
	S
	S
	"
	,
	 
	o
	r
	 
	"
	S
	U
	C
	C
	E
	E
	D
	E
	D
	"
	;
	 
	t
	h
	i
	s
	 
	c
	a
	n
	 
	b
	e
	 
	c
	h
	a
	n
	g
	e
	d
	 
	i
	n
	 
	r
	u
	n
	n
	e
	r
	.
	p
	y
	.
- Reference output:
	P
	a
	r
	s
	e
	 
	s
	u
	c
	c
	e
	e
	d
	e
	d
	,
	 
	f
	i
	n
	d
	i
	n
	g
	 
	7
	 
	I
	L
	O
	C
	 
	o
	p
	e
	r
	a
	t
	i
	o
	n
	s
	.
- Your output:
	P
	O
	O
	 
	P
	O
	O
	O
	 
	P
	O
	O
	

	M
	u
	s
	t
	 
	s
	p
	e
	c
	i
	f
	y
	 
	a
	 
	f
	i
	l
	e
	 
	n
	a
	m
	e
	 
	a
	f
	t
	e
	r
	 
	t
	h
	e
	 
	f
	l
	a
	g
	.
❌ /clear/courses/comp412/students/ILOC/contributed/2014/lab3/jfj2.avg.i failed!
- Summary:
	Y
	o
	u
	 
	i
	d
	e
	n
	t
	i
	f
	i
	e
	d
	 
	0
	/
	0
	 
	e
	r
	r
	o
	r
	s
	 
	c
	o
	r
	r
	e
	c
	t
	l
	y
	.
	Y
	o
	u
	 
	i
	d
	e
	n
	t
	i
	f
	i
	e
	d
	 
	0
	 
	c
	o
	r
	r
	e
	c
	t
	 
	l
	i
	n
	e
	s
	 
	a
	s
	 
	e
	r
	r
	o
	r
	s
	.
	Y
	o
	u
	 
	d
	o
	 
	n
	o
	t
	 
	h
	a
	v
	e
	 
	a
	 
	s
	u
	c
	c
	e
	s
	s
	 
	m
	e
	s
	s
	a
	g
	e
	 
	w
	h
	i
	l
	e
	 
	t
	h
	e
	 
	r
	e
	f
	e
	r
	e
	n
	c
	e
	 
	d
	o
	e
	s
	.
	N
	O
	T
	E
	:
	 
	Y
	o
	u
	r
	 
	s
	u
	c
	c
	e
	s
	s
	 
	m
	e
	s
	s
	a
	g
	e
	 
	m
	u
	s
	t
	 
	c
	o
	n
	t
	a
	i
	n
	 
	t
	h
	e
	 
	w
	o
	r
	d
	 
	"
	(
	S
	|
	s
	)
	u
	c
	c
	e
	e
	d
	e
	d
	"
	,
	 
	"
	(
	S
	|
	s
	)
	u
	c
	c
	e
	s
	s
	"
	,
	 
	"
	S
	U
	C
	C
	E
	S
	S
	"
	,
	 
	o
	r
	 
	"
	S
	U
	C
	C
	E
	E
	D
	E
	D
	"
	;
	 
	t
	h
	i
	s
	 
	c
	a
	n
	 
	b
	e
	 
	c
	h
	a
	n
	g
	e
	d
	 
	i
	n
	 
	r
	u
	n
	n
	e
	r
	.
	p
	y
	.
- Reference output:
	P
	a
	r
	s
	e
	 
	s
	u
	c
	c
	e
	e
	d
	e
	d
	,
	 
	f
	i
	n
	d
	i
	n
	g
	 
	6
	7
	 
	I
	L
	O
	C
	 
	o
	p
	e
	r
	a
	t
	i
	o
	n
	s
	.
- Your output:
	P
	O
	O
	 
	P
	O
	O
	O
	 
	P
	O
	O
	

	M
	u
	s
	t
	 
	s
	p
	e
	c
	i
	f
	y
	 
	a
	 
	f
	i
	l
	e
	 
	n
	a
	m
	e
	 
	a
	f
	t
	e
	r
	 
	t
	h
	e
	 
	f
	l
	a
	g
	.
❌ /clear/courses/comp412/students/ILOC/contributed/2014/lab3/yx14.i failed!
- Summary:
	Y
	o
	u
	 
	i
	d
	e
	n
	t
	i
	f
	i
	e
	d
	 
	0
	/
	0
	 
	e
	r
	r
	o
	r
	s
	 
	c
	o
	r
	r
	e
	c
	t
	l
	y
	.
	Y
	o
	u
	 
	i
	d
	e
	n
	t
	i
	f
	i
	e
	d
	 
	0
	 
	c
	o
	r
	r
	e
	c
	t
	 
	l
	i
	n
	e
	s
	 
	a
	s
	 
	e
	r
	r
	o
	r
	s
	.
	Y
	o
	u
	 
	d
	o
	 
	n
	o
	t
	 
	h
	a
	v
	e
	 
	a
	 
	s
	u
	c
	c
	e
	s
	s
	 
	m
	e
	s
	s
	a
	g
	e
	 
	w
	h
	i
	l
	e
	 
	t
	h
	e
	 
	r
	e
	f
	e
	r
	e
	n
	c
	e
	 
	d
	o
	e
	s
	.
	N
	O
	T
	E
	:
	 
	Y
	o
	u
	r
	 
	s
	u
	c
	c
	e
	s
	s
	 
	m
	e
	s
	s
	a
	g
	e
	 
	m
	u
	s
	t
	 
	c
	o
	n
	t
	a
	i
	n
	 
	t
	h
	e
	 
	w
	o
	r
	d
	 
	"
	(
	S
	|
	s
	)
	u
	c
	c
	e
	e
	d
	e
	d
	"
	,
	 
	"
	(
	S
	|
	s
	)
	u
	c
	c
	e
	s
	s
	"
	,
	 
	"
	S
	U
	C
	C
	E
	S
	S
	"
	,
	 
	o
	r
	 
	"
	S
	U
	C
	C
	E
	E
	D
	E
	D
	"
	;
	 
	t
	h
	i
	s
	 
	c
	a
	n
	 
	b
	e
	 
	c
	h
	a
	n
	g
	e
	d
	 
	i
	n
	 
	r
	u
	n
	n
	e
	r
	.
	p
	y
	.
- Reference output:
	P
	a
	r
	s
	e
	 
	s
	u
	c
	c
	e
	e
	d
	e
	d
	,
	 
	f
	i
	n
	d
	i
	n
	g
	 
	4
	3
	 
	I
	L
	O
	C
	 
	o
	p
	e
	r
	a
	t
	i
	o
	n
	s
	.
- Your output:
	P
	O
	O
	 
	P
	O
	O
	O
	 
	P
	O
	O
	

	M
	u
	s
	t
	 
	s
	p
	e
	c
	i
	f
	y
	 
	a
	 
	f
	i
	l
	e
	 
	n
	a
	m
	e
	 
	a
	f
	t
	e
	r
	 
	t
	h
	e
	 
	f
	l
	a
	g
	.
❌ /clear/courses/comp412/students/ILOC/contributed/2014/lab3/kag8.i failed!
- Summary:
	Y
	o
	u
	 
	i
	d
	e
	n
	t
	i
	f
	i
	e
	d
	 
	0
	/
	0
	 
	e
	r
	r
	o
	r
	s
	 
	c
	o
	r
	r
	e
	c
	t
	l
	y
	.
	Y
	o
	u
	 
	i
	d
	e
	n
	t
	i
	f
	i
	e
	d
	 
	0
	 
	c
	o
	r
	r
	e
	c
	t
	 
	l
	i
	n
	e
	s
	 
	a
	s
	 
	e
	r
	r
	o
	r
	s
	.
	Y
	o
	u
	 
	d
	o
	 
	n
	o
	t
	 
	h
	a
	v
	e
	 
	a
	 
	s
	u
	c
	c
	e
	s
	s
	 
	m
	e
	s
	s
	a
	g
	e
	 
	w
	h
	i
	l
	e
	 
	t
	h
	e
	 
	r
	e
	f
	e
	r
	e
	n
	c
	e
	 
	d
	o
	e
	s
	.
	N
	O
	T
	E
	:
	 
	Y
	o
	u
	r
	 
	s
	u
	c
	c
	e
	s
	s
	 
	m
	e
	s
	s
	a
	g
	e
	 
	m
	u
	s
	t
	 
	c
	o
	n
	t
	a
	i
	n
	 
	t
	h
	e
	 
	w
	o
	r
	d
	 
	"
	(
	S
	|
	s
	)
	u
	c
	c
	e
	e
	d
	e
	d
	"
	,
	 
	"
	(
	S
	|
	s
	)
	u
	c
	c
	e
	s
	s
	"
	,
	 
	"
	S
	U
	C
	C
	E
	S
	S
	"
	,
	 
	o
	r
	 
	"
	S
	U
	C
	C
	E
	E
	D
	E
	D
	"
	;
	 
	t
	h
	i
	s
	 
	c
	a
	n
	 
	b
	e
	 
	c
	h
	a
	n
	g
	e
	d
	 
	i
	n
	 
	r
	u
	n
	n
	e
	r
	.
	p
	y
	.
- Reference output:
	P
	a
	r
	s
	e
	 
	s
	u
	c
	c
	e
	e
	d
	e
	d
	,
	 
	f
	i
	n
	d
	i
	n
	g
	 
	5
	1
	 
	I
	L
	O
	C
	 
	o
	p
	e
	r
	a
	t
	i
	o
	n
	s
	.
- Your output:
	P
	O
	O
	 
	P
	O
	O
	O
	 
	P
	O
	O
	

	M
	u
	s
	t
	 
	s
	p
	e
	c
	i
	f
	y
	 
	a
	 
	f
	i
	l
	e
	 
	n
	a
	m
	e
	 
	a
	f
	t
	e
	r
	 
	t
	h
	e
	 
	f
	l
	a
	g
	.
❌ /clear/courses/comp412/students/ILOC/contributed/2014/lab3/gty1.i failed!
- Summary:
	Y
	o
	u
	 
	i
	d
	e
	n
	t
	i
	f
	i
	e
	d
	 
	0
	/
	0
	 
	e
	r
	r
	o
	r
	s
	 
	c
	o
	r
	r
	e
	c
	t
	l
	y
	.
	Y
	o
	u
	 
	i
	d
	e
	n
	t
	i
	f
	i
	e
	d
	 
	0
	 
	c
	o
	r
	r
	e
	c
	t
	 
	l
	i
	n
	e
	s
	 
	a
	s
	 
	e
	r
	r
	o
	r
	s
	.
	Y
	o
	u
	 
	d
	o
	 
	n
	o
	t
	 
	h
	a
	v
	e
	 
	a
	 
	s
	u
	c
	c
	e
	s
	s
	 
	m
	e
	s
	s
	a
	g
	e
	 
	w
	h
	i
	l
	e
	 
	t
	h
	e
	 
	r
	e
	f
	e
	r
	e
	n
	c
	e
	 
	d
	o
	e
	s
	.
	N
	O
	T
	E
	:
	 
	Y
	o
	u
	r
	 
	s
	u
	c
	c
	e
	s
	s
	 
	m
	e
	s
	s
	a
	g
	e
	 
	m
	u
	s
	t
	 
	c
	o
	n
	t
	a
	i
	n
	 
	t
	h
	e
	 
	w
	o
	r
	d
	 
	"
	(
	S
	|
	s
	)
	u
	c
	c
	e
	e
	d
	e
	d
	"
	,
	 
	"
	(
	S
	|
	s
	)
	u
	c
	c
	e
	s
	s
	"
	,
	 
	"
	S
	U
	C
	C
	E
	S
	S
	"
	,
	 
	o
	r
	 
	"
	S
	U
	C
	C
	E
	E
	D
	E
	D
	"
	;
	 
	t
	h
	i
	s
	 
	c
	a
	n
	 
	b
	e
	 
	c
	h
	a
	n
	g
	e
	d
	 
	i
	n
	 
	r
	u
	n
	n
	e
	r
	.
	p
	y
	.
- Reference output:
	P
	a
	r
	s
	e
	 
	s
	u
	c
	c
	e
	e
	d
	e
	d
	,
	 
	f
	i
	n
	d
	i
	n
	g
	 
	1
	8
	 
	I
	L
	O
	C
	 
	o
	p
	e
	r
	a
	t
	i
	o
	n
	s
	.
- Your output:
	P
	O
	O
	 
	P
	O
	O
	O
	 
	P
	O
	O
	

	M
	u
	s
	t
	 
	s
	p
	e
	c
	i
	f
	y
	 
	a
	 
	f
	i
	l
	e
	 
	n
	a
	m
	e
	 
	a
	f
	t
	e
	r
	 
	t
	h
	e
	 
	f
	l
	a
	g
	.
❌ /clear/courses/comp412/students/ILOC/contributed/2014/lab3/eeb3.i failed!
- Summary:
	Y
	o
	u
	 
	i
	d
	e
	n
	t
	i
	f
	i
	e
	d
	 
	0
	/
	0
	 
	e
	r
	r
	o
	r
	s
	 
	c
	o
	r
	r
	e
	c
	t
	l
	y
	.
	Y
	o
	u
	 
	i
	d
	e
	n
	t
	i
	f
	i
	e
	d
	 
	0
	 
	c
	o
	r
	r
	e
	c
	t
	 
	l
	i
	n
	e
	s
	 
	a
	s
	 
	e
	r
	r
	o
	r
	s
	.
	Y
	o
	u
	 
	d
	o
	 
	n
	o
	t
	 
	h
	a
	v
	e
	 
	a
	 
	s
	u
	c
	c
	e
	s
	s
	 
	m
	e
	s
	s
	a
	g
	e
	 
	w
	h
	i
	l
	e
	 
	t
	h
	e
	 
	r
	e
	f
	e
	r
	e
	n
	c
	e
	 
	d
	o
	e
	s
	.
	N
	O
	T
	E
	:
	 
	Y
	o
	u
	r
	 
	s
	u
	c
	c
	e
	s
	s
	 
	m
	e
	s
	s
	a
	g
	e
	 
	m
	u
	s
	t
	 
	c
	o
	n
	t
	a
	i
	n
	 
	t
	h
	e
	 
	w
	o
	r
	d
	 
	"
	(
	S
	|
	s
	)
	u
	c
	c
	e
	e
	d
	e
	d
	"
	,
	 
	"
	(
	S
	|
	s
	)
	u
	c
	c
	e
	s
	s
	"
	,
	 
	"
	S
	U
	C
	C
	E
	S
	S
	"
	,
	 
	o
	r
	 
	"
	S
	U
	C
	C
	E
	E
	D
	E
	D
	"
	;
	 
	t
	h
	i
	s
	 
	c
	a
	n
	 
	b
	e
	 
	c
	h
	a
	n
	g
	e
	d
	 
	i
	n
	 
	r
	u
	n
	n
	e
	r
	.
	p
	y
	.
- Reference output:
	P
	a
	r
	s
	e
	 
	s
	u
	c
	c
	e
	e
	d
	e
	d
	,
	 
	f
	i
	n
	d
	i
	n
	g
	 
	3
	7
	 
	I
	L
	O
	C
	 
	o
	p
	e
	r
	a
	t
	i
	o
	n
	s
	.
- Your output:
	P
	O
	O
	 
	P
	O
	O
	O
	 
	P
	O
	O
	

	M
	u
	s
	t
	 
	s
	p
	e
	c
	i
	f
	y
	 
	a
	 
	f
	i
	l
	e
	 
	n
	a
	m
	e
	 
	a
	f
	t
	e
	r
	 
	t
	h
	e
	 
	f
	l
	a
	g
	.
❌ /clear/courses/comp412/students/ILOC/contributed/2014/lab3/yd9.i failed!
- Summary:
	Y
	o
	u
	 
	i
	d
	e
	n
	t
	i
	f
	i
	e
	d
	 
	0
	/
	0
	 
	e
	r
	r
	o
	r
	s
	 
	c
	o
	r
	r
	e
	c
	t
	l
	y
	.
	Y
	o
	u
	 
	i
	d
	e
	n
	t
	i
	f
	i
	e
	d
	 
	0
	 
	c
	o
	r
	r
	e
	c
	t
	 
	l
	i
	n
	e
	s
	 
	a
	s
	 
	e
	r
	r
	o
	r
	s
	.
	Y
	o
	u
	 
	d
	o
	 
	n
	o
	t
	 
	h
	a
	v
	e
	 
	a
	 
	s
	u
	c
	c
	e
	s
	s
	 
	m
	e
	s
	s
	a
	g
	e
	 
	w
	h
	i
	l
	e
	 
	t
	h
	e
	 
	r
	e
	f
	e
	r
	e
	n
	c
	e
	 
	d
	o
	e
	s
	.
	N
	O
	T
	E
	:
	 
	Y
	o
	u
	r
	 
	s
	u
	c
	c
	e
	s
	s
	 
	m
	e
	s
	s
	a
	g
	e
	 
	m
	u
	s
	t
	 
	c
	o
	n
	t
	a
	i
	n
	 
	t
	h
	e
	 
	w
	o
	r
	d
	 
	"
	(
	S
	|
	s
	)
	u
	c
	c
	e
	e
	d
	e
	d
	"
	,
	 
	"
	(
	S
	|
	s
	)
	u
	c
	c
	e
	s
	s
	"
	,
	 
	"
	S
	U
	C
	C
	E
	S
	S
	"
	,
	 
	o
	r
	 
	"
	S
	U
	C
	C
	E
	E
	D
	E
	D
	"
	;
	 
	t
	h
	i
	s
	 
	c
	a
	n
	 
	b
	e
	 
	c
	h
	a
	n
	g
	e
	d
	 
	i
	n
	 
	r
	u
	n
	n
	e
	r
	.
	p
	y
	.
- Reference output:
	P
	a
	r
	s
	e
	 
	s
	u
	c
	c
	e
	e
	d
	e
	d
	,
	 
	f
	i
	n
	d
	i
	n
	g
	 
	3
	8
	 
	I
	L
	O
	C
	 
	o
	p
	e
	r
	a
	t
	i
	o
	n
	s
	.
- Your output:
	P
	O
	O
	 
	P
	O
	O
	O
	 
	P
	O
	O
	

	M
	u
	s
	t
	 
	s
	p
	e
	c
	i
	f
	y
	 
	a
	 
	f
	i
	l
	e
	 
	n
	a
	m
	e
	 
	a
	f
	t
	e
	r
	 
	t
	h
	e
	 
	f
	l
	a
	g
	.
❌ /clear/courses/comp412/students/ILOC/contributed/2015/lab2/yg31.i failed!
- Summary:
	Y
	o
	u
	 
	i
	d
	e
	n
	t
	i
	f
	i
	e
	d
	 
	0
	/
	0
	 
	e
	r
	r
	o
	r
	s
	 
	c
	o
	r
	r
	e
	c
	t
	l
	y
	.
	Y
	o
	u
	 
	i
	d
	e
	n
	t
	i
	f
	i
	e
	d
	 
	0
	 
	c
	o
	r
	r
	e
	c
	t
	 
	l
	i
	n
	e
	s
	 
	a
	s
	 
	e
	r
	r
	o
	r
	s
	.
	Y
	o
	u
	 
	d
	o
	 
	n
	o
	t
	 
	h
	a
	v
	e
	 
	a
	 
	s
	u
	c
	c
	e
	s
	s
	 
	m
	e
	s
	s
	a
	g
	e
	 
	w
	h
	i
	l
	e
	 
	t
	h
	e
	 
	r
	e
	f
	e
	r
	e
	n
	c
	e
	 
	d
	o
	e
	s
	.
	N
	O
	T
	E
	:
	 
	Y
	o
	u
	r
	 
	s
	u
	c
	c
	e
	s
	s
	 
	m
	e
	s
	s
	a
	g
	e
	 
	m
	u
	s
	t
	 
	c
	o
	n
	t
	a
	i
	n
	 
	t
	h
	e
	 
	w
	o
	r
	d
	 
	"
	(
	S
	|
	s
	)
	u
	c
	c
	e
	e
	d
	e
	d
	"
	,
	 
	"
	(
	S
	|
	s
	)
	u
	c
	c
	e
	s
	s
	"
	,
	 
	"
	S
	U
	C
	C
	E
	S
	S
	"
	,
	 
	o
	r
	 
	"
	S
	U
	C
	C
	E
	E
	D
	E
	D
	"
	;
	 
	t
	h
	i
	s
	 
	c
	a
	n
	 
	b
	e
	 
	c
	h
	a
	n
	g
	e
	d
	 
	i
	n
	 
	r
	u
	n
	n
	e
	r
	.
	p
	y
	.
- Reference output:
	P
	a
	r
	s
	e
	 
	s
	u
	c
	c
	e
	e
	d
	e
	d
	,
	 
	f
	i
	n
	d
	i
	n
	g
	 
	6
	3
	 
	I
	L
	O
	C
	 
	o
	p
	e
	r
	a
	t
	i
	o
	n
	s
	.
- Your output:
	P
	O
	O
	 
	P
	O
	O
	O
	 
	P
	O
	O
	

	M
	u
	s
	t
	 
	s
	p
	e
	c
	i
	f
	y
	 
	a
	 
	f
	i
	l
	e
	 
	n
	a
	m
	e
	 
	a
	f
	t
	e
	r
	 
	t
	h
	e
	 
	f
	l
	a
	g
	.
❌ /clear/courses/comp412/students/ILOC/contributed/2015/lab2/pe4.i failed!
- Summary:
	Y
	o
	u
	 
	i
	d
	e
	n
	t
	i
	f
	i
	e
	d
	 
	0
	/
	0
	 
	e
	r
	r
	o
	r
	s
	 
	c
	o
	r
	r
	e
	c
	t
	l
	y
	.
	Y
	o
	u
	 
	i
	d
	e
	n
	t
	i
	f
	i
	e
	d
	 
	0
	 
	c
	o
	r
	r
	e
	c
	t
	 
	l
	i
	n
	e
	s
	 
	a
	s
	 
	e
	r
	r
	o
	r
	s
	.
	Y
	o
	u
	 
	d
	o
	 
	n
	o
	t
	 
	h
	a
	v
	e
	 
	a
	 
	s
	u
	c
	c
	e
	s
	s
	 
	m
	e
	s
	s
	a
	g
	e
	 
	w
	h
	i
	l
	e
	 
	t
	h
	e
	 
	r
	e
	f
	e
	r
	e
	n
	c
	e
	 
	d
	o
	e
	s
	.
	N
	O
	T
	E
	:
	 
	Y
	o
	u
	r
	 
	s
	u
	c
	c
	e
	s
	s
	 
	m
	e
	s
	s
	a
	g
	e
	 
	m
	u
	s
	t
	 
	c
	o
	n
	t
	a
	i
	n
	 
	t
	h
	e
	 
	w
	o
	r
	d
	 
	"
	(
	S
	|
	s
	)
	u
	c
	c
	e
	e
	d
	e
	d
	"
	,
	 
	"
	(
	S
	|
	s
	)
	u
	c
	c
	e
	s
	s
	"
	,
	 
	"
	S
	U
	C
	C
	E
	S
	S
	"
	,
	 
	o
	r
	 
	"
	S
	U
	C
	C
	E
	E
	D
	E
	D
	"
	;
	 
	t
	h
	i
	s
	 
	c
	a
	n
	 
	b
	e
	 
	c
	h
	a
	n
	g
	e
	d
	 
	i
	n
	 
	r
	u
	n
	n
	e
	r
	.
	p
	y
	.
- Reference output:
	P
	a
	r
	s
	e
	 
	s
	u
	c
	c
	e
	e
	d
	e
	d
	,
	 
	f
	i
	n
	d
	i
	n
	g
	 
	1
	7
	 
	I
	L
	O
	C
	 
	o
	p
	e
	r
	a
	t
	i
	o
	n
	s
	.
- Your output:
	P
	O
	O
	 
	P
	O
	O
	O
	 
	P
	O
	O
	

	M
	u
	s
	t
	 
	s
	p
	e
	c
	i
	f
	y
	 
	a
	 
	f
	i
	l
	e
	 
	n
	a
	m
	e
	 
	a
	f
	t
	e
	r
	 
	t
	h
	e
	 
	f
	l
	a
	g
	.
❌ /clear/courses/comp412/students/ILOC/contributed/2015/lab2/tl18.i failed!
- Summary:
	Y
	o
	u
	 
	i
	d
	e
	n
	t
	i
	f
	i
	e
	d
	 
	0
	/
	0
	 
	e
	r
	r
	o
	r
	s
	 
	c
	o
	r
	r
	e
	c
	t
	l
	y
	.
	Y
	o
	u
	 
	i
	d
	e
	n
	t
	i
	f
	i
	e
	d
	 
	0
	 
	c
	o
	r
	r
	e
	c
	t
	 
	l
	i
	n
	e
	s
	 
	a
	s
	 
	e
	r
	r
	o
	r
	s
	.
	Y
	o
	u
	 
	d
	o
	 
	n
	o
	t
	 
	h
	a
	v
	e
	 
	a
	 
	s
	u
	c
	c
	e
	s
	s
	 
	m
	e
	s
	s
	a
	g
	e
	 
	w
	h
	i
	l
	e
	 
	t
	h
	e
	 
	r
	e
	f
	e
	r
	e
	n
	c
	e
	 
	d
	o
	e
	s
	.
	N
	O
	T
	E
	:
	 
	Y
	o
	u
	r
	 
	s
	u
	c
	c
	e
	s
	s
	 
	m
	e
	s
	s
	a
	g
	e
	 
	m
	u
	s
	t
	 
	c
	o
	n
	t
	a
	i
	n
	 
	t
	h
	e
	 
	w
	o
	r
	d
	 
	"
	(
	S
	|
	s
	)
	u
	c
	c
	e
	e
	d
	e
	d
	"
	,
	 
	"
	(
	S
	|
	s
	)
	u
	c
	c
	e
	s
	s
	"
	,
	 
	"
	S
	U
	C
	C
	E
	S
	S
	"
	,
	 
	o
	r
	 
	"
	S
	U
	C
	C
	E
	E
	D
	E
	D
	"
	;
	 
	t
	h
	i
	s
	 
	c
	a
	n
	 
	b
	e
	 
	c
	h
	a
	n
	g
	e
	d
	 
	i
	n
	 
	r
	u
	n
	n
	e
	r
	.
	p
	y
	.
- Reference output:
	P
	a
	r
	s
	e
	 
	s
	u
	c
	c
	e
	e
	d
	e
	d
	,
	 
	f
	i
	n
	d
	i
	n
	g
	 
	3
	6
	 
	I
	L
	O
	C
	 
	o
	p
	e
	r
	a
	t
	i
	o
	n
	s
	.
- Your output:
	P
	O
	O
	 
	P
	O
	O
	O
	 
	P
	O
	O
	

	M
	u
	s
	t
	 
	s
	p
	e
	c
	i
	f
	y
	 
	a
	 
	f
	i
	l
	e
	 
	n
	a
	m
	e
	 
	a
	f
	t
	e
	r
	 
	t
	h
	e
	 
	f
	l
	a
	g
	.
❌ /clear/courses/comp412/students/ILOC/contributed/2015/lab2/fdb1.i failed!
- Summary:
	Y
	o
	u
	 
	i
	d
	e
	n
	t
	i
	f
	i
	e
	d
	 
	0
	/
	0
	 
	e
	r
	r
	o
	r
	s
	 
	c
	o
	r
	r
	e
	c
	t
	l
	y
	.
	Y
	o
	u
	 
	i
	d
	e
	n
	t
	i
	f
	i
	e
	d
	 
	0
	 
	c
	o
	r
	r
	e
	c
	t
	 
	l
	i
	n
	e
	s
	 
	a
	s
	 
	e
	r
	r
	o
	r
	s
	.
	Y
	o
	u
	 
	d
	o
	 
	n
	o
	t
	 
	h
	a
	v
	e
	 
	a
	 
	s
	u
	c
	c
	e
	s
	s
	 
	m
	e
	s
	s
	a
	g
	e
	 
	w
	h
	i
	l
	e
	 
	t
	h
	e
	 
	r
	e
	f
	e
	r
	e
	n
	c
	e
	 
	d
	o
	e
	s
	.
	N
	O
	T
	E
	:
	 
	Y
	o
	u
	r
	 
	s
	u
	c
	c
	e
	s
	s
	 
	m
	e
	s
	s
	a
	g
	e
	 
	m
	u
	s
	t
	 
	c
	o
	n
	t
	a
	i
	n
	 
	t
	h
	e
	 
	w
	o
	r
	d
	 
	"
	(
	S
	|
	s
	)
	u
	c
	c
	e
	e
	d
	e
	d
	"
	,
	 
	"
	(
	S
	|
	s
	)
	u
	c
	c
	e
	s
	s
	"
	,
	 
	"
	S
	U
	C
	C
	E
	S
	S
	"
	,
	 
	o
	r
	 
	"
	S
	U
	C
	C
	E
	E
	D
	E
	D
	"
	;
	 
	t
	h
	i
	s
	 
	c
	a
	n
	 
	b
	e
	 
	c
	h
	a
	n
	g
	e
	d
	 
	i
	n
	 
	r
	u
	n
	n
	e
	r
	.
	p
	y
	.
- Reference output:
	P
	a
	r
	s
	e
	 
	s
	u
	c
	c
	e
	e
	d
	e
	d
	,
	 
	f
	i
	n
	d
	i
	n
	g
	 
	1
	1
	 
	I
	L
	O
	C
	 
	o
	p
	e
	r
	a
	t
	i
	o
	n
	s
	.
- Your output:
	P
	O
	O
	 
	P
	O
	O
	O
	 
	P
	O
	O
	

	M
	u
	s
	t
	 
	s
	p
	e
	c
	i
	f
	y
	 
	a
	 
	f
	i
	l
	e
	 
	n
	a
	m
	e
	 
	a
	f
	t
	e
	r
	 
	t
	h
	e
	 
	f
	l
	a
	g
	.
❌ /clear/courses/comp412/students/ILOC/contributed/2015/lab2/bx3.i failed!
- Summary:
	Y
	o
	u
	 
	i
	d
	e
	n
	t
	i
	f
	i
	e
	d
	 
	0
	/
	0
	 
	e
	r
	r
	o
	r
	s
	 
	c
	o
	r
	r
	e
	c
	t
	l
	y
	.
	Y
	o
	u
	 
	i
	d
	e
	n
	t
	i
	f
	i
	e
	d
	 
	0
	 
	c
	o
	r
	r
	e
	c
	t
	 
	l
	i
	n
	e
	s
	 
	a
	s
	 
	e
	r
	r
	o
	r
	s
	.
	Y
	o
	u
	 
	d
	o
	 
	n
	o
	t
	 
	h
	a
	v
	e
	 
	a
	 
	s
	u
	c
	c
	e
	s
	s
	 
	m
	e
	s
	s
	a
	g
	e
	 
	w
	h
	i
	l
	e
	 
	t
	h
	e
	 
	r
	e
	f
	e
	r
	e
	n
	c
	e
	 
	d
	o
	e
	s
	.
	N
	O
	T
	E
	:
	 
	Y
	o
	u
	r
	 
	s
	u
	c
	c
	e
	s
	s
	 
	m
	e
	s
	s
	a
	g
	e
	 
	m
	u
	s
	t
	 
	c
	o
	n
	t
	a
	i
	n
	 
	t
	h
	e
	 
	w
	o
	r
	d
	 
	"
	(
	S
	|
	s
	)
	u
	c
	c
	e
	e
	d
	e
	d
	"
	,
	 
	"
	(
	S
	|
	s
	)
	u
	c
	c
	e
	s
	s
	"
	,
	 
	"
	S
	U
	C
	C
	E
	S
	S
	"
	,
	 
	o
	r
	 
	"
	S
	U
	C
	C
	E
	E
	D
	E
	D
	"
	;
	 
	t
	h
	i
	s
	 
	c
	a
	n
	 
	b
	e
	 
	c
	h
	a
	n
	g
	e
	d
	 
	i
	n
	 
	r
	u
	n
	n
	e
	r
	.
	p
	y
	.
- Reference output:
	P
	a
	r
	s
	e
	 
	s
	u
	c
	c
	e
	e
	d
	e
	d
	,
	 
	f
	i
	n
	d
	i
	n
	g
	 
	4
	4
	 
	I
	L
	O
	C
	 
	o
	p
	e
	r
	a
	t
	i
	o
	n
	s
	.
- Your output:
	P
	O
	O
	 
	P
	O
	O
	O
	 
	P
	O
	O
	

	M
	u
	s
	t
	 
	s
	p
	e
	c
	i
	f
	y
	 
	a
	 
	f
	i
	l
	e
	 
	n
	a
	m
	e
	 
	a
	f
	t
	e
	r
	 
	t
	h
	e
	 
	f
	l
	a
	g
	.
❌ /clear/courses/comp412/students/ILOC/contributed/2015/lab2/zkk1.i failed!
- Summary:
	Y
	o
	u
	 
	i
	d
	e
	n
	t
	i
	f
	i
	e
	d
	 
	0
	/
	0
	 
	e
	r
	r
	o
	r
	s
	 
	c
	o
	r
	r
	e
	c
	t
	l
	y
	.
	Y
	o
	u
	 
	i
	d
	e
	n
	t
	i
	f
	i
	e
	d
	 
	0
	 
	c
	o
	r
	r
	e
	c
	t
	 
	l
	i
	n
	e
	s
	 
	a
	s
	 
	e
	r
	r
	o
	r
	s
	.
	Y
	o
	u
	 
	d
	o
	 
	n
	o
	t
	 
	h
	a
	v
	e
	 
	a
	 
	s
	u
	c
	c
	e
	s
	s
	 
	m
	e
	s
	s
	a
	g
	e
	 
	w
	h
	i
	l
	e
	 
	t
	h
	e
	 
	r
	e
	f
	e
	r
	e
	n
	c
	e
	 
	d
	o
	e
	s
	.
	N
	O
	T
	E
	:
	 
	Y
	o
	u
	r
	 
	s
	u
	c
	c
	e
	s
	s
	 
	m
	e
	s
	s
	a
	g
	e
	 
	m
	u
	s
	t
	 
	c
	o
	n
	t
	a
	i
	n
	 
	t
	h
	e
	 
	w
	o
	r
	d
	 
	"
	(
	S
	|
	s
	)
	u
	c
	c
	e
	e
	d
	e
	d
	"
	,
	 
	"
	(
	S
	|
	s
	)
	u
	c
	c
	e
	s
	s
	"
	,
	 
	"
	S
	U
	C
	C
	E
	S
	S
	"
	,
	 
	o
	r
	 
	"
	S
	U
	C
	C
	E
	E
	D
	E
	D
	"
	;
	 
	t
	h
	i
	s
	 
	c
	a
	n
	 
	b
	e
	 
	c
	h
	a
	n
	g
	e
	d
	 
	i
	n
	 
	r
	u
	n
	n
	e
	r
	.
	p
	y
	.
- Reference output:
	P
	a
	r
	s
	e
	 
	s
	u
	c
	c
	e
	e
	d
	e
	d
	,
	 
	f
	i
	n
	d
	i
	n
	g
	 
	5
	6
	 
	I
	L
	O
	C
	 
	o
	p
	e
	r
	a
	t
	i
	o
	n
	s
	.
- Your output:
	P
	O
	O
	 
	P
	O
	O
	O
	 
	P
	O
	O
	

	M
	u
	s
	t
	 
	s
	p
	e
	c
	i
	f
	y
	 
	a
	 
	f
	i
	l
	e
	 
	n
	a
	m
	e
	 
	a
	f
	t
	e
	r
	 
	t
	h
	e
	 
	f
	l
	a
	g
	.
❌ /clear/courses/comp412/students/ILOC/contributed/2015/lab2/yw27.i failed!
- Summary:
	Y
	o
	u
	 
	i
	d
	e
	n
	t
	i
	f
	i
	e
	d
	 
	0
	/
	0
	 
	e
	r
	r
	o
	r
	s
	 
	c
	o
	r
	r
	e
	c
	t
	l
	y
	.
	Y
	o
	u
	 
	i
	d
	e
	n
	t
	i
	f
	i
	e
	d
	 
	0
	 
	c
	o
	r
	r
	e
	c
	t
	 
	l
	i
	n
	e
	s
	 
	a
	s
	 
	e
	r
	r
	o
	r
	s
	.
	Y
	o
	u
	 
	d
	o
	 
	n
	o
	t
	 
	h
	a
	v
	e
	 
	a
	 
	s
	u
	c
	c
	e
	s
	s
	 
	m
	e
	s
	s
	a
	g
	e
	 
	w
	h
	i
	l
	e
	 
	t
	h
	e
	 
	r
	e
	f
	e
	r
	e
	n
	c
	e
	 
	d
	o
	e
	s
	.
	N
	O
	T
	E
	:
	 
	Y
	o
	u
	r
	 
	s
	u
	c
	c
	e
	s
	s
	 
	m
	e
	s
	s
	a
	g
	e
	 
	m
	u
	s
	t
	 
	c
	o
	n
	t
	a
	i
	n
	 
	t
	h
	e
	 
	w
	o
	r
	d
	 
	"
	(
	S
	|
	s
	)
	u
	c
	c
	e
	e
	d
	e
	d
	"
	,
	 
	"
	(
	S
	|
	s
	)
	u
	c
	c
	e
	s
	s
	"
	,
	 
	"
	S
	U
	C
	C
	E
	S
	S
	"
	,
	 
	o
	r
	 
	"
	S
	U
	C
	C
	E
	E
	D
	E
	D
	"
	;
	 
	t
	h
	i
	s
	 
	c
	a
	n
	 
	b
	e
	 
	c
	h
	a
	n
	g
	e
	d
	 
	i
	n
	 
	r
	u
	n
	n
	e
	r
	.
	p
	y
	.
- Reference output:
	P
	a
	r
	s
	e
	 
	s
	u
	c
	c
	e
	e
	d
	e
	d
	,
	 
	f
	i
	n
	d
	i
	n
	g
	 
	1
	1
	0
	 
	I
	L
	O
	C
	 
	o
	p
	e
	r
	a
	t
	i
	o
	n
	s
	.
- Your output:
	P
	O
	O
	 
	P
	O
	O
	O
	 
	P
	O
	O
	

	M
	u
	s
	t
	 
	s
	p
	e
	c
	i
	f
	y
	 
	a
	 
	f
	i
	l
	e
	 
	n
	a
	m
	e
	 
	a
	f
	t
	e
	r
	 
	t
	h
	e
	 
	f
	l
	a
	g
	.
❌ /clear/courses/comp412/students/ILOC/contributed/2015/lab2/ehs2.i failed!
- Summary:
	Y
	o
	u
	 
	i
	d
	e
	n
	t
	i
	f
	i
	e
	d
	 
	0
	/
	0
	 
	e
	r
	r
	o
	r
	s
	 
	c
	o
	r
	r
	e
	c
	t
	l
	y
	.
	Y
	o
	u
	 
	i
	d
	e
	n
	t
	i
	f
	i
	e
	d
	 
	0
	 
	c
	o
	r
	r
	e
	c
	t
	 
	l
	i
	n
	e
	s
	 
	a
	s
	 
	e
	r
	r
	o
	r
	s
	.
	Y
	o
	u
	 
	d
	o
	 
	n
	o
	t
	 
	h
	a
	v
	e
	 
	a
	 
	s
	u
	c
	c
	e
	s
	s
	 
	m
	e
	s
	s
	a
	g
	e
	 
	w
	h
	i
	l
	e
	 
	t
	h
	e
	 
	r
	e
	f
	e
	r
	e
	n
	c
	e
	 
	d
	o
	e
	s
	.
	N
	O
	T
	E
	:
	 
	Y
	o
	u
	r
	 
	s
	u
	c
	c
	e
	s
	s
	 
	m
	e
	s
	s
	a
	g
	e
	 
	m
	u
	s
	t
	 
	c
	o
	n
	t
	a
	i
	n
	 
	t
	h
	e
	 
	w
	o
	r
	d
	 
	"
	(
	S
	|
	s
	)
	u
	c
	c
	e
	e
	d
	e
	d
	"
	,
	 
	"
	(
	S
	|
	s
	)
	u
	c
	c
	e
	s
	s
	"
	,
	 
	"
	S
	U
	C
	C
	E
	S
	S
	"
	,
	 
	o
	r
	 
	"
	S
	U
	C
	C
	E
	E
	D
	E
	D
	"
	;
	 
	t
	h
	i
	s
	 
	c
	a
	n
	 
	b
	e
	 
	c
	h
	a
	n
	g
	e
	d
	 
	i
	n
	 
	r
	u
	n
	n
	e
	r
	.
	p
	y
	.
- Reference output:
	P
	a
	r
	s
	e
	 
	s
	u
	c
	c
	e
	e
	d
	e
	d
	,
	 
	f
	i
	n
	d
	i
	n
	g
	 
	8
	0
	8
	 
	I
	L
	O
	C
	 
	o
	p
	e
	r
	a
	t
	i
	o
	n
	s
	.
- Your output:
	P
	O
	O
	 
	P
	O
	O
	O
	 
	P
	O
	O
	

	M
	u
	s
	t
	 
	s
	p
	e
	c
	i
	f
	y
	 
	a
	 
	f
	i
	l
	e
	 
	n
	a
	m
	e
	 
	a
	f
	t
	e
	r
	 
	t
	h
	e
	 
	f
	l
	a
	g
	.
❌ /clear/courses/comp412/students/ILOC/contributed/2015/lab2/oky1.i failed!
- Summary:
	Y
	o
	u
	 
	i
	d
	e
	n
	t
	i
	f
	i
	e
	d
	 
	0
	/
	0
	 
	e
	r
	r
	o
	r
	s
	 
	c
	o
	r
	r
	e
	c
	t
	l
	y
	.
	Y
	o
	u
	 
	i
	d
	e
	n
	t
	i
	f
	i
	e
	d
	 
	0
	 
	c
	o
	r
	r
	e
	c
	t
	 
	l
	i
	n
	e
	s
	 
	a
	s
	 
	e
	r
	r
	o
	r
	s
	.
	Y
	o
	u
	 
	d
	o
	 
	n
	o
	t
	 
	h
	a
	v
	e
	 
	a
	 
	s
	u
	c
	c
	e
	s
	s
	 
	m
	e
	s
	s
	a
	g
	e
	 
	w
	h
	i
	l
	e
	 
	t
	h
	e
	 
	r
	e
	f
	e
	r
	e
	n
	c
	e
	 
	d
	o
	e
	s
	.
	N
	O
	T
	E
	:
	 
	Y
	o
	u
	r
	 
	s
	u
	c
	c
	e
	s
	s
	 
	m
	e
	s
	s
	a
	g
	e
	 
	m
	u
	s
	t
	 
	c
	o
	n
	t
	a
	i
	n
	 
	t
	h
	e
	 
	w
	o
	r
	d
	 
	"
	(
	S
	|
	s
	)
	u
	c
	c
	e
	e
	d
	e
	d
	"
	,
	 
	"
	(
	S
	|
	s
	)
	u
	c
	c
	e
	s
	s
	"
	,
	 
	"
	S
	U
	C
	C
	E
	S
	S
	"
	,
	 
	o
	r
	 
	"
	S
	U
	C
	C
	E
	E
	D
	E
	D
	"
	;
	 
	t
	h
	i
	s
	 
	c
	a
	n
	 
	b
	e
	 
	c
	h
	a
	n
	g
	e
	d
	 
	i
	n
	 
	r
	u
	n
	n
	e
	r
	.
	p
	y
	.
- Reference output:
	P
	a
	r
	s
	e
	 
	s
	u
	c
	c
	e
	e
	d
	e
	d
	,
	 
	f
	i
	n
	d
	i
	n
	g
	 
	4
	6
	 
	I
	L
	O
	C
	 
	o
	p
	e
	r
	a
	t
	i
	o
	n
	s
	.
- Your output:
	P
	O
	O
	 
	P
	O
	O
	O
	 
	P
	O
	O
	

	M
	u
	s
	t
	 
	s
	p
	e
	c
	i
	f
	y
	 
	a
	 
	f
	i
	l
	e
	 
	n
	a
	m
	e
	 
	a
	f
	t
	e
	r
	 
	t
	h
	e
	 
	f
	l
	a
	g
	.
❌ /clear/courses/comp412/students/ILOC/contributed/2015/lab2/pq2.i failed!
- Summary:
	Y
	o
	u
	 
	i
	d
	e
	n
	t
	i
	f
	i
	e
	d
	 
	0
	/
	0
	 
	e
	r
	r
	o
	r
	s
	 
	c
	o
	r
	r
	e
	c
	t
	l
	y
	.
	Y
	o
	u
	 
	i
	d
	e
	n
	t
	i
	f
	i
	e
	d
	 
	0
	 
	c
	o
	r
	r
	e
	c
	t
	 
	l
	i
	n
	e
	s
	 
	a
	s
	 
	e
	r
	r
	o
	r
	s
	.
	Y
	o
	u
	 
	d
	o
	 
	n
	o
	t
	 
	h
	a
	v
	e
	 
	a
	 
	s
	u
	c
	c
	e
	s
	s
	 
	m
	e
	s
	s
	a
	g
	e
	 
	w
	h
	i
	l
	e
	 
	t
	h
	e
	 
	r
	e
	f
	e
	r
	e
	n
	c
	e
	 
	d
	o
	e
	s
	.
	N
	O
	T
	E
	:
	 
	Y
	o
	u
	r
	 
	s
	u
	c
	c
	e
	s
	s
	 
	m
	e
	s
	s
	a
	g
	e
	 
	m
	u
	s
	t
	 
	c
	o
	n
	t
	a
	i
	n
	 
	t
	h
	e
	 
	w
	o
	r
	d
	 
	"
	(
	S
	|
	s
	)
	u
	c
	c
	e
	e
	d
	e
	d
	"
	,
	 
	"
	(
	S
	|
	s
	)
	u
	c
	c
	e
	s
	s
	"
	,
	 
	"
	S
	U
	C
	C
	E
	S
	S
	"
	,
	 
	o
	r
	 
	"
	S
	U
	C
	C
	E
	E
	D
	E
	D
	"
	;
	 
	t
	h
	i
	s
	 
	c
	a
	n
	 
	b
	e
	 
	c
	h
	a
	n
	g
	e
	d
	 
	i
	n
	 
	r
	u
	n
	n
	e
	r
	.
	p
	y
	.
- Reference output:
	P
	a
	r
	s
	e
	 
	s
	u
	c
	c
	e
	e
	d
	e
	d
	,
	 
	f
	i
	n
	d
	i
	n
	g
	 
	6
	2
	 
	I
	L
	O
	C
	 
	o
	p
	e
	r
	a
	t
	i
	o
	n
	s
	.
- Your output:
	P
	O
	O
	 
	P
	O
	O
	O
	 
	P
	O
	O
	

	M
	u
	s
	t
	 
	s
	p
	e
	c
	i
	f
	y
	 
	a
	 
	f
	i
	l
	e
	 
	n
	a
	m
	e
	 
	a
	f
	t
	e
	r
	 
	t
	h
	e
	 
	f
	l
	a
	g
	.
❌ /clear/courses/comp412/students/ILOC/contributed/2015/lab2/mas20.i failed!
- Summary:
	Y
	o
	u
	 
	i
	d
	e
	n
	t
	i
	f
	i
	e
	d
	 
	0
	/
	0
	 
	e
	r
	r
	o
	r
	s
	 
	c
	o
	r
	r
	e
	c
	t
	l
	y
	.
	Y
	o
	u
	 
	i
	d
	e
	n
	t
	i
	f
	i
	e
	d
	 
	0
	 
	c
	o
	r
	r
	e
	c
	t
	 
	l
	i
	n
	e
	s
	 
	a
	s
	 
	e
	r
	r
	o
	r
	s
	.
	Y
	o
	u
	 
	d
	o
	 
	n
	o
	t
	 
	h
	a
	v
	e
	 
	a
	 
	s
	u
	c
	c
	e
	s
	s
	 
	m
	e
	s
	s
	a
	g
	e
	 
	w
	h
	i
	l
	e
	 
	t
	h
	e
	 
	r
	e
	f
	e
	r
	e
	n
	c
	e
	 
	d
	o
	e
	s
	.
	N
	O
	T
	E
	:
	 
	Y
	o
	u
	r
	 
	s
	u
	c
	c
	e
	s
	s
	 
	m
	e
	s
	s
	a
	g
	e
	 
	m
	u
	s
	t
	 
	c
	o
	n
	t
	a
	i
	n
	 
	t
	h
	e
	 
	w
	o
	r
	d
	 
	"
	(
	S
	|
	s
	)
	u
	c
	c
	e
	e
	d
	e
	d
	"
	,
	 
	"
	(
	S
	|
	s
	)
	u
	c
	c
	e
	s
	s
	"
	,
	 
	"
	S
	U
	C
	C
	E
	S
	S
	"
	,
	 
	o
	r
	 
	"
	S
	U
	C
	C
	E
	E
	D
	E
	D
	"
	;
	 
	t
	h
	i
	s
	 
	c
	a
	n
	 
	b
	e
	 
	c
	h
	a
	n
	g
	e
	d
	 
	i
	n
	 
	r
	u
	n
	n
	e
	r
	.
	p
	y
	.
- Reference output:
	P
	a
	r
	s
	e
	 
	s
	u
	c
	c
	e
	e
	d
	e
	d
	,
	 
	f
	i
	n
	d
	i
	n
	g
	 
	4
	1
	 
	I
	L
	O
	C
	 
	o
	p
	e
	r
	a
	t
	i
	o
	n
	s
	.
- Your output:
	P
	O
	O
	 
	P
	O
	O
	O
	 
	P
	O
	O
	

	M
	u
	s
	t
	 
	s
	p
	e
	c
	i
	f
	y
	 
	a
	 
	f
	i
	l
	e
	 
	n
	a
	m
	e
	 
	a
	f
	t
	e
	r
	 
	t
	h
	e
	 
	f
	l
	a
	g
	.
❌ /clear/courses/comp412/students/ILOC/contributed/2015/lab2/yd18.i failed!
- Summary:
	Y
	o
	u
	 
	i
	d
	e
	n
	t
	i
	f
	i
	e
	d
	 
	0
	/
	0
	 
	e
	r
	r
	o
	r
	s
	 
	c
	o
	r
	r
	e
	c
	t
	l
	y
	.
	Y
	o
	u
	 
	i
	d
	e
	n
	t
	i
	f
	i
	e
	d
	 
	0
	 
	c
	o
	r
	r
	e
	c
	t
	 
	l
	i
	n
	e
	s
	 
	a
	s
	 
	e
	r
	r
	o
	r
	s
	.
	Y
	o
	u
	 
	d
	o
	 
	n
	o
	t
	 
	h
	a
	v
	e
	 
	a
	 
	s
	u
	c
	c
	e
	s
	s
	 
	m
	e
	s
	s
	a
	g
	e
	 
	w
	h
	i
	l
	e
	 
	t
	h
	e
	 
	r
	e
	f
	e
	r
	e
	n
	c
	e
	 
	d
	o
	e
	s
	.
	N
	O
	T
	E
	:
	 
	Y
	o
	u
	r
	 
	s
	u
	c
	c
	e
	s
	s
	 
	m
	e
	s
	s
	a
	g
	e
	 
	m
	u
	s
	t
	 
	c
	o
	n
	t
	a
	i
	n
	 
	t
	h
	e
	 
	w
	o
	r
	d
	 
	"
	(
	S
	|
	s
	)
	u
	c
	c
	e
	e
	d
	e
	d
	"
	,
	 
	"
	(
	S
	|
	s
	)
	u
	c
	c
	e
	s
	s
	"
	,
	 
	"
	S
	U
	C
	C
	E
	S
	S
	"
	,
	 
	o
	r
	 
	"
	S
	U
	C
	C
	E
	E
	D
	E
	D
	"
	;
	 
	t
	h
	i
	s
	 
	c
	a
	n
	 
	b
	e
	 
	c
	h
	a
	n
	g
	e
	d
	 
	i
	n
	 
	r
	u
	n
	n
	e
	r
	.
	p
	y
	.
- Reference output:
	P
	a
	r
	s
	e
	 
	s
	u
	c
	c
	e
	e
	d
	e
	d
	,
	 
	f
	i
	n
	d
	i
	n
	g
	 
	6
	6
	 
	I
	L
	O
	C
	 
	o
	p
	e
	r
	a
	t
	i
	o
	n
	s
	.
- Your output:
	P
	O
	O
	 
	P
	O
	O
	O
	 
	P
	O
	O
	

	M
	u
	s
	t
	 
	s
	p
	e
	c
	i
	f
	y
	 
	a
	 
	f
	i
	l
	e
	 
	n
	a
	m
	e
	 
	a
	f
	t
	e
	r
	 
	t
	h
	e
	 
	f
	l
	a
	g
	.
❌ /clear/courses/comp412/students/ILOC/contributed/2015/lab2/cav2.i failed!
- Summary:
	Y
	o
	u
	 
	i
	d
	e
	n
	t
	i
	f
	i
	e
	d
	 
	0
	/
	0
	 
	e
	r
	r
	o
	r
	s
	 
	c
	o
	r
	r
	e
	c
	t
	l
	y
	.
	Y
	o
	u
	 
	i
	d
	e
	n
	t
	i
	f
	i
	e
	d
	 
	0
	 
	c
	o
	r
	r
	e
	c
	t
	 
	l
	i
	n
	e
	s
	 
	a
	s
	 
	e
	r
	r
	o
	r
	s
	.
	Y
	o
	u
	 
	d
	o
	 
	n
	o
	t
	 
	h
	a
	v
	e
	 
	a
	 
	s
	u
	c
	c
	e
	s
	s
	 
	m
	e
	s
	s
	a
	g
	e
	 
	w
	h
	i
	l
	e
	 
	t
	h
	e
	 
	r
	e
	f
	e
	r
	e
	n
	c
	e
	 
	d
	o
	e
	s
	.
	N
	O
	T
	E
	:
	 
	Y
	o
	u
	r
	 
	s
	u
	c
	c
	e
	s
	s
	 
	m
	e
	s
	s
	a
	g
	e
	 
	m
	u
	s
	t
	 
	c
	o
	n
	t
	a
	i
	n
	 
	t
	h
	e
	 
	w
	o
	r
	d
	 
	"
	(
	S
	|
	s
	)
	u
	c
	c
	e
	e
	d
	e
	d
	"
	,
	 
	"
	(
	S
	|
	s
	)
	u
	c
	c
	e
	s
	s
	"
	,
	 
	"
	S
	U
	C
	C
	E
	S
	S
	"
	,
	 
	o
	r
	 
	"
	S
	U
	C
	C
	E
	E
	D
	E
	D
	"
	;
	 
	t
	h
	i
	s
	 
	c
	a
	n
	 
	b
	e
	 
	c
	h
	a
	n
	g
	e
	d
	 
	i
	n
	 
	r
	u
	n
	n
	e
	r
	.
	p
	y
	.
- Reference output:
	P
	a
	r
	s
	e
	 
	s
	u
	c
	c
	e
	e
	d
	e
	d
	,
	 
	f
	i
	n
	d
	i
	n
	g
	 
	2
	4
	2
	 
	I
	L
	O
	C
	 
	o
	p
	e
	r
	a
	t
	i
	o
	n
	s
	.
- Your output:
	P
	O
	O
	 
	P
	O
	O
	O
	 
	P
	O
	O
	

	M
	u
	s
	t
	 
	s
	p
	e
	c
	i
	f
	y
	 
	a
	 
	f
	i
	l
	e
	 
	n
	a
	m
	e
	 
	a
	f
	t
	e
	r
	 
	t
	h
	e
	 
	f
	l
	a
	g
	.
❌ /clear/courses/comp412/students/ILOC/contributed/2015/lab2/tve1.i failed!
- Summary:
	Y
	o
	u
	 
	i
	d
	e
	n
	t
	i
	f
	i
	e
	d
	 
	0
	/
	0
	 
	e
	r
	r
	o
	r
	s
	 
	c
	o
	r
	r
	e
	c
	t
	l
	y
	.
	Y
	o
	u
	 
	i
	d
	e
	n
	t
	i
	f
	i
	e
	d
	 
	0
	 
	c
	o
	r
	r
	e
	c
	t
	 
	l
	i
	n
	e
	s
	 
	a
	s
	 
	e
	r
	r
	o
	r
	s
	.
	Y
	o
	u
	 
	d
	o
	 
	n
	o
	t
	 
	h
	a
	v
	e
	 
	a
	 
	s
	u
	c
	c
	e
	s
	s
	 
	m
	e
	s
	s
	a
	g
	e
	 
	w
	h
	i
	l
	e
	 
	t
	h
	e
	 
	r
	e
	f
	e
	r
	e
	n
	c
	e
	 
	d
	o
	e
	s
	.
	N
	O
	T
	E
	:
	 
	Y
	o
	u
	r
	 
	s
	u
	c
	c
	e
	s
	s
	 
	m
	e
	s
	s
	a
	g
	e
	 
	m
	u
	s
	t
	 
	c
	o
	n
	t
	a
	i
	n
	 
	t
	h
	e
	 
	w
	o
	r
	d
	 
	"
	(
	S
	|
	s
	)
	u
	c
	c
	e
	e
	d
	e
	d
	"
	,
	 
	"
	(
	S
	|
	s
	)
	u
	c
	c
	e
	s
	s
	"
	,
	 
	"
	S
	U
	C
	C
	E
	S
	S
	"
	,
	 
	o
	r
	 
	"
	S
	U
	C
	C
	E
	E
	D
	E
	D
	"
	;
	 
	t
	h
	i
	s
	 
	c
	a
	n
	 
	b
	e
	 
	c
	h
	a
	n
	g
	e
	d
	 
	i
	n
	 
	r
	u
	n
	n
	e
	r
	.
	p
	y
	.
- Reference output:
	P
	a
	r
	s
	e
	 
	s
	u
	c
	c
	e
	e
	d
	e
	d
	,
	 
	f
	i
	n
	d
	i
	n
	g
	 
	1
	4
	 
	I
	L
	O
	C
	 
	o
	p
	e
	r
	a
	t
	i
	o
	n
	s
	.
- Your output:
	P
	O
	O
	 
	P
	O
	O
	O
	 
	P
	O
	O
	

	M
	u
	s
	t
	 
	s
	p
	e
	c
	i
	f
	y
	 
	a
	 
	f
	i
	l
	e
	 
	n
	a
	m
	e
	 
	a
	f
	t
	e
	r
	 
	t
	h
	e
	 
	f
	l
	a
	g
	.
❌ /clear/courses/comp412/students/ILOC/contributed/2015/lab2/gak2.i failed!
- Summary:
	Y
	o
	u
	 
	i
	d
	e
	n
	t
	i
	f
	i
	e
	d
	 
	0
	/
	0
	 
	e
	r
	r
	o
	r
	s
	 
	c
	o
	r
	r
	e
	c
	t
	l
	y
	.
	Y
	o
	u
	 
	i
	d
	e
	n
	t
	i
	f
	i
	e
	d
	 
	0
	 
	c
	o
	r
	r
	e
	c
	t
	 
	l
	i
	n
	e
	s
	 
	a
	s
	 
	e
	r
	r
	o
	r
	s
	.
	Y
	o
	u
	 
	d
	o
	 
	n
	o
	t
	 
	h
	a
	v
	e
	 
	a
	 
	s
	u
	c
	c
	e
	s
	s
	 
	m
	e
	s
	s
	a
	g
	e
	 
	w
	h
	i
	l
	e
	 
	t
	h
	e
	 
	r
	e
	f
	e
	r
	e
	n
	c
	e
	 
	d
	o
	e
	s
	.
	N
	O
	T
	E
	:
	 
	Y
	o
	u
	r
	 
	s
	u
	c
	c
	e
	s
	s
	 
	m
	e
	s
	s
	a
	g
	e
	 
	m
	u
	s
	t
	 
	c
	o
	n
	t
	a
	i
	n
	 
	t
	h
	e
	 
	w
	o
	r
	d
	 
	"
	(
	S
	|
	s
	)
	u
	c
	c
	e
	e
	d
	e
	d
	"
	,
	 
	"
	(
	S
	|
	s
	)
	u
	c
	c
	e
	s
	s
	"
	,
	 
	"
	S
	U
	C
	C
	E
	S
	S
	"
	,
	 
	o
	r
	 
	"
	S
	U
	C
	C
	E
	E
	D
	E
	D
	"
	;
	 
	t
	h
	i
	s
	 
	c
	a
	n
	 
	b
	e
	 
	c
	h
	a
	n
	g
	e
	d
	 
	i
	n
	 
	r
	u
	n
	n
	e
	r
	.
	p
	y
	.
- Reference output:
	P
	a
	r
	s
	e
	 
	s
	u
	c
	c
	e
	e
	d
	e
	d
	,
	 
	f
	i
	n
	d
	i
	n
	g
	 
	4
	6
	 
	I
	L
	O
	C
	 
	o
	p
	e
	r
	a
	t
	i
	o
	n
	s
	.
- Your output:
	P
	O
	O
	 
	P
	O
	O
	O
	 
	P
	O
	O
	

	M
	u
	s
	t
	 
	s
	p
	e
	c
	i
	f
	y
	 
	a
	 
	f
	i
	l
	e
	 
	n
	a
	m
	e
	 
	a
	f
	t
	e
	r
	 
	t
	h
	e
	 
	f
	l
	a
	g
	.
❌ /clear/courses/comp412/students/ILOC/contributed/2015/lab2/ac86.i failed!
- Summary:
	Y
	o
	u
	 
	i
	d
	e
	n
	t
	i
	f
	i
	e
	d
	 
	0
	/
	0
	 
	e
	r
	r
	o
	r
	s
	 
	c
	o
	r
	r
	e
	c
	t
	l
	y
	.
	Y
	o
	u
	 
	i
	d
	e
	n
	t
	i
	f
	i
	e
	d
	 
	0
	 
	c
	o
	r
	r
	e
	c
	t
	 
	l
	i
	n
	e
	s
	 
	a
	s
	 
	e
	r
	r
	o
	r
	s
	.
	Y
	o
	u
	 
	d
	o
	 
	n
	o
	t
	 
	h
	a
	v
	e
	 
	a
	 
	s
	u
	c
	c
	e
	s
	s
	 
	m
	e
	s
	s
	a
	g
	e
	 
	w
	h
	i
	l
	e
	 
	t
	h
	e
	 
	r
	e
	f
	e
	r
	e
	n
	c
	e
	 
	d
	o
	e
	s
	.
	N
	O
	T
	E
	:
	 
	Y
	o
	u
	r
	 
	s
	u
	c
	c
	e
	s
	s
	 
	m
	e
	s
	s
	a
	g
	e
	 
	m
	u
	s
	t
	 
	c
	o
	n
	t
	a
	i
	n
	 
	t
	h
	e
	 
	w
	o
	r
	d
	 
	"
	(
	S
	|
	s
	)
	u
	c
	c
	e
	e
	d
	e
	d
	"
	,
	 
	"
	(
	S
	|
	s
	)
	u
	c
	c
	e
	s
	s
	"
	,
	 
	"
	S
	U
	C
	C
	E
	S
	S
	"
	,
	 
	o
	r
	 
	"
	S
	U
	C
	C
	E
	E
	D
	E
	D
	"
	;
	 
	t
	h
	i
	s
	 
	c
	a
	n
	 
	b
	e
	 
	c
	h
	a
	n
	g
	e
	d
	 
	i
	n
	 
	r
	u
	n
	n
	e
	r
	.
	p
	y
	.
- Reference output:
	P
	a
	r
	s
	e
	 
	s
	u
	c
	c
	e
	e
	d
	e
	d
	,
	 
	f
	i
	n
	d
	i
	n
	g
	 
	2
	1
	 
	I
	L
	O
	C
	 
	o
	p
	e
	r
	a
	t
	i
	o
	n
	s
	.
- Your output:
	P
	O
	O
	 
	P
	O
	O
	O
	 
	P
	O
	O
	

	M
	u
	s
	t
	 
	s
	p
	e
	c
	i
	f
	y
	 
	a
	 
	f
	i
	l
	e
	 
	n
	a
	m
	e
	 
	a
	f
	t
	e
	r
	 
	t
	h
	e
	 
	f
	l
	a
	g
	.
❌ /clear/courses/comp412/students/ILOC/contributed/2015/lab2/jj26.i failed!
- Summary:
	Y
	o
	u
	 
	i
	d
	e
	n
	t
	i
	f
	i
	e
	d
	 
	0
	/
	0
	 
	e
	r
	r
	o
	r
	s
	 
	c
	o
	r
	r
	e
	c
	t
	l
	y
	.
	Y
	o
	u
	 
	i
	d
	e
	n
	t
	i
	f
	i
	e
	d
	 
	0
	 
	c
	o
	r
	r
	e
	c
	t
	 
	l
	i
	n
	e
	s
	 
	a
	s
	 
	e
	r
	r
	o
	r
	s
	.
	Y
	o
	u
	 
	d
	o
	 
	n
	o
	t
	 
	h
	a
	v
	e
	 
	a
	 
	s
	u
	c
	c
	e
	s
	s
	 
	m
	e
	s
	s
	a
	g
	e
	 
	w
	h
	i
	l
	e
	 
	t
	h
	e
	 
	r
	e
	f
	e
	r
	e
	n
	c
	e
	 
	d
	o
	e
	s
	.
	N
	O
	T
	E
	:
	 
	Y
	o
	u
	r
	 
	s
	u
	c
	c
	e
	s
	s
	 
	m
	e
	s
	s
	a
	g
	e
	 
	m
	u
	s
	t
	 
	c
	o
	n
	t
	a
	i
	n
	 
	t
	h
	e
	 
	w
	o
	r
	d
	 
	"
	(
	S
	|
	s
	)
	u
	c
	c
	e
	e
	d
	e
	d
	"
	,
	 
	"
	(
	S
	|
	s
	)
	u
	c
	c
	e
	s
	s
	"
	,
	 
	"
	S
	U
	C
	C
	E
	S
	S
	"
	,
	 
	o
	r
	 
	"
	S
	U
	C
	C
	E
	E
	D
	E
	D
	"
	;
	 
	t
	h
	i
	s
	 
	c
	a
	n
	 
	b
	e
	 
	c
	h
	a
	n
	g
	e
	d
	 
	i
	n
	 
	r
	u
	n
	n
	e
	r
	.
	p
	y
	.
- Reference output:
	P
	a
	r
	s
	e
	 
	s
	u
	c
	c
	e
	e
	d
	e
	d
	,
	 
	f
	i
	n
	d
	i
	n
	g
	 
	3
	5
	 
	I
	L
	O
	C
	 
	o
	p
	e
	r
	a
	t
	i
	o
	n
	s
	.
- Your output:
	P
	O
	O
	 
	P
	O
	O
	O
	 
	P
	O
	O
	

	M
	u
	s
	t
	 
	s
	p
	e
	c
	i
	f
	y
	 
	a
	 
	f
	i
	l
	e
	 
	n
	a
	m
	e
	 
	a
	f
	t
	e
	r
	 
	t
	h
	e
	 
	f
	l
	a
	g
	.
❌ /clear/courses/comp412/students/ILOC/contributed/2015/lab2/asn2.i failed!
- Summary:
	Y
	o
	u
	 
	i
	d
	e
	n
	t
	i
	f
	i
	e
	d
	 
	0
	/
	0
	 
	e
	r
	r
	o
	r
	s
	 
	c
	o
	r
	r
	e
	c
	t
	l
	y
	.
	Y
	o
	u
	 
	i
	d
	e
	n
	t
	i
	f
	i
	e
	d
	 
	0
	 
	c
	o
	r
	r
	e
	c
	t
	 
	l
	i
	n
	e
	s
	 
	a
	s
	 
	e
	r
	r
	o
	r
	s
	.
	Y
	o
	u
	 
	d
	o
	 
	n
	o
	t
	 
	h
	a
	v
	e
	 
	a
	 
	s
	u
	c
	c
	e
	s
	s
	 
	m
	e
	s
	s
	a
	g
	e
	 
	w
	h
	i
	l
	e
	 
	t
	h
	e
	 
	r
	e
	f
	e
	r
	e
	n
	c
	e
	 
	d
	o
	e
	s
	.
	N
	O
	T
	E
	:
	 
	Y
	o
	u
	r
	 
	s
	u
	c
	c
	e
	s
	s
	 
	m
	e
	s
	s
	a
	g
	e
	 
	m
	u
	s
	t
	 
	c
	o
	n
	t
	a
	i
	n
	 
	t
	h
	e
	 
	w
	o
	r
	d
	 
	"
	(
	S
	|
	s
	)
	u
	c
	c
	e
	e
	d
	e
	d
	"
	,
	 
	"
	(
	S
	|
	s
	)
	u
	c
	c
	e
	s
	s
	"
	,
	 
	"
	S
	U
	C
	C
	E
	S
	S
	"
	,
	 
	o
	r
	 
	"
	S
	U
	C
	C
	E
	E
	D
	E
	D
	"
	;
	 
	t
	h
	i
	s
	 
	c
	a
	n
	 
	b
	e
	 
	c
	h
	a
	n
	g
	e
	d
	 
	i
	n
	 
	r
	u
	n
	n
	e
	r
	.
	p
	y
	.
- Reference output:
	P
	a
	r
	s
	e
	 
	s
	u
	c
	c
	e
	e
	d
	e
	d
	,
	 
	f
	i
	n
	d
	i
	n
	g
	 
	3
	0
	 
	I
	L
	O
	C
	 
	o
	p
	e
	r
	a
	t
	i
	o
	n
	s
	.
- Your output:
	P
	O
	O
	 
	P
	O
	O
	O
	 
	P
	O
	O
	

	M
	u
	s
	t
	 
	s
	p
	e
	c
	i
	f
	y
	 
	a
	 
	f
	i
	l
	e
	 
	n
	a
	m
	e
	 
	a
	f
	t
	e
	r
	 
	t
	h
	e
	 
	f
	l
	a
	g
	.
❌ /clear/courses/comp412/students/ILOC/contributed/2015/lab2/mww4.i failed!
- Summary:
	Y
	o
	u
	 
	i
	d
	e
	n
	t
	i
	f
	i
	e
	d
	 
	0
	/
	0
	 
	e
	r
	r
	o
	r
	s
	 
	c
	o
	r
	r
	e
	c
	t
	l
	y
	.
	Y
	o
	u
	 
	i
	d
	e
	n
	t
	i
	f
	i
	e
	d
	 
	0
	 
	c
	o
	r
	r
	e
	c
	t
	 
	l
	i
	n
	e
	s
	 
	a
	s
	 
	e
	r
	r
	o
	r
	s
	.
	Y
	o
	u
	 
	d
	o
	 
	n
	o
	t
	 
	h
	a
	v
	e
	 
	a
	 
	s
	u
	c
	c
	e
	s
	s
	 
	m
	e
	s
	s
	a
	g
	e
	 
	w
	h
	i
	l
	e
	 
	t
	h
	e
	 
	r
	e
	f
	e
	r
	e
	n
	c
	e
	 
	d
	o
	e
	s
	.
	N
	O
	T
	E
	:
	 
	Y
	o
	u
	r
	 
	s
	u
	c
	c
	e
	s
	s
	 
	m
	e
	s
	s
	a
	g
	e
	 
	m
	u
	s
	t
	 
	c
	o
	n
	t
	a
	i
	n
	 
	t
	h
	e
	 
	w
	o
	r
	d
	 
	"
	(
	S
	|
	s
	)
	u
	c
	c
	e
	e
	d
	e
	d
	"
	,
	 
	"
	(
	S
	|
	s
	)
	u
	c
	c
	e
	s
	s
	"
	,
	 
	"
	S
	U
	C
	C
	E
	S
	S
	"
	,
	 
	o
	r
	 
	"
	S
	U
	C
	C
	E
	E
	D
	E
	D
	"
	;
	 
	t
	h
	i
	s
	 
	c
	a
	n
	 
	b
	e
	 
	c
	h
	a
	n
	g
	e
	d
	 
	i
	n
	 
	r
	u
	n
	n
	e
	r
	.
	p
	y
	.
- Reference output:
	P
	a
	r
	s
	e
	 
	s
	u
	c
	c
	e
	e
	d
	e
	d
	,
	 
	f
	i
	n
	d
	i
	n
	g
	 
	2
	8
	 
	I
	L
	O
	C
	 
	o
	p
	e
	r
	a
	t
	i
	o
	n
	s
	.
- Your output:
	P
	O
	O
	 
	P
	O
	O
	O
	 
	P
	O
	O
	

	M
	u
	s
	t
	 
	s
	p
	e
	c
	i
	f
	y
	 
	a
	 
	f
	i
	l
	e
	 
	n
	a
	m
	e
	 
	a
	f
	t
	e
	r
	 
	t
	h
	e
	 
	f
	l
	a
	g
	.
❌ /clear/courses/comp412/students/ILOC/contributed/2015/lab2/xw32.i failed!
- Summary:
	Y
	o
	u
	 
	i
	d
	e
	n
	t
	i
	f
	i
	e
	d
	 
	0
	/
	0
	 
	e
	r
	r
	o
	r
	s
	 
	c
	o
	r
	r
	e
	c
	t
	l
	y
	.
	Y
	o
	u
	 
	i
	d
	e
	n
	t
	i
	f
	i
	e
	d
	 
	0
	 
	c
	o
	r
	r
	e
	c
	t
	 
	l
	i
	n
	e
	s
	 
	a
	s
	 
	e
	r
	r
	o
	r
	s
	.
	Y
	o
	u
	 
	d
	o
	 
	n
	o
	t
	 
	h
	a
	v
	e
	 
	a
	 
	s
	u
	c
	c
	e
	s
	s
	 
	m
	e
	s
	s
	a
	g
	e
	 
	w
	h
	i
	l
	e
	 
	t
	h
	e
	 
	r
	e
	f
	e
	r
	e
	n
	c
	e
	 
	d
	o
	e
	s
	.
	N
	O
	T
	E
	:
	 
	Y
	o
	u
	r
	 
	s
	u
	c
	c
	e
	s
	s
	 
	m
	e
	s
	s
	a
	g
	e
	 
	m
	u
	s
	t
	 
	c
	o
	n
	t
	a
	i
	n
	 
	t
	h
	e
	 
	w
	o
	r
	d
	 
	"
	(
	S
	|
	s
	)
	u
	c
	c
	e
	e
	d
	e
	d
	"
	,
	 
	"
	(
	S
	|
	s
	)
	u
	c
	c
	e
	s
	s
	"
	,
	 
	"
	S
	U
	C
	C
	E
	S
	S
	"
	,
	 
	o
	r
	 
	"
	S
	U
	C
	C
	E
	E
	D
	E
	D
	"
	;
	 
	t
	h
	i
	s
	 
	c
	a
	n
	 
	b
	e
	 
	c
	h
	a
	n
	g
	e
	d
	 
	i
	n
	 
	r
	u
	n
	n
	e
	r
	.
	p
	y
	.
- Reference output:
	P
	a
	r
	s
	e
	 
	s
	u
	c
	c
	e
	e
	d
	e
	d
	,
	 
	f
	i
	n
	d
	i
	n
	g
	 
	4
	2
	 
	I
	L
	O
	C
	 
	o
	p
	e
	r
	a
	t
	i
	o
	n
	s
	.
- Your output:
	P
	O
	O
	 
	P
	O
	O
	O
	 
	P
	O
	O
	

	M
	u
	s
	t
	 
	s
	p
	e
	c
	i
	f
	y
	 
	a
	 
	f
	i
	l
	e
	 
	n
	a
	m
	e
	 
	a
	f
	t
	e
	r
	 
	t
	h
	e
	 
	f
	l
	a
	g
	.
❌ /clear/courses/comp412/students/ILOC/contributed/2015/lab2/yz56.i failed!
- Summary:
	Y
	o
	u
	 
	i
	d
	e
	n
	t
	i
	f
	i
	e
	d
	 
	0
	/
	0
	 
	e
	r
	r
	o
	r
	s
	 
	c
	o
	r
	r
	e
	c
	t
	l
	y
	.
	Y
	o
	u
	 
	i
	d
	e
	n
	t
	i
	f
	i
	e
	d
	 
	0
	 
	c
	o
	r
	r
	e
	c
	t
	 
	l
	i
	n
	e
	s
	 
	a
	s
	 
	e
	r
	r
	o
	r
	s
	.
	Y
	o
	u
	 
	d
	o
	 
	n
	o
	t
	 
	h
	a
	v
	e
	 
	a
	 
	s
	u
	c
	c
	e
	s
	s
	 
	m
	e
	s
	s
	a
	g
	e
	 
	w
	h
	i
	l
	e
	 
	t
	h
	e
	 
	r
	e
	f
	e
	r
	e
	n
	c
	e
	 
	d
	o
	e
	s
	.
	N
	O
	T
	E
	:
	 
	Y
	o
	u
	r
	 
	s
	u
	c
	c
	e
	s
	s
	 
	m
	e
	s
	s
	a
	g
	e
	 
	m
	u
	s
	t
	 
	c
	o
	n
	t
	a
	i
	n
	 
	t
	h
	e
	 
	w
	o
	r
	d
	 
	"
	(
	S
	|
	s
	)
	u
	c
	c
	e
	e
	d
	e
	d
	"
	,
	 
	"
	(
	S
	|
	s
	)
	u
	c
	c
	e
	s
	s
	"
	,
	 
	"
	S
	U
	C
	C
	E
	S
	S
	"
	,
	 
	o
	r
	 
	"
	S
	U
	C
	C
	E
	E
	D
	E
	D
	"
	;
	 
	t
	h
	i
	s
	 
	c
	a
	n
	 
	b
	e
	 
	c
	h
	a
	n
	g
	e
	d
	 
	i
	n
	 
	r
	u
	n
	n
	e
	r
	.
	p
	y
	.
- Reference output:
	P
	a
	r
	s
	e
	 
	s
	u
	c
	c
	e
	e
	d
	e
	d
	,
	 
	f
	i
	n
	d
	i
	n
	g
	 
	4
	1
	 
	I
	L
	O
	C
	 
	o
	p
	e
	r
	a
	t
	i
	o
	n
	s
	.
- Your output:
	P
	O
	O
	 
	P
	O
	O
	O
	 
	P
	O
	O
	

	M
	u
	s
	t
	 
	s
	p
	e
	c
	i
	f
	y
	 
	a
	 
	f
	i
	l
	e
	 
	n
	a
	m
	e
	 
	a
	f
	t
	e
	r
	 
	t
	h
	e
	 
	f
	l
	a
	g
	.
❌ /clear/courses/comp412/students/ILOC/contributed/2015/lab2/fgd1.i failed!
- Summary:
	Y
	o
	u
	 
	i
	d
	e
	n
	t
	i
	f
	i
	e
	d
	 
	0
	/
	0
	 
	e
	r
	r
	o
	r
	s
	 
	c
	o
	r
	r
	e
	c
	t
	l
	y
	.
	Y
	o
	u
	 
	i
	d
	e
	n
	t
	i
	f
	i
	e
	d
	 
	0
	 
	c
	o
	r
	r
	e
	c
	t
	 
	l
	i
	n
	e
	s
	 
	a
	s
	 
	e
	r
	r
	o
	r
	s
	.
	Y
	o
	u
	 
	d
	o
	 
	n
	o
	t
	 
	h
	a
	v
	e
	 
	a
	 
	s
	u
	c
	c
	e
	s
	s
	 
	m
	e
	s
	s
	a
	g
	e
	 
	w
	h
	i
	l
	e
	 
	t
	h
	e
	 
	r
	e
	f
	e
	r
	e
	n
	c
	e
	 
	d
	o
	e
	s
	.
	N
	O
	T
	E
	:
	 
	Y
	o
	u
	r
	 
	s
	u
	c
	c
	e
	s
	s
	 
	m
	e
	s
	s
	a
	g
	e
	 
	m
	u
	s
	t
	 
	c
	o
	n
	t
	a
	i
	n
	 
	t
	h
	e
	 
	w
	o
	r
	d
	 
	"
	(
	S
	|
	s
	)
	u
	c
	c
	e
	e
	d
	e
	d
	"
	,
	 
	"
	(
	S
	|
	s
	)
	u
	c
	c
	e
	s
	s
	"
	,
	 
	"
	S
	U
	C
	C
	E
	S
	S
	"
	,
	 
	o
	r
	 
	"
	S
	U
	C
	C
	E
	E
	D
	E
	D
	"
	;
	 
	t
	h
	i
	s
	 
	c
	a
	n
	 
	b
	e
	 
	c
	h
	a
	n
	g
	e
	d
	 
	i
	n
	 
	r
	u
	n
	n
	e
	r
	.
	p
	y
	.
- Reference output:
	P
	a
	r
	s
	e
	 
	s
	u
	c
	c
	e
	e
	d
	e
	d
	,
	 
	f
	i
	n
	d
	i
	n
	g
	 
	4
	8
	 
	I
	L
	O
	C
	 
	o
	p
	e
	r
	a
	t
	i
	o
	n
	s
	.
- Your output:
	P
	O
	O
	 
	P
	O
	O
	O
	 
	P
	O
	O
	

	M
	u
	s
	t
	 
	s
	p
	e
	c
	i
	f
	y
	 
	a
	 
	f
	i
	l
	e
	 
	n
	a
	m
	e
	 
	a
	f
	t
	e
	r
	 
	t
	h
	e
	 
	f
	l
	a
	g
	.
❌ /clear/courses/comp412/students/ILOC/contributed/2015/lab2/am98.i failed!
- Summary:
	Y
	o
	u
	 
	i
	d
	e
	n
	t
	i
	f
	i
	e
	d
	 
	0
	/
	0
	 
	e
	r
	r
	o
	r
	s
	 
	c
	o
	r
	r
	e
	c
	t
	l
	y
	.
	Y
	o
	u
	 
	i
	d
	e
	n
	t
	i
	f
	i
	e
	d
	 
	0
	 
	c
	o
	r
	r
	e
	c
	t
	 
	l
	i
	n
	e
	s
	 
	a
	s
	 
	e
	r
	r
	o
	r
	s
	.
	Y
	o
	u
	 
	d
	o
	 
	n
	o
	t
	 
	h
	a
	v
	e
	 
	a
	 
	s
	u
	c
	c
	e
	s
	s
	 
	m
	e
	s
	s
	a
	g
	e
	 
	w
	h
	i
	l
	e
	 
	t
	h
	e
	 
	r
	e
	f
	e
	r
	e
	n
	c
	e
	 
	d
	o
	e
	s
	.
	N
	O
	T
	E
	:
	 
	Y
	o
	u
	r
	 
	s
	u
	c
	c
	e
	s
	s
	 
	m
	e
	s
	s
	a
	g
	e
	 
	m
	u
	s
	t
	 
	c
	o
	n
	t
	a
	i
	n
	 
	t
	h
	e
	 
	w
	o
	r
	d
	 
	"
	(
	S
	|
	s
	)
	u
	c
	c
	e
	e
	d
	e
	d
	"
	,
	 
	"
	(
	S
	|
	s
	)
	u
	c
	c
	e
	s
	s
	"
	,
	 
	"
	S
	U
	C
	C
	E
	S
	S
	"
	,
	 
	o
	r
	 
	"
	S
	U
	C
	C
	E
	E
	D
	E
	D
	"
	;
	 
	t
	h
	i
	s
	 
	c
	a
	n
	 
	b
	e
	 
	c
	h
	a
	n
	g
	e
	d
	 
	i
	n
	 
	r
	u
	n
	n
	e
	r
	.
	p
	y
	.
- Reference output:
	P
	a
	r
	s
	e
	 
	s
	u
	c
	c
	e
	e
	d
	e
	d
	,
	 
	f
	i
	n
	d
	i
	n
	g
	 
	2
	9
	 
	I
	L
	O
	C
	 
	o
	p
	e
	r
	a
	t
	i
	o
	n
	s
	.
- Your output:
	P
	O
	O
	 
	P
	O
	O
	O
	 
	P
	O
	O
	

	M
	u
	s
	t
	 
	s
	p
	e
	c
	i
	f
	y
	 
	a
	 
	f
	i
	l
	e
	 
	n
	a
	m
	e
	 
	a
	f
	t
	e
	r
	 
	t
	h
	e
	 
	f
	l
	a
	g
	.
❌ /clear/courses/comp412/students/ILOC/contributed/2015/lab2/zc12.i failed!
- Summary:
	Y
	o
	u
	 
	i
	d
	e
	n
	t
	i
	f
	i
	e
	d
	 
	0
	/
	0
	 
	e
	r
	r
	o
	r
	s
	 
	c
	o
	r
	r
	e
	c
	t
	l
	y
	.
	Y
	o
	u
	 
	i
	d
	e
	n
	t
	i
	f
	i
	e
	d
	 
	0
	 
	c
	o
	r
	r
	e
	c
	t
	 
	l
	i
	n
	e
	s
	 
	a
	s
	 
	e
	r
	r
	o
	r
	s
	.
	Y
	o
	u
	 
	d
	o
	 
	n
	o
	t
	 
	h
	a
	v
	e
	 
	a
	 
	s
	u
	c
	c
	e
	s
	s
	 
	m
	e
	s
	s
	a
	g
	e
	 
	w
	h
	i
	l
	e
	 
	t
	h
	e
	 
	r
	e
	f
	e
	r
	e
	n
	c
	e
	 
	d
	o
	e
	s
	.
	N
	O
	T
	E
	:
	 
	Y
	o
	u
	r
	 
	s
	u
	c
	c
	e
	s
	s
	 
	m
	e
	s
	s
	a
	g
	e
	 
	m
	u
	s
	t
	 
	c
	o
	n
	t
	a
	i
	n
	 
	t
	h
	e
	 
	w
	o
	r
	d
	 
	"
	(
	S
	|
	s
	)
	u
	c
	c
	e
	e
	d
	e
	d
	"
	,
	 
	"
	(
	S
	|
	s
	)
	u
	c
	c
	e
	s
	s
	"
	,
	 
	"
	S
	U
	C
	C
	E
	S
	S
	"
	,
	 
	o
	r
	 
	"
	S
	U
	C
	C
	E
	E
	D
	E
	D
	"
	;
	 
	t
	h
	i
	s
	 
	c
	a
	n
	 
	b
	e
	 
	c
	h
	a
	n
	g
	e
	d
	 
	i
	n
	 
	r
	u
	n
	n
	e
	r
	.
	p
	y
	.
- Reference output:
	P
	a
	r
	s
	e
	 
	s
	u
	c
	c
	e
	e
	d
	e
	d
	,
	 
	f
	i
	n
	d
	i
	n
	g
	 
	4
	8
	 
	I
	L
	O
	C
	 
	o
	p
	e
	r
	a
	t
	i
	o
	n
	s
	.
- Your output:
	P
	O
	O
	 
	P
	O
	O
	O
	 
	P
	O
	O
	

	M
	u
	s
	t
	 
	s
	p
	e
	c
	i
	f
	y
	 
	a
	 
	f
	i
	l
	e
	 
	n
	a
	m
	e
	 
	a
	f
	t
	e
	r
	 
	t
	h
	e
	 
	f
	l
	a
	g
	.
❌ /clear/courses/comp412/students/ILOC/contributed/2015/lab2/ptd3.i failed!
- Summary:
	Y
	o
	u
	 
	i
	d
	e
	n
	t
	i
	f
	i
	e
	d
	 
	0
	/
	0
	 
	e
	r
	r
	o
	r
	s
	 
	c
	o
	r
	r
	e
	c
	t
	l
	y
	.
	Y
	o
	u
	 
	i
	d
	e
	n
	t
	i
	f
	i
	e
	d
	 
	0
	 
	c
	o
	r
	r
	e
	c
	t
	 
	l
	i
	n
	e
	s
	 
	a
	s
	 
	e
	r
	r
	o
	r
	s
	.
	Y
	o
	u
	 
	d
	o
	 
	n
	o
	t
	 
	h
	a
	v
	e
	 
	a
	 
	s
	u
	c
	c
	e
	s
	s
	 
	m
	e
	s
	s
	a
	g
	e
	 
	w
	h
	i
	l
	e
	 
	t
	h
	e
	 
	r
	e
	f
	e
	r
	e
	n
	c
	e
	 
	d
	o
	e
	s
	.
	N
	O
	T
	E
	:
	 
	Y
	o
	u
	r
	 
	s
	u
	c
	c
	e
	s
	s
	 
	m
	e
	s
	s
	a
	g
	e
	 
	m
	u
	s
	t
	 
	c
	o
	n
	t
	a
	i
	n
	 
	t
	h
	e
	 
	w
	o
	r
	d
	 
	"
	(
	S
	|
	s
	)
	u
	c
	c
	e
	e
	d
	e
	d
	"
	,
	 
	"
	(
	S
	|
	s
	)
	u
	c
	c
	e
	s
	s
	"
	,
	 
	"
	S
	U
	C
	C
	E
	S
	S
	"
	,
	 
	o
	r
	 
	"
	S
	U
	C
	C
	E
	E
	D
	E
	D
	"
	;
	 
	t
	h
	i
	s
	 
	c
	a
	n
	 
	b
	e
	 
	c
	h
	a
	n
	g
	e
	d
	 
	i
	n
	 
	r
	u
	n
	n
	e
	r
	.
	p
	y
	.
- Reference output:
	P
	a
	r
	s
	e
	 
	s
	u
	c
	c
	e
	e
	d
	e
	d
	,
	 
	f
	i
	n
	d
	i
	n
	g
	 
	4
	1
	 
	I
	L
	O
	C
	 
	o
	p
	e
	r
	a
	t
	i
	o
	n
	s
	.
- Your output:
	P
	O
	O
	 
	P
	O
	O
	O
	 
	P
	O
	O
	

	M
	u
	s
	t
	 
	s
	p
	e
	c
	i
	f
	y
	 
	a
	 
	f
	i
	l
	e
	 
	n
	a
	m
	e
	 
	a
	f
	t
	e
	r
	 
	t
	h
	e
	 
	f
	l
	a
	g
	.
❌ /clear/courses/comp412/students/ILOC/contributed/2015/lab2/dh15.i failed!
- Summary:
	Y
	o
	u
	 
	i
	d
	e
	n
	t
	i
	f
	i
	e
	d
	 
	0
	/
	0
	 
	e
	r
	r
	o
	r
	s
	 
	c
	o
	r
	r
	e
	c
	t
	l
	y
	.
	Y
	o
	u
	 
	i
	d
	e
	n
	t
	i
	f
	i
	e
	d
	 
	0
	 
	c
	o
	r
	r
	e
	c
	t
	 
	l
	i
	n
	e
	s
	 
	a
	s
	 
	e
	r
	r
	o
	r
	s
	.
	Y
	o
	u
	 
	d
	o
	 
	n
	o
	t
	 
	h
	a
	v
	e
	 
	a
	 
	s
	u
	c
	c
	e
	s
	s
	 
	m
	e
	s
	s
	a
	g
	e
	 
	w
	h
	i
	l
	e
	 
	t
	h
	e
	 
	r
	e
	f
	e
	r
	e
	n
	c
	e
	 
	d
	o
	e
	s
	.
	N
	O
	T
	E
	:
	 
	Y
	o
	u
	r
	 
	s
	u
	c
	c
	e
	s
	s
	 
	m
	e
	s
	s
	a
	g
	e
	 
	m
	u
	s
	t
	 
	c
	o
	n
	t
	a
	i
	n
	 
	t
	h
	e
	 
	w
	o
	r
	d
	 
	"
	(
	S
	|
	s
	)
	u
	c
	c
	e
	e
	d
	e
	d
	"
	,
	 
	"
	(
	S
	|
	s
	)
	u
	c
	c
	e
	s
	s
	"
	,
	 
	"
	S
	U
	C
	C
	E
	S
	S
	"
	,
	 
	o
	r
	 
	"
	S
	U
	C
	C
	E
	E
	D
	E
	D
	"
	;
	 
	t
	h
	i
	s
	 
	c
	a
	n
	 
	b
	e
	 
	c
	h
	a
	n
	g
	e
	d
	 
	i
	n
	 
	r
	u
	n
	n
	e
	r
	.
	p
	y
	.
- Reference output:
	P
	a
	r
	s
	e
	 
	s
	u
	c
	c
	e
	e
	d
	e
	d
	,
	 
	f
	i
	n
	d
	i
	n
	g
	 
	1
	0
	 
	I
	L
	O
	C
	 
	o
	p
	e
	r
	a
	t
	i
	o
	n
	s
	.
- Your output:
	P
	O
	O
	 
	P
	O
	O
	O
	 
	P
	O
	O
	

	M
	u
	s
	t
	 
	s
	p
	e
	c
	i
	f
	y
	 
	a
	 
	f
	i
	l
	e
	 
	n
	a
	m
	e
	 
	a
	f
	t
	e
	r
	 
	t
	h
	e
	 
	f
	l
	a
	g
	.
❌ /clear/courses/comp412/students/ILOC/contributed/2015/lab2/wl22.i failed!
- Summary:
	Y
	o
	u
	 
	i
	d
	e
	n
	t
	i
	f
	i
	e
	d
	 
	0
	/
	0
	 
	e
	r
	r
	o
	r
	s
	 
	c
	o
	r
	r
	e
	c
	t
	l
	y
	.
	Y
	o
	u
	 
	i
	d
	e
	n
	t
	i
	f
	i
	e
	d
	 
	0
	 
	c
	o
	r
	r
	e
	c
	t
	 
	l
	i
	n
	e
	s
	 
	a
	s
	 
	e
	r
	r
	o
	r
	s
	.
	Y
	o
	u
	 
	d
	o
	 
	n
	o
	t
	 
	h
	a
	v
	e
	 
	a
	 
	s
	u
	c
	c
	e
	s
	s
	 
	m
	e
	s
	s
	a
	g
	e
	 
	w
	h
	i
	l
	e
	 
	t
	h
	e
	 
	r
	e
	f
	e
	r
	e
	n
	c
	e
	 
	d
	o
	e
	s
	.
	N
	O
	T
	E
	:
	 
	Y
	o
	u
	r
	 
	s
	u
	c
	c
	e
	s
	s
	 
	m
	e
	s
	s
	a
	g
	e
	 
	m
	u
	s
	t
	 
	c
	o
	n
	t
	a
	i
	n
	 
	t
	h
	e
	 
	w
	o
	r
	d
	 
	"
	(
	S
	|
	s
	)
	u
	c
	c
	e
	e
	d
	e
	d
	"
	,
	 
	"
	(
	S
	|
	s
	)
	u
	c
	c
	e
	s
	s
	"
	,
	 
	"
	S
	U
	C
	C
	E
	S
	S
	"
	,
	 
	o
	r
	 
	"
	S
	U
	C
	C
	E
	E
	D
	E
	D
	"
	;
	 
	t
	h
	i
	s
	 
	c
	a
	n
	 
	b
	e
	 
	c
	h
	a
	n
	g
	e
	d
	 
	i
	n
	 
	r
	u
	n
	n
	e
	r
	.
	p
	y
	.
- Reference output:
	P
	a
	r
	s
	e
	 
	s
	u
	c
	c
	e
	e
	d
	e
	d
	,
	 
	f
	i
	n
	d
	i
	n
	g
	 
	5
	2
	 
	I
	L
	O
	C
	 
	o
	p
	e
	r
	a
	t
	i
	o
	n
	s
	.
- Your output:
	P
	O
	O
	 
	P
	O
	O
	O
	 
	P
	O
	O
	

	M
	u
	s
	t
	 
	s
	p
	e
	c
	i
	f
	y
	 
	a
	 
	f
	i
	l
	e
	 
	n
	a
	m
	e
	 
	a
	f
	t
	e
	r
	 
	t
	h
	e
	 
	f
	l
	a
	g
	.
❌ /clear/courses/comp412/students/ILOC/contributed/2015/lab2/jnd2.i failed!
- Summary:
	Y
	o
	u
	 
	i
	d
	e
	n
	t
	i
	f
	i
	e
	d
	 
	0
	/
	0
	 
	e
	r
	r
	o
	r
	s
	 
	c
	o
	r
	r
	e
	c
	t
	l
	y
	.
	Y
	o
	u
	 
	i
	d
	e
	n
	t
	i
	f
	i
	e
	d
	 
	0
	 
	c
	o
	r
	r
	e
	c
	t
	 
	l
	i
	n
	e
	s
	 
	a
	s
	 
	e
	r
	r
	o
	r
	s
	.
	Y
	o
	u
	 
	d
	o
	 
	n
	o
	t
	 
	h
	a
	v
	e
	 
	a
	 
	s
	u
	c
	c
	e
	s
	s
	 
	m
	e
	s
	s
	a
	g
	e
	 
	w
	h
	i
	l
	e
	 
	t
	h
	e
	 
	r
	e
	f
	e
	r
	e
	n
	c
	e
	 
	d
	o
	e
	s
	.
	N
	O
	T
	E
	:
	 
	Y
	o
	u
	r
	 
	s
	u
	c
	c
	e
	s
	s
	 
	m
	e
	s
	s
	a
	g
	e
	 
	m
	u
	s
	t
	 
	c
	o
	n
	t
	a
	i
	n
	 
	t
	h
	e
	 
	w
	o
	r
	d
	 
	"
	(
	S
	|
	s
	)
	u
	c
	c
	e
	e
	d
	e
	d
	"
	,
	 
	"
	(
	S
	|
	s
	)
	u
	c
	c
	e
	s
	s
	"
	,
	 
	"
	S
	U
	C
	C
	E
	S
	S
	"
	,
	 
	o
	r
	 
	"
	S
	U
	C
	C
	E
	E
	D
	E
	D
	"
	;
	 
	t
	h
	i
	s
	 
	c
	a
	n
	 
	b
	e
	 
	c
	h
	a
	n
	g
	e
	d
	 
	i
	n
	 
	r
	u
	n
	n
	e
	r
	.
	p
	y
	.
- Reference output:
	P
	a
	r
	s
	e
	 
	s
	u
	c
	c
	e
	e
	d
	e
	d
	,
	 
	f
	i
	n
	d
	i
	n
	g
	 
	7
	3
	 
	I
	L
	O
	C
	 
	o
	p
	e
	r
	a
	t
	i
	o
	n
	s
	.
- Your output:
	P
	O
	O
	 
	P
	O
	O
	O
	 
	P
	O
	O
	

	M
	u
	s
	t
	 
	s
	p
	e
	c
	i
	f
	y
	 
	a
	 
	f
	i
	l
	e
	 
	n
	a
	m
	e
	 
	a
	f
	t
	e
	r
	 
	t
	h
	e
	 
	f
	l
	a
	g
	.
❌ /clear/courses/comp412/students/ILOC/contributed/2015/lab2/kh25.i failed!
- Summary:
	Y
	o
	u
	 
	i
	d
	e
	n
	t
	i
	f
	i
	e
	d
	 
	0
	/
	0
	 
	e
	r
	r
	o
	r
	s
	 
	c
	o
	r
	r
	e
	c
	t
	l
	y
	.
	Y
	o
	u
	 
	i
	d
	e
	n
	t
	i
	f
	i
	e
	d
	 
	0
	 
	c
	o
	r
	r
	e
	c
	t
	 
	l
	i
	n
	e
	s
	 
	a
	s
	 
	e
	r
	r
	o
	r
	s
	.
	Y
	o
	u
	 
	d
	o
	 
	n
	o
	t
	 
	h
	a
	v
	e
	 
	a
	 
	s
	u
	c
	c
	e
	s
	s
	 
	m
	e
	s
	s
	a
	g
	e
	 
	w
	h
	i
	l
	e
	 
	t
	h
	e
	 
	r
	e
	f
	e
	r
	e
	n
	c
	e
	 
	d
	o
	e
	s
	.
	N
	O
	T
	E
	:
	 
	Y
	o
	u
	r
	 
	s
	u
	c
	c
	e
	s
	s
	 
	m
	e
	s
	s
	a
	g
	e
	 
	m
	u
	s
	t
	 
	c
	o
	n
	t
	a
	i
	n
	 
	t
	h
	e
	 
	w
	o
	r
	d
	 
	"
	(
	S
	|
	s
	)
	u
	c
	c
	e
	e
	d
	e
	d
	"
	,
	 
	"
	(
	S
	|
	s
	)
	u
	c
	c
	e
	s
	s
	"
	,
	 
	"
	S
	U
	C
	C
	E
	S
	S
	"
	,
	 
	o
	r
	 
	"
	S
	U
	C
	C
	E
	E
	D
	E
	D
	"
	;
	 
	t
	h
	i
	s
	 
	c
	a
	n
	 
	b
	e
	 
	c
	h
	a
	n
	g
	e
	d
	 
	i
	n
	 
	r
	u
	n
	n
	e
	r
	.
	p
	y
	.
- Reference output:
	P
	a
	r
	s
	e
	 
	s
	u
	c
	c
	e
	e
	d
	e
	d
	,
	 
	f
	i
	n
	d
	i
	n
	g
	 
	2
	9
	 
	I
	L
	O
	C
	 
	o
	p
	e
	r
	a
	t
	i
	o
	n
	s
	.
- Your output:
	P
	O
	O
	 
	P
	O
	O
	O
	 
	P
	O
	O
	

	M
	u
	s
	t
	 
	s
	p
	e
	c
	i
	f
	y
	 
	a
	 
	f
	i
	l
	e
	 
	n
	a
	m
	e
	 
	a
	f
	t
	e
	r
	 
	t
	h
	e
	 
	f
	l
	a
	g
	.
❌ /clear/courses/comp412/students/ILOC/contributed/2015/lab2/med7.i failed!
- Summary:
	Y
	o
	u
	 
	i
	d
	e
	n
	t
	i
	f
	i
	e
	d
	 
	0
	/
	0
	 
	e
	r
	r
	o
	r
	s
	 
	c
	o
	r
	r
	e
	c
	t
	l
	y
	.
	Y
	o
	u
	 
	i
	d
	e
	n
	t
	i
	f
	i
	e
	d
	 
	0
	 
	c
	o
	r
	r
	e
	c
	t
	 
	l
	i
	n
	e
	s
	 
	a
	s
	 
	e
	r
	r
	o
	r
	s
	.
	Y
	o
	u
	 
	d
	o
	 
	n
	o
	t
	 
	h
	a
	v
	e
	 
	a
	 
	s
	u
	c
	c
	e
	s
	s
	 
	m
	e
	s
	s
	a
	g
	e
	 
	w
	h
	i
	l
	e
	 
	t
	h
	e
	 
	r
	e
	f
	e
	r
	e
	n
	c
	e
	 
	d
	o
	e
	s
	.
	N
	O
	T
	E
	:
	 
	Y
	o
	u
	r
	 
	s
	u
	c
	c
	e
	s
	s
	 
	m
	e
	s
	s
	a
	g
	e
	 
	m
	u
	s
	t
	 
	c
	o
	n
	t
	a
	i
	n
	 
	t
	h
	e
	 
	w
	o
	r
	d
	 
	"
	(
	S
	|
	s
	)
	u
	c
	c
	e
	e
	d
	e
	d
	"
	,
	 
	"
	(
	S
	|
	s
	)
	u
	c
	c
	e
	s
	s
	"
	,
	 
	"
	S
	U
	C
	C
	E
	S
	S
	"
	,
	 
	o
	r
	 
	"
	S
	U
	C
	C
	E
	E
	D
	E
	D
	"
	;
	 
	t
	h
	i
	s
	 
	c
	a
	n
	 
	b
	e
	 
	c
	h
	a
	n
	g
	e
	d
	 
	i
	n
	 
	r
	u
	n
	n
	e
	r
	.
	p
	y
	.
- Reference output:
	P
	a
	r
	s
	e
	 
	s
	u
	c
	c
	e
	e
	d
	e
	d
	,
	 
	f
	i
	n
	d
	i
	n
	g
	 
	4
	8
	 
	I
	L
	O
	C
	 
	o
	p
	e
	r
	a
	t
	i
	o
	n
	s
	.
- Your output:
	P
	O
	O
	 
	P
	O
	O
	O
	 
	P
	O
	O
	

	M
	u
	s
	t
	 
	s
	p
	e
	c
	i
	f
	y
	 
	a
	 
	f
	i
	l
	e
	 
	n
	a
	m
	e
	 
	a
	f
	t
	e
	r
	 
	t
	h
	e
	 
	f
	l
	a
	g
	.
❌ /clear/courses/comp412/students/ILOC/contributed/2015/lab2/mmj4.i failed!
- Summary:
	Y
	o
	u
	 
	i
	d
	e
	n
	t
	i
	f
	i
	e
	d
	 
	0
	/
	0
	 
	e
	r
	r
	o
	r
	s
	 
	c
	o
	r
	r
	e
	c
	t
	l
	y
	.
	Y
	o
	u
	 
	i
	d
	e
	n
	t
	i
	f
	i
	e
	d
	 
	0
	 
	c
	o
	r
	r
	e
	c
	t
	 
	l
	i
	n
	e
	s
	 
	a
	s
	 
	e
	r
	r
	o
	r
	s
	.
	Y
	o
	u
	 
	d
	o
	 
	n
	o
	t
	 
	h
	a
	v
	e
	 
	a
	 
	s
	u
	c
	c
	e
	s
	s
	 
	m
	e
	s
	s
	a
	g
	e
	 
	w
	h
	i
	l
	e
	 
	t
	h
	e
	 
	r
	e
	f
	e
	r
	e
	n
	c
	e
	 
	d
	o
	e
	s
	.
	N
	O
	T
	E
	:
	 
	Y
	o
	u
	r
	 
	s
	u
	c
	c
	e
	s
	s
	 
	m
	e
	s
	s
	a
	g
	e
	 
	m
	u
	s
	t
	 
	c
	o
	n
	t
	a
	i
	n
	 
	t
	h
	e
	 
	w
	o
	r
	d
	 
	"
	(
	S
	|
	s
	)
	u
	c
	c
	e
	e
	d
	e
	d
	"
	,
	 
	"
	(
	S
	|
	s
	)
	u
	c
	c
	e
	s
	s
	"
	,
	 
	"
	S
	U
	C
	C
	E
	S
	S
	"
	,
	 
	o
	r
	 
	"
	S
	U
	C
	C
	E
	E
	D
	E
	D
	"
	;
	 
	t
	h
	i
	s
	 
	c
	a
	n
	 
	b
	e
	 
	c
	h
	a
	n
	g
	e
	d
	 
	i
	n
	 
	r
	u
	n
	n
	e
	r
	.
	p
	y
	.
- Reference output:
	P
	a
	r
	s
	e
	 
	s
	u
	c
	c
	e
	e
	d
	e
	d
	,
	 
	f
	i
	n
	d
	i
	n
	g
	 
	4
	4
	 
	I
	L
	O
	C
	 
	o
	p
	e
	r
	a
	t
	i
	o
	n
	s
	.
- Your output:
	P
	O
	O
	 
	P
	O
	O
	O
	 
	P
	O
	O
	

	M
	u
	s
	t
	 
	s
	p
	e
	c
	i
	f
	y
	 
	a
	 
	f
	i
	l
	e
	 
	n
	a
	m
	e
	 
	a
	f
	t
	e
	r
	 
	t
	h
	e
	 
	f
	l
	a
	g
	.
❌ /clear/courses/comp412/students/ILOC/contributed/2015/lab2/lh15.i failed!
- Summary:
	Y
	o
	u
	 
	i
	d
	e
	n
	t
	i
	f
	i
	e
	d
	 
	0
	/
	0
	 
	e
	r
	r
	o
	r
	s
	 
	c
	o
	r
	r
	e
	c
	t
	l
	y
	.
	Y
	o
	u
	 
	i
	d
	e
	n
	t
	i
	f
	i
	e
	d
	 
	0
	 
	c
	o
	r
	r
	e
	c
	t
	 
	l
	i
	n
	e
	s
	 
	a
	s
	 
	e
	r
	r
	o
	r
	s
	.
	Y
	o
	u
	 
	d
	o
	 
	n
	o
	t
	 
	h
	a
	v
	e
	 
	a
	 
	s
	u
	c
	c
	e
	s
	s
	 
	m
	e
	s
	s
	a
	g
	e
	 
	w
	h
	i
	l
	e
	 
	t
	h
	e
	 
	r
	e
	f
	e
	r
	e
	n
	c
	e
	 
	d
	o
	e
	s
	.
	N
	O
	T
	E
	:
	 
	Y
	o
	u
	r
	 
	s
	u
	c
	c
	e
	s
	s
	 
	m
	e
	s
	s
	a
	g
	e
	 
	m
	u
	s
	t
	 
	c
	o
	n
	t
	a
	i
	n
	 
	t
	h
	e
	 
	w
	o
	r
	d
	 
	"
	(
	S
	|
	s
	)
	u
	c
	c
	e
	e
	d
	e
	d
	"
	,
	 
	"
	(
	S
	|
	s
	)
	u
	c
	c
	e
	s
	s
	"
	,
	 
	"
	S
	U
	C
	C
	E
	S
	S
	"
	,
	 
	o
	r
	 
	"
	S
	U
	C
	C
	E
	E
	D
	E
	D
	"
	;
	 
	t
	h
	i
	s
	 
	c
	a
	n
	 
	b
	e
	 
	c
	h
	a
	n
	g
	e
	d
	 
	i
	n
	 
	r
	u
	n
	n
	e
	r
	.
	p
	y
	.
- Reference output:
	P
	a
	r
	s
	e
	 
	s
	u
	c
	c
	e
	e
	d
	e
	d
	,
	 
	f
	i
	n
	d
	i
	n
	g
	 
	1
	6
	 
	I
	L
	O
	C
	 
	o
	p
	e
	r
	a
	t
	i
	o
	n
	s
	.
- Your output:
	P
	O
	O
	 
	P
	O
	O
	O
	 
	P
	O
	O
	

	M
	u
	s
	t
	 
	s
	p
	e
	c
	i
	f
	y
	 
	a
	 
	f
	i
	l
	e
	 
	n
	a
	m
	e
	 
	a
	f
	t
	e
	r
	 
	t
	h
	e
	 
	f
	l
	a
	g
	.
❌ /clear/courses/comp412/students/ILOC/contributed/2015/lab2/cl41.i failed!
- Summary:
	Y
	o
	u
	 
	i
	d
	e
	n
	t
	i
	f
	i
	e
	d
	 
	0
	/
	0
	 
	e
	r
	r
	o
	r
	s
	 
	c
	o
	r
	r
	e
	c
	t
	l
	y
	.
	Y
	o
	u
	 
	i
	d
	e
	n
	t
	i
	f
	i
	e
	d
	 
	0
	 
	c
	o
	r
	r
	e
	c
	t
	 
	l
	i
	n
	e
	s
	 
	a
	s
	 
	e
	r
	r
	o
	r
	s
	.
	Y
	o
	u
	 
	d
	o
	 
	n
	o
	t
	 
	h
	a
	v
	e
	 
	a
	 
	s
	u
	c
	c
	e
	s
	s
	 
	m
	e
	s
	s
	a
	g
	e
	 
	w
	h
	i
	l
	e
	 
	t
	h
	e
	 
	r
	e
	f
	e
	r
	e
	n
	c
	e
	 
	d
	o
	e
	s
	.
	N
	O
	T
	E
	:
	 
	Y
	o
	u
	r
	 
	s
	u
	c
	c
	e
	s
	s
	 
	m
	e
	s
	s
	a
	g
	e
	 
	m
	u
	s
	t
	 
	c
	o
	n
	t
	a
	i
	n
	 
	t
	h
	e
	 
	w
	o
	r
	d
	 
	"
	(
	S
	|
	s
	)
	u
	c
	c
	e
	e
	d
	e
	d
	"
	,
	 
	"
	(
	S
	|
	s
	)
	u
	c
	c
	e
	s
	s
	"
	,
	 
	"
	S
	U
	C
	C
	E
	S
	S
	"
	,
	 
	o
	r
	 
	"
	S
	U
	C
	C
	E
	E
	D
	E
	D
	"
	;
	 
	t
	h
	i
	s
	 
	c
	a
	n
	 
	b
	e
	 
	c
	h
	a
	n
	g
	e
	d
	 
	i
	n
	 
	r
	u
	n
	n
	e
	r
	.
	p
	y
	.
- Reference output:
	P
	a
	r
	s
	e
	 
	s
	u
	c
	c
	e
	e
	d
	e
	d
	,
	 
	f
	i
	n
	d
	i
	n
	g
	 
	3
	0
	 
	I
	L
	O
	C
	 
	o
	p
	e
	r
	a
	t
	i
	o
	n
	s
	.
- Your output:
	P
	O
	O
	 
	P
	O
	O
	O
	 
	P
	O
	O
	

	M
	u
	s
	t
	 
	s
	p
	e
	c
	i
	f
	y
	 
	a
	 
	f
	i
	l
	e
	 
	n
	a
	m
	e
	 
	a
	f
	t
	e
	r
	 
	t
	h
	e
	 
	f
	l
	a
	g
	.
❌ /clear/courses/comp412/students/ILOC/contributed/2015/lab2/kws4.i failed!
- Summary:
	Y
	o
	u
	 
	i
	d
	e
	n
	t
	i
	f
	i
	e
	d
	 
	0
	/
	0
	 
	e
	r
	r
	o
	r
	s
	 
	c
	o
	r
	r
	e
	c
	t
	l
	y
	.
	Y
	o
	u
	 
	i
	d
	e
	n
	t
	i
	f
	i
	e
	d
	 
	0
	 
	c
	o
	r
	r
	e
	c
	t
	 
	l
	i
	n
	e
	s
	 
	a
	s
	 
	e
	r
	r
	o
	r
	s
	.
	Y
	o
	u
	 
	d
	o
	 
	n
	o
	t
	 
	h
	a
	v
	e
	 
	a
	 
	s
	u
	c
	c
	e
	s
	s
	 
	m
	e
	s
	s
	a
	g
	e
	 
	w
	h
	i
	l
	e
	 
	t
	h
	e
	 
	r
	e
	f
	e
	r
	e
	n
	c
	e
	 
	d
	o
	e
	s
	.
	N
	O
	T
	E
	:
	 
	Y
	o
	u
	r
	 
	s
	u
	c
	c
	e
	s
	s
	 
	m
	e
	s
	s
	a
	g
	e
	 
	m
	u
	s
	t
	 
	c
	o
	n
	t
	a
	i
	n
	 
	t
	h
	e
	 
	w
	o
	r
	d
	 
	"
	(
	S
	|
	s
	)
	u
	c
	c
	e
	e
	d
	e
	d
	"
	,
	 
	"
	(
	S
	|
	s
	)
	u
	c
	c
	e
	s
	s
	"
	,
	 
	"
	S
	U
	C
	C
	E
	S
	S
	"
	,
	 
	o
	r
	 
	"
	S
	U
	C
	C
	E
	E
	D
	E
	D
	"
	;
	 
	t
	h
	i
	s
	 
	c
	a
	n
	 
	b
	e
	 
	c
	h
	a
	n
	g
	e
	d
	 
	i
	n
	 
	r
	u
	n
	n
	e
	r
	.
	p
	y
	.
- Reference output:
	P
	a
	r
	s
	e
	 
	s
	u
	c
	c
	e
	e
	d
	e
	d
	,
	 
	f
	i
	n
	d
	i
	n
	g
	 
	6
	2
	 
	I
	L
	O
	C
	 
	o
	p
	e
	r
	a
	t
	i
	o
	n
	s
	.
- Your output:
	P
	O
	O
	 
	P
	O
	O
	O
	 
	P
	O
	O
	

	M
	u
	s
	t
	 
	s
	p
	e
	c
	i
	f
	y
	 
	a
	 
	f
	i
	l
	e
	 
	n
	a
	m
	e
	 
	a
	f
	t
	e
	r
	 
	t
	h
	e
	 
	f
	l
	a
	g
	.
❌ /clear/courses/comp412/students/ILOC/contributed/2015/lab2/dw20.i failed!
- Summary:
	Y
	o
	u
	 
	i
	d
	e
	n
	t
	i
	f
	i
	e
	d
	 
	0
	/
	0
	 
	e
	r
	r
	o
	r
	s
	 
	c
	o
	r
	r
	e
	c
	t
	l
	y
	.
	Y
	o
	u
	 
	i
	d
	e
	n
	t
	i
	f
	i
	e
	d
	 
	0
	 
	c
	o
	r
	r
	e
	c
	t
	 
	l
	i
	n
	e
	s
	 
	a
	s
	 
	e
	r
	r
	o
	r
	s
	.
	Y
	o
	u
	 
	d
	o
	 
	n
	o
	t
	 
	h
	a
	v
	e
	 
	a
	 
	s
	u
	c
	c
	e
	s
	s
	 
	m
	e
	s
	s
	a
	g
	e
	 
	w
	h
	i
	l
	e
	 
	t
	h
	e
	 
	r
	e
	f
	e
	r
	e
	n
	c
	e
	 
	d
	o
	e
	s
	.
	N
	O
	T
	E
	:
	 
	Y
	o
	u
	r
	 
	s
	u
	c
	c
	e
	s
	s
	 
	m
	e
	s
	s
	a
	g
	e
	 
	m
	u
	s
	t
	 
	c
	o
	n
	t
	a
	i
	n
	 
	t
	h
	e
	 
	w
	o
	r
	d
	 
	"
	(
	S
	|
	s
	)
	u
	c
	c
	e
	e
	d
	e
	d
	"
	,
	 
	"
	(
	S
	|
	s
	)
	u
	c
	c
	e
	s
	s
	"
	,
	 
	"
	S
	U
	C
	C
	E
	S
	S
	"
	,
	 
	o
	r
	 
	"
	S
	U
	C
	C
	E
	E
	D
	E
	D
	"
	;
	 
	t
	h
	i
	s
	 
	c
	a
	n
	 
	b
	e
	 
	c
	h
	a
	n
	g
	e
	d
	 
	i
	n
	 
	r
	u
	n
	n
	e
	r
	.
	p
	y
	.
- Reference output:
	P
	a
	r
	s
	e
	 
	s
	u
	c
	c
	e
	e
	d
	e
	d
	,
	 
	f
	i
	n
	d
	i
	n
	g
	 
	3
	3
	 
	I
	L
	O
	C
	 
	o
	p
	e
	r
	a
	t
	i
	o
	n
	s
	.
- Your output:
	P
	O
	O
	 
	P
	O
	O
	O
	 
	P
	O
	O
	

	M
	u
	s
	t
	 
	s
	p
	e
	c
	i
	f
	y
	 
	a
	 
	f
	i
	l
	e
	 
	n
	a
	m
	e
	 
	a
	f
	t
	e
	r
	 
	t
	h
	e
	 
	f
	l
	a
	g
	.
❌ /clear/courses/comp412/students/ILOC/contributed/2015/lab2/clf6.i failed!
- Summary:
	Y
	o
	u
	 
	i
	d
	e
	n
	t
	i
	f
	i
	e
	d
	 
	0
	/
	0
	 
	e
	r
	r
	o
	r
	s
	 
	c
	o
	r
	r
	e
	c
	t
	l
	y
	.
	Y
	o
	u
	 
	i
	d
	e
	n
	t
	i
	f
	i
	e
	d
	 
	0
	 
	c
	o
	r
	r
	e
	c
	t
	 
	l
	i
	n
	e
	s
	 
	a
	s
	 
	e
	r
	r
	o
	r
	s
	.
	Y
	o
	u
	 
	d
	o
	 
	n
	o
	t
	 
	h
	a
	v
	e
	 
	a
	 
	s
	u
	c
	c
	e
	s
	s
	 
	m
	e
	s
	s
	a
	g
	e
	 
	w
	h
	i
	l
	e
	 
	t
	h
	e
	 
	r
	e
	f
	e
	r
	e
	n
	c
	e
	 
	d
	o
	e
	s
	.
	N
	O
	T
	E
	:
	 
	Y
	o
	u
	r
	 
	s
	u
	c
	c
	e
	s
	s
	 
	m
	e
	s
	s
	a
	g
	e
	 
	m
	u
	s
	t
	 
	c
	o
	n
	t
	a
	i
	n
	 
	t
	h
	e
	 
	w
	o
	r
	d
	 
	"
	(
	S
	|
	s
	)
	u
	c
	c
	e
	e
	d
	e
	d
	"
	,
	 
	"
	(
	S
	|
	s
	)
	u
	c
	c
	e
	s
	s
	"
	,
	 
	"
	S
	U
	C
	C
	E
	S
	S
	"
	,
	 
	o
	r
	 
	"
	S
	U
	C
	C
	E
	E
	D
	E
	D
	"
	;
	 
	t
	h
	i
	s
	 
	c
	a
	n
	 
	b
	e
	 
	c
	h
	a
	n
	g
	e
	d
	 
	i
	n
	 
	r
	u
	n
	n
	e
	r
	.
	p
	y
	.
- Reference output:
	P
	a
	r
	s
	e
	 
	s
	u
	c
	c
	e
	e
	d
	e
	d
	,
	 
	f
	i
	n
	d
	i
	n
	g
	 
	1
	6
	 
	I
	L
	O
	C
	 
	o
	p
	e
	r
	a
	t
	i
	o
	n
	s
	.
- Your output:
	P
	O
	O
	 
	P
	O
	O
	O
	 
	P
	O
	O
	

	M
	u
	s
	t
	 
	s
	p
	e
	c
	i
	f
	y
	 
	a
	 
	f
	i
	l
	e
	 
	n
	a
	m
	e
	 
	a
	f
	t
	e
	r
	 
	t
	h
	e
	 
	f
	l
	a
	g
	.
❌ /clear/courses/comp412/students/ILOC/contributed/2015/lab2/meh9.i failed!
- Summary:
	Y
	o
	u
	 
	i
	d
	e
	n
	t
	i
	f
	i
	e
	d
	 
	0
	/
	0
	 
	e
	r
	r
	o
	r
	s
	 
	c
	o
	r
	r
	e
	c
	t
	l
	y
	.
	Y
	o
	u
	 
	i
	d
	e
	n
	t
	i
	f
	i
	e
	d
	 
	0
	 
	c
	o
	r
	r
	e
	c
	t
	 
	l
	i
	n
	e
	s
	 
	a
	s
	 
	e
	r
	r
	o
	r
	s
	.
	Y
	o
	u
	 
	d
	o
	 
	n
	o
	t
	 
	h
	a
	v
	e
	 
	a
	 
	s
	u
	c
	c
	e
	s
	s
	 
	m
	e
	s
	s
	a
	g
	e
	 
	w
	h
	i
	l
	e
	 
	t
	h
	e
	 
	r
	e
	f
	e
	r
	e
	n
	c
	e
	 
	d
	o
	e
	s
	.
	N
	O
	T
	E
	:
	 
	Y
	o
	u
	r
	 
	s
	u
	c
	c
	e
	s
	s
	 
	m
	e
	s
	s
	a
	g
	e
	 
	m
	u
	s
	t
	 
	c
	o
	n
	t
	a
	i
	n
	 
	t
	h
	e
	 
	w
	o
	r
	d
	 
	"
	(
	S
	|
	s
	)
	u
	c
	c
	e
	e
	d
	e
	d
	"
	,
	 
	"
	(
	S
	|
	s
	)
	u
	c
	c
	e
	s
	s
	"
	,
	 
	"
	S
	U
	C
	C
	E
	S
	S
	"
	,
	 
	o
	r
	 
	"
	S
	U
	C
	C
	E
	E
	D
	E
	D
	"
	;
	 
	t
	h
	i
	s
	 
	c
	a
	n
	 
	b
	e
	 
	c
	h
	a
	n
	g
	e
	d
	 
	i
	n
	 
	r
	u
	n
	n
	e
	r
	.
	p
	y
	.
- Reference output:
	P
	a
	r
	s
	e
	 
	s
	u
	c
	c
	e
	e
	d
	e
	d
	,
	 
	f
	i
	n
	d
	i
	n
	g
	 
	5
	4
	 
	I
	L
	O
	C
	 
	o
	p
	e
	r
	a
	t
	i
	o
	n
	s
	.
- Your output:
	P
	O
	O
	 
	P
	O
	O
	O
	 
	P
	O
	O
	

	M
	u
	s
	t
	 
	s
	p
	e
	c
	i
	f
	y
	 
	a
	 
	f
	i
	l
	e
	 
	n
	a
	m
	e
	 
	a
	f
	t
	e
	r
	 
	t
	h
	e
	 
	f
	l
	a
	g
	.
❌ /clear/courses/comp412/students/ILOC/contributed/2015/lab2/jml13.i failed!
- Summary:
	Y
	o
	u
	 
	i
	d
	e
	n
	t
	i
	f
	i
	e
	d
	 
	0
	/
	0
	 
	e
	r
	r
	o
	r
	s
	 
	c
	o
	r
	r
	e
	c
	t
	l
	y
	.
	Y
	o
	u
	 
	i
	d
	e
	n
	t
	i
	f
	i
	e
	d
	 
	0
	 
	c
	o
	r
	r
	e
	c
	t
	 
	l
	i
	n
	e
	s
	 
	a
	s
	 
	e
	r
	r
	o
	r
	s
	.
	Y
	o
	u
	 
	d
	o
	 
	n
	o
	t
	 
	h
	a
	v
	e
	 
	a
	 
	s
	u
	c
	c
	e
	s
	s
	 
	m
	e
	s
	s
	a
	g
	e
	 
	w
	h
	i
	l
	e
	 
	t
	h
	e
	 
	r
	e
	f
	e
	r
	e
	n
	c
	e
	 
	d
	o
	e
	s
	.
	N
	O
	T
	E
	:
	 
	Y
	o
	u
	r
	 
	s
	u
	c
	c
	e
	s
	s
	 
	m
	e
	s
	s
	a
	g
	e
	 
	m
	u
	s
	t
	 
	c
	o
	n
	t
	a
	i
	n
	 
	t
	h
	e
	 
	w
	o
	r
	d
	 
	"
	(
	S
	|
	s
	)
	u
	c
	c
	e
	e
	d
	e
	d
	"
	,
	 
	"
	(
	S
	|
	s
	)
	u
	c
	c
	e
	s
	s
	"
	,
	 
	"
	S
	U
	C
	C
	E
	S
	S
	"
	,
	 
	o
	r
	 
	"
	S
	U
	C
	C
	E
	E
	D
	E
	D
	"
	;
	 
	t
	h
	i
	s
	 
	c
	a
	n
	 
	b
	e
	 
	c
	h
	a
	n
	g
	e
	d
	 
	i
	n
	 
	r
	u
	n
	n
	e
	r
	.
	p
	y
	.
- Reference output:
	P
	a
	r
	s
	e
	 
	s
	u
	c
	c
	e
	e
	d
	e
	d
	,
	 
	f
	i
	n
	d
	i
	n
	g
	 
	3
	0
	 
	I
	L
	O
	C
	 
	o
	p
	e
	r
	a
	t
	i
	o
	n
	s
	.
- Your output:
	P
	O
	O
	 
	P
	O
	O
	O
	 
	P
	O
	O
	

	M
	u
	s
	t
	 
	s
	p
	e
	c
	i
	f
	y
	 
	a
	 
	f
	i
	l
	e
	 
	n
	a
	m
	e
	 
	a
	f
	t
	e
	r
	 
	t
	h
	e
	 
	f
	l
	a
	g
	.
❌ /clear/courses/comp412/students/ILOC/contributed/2015/lab2/bsl3.i failed!
- Summary:
	Y
	o
	u
	 
	i
	d
	e
	n
	t
	i
	f
	i
	e
	d
	 
	0
	/
	0
	 
	e
	r
	r
	o
	r
	s
	 
	c
	o
	r
	r
	e
	c
	t
	l
	y
	.
	Y
	o
	u
	 
	i
	d
	e
	n
	t
	i
	f
	i
	e
	d
	 
	0
	 
	c
	o
	r
	r
	e
	c
	t
	 
	l
	i
	n
	e
	s
	 
	a
	s
	 
	e
	r
	r
	o
	r
	s
	.
	Y
	o
	u
	 
	d
	o
	 
	n
	o
	t
	 
	h
	a
	v
	e
	 
	a
	 
	s
	u
	c
	c
	e
	s
	s
	 
	m
	e
	s
	s
	a
	g
	e
	 
	w
	h
	i
	l
	e
	 
	t
	h
	e
	 
	r
	e
	f
	e
	r
	e
	n
	c
	e
	 
	d
	o
	e
	s
	.
	N
	O
	T
	E
	:
	 
	Y
	o
	u
	r
	 
	s
	u
	c
	c
	e
	s
	s
	 
	m
	e
	s
	s
	a
	g
	e
	 
	m
	u
	s
	t
	 
	c
	o
	n
	t
	a
	i
	n
	 
	t
	h
	e
	 
	w
	o
	r
	d
	 
	"
	(
	S
	|
	s
	)
	u
	c
	c
	e
	e
	d
	e
	d
	"
	,
	 
	"
	(
	S
	|
	s
	)
	u
	c
	c
	e
	s
	s
	"
	,
	 
	"
	S
	U
	C
	C
	E
	S
	S
	"
	,
	 
	o
	r
	 
	"
	S
	U
	C
	C
	E
	E
	D
	E
	D
	"
	;
	 
	t
	h
	i
	s
	 
	c
	a
	n
	 
	b
	e
	 
	c
	h
	a
	n
	g
	e
	d
	 
	i
	n
	 
	r
	u
	n
	n
	e
	r
	.
	p
	y
	.
- Reference output:
	P
	a
	r
	s
	e
	 
	s
	u
	c
	c
	e
	e
	d
	e
	d
	,
	 
	f
	i
	n
	d
	i
	n
	g
	 
	2
	4
	 
	I
	L
	O
	C
	 
	o
	p
	e
	r
	a
	t
	i
	o
	n
	s
	.
- Your output:
	P
	O
	O
	 
	P
	O
	O
	O
	 
	P
	O
	O
	

	M
	u
	s
	t
	 
	s
	p
	e
	c
	i
	f
	y
	 
	a
	 
	f
	i
	l
	e
	 
	n
	a
	m
	e
	 
	a
	f
	t
	e
	r
	 
	t
	h
	e
	 
	f
	l
	a
	g
	.
❌ /clear/courses/comp412/students/ILOC/contributed/2015/lab2/pd22.i failed!
- Summary:
	Y
	o
	u
	 
	i
	d
	e
	n
	t
	i
	f
	i
	e
	d
	 
	0
	/
	0
	 
	e
	r
	r
	o
	r
	s
	 
	c
	o
	r
	r
	e
	c
	t
	l
	y
	.
	Y
	o
	u
	 
	i
	d
	e
	n
	t
	i
	f
	i
	e
	d
	 
	0
	 
	c
	o
	r
	r
	e
	c
	t
	 
	l
	i
	n
	e
	s
	 
	a
	s
	 
	e
	r
	r
	o
	r
	s
	.
	Y
	o
	u
	 
	d
	o
	 
	n
	o
	t
	 
	h
	a
	v
	e
	 
	a
	 
	s
	u
	c
	c
	e
	s
	s
	 
	m
	e
	s
	s
	a
	g
	e
	 
	w
	h
	i
	l
	e
	 
	t
	h
	e
	 
	r
	e
	f
	e
	r
	e
	n
	c
	e
	 
	d
	o
	e
	s
	.
	N
	O
	T
	E
	:
	 
	Y
	o
	u
	r
	 
	s
	u
	c
	c
	e
	s
	s
	 
	m
	e
	s
	s
	a
	g
	e
	 
	m
	u
	s
	t
	 
	c
	o
	n
	t
	a
	i
	n
	 
	t
	h
	e
	 
	w
	o
	r
	d
	 
	"
	(
	S
	|
	s
	)
	u
	c
	c
	e
	e
	d
	e
	d
	"
	,
	 
	"
	(
	S
	|
	s
	)
	u
	c
	c
	e
	s
	s
	"
	,
	 
	"
	S
	U
	C
	C
	E
	S
	S
	"
	,
	 
	o
	r
	 
	"
	S
	U
	C
	C
	E
	E
	D
	E
	D
	"
	;
	 
	t
	h
	i
	s
	 
	c
	a
	n
	 
	b
	e
	 
	c
	h
	a
	n
	g
	e
	d
	 
	i
	n
	 
	r
	u
	n
	n
	e
	r
	.
	p
	y
	.
- Reference output:
	P
	a
	r
	s
	e
	 
	s
	u
	c
	c
	e
	e
	d
	e
	d
	,
	 
	f
	i
	n
	d
	i
	n
	g
	 
	5
	4
	 
	I
	L
	O
	C
	 
	o
	p
	e
	r
	a
	t
	i
	o
	n
	s
	.
- Your output:
	P
	O
	O
	 
	P
	O
	O
	O
	 
	P
	O
	O
	

	M
	u
	s
	t
	 
	s
	p
	e
	c
	i
	f
	y
	 
	a
	 
	f
	i
	l
	e
	 
	n
	a
	m
	e
	 
	a
	f
	t
	e
	r
	 
	t
	h
	e
	 
	f
	l
	a
	g
	.
❌ /clear/courses/comp412/students/ILOC/contributed/2015/lab2/pat2.i failed!
- Summary:
	Y
	o
	u
	 
	i
	d
	e
	n
	t
	i
	f
	i
	e
	d
	 
	0
	/
	0
	 
	e
	r
	r
	o
	r
	s
	 
	c
	o
	r
	r
	e
	c
	t
	l
	y
	.
	Y
	o
	u
	 
	i
	d
	e
	n
	t
	i
	f
	i
	e
	d
	 
	0
	 
	c
	o
	r
	r
	e
	c
	t
	 
	l
	i
	n
	e
	s
	 
	a
	s
	 
	e
	r
	r
	o
	r
	s
	.
	Y
	o
	u
	 
	d
	o
	 
	n
	o
	t
	 
	h
	a
	v
	e
	 
	a
	 
	s
	u
	c
	c
	e
	s
	s
	 
	m
	e
	s
	s
	a
	g
	e
	 
	w
	h
	i
	l
	e
	 
	t
	h
	e
	 
	r
	e
	f
	e
	r
	e
	n
	c
	e
	 
	d
	o
	e
	s
	.
	N
	O
	T
	E
	:
	 
	Y
	o
	u
	r
	 
	s
	u
	c
	c
	e
	s
	s
	 
	m
	e
	s
	s
	a
	g
	e
	 
	m
	u
	s
	t
	 
	c
	o
	n
	t
	a
	i
	n
	 
	t
	h
	e
	 
	w
	o
	r
	d
	 
	"
	(
	S
	|
	s
	)
	u
	c
	c
	e
	e
	d
	e
	d
	"
	,
	 
	"
	(
	S
	|
	s
	)
	u
	c
	c
	e
	s
	s
	"
	,
	 
	"
	S
	U
	C
	C
	E
	S
	S
	"
	,
	 
	o
	r
	 
	"
	S
	U
	C
	C
	E
	E
	D
	E
	D
	"
	;
	 
	t
	h
	i
	s
	 
	c
	a
	n
	 
	b
	e
	 
	c
	h
	a
	n
	g
	e
	d
	 
	i
	n
	 
	r
	u
	n
	n
	e
	r
	.
	p
	y
	.
- Reference output:
	P
	a
	r
	s
	e
	 
	s
	u
	c
	c
	e
	e
	d
	e
	d
	,
	 
	f
	i
	n
	d
	i
	n
	g
	 
	3
	9
	8
	 
	I
	L
	O
	C
	 
	o
	p
	e
	r
	a
	t
	i
	o
	n
	s
	.
- Your output:
	P
	O
	O
	 
	P
	O
	O
	O
	 
	P
	O
	O
	

	M
	u
	s
	t
	 
	s
	p
	e
	c
	i
	f
	y
	 
	a
	 
	f
	i
	l
	e
	 
	n
	a
	m
	e
	 
	a
	f
	t
	e
	r
	 
	t
	h
	e
	 
	f
	l
	a
	g
	.
❌ /clear/courses/comp412/students/ILOC/contributed/2015/lab2/arb11.i failed!
- Summary:
	Y
	o
	u
	 
	i
	d
	e
	n
	t
	i
	f
	i
	e
	d
	 
	0
	/
	0
	 
	e
	r
	r
	o
	r
	s
	 
	c
	o
	r
	r
	e
	c
	t
	l
	y
	.
	Y
	o
	u
	 
	i
	d
	e
	n
	t
	i
	f
	i
	e
	d
	 
	0
	 
	c
	o
	r
	r
	e
	c
	t
	 
	l
	i
	n
	e
	s
	 
	a
	s
	 
	e
	r
	r
	o
	r
	s
	.
	Y
	o
	u
	 
	d
	o
	 
	n
	o
	t
	 
	h
	a
	v
	e
	 
	a
	 
	s
	u
	c
	c
	e
	s
	s
	 
	m
	e
	s
	s
	a
	g
	e
	 
	w
	h
	i
	l
	e
	 
	t
	h
	e
	 
	r
	e
	f
	e
	r
	e
	n
	c
	e
	 
	d
	o
	e
	s
	.
	N
	O
	T
	E
	:
	 
	Y
	o
	u
	r
	 
	s
	u
	c
	c
	e
	s
	s
	 
	m
	e
	s
	s
	a
	g
	e
	 
	m
	u
	s
	t
	 
	c
	o
	n
	t
	a
	i
	n
	 
	t
	h
	e
	 
	w
	o
	r
	d
	 
	"
	(
	S
	|
	s
	)
	u
	c
	c
	e
	e
	d
	e
	d
	"
	,
	 
	"
	(
	S
	|
	s
	)
	u
	c
	c
	e
	s
	s
	"
	,
	 
	"
	S
	U
	C
	C
	E
	S
	S
	"
	,
	 
	o
	r
	 
	"
	S
	U
	C
	C
	E
	E
	D
	E
	D
	"
	;
	 
	t
	h
	i
	s
	 
	c
	a
	n
	 
	b
	e
	 
	c
	h
	a
	n
	g
	e
	d
	 
	i
	n
	 
	r
	u
	n
	n
	e
	r
	.
	p
	y
	.
- Reference output:
	P
	a
	r
	s
	e
	 
	s
	u
	c
	c
	e
	e
	d
	e
	d
	,
	 
	f
	i
	n
	d
	i
	n
	g
	 
	2
	6
	 
	I
	L
	O
	C
	 
	o
	p
	e
	r
	a
	t
	i
	o
	n
	s
	.
- Your output:
	P
	O
	O
	 
	P
	O
	O
	O
	 
	P
	O
	O
	

	M
	u
	s
	t
	 
	s
	p
	e
	c
	i
	f
	y
	 
	a
	 
	f
	i
	l
	e
	 
	n
	a
	m
	e
	 
	a
	f
	t
	e
	r
	 
	t
	h
	e
	 
	f
	l
	a
	g
	.
❌ /clear/courses/comp412/students/ILOC/contributed/2015/lab2/jbk2.i failed!
- Summary:
	Y
	o
	u
	 
	i
	d
	e
	n
	t
	i
	f
	i
	e
	d
	 
	0
	/
	0
	 
	e
	r
	r
	o
	r
	s
	 
	c
	o
	r
	r
	e
	c
	t
	l
	y
	.
	Y
	o
	u
	 
	i
	d
	e
	n
	t
	i
	f
	i
	e
	d
	 
	0
	 
	c
	o
	r
	r
	e
	c
	t
	 
	l
	i
	n
	e
	s
	 
	a
	s
	 
	e
	r
	r
	o
	r
	s
	.
	Y
	o
	u
	 
	d
	o
	 
	n
	o
	t
	 
	h
	a
	v
	e
	 
	a
	 
	s
	u
	c
	c
	e
	s
	s
	 
	m
	e
	s
	s
	a
	g
	e
	 
	w
	h
	i
	l
	e
	 
	t
	h
	e
	 
	r
	e
	f
	e
	r
	e
	n
	c
	e
	 
	d
	o
	e
	s
	.
	N
	O
	T
	E
	:
	 
	Y
	o
	u
	r
	 
	s
	u
	c
	c
	e
	s
	s
	 
	m
	e
	s
	s
	a
	g
	e
	 
	m
	u
	s
	t
	 
	c
	o
	n
	t
	a
	i
	n
	 
	t
	h
	e
	 
	w
	o
	r
	d
	 
	"
	(
	S
	|
	s
	)
	u
	c
	c
	e
	e
	d
	e
	d
	"
	,
	 
	"
	(
	S
	|
	s
	)
	u
	c
	c
	e
	s
	s
	"
	,
	 
	"
	S
	U
	C
	C
	E
	S
	S
	"
	,
	 
	o
	r
	 
	"
	S
	U
	C
	C
	E
	E
	D
	E
	D
	"
	;
	 
	t
	h
	i
	s
	 
	c
	a
	n
	 
	b
	e
	 
	c
	h
	a
	n
	g
	e
	d
	 
	i
	n
	 
	r
	u
	n
	n
	e
	r
	.
	p
	y
	.
- Reference output:
	P
	a
	r
	s
	e
	 
	s
	u
	c
	c
	e
	e
	d
	e
	d
	,
	 
	f
	i
	n
	d
	i
	n
	g
	 
	1
	6
	5
	 
	I
	L
	O
	C
	 
	o
	p
	e
	r
	a
	t
	i
	o
	n
	s
	.
- Your output:
	P
	O
	O
	 
	P
	O
	O
	O
	 
	P
	O
	O
	

	M
	u
	s
	t
	 
	s
	p
	e
	c
	i
	f
	y
	 
	a
	 
	f
	i
	l
	e
	 
	n
	a
	m
	e
	 
	a
	f
	t
	e
	r
	 
	t
	h
	e
	 
	f
	l
	a
	g
	.
❌ /clear/courses/comp412/students/ILOC/contributed/2015/lab2/xal1.i failed!
- Summary:
	Y
	o
	u
	 
	i
	d
	e
	n
	t
	i
	f
	i
	e
	d
	 
	0
	/
	0
	 
	e
	r
	r
	o
	r
	s
	 
	c
	o
	r
	r
	e
	c
	t
	l
	y
	.
	Y
	o
	u
	 
	i
	d
	e
	n
	t
	i
	f
	i
	e
	d
	 
	0
	 
	c
	o
	r
	r
	e
	c
	t
	 
	l
	i
	n
	e
	s
	 
	a
	s
	 
	e
	r
	r
	o
	r
	s
	.
	Y
	o
	u
	 
	d
	o
	 
	n
	o
	t
	 
	h
	a
	v
	e
	 
	a
	 
	s
	u
	c
	c
	e
	s
	s
	 
	m
	e
	s
	s
	a
	g
	e
	 
	w
	h
	i
	l
	e
	 
	t
	h
	e
	 
	r
	e
	f
	e
	r
	e
	n
	c
	e
	 
	d
	o
	e
	s
	.
	N
	O
	T
	E
	:
	 
	Y
	o
	u
	r
	 
	s
	u
	c
	c
	e
	s
	s
	 
	m
	e
	s
	s
	a
	g
	e
	 
	m
	u
	s
	t
	 
	c
	o
	n
	t
	a
	i
	n
	 
	t
	h
	e
	 
	w
	o
	r
	d
	 
	"
	(
	S
	|
	s
	)
	u
	c
	c
	e
	e
	d
	e
	d
	"
	,
	 
	"
	(
	S
	|
	s
	)
	u
	c
	c
	e
	s
	s
	"
	,
	 
	"
	S
	U
	C
	C
	E
	S
	S
	"
	,
	 
	o
	r
	 
	"
	S
	U
	C
	C
	E
	E
	D
	E
	D
	"
	;
	 
	t
	h
	i
	s
	 
	c
	a
	n
	 
	b
	e
	 
	c
	h
	a
	n
	g
	e
	d
	 
	i
	n
	 
	r
	u
	n
	n
	e
	r
	.
	p
	y
	.
- Reference output:
	P
	a
	r
	s
	e
	 
	s
	u
	c
	c
	e
	e
	d
	e
	d
	,
	 
	f
	i
	n
	d
	i
	n
	g
	 
	2
	8
	 
	I
	L
	O
	C
	 
	o
	p
	e
	r
	a
	t
	i
	o
	n
	s
	.
- Your output:
	P
	O
	O
	 
	P
	O
	O
	O
	 
	P
	O
	O
	

	M
	u
	s
	t
	 
	s
	p
	e
	c
	i
	f
	y
	 
	a
	 
	f
	i
	l
	e
	 
	n
	a
	m
	e
	 
	a
	f
	t
	e
	r
	 
	t
	h
	e
	 
	f
	l
	a
	g
	.
❌ /clear/courses/comp412/students/ILOC/contributed/2015/lab2/yk26.i failed!
- Summary:
	Y
	o
	u
	 
	i
	d
	e
	n
	t
	i
	f
	i
	e
	d
	 
	0
	/
	0
	 
	e
	r
	r
	o
	r
	s
	 
	c
	o
	r
	r
	e
	c
	t
	l
	y
	.
	Y
	o
	u
	 
	i
	d
	e
	n
	t
	i
	f
	i
	e
	d
	 
	0
	 
	c
	o
	r
	r
	e
	c
	t
	 
	l
	i
	n
	e
	s
	 
	a
	s
	 
	e
	r
	r
	o
	r
	s
	.
	Y
	o
	u
	 
	d
	o
	 
	n
	o
	t
	 
	h
	a
	v
	e
	 
	a
	 
	s
	u
	c
	c
	e
	s
	s
	 
	m
	e
	s
	s
	a
	g
	e
	 
	w
	h
	i
	l
	e
	 
	t
	h
	e
	 
	r
	e
	f
	e
	r
	e
	n
	c
	e
	 
	d
	o
	e
	s
	.
	N
	O
	T
	E
	:
	 
	Y
	o
	u
	r
	 
	s
	u
	c
	c
	e
	s
	s
	 
	m
	e
	s
	s
	a
	g
	e
	 
	m
	u
	s
	t
	 
	c
	o
	n
	t
	a
	i
	n
	 
	t
	h
	e
	 
	w
	o
	r
	d
	 
	"
	(
	S
	|
	s
	)
	u
	c
	c
	e
	e
	d
	e
	d
	"
	,
	 
	"
	(
	S
	|
	s
	)
	u
	c
	c
	e
	s
	s
	"
	,
	 
	"
	S
	U
	C
	C
	E
	S
	S
	"
	,
	 
	o
	r
	 
	"
	S
	U
	C
	C
	E
	E
	D
	E
	D
	"
	;
	 
	t
	h
	i
	s
	 
	c
	a
	n
	 
	b
	e
	 
	c
	h
	a
	n
	g
	e
	d
	 
	i
	n
	 
	r
	u
	n
	n
	e
	r
	.
	p
	y
	.
- Reference output:
	P
	a
	r
	s
	e
	 
	s
	u
	c
	c
	e
	e
	d
	e
	d
	,
	 
	f
	i
	n
	d
	i
	n
	g
	 
	3
	6
	 
	I
	L
	O
	C
	 
	o
	p
	e
	r
	a
	t
	i
	o
	n
	s
	.
- Your output:
	P
	O
	O
	 
	P
	O
	O
	O
	 
	P
	O
	O
	

	M
	u
	s
	t
	 
	s
	p
	e
	c
	i
	f
	y
	 
	a
	 
	f
	i
	l
	e
	 
	n
	a
	m
	e
	 
	a
	f
	t
	e
	r
	 
	t
	h
	e
	 
	f
	l
	a
	g
	.
❌ /clear/courses/comp412/students/ILOC/contributed/2015/lab2/wsb1.i failed!
- Summary:
	Y
	o
	u
	 
	i
	d
	e
	n
	t
	i
	f
	i
	e
	d
	 
	0
	/
	0
	 
	e
	r
	r
	o
	r
	s
	 
	c
	o
	r
	r
	e
	c
	t
	l
	y
	.
	Y
	o
	u
	 
	i
	d
	e
	n
	t
	i
	f
	i
	e
	d
	 
	0
	 
	c
	o
	r
	r
	e
	c
	t
	 
	l
	i
	n
	e
	s
	 
	a
	s
	 
	e
	r
	r
	o
	r
	s
	.
	Y
	o
	u
	 
	d
	o
	 
	n
	o
	t
	 
	h
	a
	v
	e
	 
	a
	 
	s
	u
	c
	c
	e
	s
	s
	 
	m
	e
	s
	s
	a
	g
	e
	 
	w
	h
	i
	l
	e
	 
	t
	h
	e
	 
	r
	e
	f
	e
	r
	e
	n
	c
	e
	 
	d
	o
	e
	s
	.
	N
	O
	T
	E
	:
	 
	Y
	o
	u
	r
	 
	s
	u
	c
	c
	e
	s
	s
	 
	m
	e
	s
	s
	a
	g
	e
	 
	m
	u
	s
	t
	 
	c
	o
	n
	t
	a
	i
	n
	 
	t
	h
	e
	 
	w
	o
	r
	d
	 
	"
	(
	S
	|
	s
	)
	u
	c
	c
	e
	e
	d
	e
	d
	"
	,
	 
	"
	(
	S
	|
	s
	)
	u
	c
	c
	e
	s
	s
	"
	,
	 
	"
	S
	U
	C
	C
	E
	S
	S
	"
	,
	 
	o
	r
	 
	"
	S
	U
	C
	C
	E
	E
	D
	E
	D
	"
	;
	 
	t
	h
	i
	s
	 
	c
	a
	n
	 
	b
	e
	 
	c
	h
	a
	n
	g
	e
	d
	 
	i
	n
	 
	r
	u
	n
	n
	e
	r
	.
	p
	y
	.
- Reference output:
	P
	a
	r
	s
	e
	 
	s
	u
	c
	c
	e
	e
	d
	e
	d
	,
	 
	f
	i
	n
	d
	i
	n
	g
	 
	2
	5
	 
	I
	L
	O
	C
	 
	o
	p
	e
	r
	a
	t
	i
	o
	n
	s
	.
- Your output:
	P
	O
	O
	 
	P
	O
	O
	O
	 
	P
	O
	O
	

	M
	u
	s
	t
	 
	s
	p
	e
	c
	i
	f
	y
	 
	a
	 
	f
	i
	l
	e
	 
	n
	a
	m
	e
	 
	a
	f
	t
	e
	r
	 
	t
	h
	e
	 
	f
	l
	a
	g
	.
❌ /clear/courses/comp412/students/ILOC/contributed/2015/lab2/hz30.i failed!
- Summary:
	Y
	o
	u
	 
	i
	d
	e
	n
	t
	i
	f
	i
	e
	d
	 
	0
	/
	0
	 
	e
	r
	r
	o
	r
	s
	 
	c
	o
	r
	r
	e
	c
	t
	l
	y
	.
	Y
	o
	u
	 
	i
	d
	e
	n
	t
	i
	f
	i
	e
	d
	 
	0
	 
	c
	o
	r
	r
	e
	c
	t
	 
	l
	i
	n
	e
	s
	 
	a
	s
	 
	e
	r
	r
	o
	r
	s
	.
	Y
	o
	u
	 
	d
	o
	 
	n
	o
	t
	 
	h
	a
	v
	e
	 
	a
	 
	s
	u
	c
	c
	e
	s
	s
	 
	m
	e
	s
	s
	a
	g
	e
	 
	w
	h
	i
	l
	e
	 
	t
	h
	e
	 
	r
	e
	f
	e
	r
	e
	n
	c
	e
	 
	d
	o
	e
	s
	.
	N
	O
	T
	E
	:
	 
	Y
	o
	u
	r
	 
	s
	u
	c
	c
	e
	s
	s
	 
	m
	e
	s
	s
	a
	g
	e
	 
	m
	u
	s
	t
	 
	c
	o
	n
	t
	a
	i
	n
	 
	t
	h
	e
	 
	w
	o
	r
	d
	 
	"
	(
	S
	|
	s
	)
	u
	c
	c
	e
	e
	d
	e
	d
	"
	,
	 
	"
	(
	S
	|
	s
	)
	u
	c
	c
	e
	s
	s
	"
	,
	 
	"
	S
	U
	C
	C
	E
	S
	S
	"
	,
	 
	o
	r
	 
	"
	S
	U
	C
	C
	E
	E
	D
	E
	D
	"
	;
	 
	t
	h
	i
	s
	 
	c
	a
	n
	 
	b
	e
	 
	c
	h
	a
	n
	g
	e
	d
	 
	i
	n
	 
	r
	u
	n
	n
	e
	r
	.
	p
	y
	.
- Reference output:
	P
	a
	r
	s
	e
	 
	s
	u
	c
	c
	e
	e
	d
	e
	d
	,
	 
	f
	i
	n
	d
	i
	n
	g
	 
	2
	8
	 
	I
	L
	O
	C
	 
	o
	p
	e
	r
	a
	t
	i
	o
	n
	s
	.
- Your output:
	P
	O
	O
	 
	P
	O
	O
	O
	 
	P
	O
	O
	

	M
	u
	s
	t
	 
	s
	p
	e
	c
	i
	f
	y
	 
	a
	 
	f
	i
	l
	e
	 
	n
	a
	m
	e
	 
	a
	f
	t
	e
	r
	 
	t
	h
	e
	 
	f
	l
	a
	g
	.
❌ /clear/courses/comp412/students/ILOC/contributed/2015/lab2/wcr1.i failed!
- Summary:
	Y
	o
	u
	 
	i
	d
	e
	n
	t
	i
	f
	i
	e
	d
	 
	0
	/
	0
	 
	e
	r
	r
	o
	r
	s
	 
	c
	o
	r
	r
	e
	c
	t
	l
	y
	.
	Y
	o
	u
	 
	i
	d
	e
	n
	t
	i
	f
	i
	e
	d
	 
	0
	 
	c
	o
	r
	r
	e
	c
	t
	 
	l
	i
	n
	e
	s
	 
	a
	s
	 
	e
	r
	r
	o
	r
	s
	.
	Y
	o
	u
	 
	d
	o
	 
	n
	o
	t
	 
	h
	a
	v
	e
	 
	a
	 
	s
	u
	c
	c
	e
	s
	s
	 
	m
	e
	s
	s
	a
	g
	e
	 
	w
	h
	i
	l
	e
	 
	t
	h
	e
	 
	r
	e
	f
	e
	r
	e
	n
	c
	e
	 
	d
	o
	e
	s
	.
	N
	O
	T
	E
	:
	 
	Y
	o
	u
	r
	 
	s
	u
	c
	c
	e
	s
	s
	 
	m
	e
	s
	s
	a
	g
	e
	 
	m
	u
	s
	t
	 
	c
	o
	n
	t
	a
	i
	n
	 
	t
	h
	e
	 
	w
	o
	r
	d
	 
	"
	(
	S
	|
	s
	)
	u
	c
	c
	e
	e
	d
	e
	d
	"
	,
	 
	"
	(
	S
	|
	s
	)
	u
	c
	c
	e
	s
	s
	"
	,
	 
	"
	S
	U
	C
	C
	E
	S
	S
	"
	,
	 
	o
	r
	 
	"
	S
	U
	C
	C
	E
	E
	D
	E
	D
	"
	;
	 
	t
	h
	i
	s
	 
	c
	a
	n
	 
	b
	e
	 
	c
	h
	a
	n
	g
	e
	d
	 
	i
	n
	 
	r
	u
	n
	n
	e
	r
	.
	p
	y
	.
- Reference output:
	P
	a
	r
	s
	e
	 
	s
	u
	c
	c
	e
	e
	d
	e
	d
	,
	 
	f
	i
	n
	d
	i
	n
	g
	 
	2
	7
	 
	I
	L
	O
	C
	 
	o
	p
	e
	r
	a
	t
	i
	o
	n
	s
	.
- Your output:
	P
	O
	O
	 
	P
	O
	O
	O
	 
	P
	O
	O
	

	M
	u
	s
	t
	 
	s
	p
	e
	c
	i
	f
	y
	 
	a
	 
	f
	i
	l
	e
	 
	n
	a
	m
	e
	 
	a
	f
	t
	e
	r
	 
	t
	h
	e
	 
	f
	l
	a
	g
	.
❌ /clear/courses/comp412/students/ILOC/contributed/2015/lab2/ls53.i failed!
- Summary:
	Y
	o
	u
	 
	i
	d
	e
	n
	t
	i
	f
	i
	e
	d
	 
	0
	/
	0
	 
	e
	r
	r
	o
	r
	s
	 
	c
	o
	r
	r
	e
	c
	t
	l
	y
	.
	Y
	o
	u
	 
	i
	d
	e
	n
	t
	i
	f
	i
	e
	d
	 
	0
	 
	c
	o
	r
	r
	e
	c
	t
	 
	l
	i
	n
	e
	s
	 
	a
	s
	 
	e
	r
	r
	o
	r
	s
	.
	Y
	o
	u
	 
	d
	o
	 
	n
	o
	t
	 
	h
	a
	v
	e
	 
	a
	 
	s
	u
	c
	c
	e
	s
	s
	 
	m
	e
	s
	s
	a
	g
	e
	 
	w
	h
	i
	l
	e
	 
	t
	h
	e
	 
	r
	e
	f
	e
	r
	e
	n
	c
	e
	 
	d
	o
	e
	s
	.
	N
	O
	T
	E
	:
	 
	Y
	o
	u
	r
	 
	s
	u
	c
	c
	e
	s
	s
	 
	m
	e
	s
	s
	a
	g
	e
	 
	m
	u
	s
	t
	 
	c
	o
	n
	t
	a
	i
	n
	 
	t
	h
	e
	 
	w
	o
	r
	d
	 
	"
	(
	S
	|
	s
	)
	u
	c
	c
	e
	e
	d
	e
	d
	"
	,
	 
	"
	(
	S
	|
	s
	)
	u
	c
	c
	e
	s
	s
	"
	,
	 
	"
	S
	U
	C
	C
	E
	S
	S
	"
	,
	 
	o
	r
	 
	"
	S
	U
	C
	C
	E
	E
	D
	E
	D
	"
	;
	 
	t
	h
	i
	s
	 
	c
	a
	n
	 
	b
	e
	 
	c
	h
	a
	n
	g
	e
	d
	 
	i
	n
	 
	r
	u
	n
	n
	e
	r
	.
	p
	y
	.
- Reference output:
	P
	a
	r
	s
	e
	 
	s
	u
	c
	c
	e
	e
	d
	e
	d
	,
	 
	f
	i
	n
	d
	i
	n
	g
	 
	4
	0
	 
	I
	L
	O
	C
	 
	o
	p
	e
	r
	a
	t
	i
	o
	n
	s
	.
- Your output:
	P
	O
	O
	 
	P
	O
	O
	O
	 
	P
	O
	O
	

	M
	u
	s
	t
	 
	s
	p
	e
	c
	i
	f
	y
	 
	a
	 
	f
	i
	l
	e
	 
	n
	a
	m
	e
	 
	a
	f
	t
	e
	r
	 
	t
	h
	e
	 
	f
	l
	a
	g
	.
❌ /clear/courses/comp412/students/ILOC/contributed/2015/lab2/yz75.i failed!
- Summary:
	Y
	o
	u
	 
	i
	d
	e
	n
	t
	i
	f
	i
	e
	d
	 
	0
	/
	0
	 
	e
	r
	r
	o
	r
	s
	 
	c
	o
	r
	r
	e
	c
	t
	l
	y
	.
	Y
	o
	u
	 
	i
	d
	e
	n
	t
	i
	f
	i
	e
	d
	 
	0
	 
	c
	o
	r
	r
	e
	c
	t
	 
	l
	i
	n
	e
	s
	 
	a
	s
	 
	e
	r
	r
	o
	r
	s
	.
	Y
	o
	u
	 
	d
	o
	 
	n
	o
	t
	 
	h
	a
	v
	e
	 
	a
	 
	s
	u
	c
	c
	e
	s
	s
	 
	m
	e
	s
	s
	a
	g
	e
	 
	w
	h
	i
	l
	e
	 
	t
	h
	e
	 
	r
	e
	f
	e
	r
	e
	n
	c
	e
	 
	d
	o
	e
	s
	.
	N
	O
	T
	E
	:
	 
	Y
	o
	u
	r
	 
	s
	u
	c
	c
	e
	s
	s
	 
	m
	e
	s
	s
	a
	g
	e
	 
	m
	u
	s
	t
	 
	c
	o
	n
	t
	a
	i
	n
	 
	t
	h
	e
	 
	w
	o
	r
	d
	 
	"
	(
	S
	|
	s
	)
	u
	c
	c
	e
	e
	d
	e
	d
	"
	,
	 
	"
	(
	S
	|
	s
	)
	u
	c
	c
	e
	s
	s
	"
	,
	 
	"
	S
	U
	C
	C
	E
	S
	S
	"
	,
	 
	o
	r
	 
	"
	S
	U
	C
	C
	E
	E
	D
	E
	D
	"
	;
	 
	t
	h
	i
	s
	 
	c
	a
	n
	 
	b
	e
	 
	c
	h
	a
	n
	g
	e
	d
	 
	i
	n
	 
	r
	u
	n
	n
	e
	r
	.
	p
	y
	.
- Reference output:
	P
	a
	r
	s
	e
	 
	s
	u
	c
	c
	e
	e
	d
	e
	d
	,
	 
	f
	i
	n
	d
	i
	n
	g
	 
	4
	3
	 
	I
	L
	O
	C
	 
	o
	p
	e
	r
	a
	t
	i
	o
	n
	s
	.
- Your output:
	P
	O
	O
	 
	P
	O
	O
	O
	 
	P
	O
	O
	

	M
	u
	s
	t
	 
	s
	p
	e
	c
	i
	f
	y
	 
	a
	 
	f
	i
	l
	e
	 
	n
	a
	m
	e
	 
	a
	f
	t
	e
	r
	 
	t
	h
	e
	 
	f
	l
	a
	g
	.
❌ /clear/courses/comp412/students/ILOC/contributed/2015/lab2/njm3.i failed!
- Summary:
	Y
	o
	u
	 
	i
	d
	e
	n
	t
	i
	f
	i
	e
	d
	 
	0
	/
	0
	 
	e
	r
	r
	o
	r
	s
	 
	c
	o
	r
	r
	e
	c
	t
	l
	y
	.
	Y
	o
	u
	 
	i
	d
	e
	n
	t
	i
	f
	i
	e
	d
	 
	0
	 
	c
	o
	r
	r
	e
	c
	t
	 
	l
	i
	n
	e
	s
	 
	a
	s
	 
	e
	r
	r
	o
	r
	s
	.
	Y
	o
	u
	 
	d
	o
	 
	n
	o
	t
	 
	h
	a
	v
	e
	 
	a
	 
	s
	u
	c
	c
	e
	s
	s
	 
	m
	e
	s
	s
	a
	g
	e
	 
	w
	h
	i
	l
	e
	 
	t
	h
	e
	 
	r
	e
	f
	e
	r
	e
	n
	c
	e
	 
	d
	o
	e
	s
	.
	N
	O
	T
	E
	:
	 
	Y
	o
	u
	r
	 
	s
	u
	c
	c
	e
	s
	s
	 
	m
	e
	s
	s
	a
	g
	e
	 
	m
	u
	s
	t
	 
	c
	o
	n
	t
	a
	i
	n
	 
	t
	h
	e
	 
	w
	o
	r
	d
	 
	"
	(
	S
	|
	s
	)
	u
	c
	c
	e
	e
	d
	e
	d
	"
	,
	 
	"
	(
	S
	|
	s
	)
	u
	c
	c
	e
	s
	s
	"
	,
	 
	"
	S
	U
	C
	C
	E
	S
	S
	"
	,
	 
	o
	r
	 
	"
	S
	U
	C
	C
	E
	E
	D
	E
	D
	"
	;
	 
	t
	h
	i
	s
	 
	c
	a
	n
	 
	b
	e
	 
	c
	h
	a
	n
	g
	e
	d
	 
	i
	n
	 
	r
	u
	n
	n
	e
	r
	.
	p
	y
	.
- Reference output:
	P
	a
	r
	s
	e
	 
	s
	u
	c
	c
	e
	e
	d
	e
	d
	,
	 
	f
	i
	n
	d
	i
	n
	g
	 
	4
	0
	 
	I
	L
	O
	C
	 
	o
	p
	e
	r
	a
	t
	i
	o
	n
	s
	.
- Your output:
	P
	O
	O
	 
	P
	O
	O
	O
	 
	P
	O
	O
	

	M
	u
	s
	t
	 
	s
	p
	e
	c
	i
	f
	y
	 
	a
	 
	f
	i
	l
	e
	 
	n
	a
	m
	e
	 
	a
	f
	t
	e
	r
	 
	t
	h
	e
	 
	f
	l
	a
	g
	.
❌ /clear/courses/comp412/students/ILOC/contributed/2015/lab2/jfk2.i failed!
- Summary:
	Y
	o
	u
	 
	i
	d
	e
	n
	t
	i
	f
	i
	e
	d
	 
	0
	/
	0
	 
	e
	r
	r
	o
	r
	s
	 
	c
	o
	r
	r
	e
	c
	t
	l
	y
	.
	Y
	o
	u
	 
	i
	d
	e
	n
	t
	i
	f
	i
	e
	d
	 
	0
	 
	c
	o
	r
	r
	e
	c
	t
	 
	l
	i
	n
	e
	s
	 
	a
	s
	 
	e
	r
	r
	o
	r
	s
	.
	Y
	o
	u
	 
	d
	o
	 
	n
	o
	t
	 
	h
	a
	v
	e
	 
	a
	 
	s
	u
	c
	c
	e
	s
	s
	 
	m
	e
	s
	s
	a
	g
	e
	 
	w
	h
	i
	l
	e
	 
	t
	h
	e
	 
	r
	e
	f
	e
	r
	e
	n
	c
	e
	 
	d
	o
	e
	s
	.
	N
	O
	T
	E
	:
	 
	Y
	o
	u
	r
	 
	s
	u
	c
	c
	e
	s
	s
	 
	m
	e
	s
	s
	a
	g
	e
	 
	m
	u
	s
	t
	 
	c
	o
	n
	t
	a
	i
	n
	 
	t
	h
	e
	 
	w
	o
	r
	d
	 
	"
	(
	S
	|
	s
	)
	u
	c
	c
	e
	e
	d
	e
	d
	"
	,
	 
	"
	(
	S
	|
	s
	)
	u
	c
	c
	e
	s
	s
	"
	,
	 
	"
	S
	U
	C
	C
	E
	S
	S
	"
	,
	 
	o
	r
	 
	"
	S
	U
	C
	C
	E
	E
	D
	E
	D
	"
	;
	 
	t
	h
	i
	s
	 
	c
	a
	n
	 
	b
	e
	 
	c
	h
	a
	n
	g
	e
	d
	 
	i
	n
	 
	r
	u
	n
	n
	e
	r
	.
	p
	y
	.
- Reference output:
	P
	a
	r
	s
	e
	 
	s
	u
	c
	c
	e
	e
	d
	e
	d
	,
	 
	f
	i
	n
	d
	i
	n
	g
	 
	4
	0
	 
	I
	L
	O
	C
	 
	o
	p
	e
	r
	a
	t
	i
	o
	n
	s
	.
- Your output:
	P
	O
	O
	 
	P
	O
	O
	O
	 
	P
	O
	O
	

	M
	u
	s
	t
	 
	s
	p
	e
	c
	i
	f
	y
	 
	a
	 
	f
	i
	l
	e
	 
	n
	a
	m
	e
	 
	a
	f
	t
	e
	r
	 
	t
	h
	e
	 
	f
	l
	a
	g
	.
❌ /clear/courses/comp412/students/ILOC/contributed/2015/lab2/xc12.i failed!
- Summary:
	Y
	o
	u
	 
	i
	d
	e
	n
	t
	i
	f
	i
	e
	d
	 
	0
	/
	0
	 
	e
	r
	r
	o
	r
	s
	 
	c
	o
	r
	r
	e
	c
	t
	l
	y
	.
	Y
	o
	u
	 
	i
	d
	e
	n
	t
	i
	f
	i
	e
	d
	 
	0
	 
	c
	o
	r
	r
	e
	c
	t
	 
	l
	i
	n
	e
	s
	 
	a
	s
	 
	e
	r
	r
	o
	r
	s
	.
	Y
	o
	u
	 
	d
	o
	 
	n
	o
	t
	 
	h
	a
	v
	e
	 
	a
	 
	s
	u
	c
	c
	e
	s
	s
	 
	m
	e
	s
	s
	a
	g
	e
	 
	w
	h
	i
	l
	e
	 
	t
	h
	e
	 
	r
	e
	f
	e
	r
	e
	n
	c
	e
	 
	d
	o
	e
	s
	.
	N
	O
	T
	E
	:
	 
	Y
	o
	u
	r
	 
	s
	u
	c
	c
	e
	s
	s
	 
	m
	e
	s
	s
	a
	g
	e
	 
	m
	u
	s
	t
	 
	c
	o
	n
	t
	a
	i
	n
	 
	t
	h
	e
	 
	w
	o
	r
	d
	 
	"
	(
	S
	|
	s
	)
	u
	c
	c
	e
	e
	d
	e
	d
	"
	,
	 
	"
	(
	S
	|
	s
	)
	u
	c
	c
	e
	s
	s
	"
	,
	 
	"
	S
	U
	C
	C
	E
	S
	S
	"
	,
	 
	o
	r
	 
	"
	S
	U
	C
	C
	E
	E
	D
	E
	D
	"
	;
	 
	t
	h
	i
	s
	 
	c
	a
	n
	 
	b
	e
	 
	c
	h
	a
	n
	g
	e
	d
	 
	i
	n
	 
	r
	u
	n
	n
	e
	r
	.
	p
	y
	.
- Reference output:
	P
	a
	r
	s
	e
	 
	s
	u
	c
	c
	e
	e
	d
	e
	d
	,
	 
	f
	i
	n
	d
	i
	n
	g
	 
	4
	3
	 
	I
	L
	O
	C
	 
	o
	p
	e
	r
	a
	t
	i
	o
	n
	s
	.
- Your output:
	P
	O
	O
	 
	P
	O
	O
	O
	 
	P
	O
	O
	

	M
	u
	s
	t
	 
	s
	p
	e
	c
	i
	f
	y
	 
	a
	 
	f
	i
	l
	e
	 
	n
	a
	m
	e
	 
	a
	f
	t
	e
	r
	 
	t
	h
	e
	 
	f
	l
	a
	g
	.
❌ /clear/courses/comp412/students/ILOC/contributed/2015/lab2/ish1.i failed!
- Summary:
	Y
	o
	u
	 
	i
	d
	e
	n
	t
	i
	f
	i
	e
	d
	 
	0
	/
	0
	 
	e
	r
	r
	o
	r
	s
	 
	c
	o
	r
	r
	e
	c
	t
	l
	y
	.
	Y
	o
	u
	 
	i
	d
	e
	n
	t
	i
	f
	i
	e
	d
	 
	0
	 
	c
	o
	r
	r
	e
	c
	t
	 
	l
	i
	n
	e
	s
	 
	a
	s
	 
	e
	r
	r
	o
	r
	s
	.
	Y
	o
	u
	 
	d
	o
	 
	n
	o
	t
	 
	h
	a
	v
	e
	 
	a
	 
	s
	u
	c
	c
	e
	s
	s
	 
	m
	e
	s
	s
	a
	g
	e
	 
	w
	h
	i
	l
	e
	 
	t
	h
	e
	 
	r
	e
	f
	e
	r
	e
	n
	c
	e
	 
	d
	o
	e
	s
	.
	N
	O
	T
	E
	:
	 
	Y
	o
	u
	r
	 
	s
	u
	c
	c
	e
	s
	s
	 
	m
	e
	s
	s
	a
	g
	e
	 
	m
	u
	s
	t
	 
	c
	o
	n
	t
	a
	i
	n
	 
	t
	h
	e
	 
	w
	o
	r
	d
	 
	"
	(
	S
	|
	s
	)
	u
	c
	c
	e
	e
	d
	e
	d
	"
	,
	 
	"
	(
	S
	|
	s
	)
	u
	c
	c
	e
	s
	s
	"
	,
	 
	"
	S
	U
	C
	C
	E
	S
	S
	"
	,
	 
	o
	r
	 
	"
	S
	U
	C
	C
	E
	E
	D
	E
	D
	"
	;
	 
	t
	h
	i
	s
	 
	c
	a
	n
	 
	b
	e
	 
	c
	h
	a
	n
	g
	e
	d
	 
	i
	n
	 
	r
	u
	n
	n
	e
	r
	.
	p
	y
	.
- Reference output:
	P
	a
	r
	s
	e
	 
	s
	u
	c
	c
	e
	e
	d
	e
	d
	,
	 
	f
	i
	n
	d
	i
	n
	g
	 
	4
	5
	 
	I
	L
	O
	C
	 
	o
	p
	e
	r
	a
	t
	i
	o
	n
	s
	.
- Your output:
	P
	O
	O
	 
	P
	O
	O
	O
	 
	P
	O
	O
	

	M
	u
	s
	t
	 
	s
	p
	e
	c
	i
	f
	y
	 
	a
	 
	f
	i
	l
	e
	 
	n
	a
	m
	e
	 
	a
	f
	t
	e
	r
	 
	t
	h
	e
	 
	f
	l
	a
	g
	.
❌ /clear/courses/comp412/students/ILOC/contributed/2015/lab2/kl33.i failed!
- Summary:
	Y
	o
	u
	 
	i
	d
	e
	n
	t
	i
	f
	i
	e
	d
	 
	0
	/
	0
	 
	e
	r
	r
	o
	r
	s
	 
	c
	o
	r
	r
	e
	c
	t
	l
	y
	.
	Y
	o
	u
	 
	i
	d
	e
	n
	t
	i
	f
	i
	e
	d
	 
	0
	 
	c
	o
	r
	r
	e
	c
	t
	 
	l
	i
	n
	e
	s
	 
	a
	s
	 
	e
	r
	r
	o
	r
	s
	.
	Y
	o
	u
	 
	d
	o
	 
	n
	o
	t
	 
	h
	a
	v
	e
	 
	a
	 
	s
	u
	c
	c
	e
	s
	s
	 
	m
	e
	s
	s
	a
	g
	e
	 
	w
	h
	i
	l
	e
	 
	t
	h
	e
	 
	r
	e
	f
	e
	r
	e
	n
	c
	e
	 
	d
	o
	e
	s
	.
	N
	O
	T
	E
	:
	 
	Y
	o
	u
	r
	 
	s
	u
	c
	c
	e
	s
	s
	 
	m
	e
	s
	s
	a
	g
	e
	 
	m
	u
	s
	t
	 
	c
	o
	n
	t
	a
	i
	n
	 
	t
	h
	e
	 
	w
	o
	r
	d
	 
	"
	(
	S
	|
	s
	)
	u
	c
	c
	e
	e
	d
	e
	d
	"
	,
	 
	"
	(
	S
	|
	s
	)
	u
	c
	c
	e
	s
	s
	"
	,
	 
	"
	S
	U
	C
	C
	E
	S
	S
	"
	,
	 
	o
	r
	 
	"
	S
	U
	C
	C
	E
	E
	D
	E
	D
	"
	;
	 
	t
	h
	i
	s
	 
	c
	a
	n
	 
	b
	e
	 
	c
	h
	a
	n
	g
	e
	d
	 
	i
	n
	 
	r
	u
	n
	n
	e
	r
	.
	p
	y
	.
- Reference output:
	P
	a
	r
	s
	e
	 
	s
	u
	c
	c
	e
	e
	d
	e
	d
	,
	 
	f
	i
	n
	d
	i
	n
	g
	 
	3
	2
	 
	I
	L
	O
	C
	 
	o
	p
	e
	r
	a
	t
	i
	o
	n
	s
	.
- Your output:
	P
	O
	O
	 
	P
	O
	O
	O
	 
	P
	O
	O
	

	M
	u
	s
	t
	 
	s
	p
	e
	c
	i
	f
	y
	 
	a
	 
	f
	i
	l
	e
	 
	n
	a
	m
	e
	 
	a
	f
	t
	e
	r
	 
	t
	h
	e
	 
	f
	l
	a
	g
	.
❌ /clear/courses/comp412/students/ILOC/contributed/2015/lab2/skn2.i failed!
- Summary:
	Y
	o
	u
	 
	i
	d
	e
	n
	t
	i
	f
	i
	e
	d
	 
	0
	/
	0
	 
	e
	r
	r
	o
	r
	s
	 
	c
	o
	r
	r
	e
	c
	t
	l
	y
	.
	Y
	o
	u
	 
	i
	d
	e
	n
	t
	i
	f
	i
	e
	d
	 
	0
	 
	c
	o
	r
	r
	e
	c
	t
	 
	l
	i
	n
	e
	s
	 
	a
	s
	 
	e
	r
	r
	o
	r
	s
	.
	Y
	o
	u
	 
	d
	o
	 
	n
	o
	t
	 
	h
	a
	v
	e
	 
	a
	 
	s
	u
	c
	c
	e
	s
	s
	 
	m
	e
	s
	s
	a
	g
	e
	 
	w
	h
	i
	l
	e
	 
	t
	h
	e
	 
	r
	e
	f
	e
	r
	e
	n
	c
	e
	 
	d
	o
	e
	s
	.
	N
	O
	T
	E
	:
	 
	Y
	o
	u
	r
	 
	s
	u
	c
	c
	e
	s
	s
	 
	m
	e
	s
	s
	a
	g
	e
	 
	m
	u
	s
	t
	 
	c
	o
	n
	t
	a
	i
	n
	 
	t
	h
	e
	 
	w
	o
	r
	d
	 
	"
	(
	S
	|
	s
	)
	u
	c
	c
	e
	e
	d
	e
	d
	"
	,
	 
	"
	(
	S
	|
	s
	)
	u
	c
	c
	e
	s
	s
	"
	,
	 
	"
	S
	U
	C
	C
	E
	S
	S
	"
	,
	 
	o
	r
	 
	"
	S
	U
	C
	C
	E
	E
	D
	E
	D
	"
	;
	 
	t
	h
	i
	s
	 
	c
	a
	n
	 
	b
	e
	 
	c
	h
	a
	n
	g
	e
	d
	 
	i
	n
	 
	r
	u
	n
	n
	e
	r
	.
	p
	y
	.
- Reference output:
	P
	a
	r
	s
	e
	 
	s
	u
	c
	c
	e
	e
	d
	e
	d
	,
	 
	f
	i
	n
	d
	i
	n
	g
	 
	2
	0
	4
	9
	 
	I
	L
	O
	C
	 
	o
	p
	e
	r
	a
	t
	i
	o
	n
	s
	.
- Your output:
	P
	O
	O
	 
	P
	O
	O
	O
	 
	P
	O
	O
	

	M
	u
	s
	t
	 
	s
	p
	e
	c
	i
	f
	y
	 
	a
	 
	f
	i
	l
	e
	 
	n
	a
	m
	e
	 
	a
	f
	t
	e
	r
	 
	t
	h
	e
	 
	f
	l
	a
	g
	.
❌ /clear/courses/comp412/students/ILOC/contributed/2015/lab2/lss4.i failed!
- Summary:
	Y
	o
	u
	 
	i
	d
	e
	n
	t
	i
	f
	i
	e
	d
	 
	0
	/
	0
	 
	e
	r
	r
	o
	r
	s
	 
	c
	o
	r
	r
	e
	c
	t
	l
	y
	.
	Y
	o
	u
	 
	i
	d
	e
	n
	t
	i
	f
	i
	e
	d
	 
	0
	 
	c
	o
	r
	r
	e
	c
	t
	 
	l
	i
	n
	e
	s
	 
	a
	s
	 
	e
	r
	r
	o
	r
	s
	.
	Y
	o
	u
	 
	d
	o
	 
	n
	o
	t
	 
	h
	a
	v
	e
	 
	a
	 
	s
	u
	c
	c
	e
	s
	s
	 
	m
	e
	s
	s
	a
	g
	e
	 
	w
	h
	i
	l
	e
	 
	t
	h
	e
	 
	r
	e
	f
	e
	r
	e
	n
	c
	e
	 
	d
	o
	e
	s
	.
	N
	O
	T
	E
	:
	 
	Y
	o
	u
	r
	 
	s
	u
	c
	c
	e
	s
	s
	 
	m
	e
	s
	s
	a
	g
	e
	 
	m
	u
	s
	t
	 
	c
	o
	n
	t
	a
	i
	n
	 
	t
	h
	e
	 
	w
	o
	r
	d
	 
	"
	(
	S
	|
	s
	)
	u
	c
	c
	e
	e
	d
	e
	d
	"
	,
	 
	"
	(
	S
	|
	s
	)
	u
	c
	c
	e
	s
	s
	"
	,
	 
	"
	S
	U
	C
	C
	E
	S
	S
	"
	,
	 
	o
	r
	 
	"
	S
	U
	C
	C
	E
	E
	D
	E
	D
	"
	;
	 
	t
	h
	i
	s
	 
	c
	a
	n
	 
	b
	e
	 
	c
	h
	a
	n
	g
	e
	d
	 
	i
	n
	 
	r
	u
	n
	n
	e
	r
	.
	p
	y
	.
- Reference output:
	P
	a
	r
	s
	e
	 
	s
	u
	c
	c
	e
	e
	d
	e
	d
	,
	 
	f
	i
	n
	d
	i
	n
	g
	 
	5
	0
	 
	I
	L
	O
	C
	 
	o
	p
	e
	r
	a
	t
	i
	o
	n
	s
	.
- Your output:
	P
	O
	O
	 
	P
	O
	O
	O
	 
	P
	O
	O
	

	M
	u
	s
	t
	 
	s
	p
	e
	c
	i
	f
	y
	 
	a
	 
	f
	i
	l
	e
	 
	n
	a
	m
	e
	 
	a
	f
	t
	e
	r
	 
	t
	h
	e
	 
	f
	l
	a
	g
	.
❌ /clear/courses/comp412/students/ILOC/contributed/2015/lab3/yg31.i failed!
- Summary:
	Y
	o
	u
	 
	i
	d
	e
	n
	t
	i
	f
	i
	e
	d
	 
	0
	/
	0
	 
	e
	r
	r
	o
	r
	s
	 
	c
	o
	r
	r
	e
	c
	t
	l
	y
	.
	Y
	o
	u
	 
	i
	d
	e
	n
	t
	i
	f
	i
	e
	d
	 
	0
	 
	c
	o
	r
	r
	e
	c
	t
	 
	l
	i
	n
	e
	s
	 
	a
	s
	 
	e
	r
	r
	o
	r
	s
	.
	Y
	o
	u
	 
	d
	o
	 
	n
	o
	t
	 
	h
	a
	v
	e
	 
	a
	 
	s
	u
	c
	c
	e
	s
	s
	 
	m
	e
	s
	s
	a
	g
	e
	 
	w
	h
	i
	l
	e
	 
	t
	h
	e
	 
	r
	e
	f
	e
	r
	e
	n
	c
	e
	 
	d
	o
	e
	s
	.
	N
	O
	T
	E
	:
	 
	Y
	o
	u
	r
	 
	s
	u
	c
	c
	e
	s
	s
	 
	m
	e
	s
	s
	a
	g
	e
	 
	m
	u
	s
	t
	 
	c
	o
	n
	t
	a
	i
	n
	 
	t
	h
	e
	 
	w
	o
	r
	d
	 
	"
	(
	S
	|
	s
	)
	u
	c
	c
	e
	e
	d
	e
	d
	"
	,
	 
	"
	(
	S
	|
	s
	)
	u
	c
	c
	e
	s
	s
	"
	,
	 
	"
	S
	U
	C
	C
	E
	S
	S
	"
	,
	 
	o
	r
	 
	"
	S
	U
	C
	C
	E
	E
	D
	E
	D
	"
	;
	 
	t
	h
	i
	s
	 
	c
	a
	n
	 
	b
	e
	 
	c
	h
	a
	n
	g
	e
	d
	 
	i
	n
	 
	r
	u
	n
	n
	e
	r
	.
	p
	y
	.
- Reference output:
	P
	a
	r
	s
	e
	 
	s
	u
	c
	c
	e
	e
	d
	e
	d
	,
	 
	f
	i
	n
	d
	i
	n
	g
	 
	6
	6
	 
	I
	L
	O
	C
	 
	o
	p
	e
	r
	a
	t
	i
	o
	n
	s
	.
- Your output:
	P
	O
	O
	 
	P
	O
	O
	O
	 
	P
	O
	O
	

	M
	u
	s
	t
	 
	s
	p
	e
	c
	i
	f
	y
	 
	a
	 
	f
	i
	l
	e
	 
	n
	a
	m
	e
	 
	a
	f
	t
	e
	r
	 
	t
	h
	e
	 
	f
	l
	a
	g
	.
❌ /clear/courses/comp412/students/ILOC/contributed/2015/lab3/pe4.i failed!
- Summary:
	Y
	o
	u
	 
	i
	d
	e
	n
	t
	i
	f
	i
	e
	d
	 
	0
	/
	0
	 
	e
	r
	r
	o
	r
	s
	 
	c
	o
	r
	r
	e
	c
	t
	l
	y
	.
	Y
	o
	u
	 
	i
	d
	e
	n
	t
	i
	f
	i
	e
	d
	 
	0
	 
	c
	o
	r
	r
	e
	c
	t
	 
	l
	i
	n
	e
	s
	 
	a
	s
	 
	e
	r
	r
	o
	r
	s
	.
	Y
	o
	u
	 
	d
	o
	 
	n
	o
	t
	 
	h
	a
	v
	e
	 
	a
	 
	s
	u
	c
	c
	e
	s
	s
	 
	m
	e
	s
	s
	a
	g
	e
	 
	w
	h
	i
	l
	e
	 
	t
	h
	e
	 
	r
	e
	f
	e
	r
	e
	n
	c
	e
	 
	d
	o
	e
	s
	.
	N
	O
	T
	E
	:
	 
	Y
	o
	u
	r
	 
	s
	u
	c
	c
	e
	s
	s
	 
	m
	e
	s
	s
	a
	g
	e
	 
	m
	u
	s
	t
	 
	c
	o
	n
	t
	a
	i
	n
	 
	t
	h
	e
	 
	w
	o
	r
	d
	 
	"
	(
	S
	|
	s
	)
	u
	c
	c
	e
	e
	d
	e
	d
	"
	,
	 
	"
	(
	S
	|
	s
	)
	u
	c
	c
	e
	s
	s
	"
	,
	 
	"
	S
	U
	C
	C
	E
	S
	S
	"
	,
	 
	o
	r
	 
	"
	S
	U
	C
	C
	E
	E
	D
	E
	D
	"
	;
	 
	t
	h
	i
	s
	 
	c
	a
	n
	 
	b
	e
	 
	c
	h
	a
	n
	g
	e
	d
	 
	i
	n
	 
	r
	u
	n
	n
	e
	r
	.
	p
	y
	.
- Reference output:
	P
	a
	r
	s
	e
	 
	s
	u
	c
	c
	e
	e
	d
	e
	d
	,
	 
	f
	i
	n
	d
	i
	n
	g
	 
	1
	4
	 
	I
	L
	O
	C
	 
	o
	p
	e
	r
	a
	t
	i
	o
	n
	s
	.
- Your output:
	P
	O
	O
	 
	P
	O
	O
	O
	 
	P
	O
	O
	

	M
	u
	s
	t
	 
	s
	p
	e
	c
	i
	f
	y
	 
	a
	 
	f
	i
	l
	e
	 
	n
	a
	m
	e
	 
	a
	f
	t
	e
	r
	 
	t
	h
	e
	 
	f
	l
	a
	g
	.
❌ /clear/courses/comp412/students/ILOC/contributed/2015/lab3/tl18.i failed!
- Summary:
	Y
	o
	u
	 
	i
	d
	e
	n
	t
	i
	f
	i
	e
	d
	 
	0
	/
	0
	 
	e
	r
	r
	o
	r
	s
	 
	c
	o
	r
	r
	e
	c
	t
	l
	y
	.
	Y
	o
	u
	 
	i
	d
	e
	n
	t
	i
	f
	i
	e
	d
	 
	0
	 
	c
	o
	r
	r
	e
	c
	t
	 
	l
	i
	n
	e
	s
	 
	a
	s
	 
	e
	r
	r
	o
	r
	s
	.
	Y
	o
	u
	 
	d
	o
	 
	n
	o
	t
	 
	h
	a
	v
	e
	 
	a
	 
	s
	u
	c
	c
	e
	s
	s
	 
	m
	e
	s
	s
	a
	g
	e
	 
	w
	h
	i
	l
	e
	 
	t
	h
	e
	 
	r
	e
	f
	e
	r
	e
	n
	c
	e
	 
	d
	o
	e
	s
	.
	N
	O
	T
	E
	:
	 
	Y
	o
	u
	r
	 
	s
	u
	c
	c
	e
	s
	s
	 
	m
	e
	s
	s
	a
	g
	e
	 
	m
	u
	s
	t
	 
	c
	o
	n
	t
	a
	i
	n
	 
	t
	h
	e
	 
	w
	o
	r
	d
	 
	"
	(
	S
	|
	s
	)
	u
	c
	c
	e
	e
	d
	e
	d
	"
	,
	 
	"
	(
	S
	|
	s
	)
	u
	c
	c
	e
	s
	s
	"
	,
	 
	"
	S
	U
	C
	C
	E
	S
	S
	"
	,
	 
	o
	r
	 
	"
	S
	U
	C
	C
	E
	E
	D
	E
	D
	"
	;
	 
	t
	h
	i
	s
	 
	c
	a
	n
	 
	b
	e
	 
	c
	h
	a
	n
	g
	e
	d
	 
	i
	n
	 
	r
	u
	n
	n
	e
	r
	.
	p
	y
	.
- Reference output:
	P
	a
	r
	s
	e
	 
	s
	u
	c
	c
	e
	e
	d
	e
	d
	,
	 
	f
	i
	n
	d
	i
	n
	g
	 
	4
	2
	 
	I
	L
	O
	C
	 
	o
	p
	e
	r
	a
	t
	i
	o
	n
	s
	.
- Your output:
	P
	O
	O
	 
	P
	O
	O
	O
	 
	P
	O
	O
	

	M
	u
	s
	t
	 
	s
	p
	e
	c
	i
	f
	y
	 
	a
	 
	f
	i
	l
	e
	 
	n
	a
	m
	e
	 
	a
	f
	t
	e
	r
	 
	t
	h
	e
	 
	f
	l
	a
	g
	.
❌ /clear/courses/comp412/students/ILOC/contributed/2015/lab3/bx3.i failed!
- Summary:
	Y
	o
	u
	 
	i
	d
	e
	n
	t
	i
	f
	i
	e
	d
	 
	0
	/
	0
	 
	e
	r
	r
	o
	r
	s
	 
	c
	o
	r
	r
	e
	c
	t
	l
	y
	.
	Y
	o
	u
	 
	i
	d
	e
	n
	t
	i
	f
	i
	e
	d
	 
	0
	 
	c
	o
	r
	r
	e
	c
	t
	 
	l
	i
	n
	e
	s
	 
	a
	s
	 
	e
	r
	r
	o
	r
	s
	.
	Y
	o
	u
	 
	d
	o
	 
	n
	o
	t
	 
	h
	a
	v
	e
	 
	a
	 
	s
	u
	c
	c
	e
	s
	s
	 
	m
	e
	s
	s
	a
	g
	e
	 
	w
	h
	i
	l
	e
	 
	t
	h
	e
	 
	r
	e
	f
	e
	r
	e
	n
	c
	e
	 
	d
	o
	e
	s
	.
	N
	O
	T
	E
	:
	 
	Y
	o
	u
	r
	 
	s
	u
	c
	c
	e
	s
	s
	 
	m
	e
	s
	s
	a
	g
	e
	 
	m
	u
	s
	t
	 
	c
	o
	n
	t
	a
	i
	n
	 
	t
	h
	e
	 
	w
	o
	r
	d
	 
	"
	(
	S
	|
	s
	)
	u
	c
	c
	e
	e
	d
	e
	d
	"
	,
	 
	"
	(
	S
	|
	s
	)
	u
	c
	c
	e
	s
	s
	"
	,
	 
	"
	S
	U
	C
	C
	E
	S
	S
	"
	,
	 
	o
	r
	 
	"
	S
	U
	C
	C
	E
	E
	D
	E
	D
	"
	;
	 
	t
	h
	i
	s
	 
	c
	a
	n
	 
	b
	e
	 
	c
	h
	a
	n
	g
	e
	d
	 
	i
	n
	 
	r
	u
	n
	n
	e
	r
	.
	p
	y
	.
- Reference output:
	P
	a
	r
	s
	e
	 
	s
	u
	c
	c
	e
	e
	d
	e
	d
	,
	 
	f
	i
	n
	d
	i
	n
	g
	 
	2
	4
	 
	I
	L
	O
	C
	 
	o
	p
	e
	r
	a
	t
	i
	o
	n
	s
	.
- Your output:
	P
	O
	O
	 
	P
	O
	O
	O
	 
	P
	O
	O
	

	M
	u
	s
	t
	 
	s
	p
	e
	c
	i
	f
	y
	 
	a
	 
	f
	i
	l
	e
	 
	n
	a
	m
	e
	 
	a
	f
	t
	e
	r
	 
	t
	h
	e
	 
	f
	l
	a
	g
	.
❌ /clear/courses/comp412/students/ILOC/contributed/2015/lab3/zkk1.i failed!
- Summary:
	Y
	o
	u
	 
	i
	d
	e
	n
	t
	i
	f
	i
	e
	d
	 
	0
	/
	0
	 
	e
	r
	r
	o
	r
	s
	 
	c
	o
	r
	r
	e
	c
	t
	l
	y
	.
	Y
	o
	u
	 
	i
	d
	e
	n
	t
	i
	f
	i
	e
	d
	 
	0
	 
	c
	o
	r
	r
	e
	c
	t
	 
	l
	i
	n
	e
	s
	 
	a
	s
	 
	e
	r
	r
	o
	r
	s
	.
	Y
	o
	u
	 
	d
	o
	 
	n
	o
	t
	 
	h
	a
	v
	e
	 
	a
	 
	s
	u
	c
	c
	e
	s
	s
	 
	m
	e
	s
	s
	a
	g
	e
	 
	w
	h
	i
	l
	e
	 
	t
	h
	e
	 
	r
	e
	f
	e
	r
	e
	n
	c
	e
	 
	d
	o
	e
	s
	.
	N
	O
	T
	E
	:
	 
	Y
	o
	u
	r
	 
	s
	u
	c
	c
	e
	s
	s
	 
	m
	e
	s
	s
	a
	g
	e
	 
	m
	u
	s
	t
	 
	c
	o
	n
	t
	a
	i
	n
	 
	t
	h
	e
	 
	w
	o
	r
	d
	 
	"
	(
	S
	|
	s
	)
	u
	c
	c
	e
	e
	d
	e
	d
	"
	,
	 
	"
	(
	S
	|
	s
	)
	u
	c
	c
	e
	s
	s
	"
	,
	 
	"
	S
	U
	C
	C
	E
	S
	S
	"
	,
	 
	o
	r
	 
	"
	S
	U
	C
	C
	E
	E
	D
	E
	D
	"
	;
	 
	t
	h
	i
	s
	 
	c
	a
	n
	 
	b
	e
	 
	c
	h
	a
	n
	g
	e
	d
	 
	i
	n
	 
	r
	u
	n
	n
	e
	r
	.
	p
	y
	.
- Reference output:
	P
	a
	r
	s
	e
	 
	s
	u
	c
	c
	e
	e
	d
	e
	d
	,
	 
	f
	i
	n
	d
	i
	n
	g
	 
	4
	0
	 
	I
	L
	O
	C
	 
	o
	p
	e
	r
	a
	t
	i
	o
	n
	s
	.
- Your output:
	P
	O
	O
	 
	P
	O
	O
	O
	 
	P
	O
	O
	

	M
	u
	s
	t
	 
	s
	p
	e
	c
	i
	f
	y
	 
	a
	 
	f
	i
	l
	e
	 
	n
	a
	m
	e
	 
	a
	f
	t
	e
	r
	 
	t
	h
	e
	 
	f
	l
	a
	g
	.
❌ /clear/courses/comp412/students/ILOC/contributed/2015/lab3/yw27.i failed!
- Summary:
	Y
	o
	u
	 
	i
	d
	e
	n
	t
	i
	f
	i
	e
	d
	 
	0
	/
	0
	 
	e
	r
	r
	o
	r
	s
	 
	c
	o
	r
	r
	e
	c
	t
	l
	y
	.
	Y
	o
	u
	 
	i
	d
	e
	n
	t
	i
	f
	i
	e
	d
	 
	0
	 
	c
	o
	r
	r
	e
	c
	t
	 
	l
	i
	n
	e
	s
	 
	a
	s
	 
	e
	r
	r
	o
	r
	s
	.
	Y
	o
	u
	 
	d
	o
	 
	n
	o
	t
	 
	h
	a
	v
	e
	 
	a
	 
	s
	u
	c
	c
	e
	s
	s
	 
	m
	e
	s
	s
	a
	g
	e
	 
	w
	h
	i
	l
	e
	 
	t
	h
	e
	 
	r
	e
	f
	e
	r
	e
	n
	c
	e
	 
	d
	o
	e
	s
	.
	N
	O
	T
	E
	:
	 
	Y
	o
	u
	r
	 
	s
	u
	c
	c
	e
	s
	s
	 
	m
	e
	s
	s
	a
	g
	e
	 
	m
	u
	s
	t
	 
	c
	o
	n
	t
	a
	i
	n
	 
	t
	h
	e
	 
	w
	o
	r
	d
	 
	"
	(
	S
	|
	s
	)
	u
	c
	c
	e
	e
	d
	e
	d
	"
	,
	 
	"
	(
	S
	|
	s
	)
	u
	c
	c
	e
	s
	s
	"
	,
	 
	"
	S
	U
	C
	C
	E
	S
	S
	"
	,
	 
	o
	r
	 
	"
	S
	U
	C
	C
	E
	E
	D
	E
	D
	"
	;
	 
	t
	h
	i
	s
	 
	c
	a
	n
	 
	b
	e
	 
	c
	h
	a
	n
	g
	e
	d
	 
	i
	n
	 
	r
	u
	n
	n
	e
	r
	.
	p
	y
	.
- Reference output:
	P
	a
	r
	s
	e
	 
	s
	u
	c
	c
	e
	e
	d
	e
	d
	,
	 
	f
	i
	n
	d
	i
	n
	g
	 
	2
	9
	 
	I
	L
	O
	C
	 
	o
	p
	e
	r
	a
	t
	i
	o
	n
	s
	.
- Your output:
	P
	O
	O
	 
	P
	O
	O
	O
	 
	P
	O
	O
	

	M
	u
	s
	t
	 
	s
	p
	e
	c
	i
	f
	y
	 
	a
	 
	f
	i
	l
	e
	 
	n
	a
	m
	e
	 
	a
	f
	t
	e
	r
	 
	t
	h
	e
	 
	f
	l
	a
	g
	.
❌ /clear/courses/comp412/students/ILOC/contributed/2015/lab3/ehs2.i failed!
- Summary:
	Y
	o
	u
	 
	i
	d
	e
	n
	t
	i
	f
	i
	e
	d
	 
	0
	/
	0
	 
	e
	r
	r
	o
	r
	s
	 
	c
	o
	r
	r
	e
	c
	t
	l
	y
	.
	Y
	o
	u
	 
	i
	d
	e
	n
	t
	i
	f
	i
	e
	d
	 
	0
	 
	c
	o
	r
	r
	e
	c
	t
	 
	l
	i
	n
	e
	s
	 
	a
	s
	 
	e
	r
	r
	o
	r
	s
	.
	Y
	o
	u
	 
	d
	o
	 
	n
	o
	t
	 
	h
	a
	v
	e
	 
	a
	 
	s
	u
	c
	c
	e
	s
	s
	 
	m
	e
	s
	s
	a
	g
	e
	 
	w
	h
	i
	l
	e
	 
	t
	h
	e
	 
	r
	e
	f
	e
	r
	e
	n
	c
	e
	 
	d
	o
	e
	s
	.
	N
	O
	T
	E
	:
	 
	Y
	o
	u
	r
	 
	s
	u
	c
	c
	e
	s
	s
	 
	m
	e
	s
	s
	a
	g
	e
	 
	m
	u
	s
	t
	 
	c
	o
	n
	t
	a
	i
	n
	 
	t
	h
	e
	 
	w
	o
	r
	d
	 
	"
	(
	S
	|
	s
	)
	u
	c
	c
	e
	e
	d
	e
	d
	"
	,
	 
	"
	(
	S
	|
	s
	)
	u
	c
	c
	e
	s
	s
	"
	,
	 
	"
	S
	U
	C
	C
	E
	S
	S
	"
	,
	 
	o
	r
	 
	"
	S
	U
	C
	C
	E
	E
	D
	E
	D
	"
	;
	 
	t
	h
	i
	s
	 
	c
	a
	n
	 
	b
	e
	 
	c
	h
	a
	n
	g
	e
	d
	 
	i
	n
	 
	r
	u
	n
	n
	e
	r
	.
	p
	y
	.
- Reference output:
	P
	a
	r
	s
	e
	 
	s
	u
	c
	c
	e
	e
	d
	e
	d
	,
	 
	f
	i
	n
	d
	i
	n
	g
	 
	1
	4
	 
	I
	L
	O
	C
	 
	o
	p
	e
	r
	a
	t
	i
	o
	n
	s
	.
- Your output:
	P
	O
	O
	 
	P
	O
	O
	O
	 
	P
	O
	O
	

	M
	u
	s
	t
	 
	s
	p
	e
	c
	i
	f
	y
	 
	a
	 
	f
	i
	l
	e
	 
	n
	a
	m
	e
	 
	a
	f
	t
	e
	r
	 
	t
	h
	e
	 
	f
	l
	a
	g
	.
❌ /clear/courses/comp412/students/ILOC/contributed/2015/lab3/oky1.i failed!
- Summary:
	Y
	o
	u
	 
	i
	d
	e
	n
	t
	i
	f
	i
	e
	d
	 
	0
	/
	0
	 
	e
	r
	r
	o
	r
	s
	 
	c
	o
	r
	r
	e
	c
	t
	l
	y
	.
	Y
	o
	u
	 
	i
	d
	e
	n
	t
	i
	f
	i
	e
	d
	 
	0
	 
	c
	o
	r
	r
	e
	c
	t
	 
	l
	i
	n
	e
	s
	 
	a
	s
	 
	e
	r
	r
	o
	r
	s
	.
	Y
	o
	u
	 
	d
	o
	 
	n
	o
	t
	 
	h
	a
	v
	e
	 
	a
	 
	s
	u
	c
	c
	e
	s
	s
	 
	m
	e
	s
	s
	a
	g
	e
	 
	w
	h
	i
	l
	e
	 
	t
	h
	e
	 
	r
	e
	f
	e
	r
	e
	n
	c
	e
	 
	d
	o
	e
	s
	.
	N
	O
	T
	E
	:
	 
	Y
	o
	u
	r
	 
	s
	u
	c
	c
	e
	s
	s
	 
	m
	e
	s
	s
	a
	g
	e
	 
	m
	u
	s
	t
	 
	c
	o
	n
	t
	a
	i
	n
	 
	t
	h
	e
	 
	w
	o
	r
	d
	 
	"
	(
	S
	|
	s
	)
	u
	c
	c
	e
	e
	d
	e
	d
	"
	,
	 
	"
	(
	S
	|
	s
	)
	u
	c
	c
	e
	s
	s
	"
	,
	 
	"
	S
	U
	C
	C
	E
	S
	S
	"
	,
	 
	o
	r
	 
	"
	S
	U
	C
	C
	E
	E
	D
	E
	D
	"
	;
	 
	t
	h
	i
	s
	 
	c
	a
	n
	 
	b
	e
	 
	c
	h
	a
	n
	g
	e
	d
	 
	i
	n
	 
	r
	u
	n
	n
	e
	r
	.
	p
	y
	.
- Reference output:
	P
	a
	r
	s
	e
	 
	s
	u
	c
	c
	e
	e
	d
	e
	d
	,
	 
	f
	i
	n
	d
	i
	n
	g
	 
	4
	6
	 
	I
	L
	O
	C
	 
	o
	p
	e
	r
	a
	t
	i
	o
	n
	s
	.
- Your output:
	P
	O
	O
	 
	P
	O
	O
	O
	 
	P
	O
	O
	

	M
	u
	s
	t
	 
	s
	p
	e
	c
	i
	f
	y
	 
	a
	 
	f
	i
	l
	e
	 
	n
	a
	m
	e
	 
	a
	f
	t
	e
	r
	 
	t
	h
	e
	 
	f
	l
	a
	g
	.
❌ /clear/courses/comp412/students/ILOC/contributed/2015/lab3/mas20.i failed!
- Summary:
	Y
	o
	u
	 
	i
	d
	e
	n
	t
	i
	f
	i
	e
	d
	 
	0
	/
	0
	 
	e
	r
	r
	o
	r
	s
	 
	c
	o
	r
	r
	e
	c
	t
	l
	y
	.
	Y
	o
	u
	 
	i
	d
	e
	n
	t
	i
	f
	i
	e
	d
	 
	0
	 
	c
	o
	r
	r
	e
	c
	t
	 
	l
	i
	n
	e
	s
	 
	a
	s
	 
	e
	r
	r
	o
	r
	s
	.
	Y
	o
	u
	 
	d
	o
	 
	n
	o
	t
	 
	h
	a
	v
	e
	 
	a
	 
	s
	u
	c
	c
	e
	s
	s
	 
	m
	e
	s
	s
	a
	g
	e
	 
	w
	h
	i
	l
	e
	 
	t
	h
	e
	 
	r
	e
	f
	e
	r
	e
	n
	c
	e
	 
	d
	o
	e
	s
	.
	N
	O
	T
	E
	:
	 
	Y
	o
	u
	r
	 
	s
	u
	c
	c
	e
	s
	s
	 
	m
	e
	s
	s
	a
	g
	e
	 
	m
	u
	s
	t
	 
	c
	o
	n
	t
	a
	i
	n
	 
	t
	h
	e
	 
	w
	o
	r
	d
	 
	"
	(
	S
	|
	s
	)
	u
	c
	c
	e
	e
	d
	e
	d
	"
	,
	 
	"
	(
	S
	|
	s
	)
	u
	c
	c
	e
	s
	s
	"
	,
	 
	"
	S
	U
	C
	C
	E
	S
	S
	"
	,
	 
	o
	r
	 
	"
	S
	U
	C
	C
	E
	E
	D
	E
	D
	"
	;
	 
	t
	h
	i
	s
	 
	c
	a
	n
	 
	b
	e
	 
	c
	h
	a
	n
	g
	e
	d
	 
	i
	n
	 
	r
	u
	n
	n
	e
	r
	.
	p
	y
	.
- Reference output:
	P
	a
	r
	s
	e
	 
	s
	u
	c
	c
	e
	e
	d
	e
	d
	,
	 
	f
	i
	n
	d
	i
	n
	g
	 
	1
	6
	 
	I
	L
	O
	C
	 
	o
	p
	e
	r
	a
	t
	i
	o
	n
	s
	.
- Your output:
	P
	O
	O
	 
	P
	O
	O
	O
	 
	P
	O
	O
	

	M
	u
	s
	t
	 
	s
	p
	e
	c
	i
	f
	y
	 
	a
	 
	f
	i
	l
	e
	 
	n
	a
	m
	e
	 
	a
	f
	t
	e
	r
	 
	t
	h
	e
	 
	f
	l
	a
	g
	.
❌ /clear/courses/comp412/students/ILOC/contributed/2015/lab3/yd18.i failed!
- Summary:
	Y
	o
	u
	 
	i
	d
	e
	n
	t
	i
	f
	i
	e
	d
	 
	0
	/
	0
	 
	e
	r
	r
	o
	r
	s
	 
	c
	o
	r
	r
	e
	c
	t
	l
	y
	.
	Y
	o
	u
	 
	i
	d
	e
	n
	t
	i
	f
	i
	e
	d
	 
	0
	 
	c
	o
	r
	r
	e
	c
	t
	 
	l
	i
	n
	e
	s
	 
	a
	s
	 
	e
	r
	r
	o
	r
	s
	.
	Y
	o
	u
	 
	d
	o
	 
	n
	o
	t
	 
	h
	a
	v
	e
	 
	a
	 
	s
	u
	c
	c
	e
	s
	s
	 
	m
	e
	s
	s
	a
	g
	e
	 
	w
	h
	i
	l
	e
	 
	t
	h
	e
	 
	r
	e
	f
	e
	r
	e
	n
	c
	e
	 
	d
	o
	e
	s
	.
	N
	O
	T
	E
	:
	 
	Y
	o
	u
	r
	 
	s
	u
	c
	c
	e
	s
	s
	 
	m
	e
	s
	s
	a
	g
	e
	 
	m
	u
	s
	t
	 
	c
	o
	n
	t
	a
	i
	n
	 
	t
	h
	e
	 
	w
	o
	r
	d
	 
	"
	(
	S
	|
	s
	)
	u
	c
	c
	e
	e
	d
	e
	d
	"
	,
	 
	"
	(
	S
	|
	s
	)
	u
	c
	c
	e
	s
	s
	"
	,
	 
	"
	S
	U
	C
	C
	E
	S
	S
	"
	,
	 
	o
	r
	 
	"
	S
	U
	C
	C
	E
	E
	D
	E
	D
	"
	;
	 
	t
	h
	i
	s
	 
	c
	a
	n
	 
	b
	e
	 
	c
	h
	a
	n
	g
	e
	d
	 
	i
	n
	 
	r
	u
	n
	n
	e
	r
	.
	p
	y
	.
- Reference output:
	P
	a
	r
	s
	e
	 
	s
	u
	c
	c
	e
	e
	d
	e
	d
	,
	 
	f
	i
	n
	d
	i
	n
	g
	 
	5
	4
	 
	I
	L
	O
	C
	 
	o
	p
	e
	r
	a
	t
	i
	o
	n
	s
	.
- Your output:
	P
	O
	O
	 
	P
	O
	O
	O
	 
	P
	O
	O
	

	M
	u
	s
	t
	 
	s
	p
	e
	c
	i
	f
	y
	 
	a
	 
	f
	i
	l
	e
	 
	n
	a
	m
	e
	 
	a
	f
	t
	e
	r
	 
	t
	h
	e
	 
	f
	l
	a
	g
	.
❌ /clear/courses/comp412/students/ILOC/contributed/2015/lab3/cav2.i failed!
- Summary:
	Y
	o
	u
	 
	i
	d
	e
	n
	t
	i
	f
	i
	e
	d
	 
	0
	/
	0
	 
	e
	r
	r
	o
	r
	s
	 
	c
	o
	r
	r
	e
	c
	t
	l
	y
	.
	Y
	o
	u
	 
	i
	d
	e
	n
	t
	i
	f
	i
	e
	d
	 
	0
	 
	c
	o
	r
	r
	e
	c
	t
	 
	l
	i
	n
	e
	s
	 
	a
	s
	 
	e
	r
	r
	o
	r
	s
	.
	Y
	o
	u
	 
	d
	o
	 
	n
	o
	t
	 
	h
	a
	v
	e
	 
	a
	 
	s
	u
	c
	c
	e
	s
	s
	 
	m
	e
	s
	s
	a
	g
	e
	 
	w
	h
	i
	l
	e
	 
	t
	h
	e
	 
	r
	e
	f
	e
	r
	e
	n
	c
	e
	 
	d
	o
	e
	s
	.
	N
	O
	T
	E
	:
	 
	Y
	o
	u
	r
	 
	s
	u
	c
	c
	e
	s
	s
	 
	m
	e
	s
	s
	a
	g
	e
	 
	m
	u
	s
	t
	 
	c
	o
	n
	t
	a
	i
	n
	 
	t
	h
	e
	 
	w
	o
	r
	d
	 
	"
	(
	S
	|
	s
	)
	u
	c
	c
	e
	e
	d
	e
	d
	"
	,
	 
	"
	(
	S
	|
	s
	)
	u
	c
	c
	e
	s
	s
	"
	,
	 
	"
	S
	U
	C
	C
	E
	S
	S
	"
	,
	 
	o
	r
	 
	"
	S
	U
	C
	C
	E
	E
	D
	E
	D
	"
	;
	 
	t
	h
	i
	s
	 
	c
	a
	n
	 
	b
	e
	 
	c
	h
	a
	n
	g
	e
	d
	 
	i
	n
	 
	r
	u
	n
	n
	e
	r
	.
	p
	y
	.
- Reference output:
	P
	a
	r
	s
	e
	 
	s
	u
	c
	c
	e
	e
	d
	e
	d
	,
	 
	f
	i
	n
	d
	i
	n
	g
	 
	6
	9
	 
	I
	L
	O
	C
	 
	o
	p
	e
	r
	a
	t
	i
	o
	n
	s
	.
- Your output:
	P
	O
	O
	 
	P
	O
	O
	O
	 
	P
	O
	O
	

	M
	u
	s
	t
	 
	s
	p
	e
	c
	i
	f
	y
	 
	a
	 
	f
	i
	l
	e
	 
	n
	a
	m
	e
	 
	a
	f
	t
	e
	r
	 
	t
	h
	e
	 
	f
	l
	a
	g
	.
❌ /clear/courses/comp412/students/ILOC/contributed/2015/lab3/tve1.i failed!
- Summary:
	Y
	o
	u
	 
	i
	d
	e
	n
	t
	i
	f
	i
	e
	d
	 
	0
	/
	0
	 
	e
	r
	r
	o
	r
	s
	 
	c
	o
	r
	r
	e
	c
	t
	l
	y
	.
	Y
	o
	u
	 
	i
	d
	e
	n
	t
	i
	f
	i
	e
	d
	 
	0
	 
	c
	o
	r
	r
	e
	c
	t
	 
	l
	i
	n
	e
	s
	 
	a
	s
	 
	e
	r
	r
	o
	r
	s
	.
	Y
	o
	u
	 
	d
	o
	 
	n
	o
	t
	 
	h
	a
	v
	e
	 
	a
	 
	s
	u
	c
	c
	e
	s
	s
	 
	m
	e
	s
	s
	a
	g
	e
	 
	w
	h
	i
	l
	e
	 
	t
	h
	e
	 
	r
	e
	f
	e
	r
	e
	n
	c
	e
	 
	d
	o
	e
	s
	.
	N
	O
	T
	E
	:
	 
	Y
	o
	u
	r
	 
	s
	u
	c
	c
	e
	s
	s
	 
	m
	e
	s
	s
	a
	g
	e
	 
	m
	u
	s
	t
	 
	c
	o
	n
	t
	a
	i
	n
	 
	t
	h
	e
	 
	w
	o
	r
	d
	 
	"
	(
	S
	|
	s
	)
	u
	c
	c
	e
	e
	d
	e
	d
	"
	,
	 
	"
	(
	S
	|
	s
	)
	u
	c
	c
	e
	s
	s
	"
	,
	 
	"
	S
	U
	C
	C
	E
	S
	S
	"
	,
	 
	o
	r
	 
	"
	S
	U
	C
	C
	E
	E
	D
	E
	D
	"
	;
	 
	t
	h
	i
	s
	 
	c
	a
	n
	 
	b
	e
	 
	c
	h
	a
	n
	g
	e
	d
	 
	i
	n
	 
	r
	u
	n
	n
	e
	r
	.
	p
	y
	.
- Reference output:
	P
	a
	r
	s
	e
	 
	s
	u
	c
	c
	e
	e
	d
	e
	d
	,
	 
	f
	i
	n
	d
	i
	n
	g
	 
	2
	7
	 
	I
	L
	O
	C
	 
	o
	p
	e
	r
	a
	t
	i
	o
	n
	s
	.
- Your output:
	P
	O
	O
	 
	P
	O
	O
	O
	 
	P
	O
	O
	

	M
	u
	s
	t
	 
	s
	p
	e
	c
	i
	f
	y
	 
	a
	 
	f
	i
	l
	e
	 
	n
	a
	m
	e
	 
	a
	f
	t
	e
	r
	 
	t
	h
	e
	 
	f
	l
	a
	g
	.
❌ /clear/courses/comp412/students/ILOC/contributed/2015/lab3/gak2.i failed!
- Summary:
	Y
	o
	u
	 
	i
	d
	e
	n
	t
	i
	f
	i
	e
	d
	 
	0
	/
	0
	 
	e
	r
	r
	o
	r
	s
	 
	c
	o
	r
	r
	e
	c
	t
	l
	y
	.
	Y
	o
	u
	 
	i
	d
	e
	n
	t
	i
	f
	i
	e
	d
	 
	0
	 
	c
	o
	r
	r
	e
	c
	t
	 
	l
	i
	n
	e
	s
	 
	a
	s
	 
	e
	r
	r
	o
	r
	s
	.
	Y
	o
	u
	 
	d
	o
	 
	n
	o
	t
	 
	h
	a
	v
	e
	 
	a
	 
	s
	u
	c
	c
	e
	s
	s
	 
	m
	e
	s
	s
	a
	g
	e
	 
	w
	h
	i
	l
	e
	 
	t
	h
	e
	 
	r
	e
	f
	e
	r
	e
	n
	c
	e
	 
	d
	o
	e
	s
	.
	N
	O
	T
	E
	:
	 
	Y
	o
	u
	r
	 
	s
	u
	c
	c
	e
	s
	s
	 
	m
	e
	s
	s
	a
	g
	e
	 
	m
	u
	s
	t
	 
	c
	o
	n
	t
	a
	i
	n
	 
	t
	h
	e
	 
	w
	o
	r
	d
	 
	"
	(
	S
	|
	s
	)
	u
	c
	c
	e
	e
	d
	e
	d
	"
	,
	 
	"
	(
	S
	|
	s
	)
	u
	c
	c
	e
	s
	s
	"
	,
	 
	"
	S
	U
	C
	C
	E
	S
	S
	"
	,
	 
	o
	r
	 
	"
	S
	U
	C
	C
	E
	E
	D
	E
	D
	"
	;
	 
	t
	h
	i
	s
	 
	c
	a
	n
	 
	b
	e
	 
	c
	h
	a
	n
	g
	e
	d
	 
	i
	n
	 
	r
	u
	n
	n
	e
	r
	.
	p
	y
	.
- Reference output:
	P
	a
	r
	s
	e
	 
	s
	u
	c
	c
	e
	e
	d
	e
	d
	,
	 
	f
	i
	n
	d
	i
	n
	g
	 
	2
	8
	 
	I
	L
	O
	C
	 
	o
	p
	e
	r
	a
	t
	i
	o
	n
	s
	.
- Your output:
	P
	O
	O
	 
	P
	O
	O
	O
	 
	P
	O
	O
	

	M
	u
	s
	t
	 
	s
	p
	e
	c
	i
	f
	y
	 
	a
	 
	f
	i
	l
	e
	 
	n
	a
	m
	e
	 
	a
	f
	t
	e
	r
	 
	t
	h
	e
	 
	f
	l
	a
	g
	.
❌ /clear/courses/comp412/students/ILOC/contributed/2015/lab3/ac86.i failed!
- Summary:
	Y
	o
	u
	 
	i
	d
	e
	n
	t
	i
	f
	i
	e
	d
	 
	0
	/
	0
	 
	e
	r
	r
	o
	r
	s
	 
	c
	o
	r
	r
	e
	c
	t
	l
	y
	.
	Y
	o
	u
	 
	i
	d
	e
	n
	t
	i
	f
	i
	e
	d
	 
	0
	 
	c
	o
	r
	r
	e
	c
	t
	 
	l
	i
	n
	e
	s
	 
	a
	s
	 
	e
	r
	r
	o
	r
	s
	.
	Y
	o
	u
	 
	d
	o
	 
	n
	o
	t
	 
	h
	a
	v
	e
	 
	a
	 
	s
	u
	c
	c
	e
	s
	s
	 
	m
	e
	s
	s
	a
	g
	e
	 
	w
	h
	i
	l
	e
	 
	t
	h
	e
	 
	r
	e
	f
	e
	r
	e
	n
	c
	e
	 
	d
	o
	e
	s
	.
	N
	O
	T
	E
	:
	 
	Y
	o
	u
	r
	 
	s
	u
	c
	c
	e
	s
	s
	 
	m
	e
	s
	s
	a
	g
	e
	 
	m
	u
	s
	t
	 
	c
	o
	n
	t
	a
	i
	n
	 
	t
	h
	e
	 
	w
	o
	r
	d
	 
	"
	(
	S
	|
	s
	)
	u
	c
	c
	e
	e
	d
	e
	d
	"
	,
	 
	"
	(
	S
	|
	s
	)
	u
	c
	c
	e
	s
	s
	"
	,
	 
	"
	S
	U
	C
	C
	E
	S
	S
	"
	,
	 
	o
	r
	 
	"
	S
	U
	C
	C
	E
	E
	D
	E
	D
	"
	;
	 
	t
	h
	i
	s
	 
	c
	a
	n
	 
	b
	e
	 
	c
	h
	a
	n
	g
	e
	d
	 
	i
	n
	 
	r
	u
	n
	n
	e
	r
	.
	p
	y
	.
- Reference output:
	P
	a
	r
	s
	e
	 
	s
	u
	c
	c
	e
	e
	d
	e
	d
	,
	 
	f
	i
	n
	d
	i
	n
	g
	 
	1
	8
	 
	I
	L
	O
	C
	 
	o
	p
	e
	r
	a
	t
	i
	o
	n
	s
	.
- Your output:
	P
	O
	O
	 
	P
	O
	O
	O
	 
	P
	O
	O
	

	M
	u
	s
	t
	 
	s
	p
	e
	c
	i
	f
	y
	 
	a
	 
	f
	i
	l
	e
	 
	n
	a
	m
	e
	 
	a
	f
	t
	e
	r
	 
	t
	h
	e
	 
	f
	l
	a
	g
	.
❌ /clear/courses/comp412/students/ILOC/contributed/2015/lab3/jj26.i failed!
- Summary:
	Y
	o
	u
	 
	i
	d
	e
	n
	t
	i
	f
	i
	e
	d
	 
	0
	/
	0
	 
	e
	r
	r
	o
	r
	s
	 
	c
	o
	r
	r
	e
	c
	t
	l
	y
	.
	Y
	o
	u
	 
	i
	d
	e
	n
	t
	i
	f
	i
	e
	d
	 
	0
	 
	c
	o
	r
	r
	e
	c
	t
	 
	l
	i
	n
	e
	s
	 
	a
	s
	 
	e
	r
	r
	o
	r
	s
	.
	Y
	o
	u
	 
	d
	o
	 
	n
	o
	t
	 
	h
	a
	v
	e
	 
	a
	 
	s
	u
	c
	c
	e
	s
	s
	 
	m
	e
	s
	s
	a
	g
	e
	 
	w
	h
	i
	l
	e
	 
	t
	h
	e
	 
	r
	e
	f
	e
	r
	e
	n
	c
	e
	 
	d
	o
	e
	s
	.
	N
	O
	T
	E
	:
	 
	Y
	o
	u
	r
	 
	s
	u
	c
	c
	e
	s
	s
	 
	m
	e
	s
	s
	a
	g
	e
	 
	m
	u
	s
	t
	 
	c
	o
	n
	t
	a
	i
	n
	 
	t
	h
	e
	 
	w
	o
	r
	d
	 
	"
	(
	S
	|
	s
	)
	u
	c
	c
	e
	e
	d
	e
	d
	"
	,
	 
	"
	(
	S
	|
	s
	)
	u
	c
	c
	e
	s
	s
	"
	,
	 
	"
	S
	U
	C
	C
	E
	S
	S
	"
	,
	 
	o
	r
	 
	"
	S
	U
	C
	C
	E
	E
	D
	E
	D
	"
	;
	 
	t
	h
	i
	s
	 
	c
	a
	n
	 
	b
	e
	 
	c
	h
	a
	n
	g
	e
	d
	 
	i
	n
	 
	r
	u
	n
	n
	e
	r
	.
	p
	y
	.
- Reference output:
	P
	a
	r
	s
	e
	 
	s
	u
	c
	c
	e
	e
	d
	e
	d
	,
	 
	f
	i
	n
	d
	i
	n
	g
	 
	1
	6
	 
	I
	L
	O
	C
	 
	o
	p
	e
	r
	a
	t
	i
	o
	n
	s
	.
- Your output:
	P
	O
	O
	 
	P
	O
	O
	O
	 
	P
	O
	O
	

	M
	u
	s
	t
	 
	s
	p
	e
	c
	i
	f
	y
	 
	a
	 
	f
	i
	l
	e
	 
	n
	a
	m
	e
	 
	a
	f
	t
	e
	r
	 
	t
	h
	e
	 
	f
	l
	a
	g
	.
❌ /clear/courses/comp412/students/ILOC/contributed/2015/lab3/asn2.i failed!
- Summary:
	Y
	o
	u
	 
	i
	d
	e
	n
	t
	i
	f
	i
	e
	d
	 
	0
	/
	0
	 
	e
	r
	r
	o
	r
	s
	 
	c
	o
	r
	r
	e
	c
	t
	l
	y
	.
	Y
	o
	u
	 
	i
	d
	e
	n
	t
	i
	f
	i
	e
	d
	 
	0
	 
	c
	o
	r
	r
	e
	c
	t
	 
	l
	i
	n
	e
	s
	 
	a
	s
	 
	e
	r
	r
	o
	r
	s
	.
	Y
	o
	u
	 
	d
	o
	 
	n
	o
	t
	 
	h
	a
	v
	e
	 
	a
	 
	s
	u
	c
	c
	e
	s
	s
	 
	m
	e
	s
	s
	a
	g
	e
	 
	w
	h
	i
	l
	e
	 
	t
	h
	e
	 
	r
	e
	f
	e
	r
	e
	n
	c
	e
	 
	d
	o
	e
	s
	.
	N
	O
	T
	E
	:
	 
	Y
	o
	u
	r
	 
	s
	u
	c
	c
	e
	s
	s
	 
	m
	e
	s
	s
	a
	g
	e
	 
	m
	u
	s
	t
	 
	c
	o
	n
	t
	a
	i
	n
	 
	t
	h
	e
	 
	w
	o
	r
	d
	 
	"
	(
	S
	|
	s
	)
	u
	c
	c
	e
	e
	d
	e
	d
	"
	,
	 
	"
	(
	S
	|
	s
	)
	u
	c
	c
	e
	s
	s
	"
	,
	 
	"
	S
	U
	C
	C
	E
	S
	S
	"
	,
	 
	o
	r
	 
	"
	S
	U
	C
	C
	E
	E
	D
	E
	D
	"
	;
	 
	t
	h
	i
	s
	 
	c
	a
	n
	 
	b
	e
	 
	c
	h
	a
	n
	g
	e
	d
	 
	i
	n
	 
	r
	u
	n
	n
	e
	r
	.
	p
	y
	.
- Reference output:
	P
	a
	r
	s
	e
	 
	s
	u
	c
	c
	e
	e
	d
	e
	d
	,
	 
	f
	i
	n
	d
	i
	n
	g
	 
	2
	9
	 
	I
	L
	O
	C
	 
	o
	p
	e
	r
	a
	t
	i
	o
	n
	s
	.
- Your output:
	P
	O
	O
	 
	P
	O
	O
	O
	 
	P
	O
	O
	

	M
	u
	s
	t
	 
	s
	p
	e
	c
	i
	f
	y
	 
	a
	 
	f
	i
	l
	e
	 
	n
	a
	m
	e
	 
	a
	f
	t
	e
	r
	 
	t
	h
	e
	 
	f
	l
	a
	g
	.
❌ /clear/courses/comp412/students/ILOC/contributed/2015/lab3/mww4.i failed!
- Summary:
	Y
	o
	u
	 
	i
	d
	e
	n
	t
	i
	f
	i
	e
	d
	 
	0
	/
	0
	 
	e
	r
	r
	o
	r
	s
	 
	c
	o
	r
	r
	e
	c
	t
	l
	y
	.
	Y
	o
	u
	 
	i
	d
	e
	n
	t
	i
	f
	i
	e
	d
	 
	0
	 
	c
	o
	r
	r
	e
	c
	t
	 
	l
	i
	n
	e
	s
	 
	a
	s
	 
	e
	r
	r
	o
	r
	s
	.
	Y
	o
	u
	 
	d
	o
	 
	n
	o
	t
	 
	h
	a
	v
	e
	 
	a
	 
	s
	u
	c
	c
	e
	s
	s
	 
	m
	e
	s
	s
	a
	g
	e
	 
	w
	h
	i
	l
	e
	 
	t
	h
	e
	 
	r
	e
	f
	e
	r
	e
	n
	c
	e
	 
	d
	o
	e
	s
	.
	N
	O
	T
	E
	:
	 
	Y
	o
	u
	r
	 
	s
	u
	c
	c
	e
	s
	s
	 
	m
	e
	s
	s
	a
	g
	e
	 
	m
	u
	s
	t
	 
	c
	o
	n
	t
	a
	i
	n
	 
	t
	h
	e
	 
	w
	o
	r
	d
	 
	"
	(
	S
	|
	s
	)
	u
	c
	c
	e
	e
	d
	e
	d
	"
	,
	 
	"
	(
	S
	|
	s
	)
	u
	c
	c
	e
	s
	s
	"
	,
	 
	"
	S
	U
	C
	C
	E
	S
	S
	"
	,
	 
	o
	r
	 
	"
	S
	U
	C
	C
	E
	E
	D
	E
	D
	"
	;
	 
	t
	h
	i
	s
	 
	c
	a
	n
	 
	b
	e
	 
	c
	h
	a
	n
	g
	e
	d
	 
	i
	n
	 
	r
	u
	n
	n
	e
	r
	.
	p
	y
	.
- Reference output:
	P
	a
	r
	s
	e
	 
	s
	u
	c
	c
	e
	e
	d
	e
	d
	,
	 
	f
	i
	n
	d
	i
	n
	g
	 
	1
	9
	 
	I
	L
	O
	C
	 
	o
	p
	e
	r
	a
	t
	i
	o
	n
	s
	.
- Your output:
	P
	O
	O
	 
	P
	O
	O
	O
	 
	P
	O
	O
	

	M
	u
	s
	t
	 
	s
	p
	e
	c
	i
	f
	y
	 
	a
	 
	f
	i
	l
	e
	 
	n
	a
	m
	e
	 
	a
	f
	t
	e
	r
	 
	t
	h
	e
	 
	f
	l
	a
	g
	.
❌ /clear/courses/comp412/students/ILOC/contributed/2015/lab3/xw32.i failed!
- Summary:
	Y
	o
	u
	 
	i
	d
	e
	n
	t
	i
	f
	i
	e
	d
	 
	0
	/
	0
	 
	e
	r
	r
	o
	r
	s
	 
	c
	o
	r
	r
	e
	c
	t
	l
	y
	.
	Y
	o
	u
	 
	i
	d
	e
	n
	t
	i
	f
	i
	e
	d
	 
	0
	 
	c
	o
	r
	r
	e
	c
	t
	 
	l
	i
	n
	e
	s
	 
	a
	s
	 
	e
	r
	r
	o
	r
	s
	.
	Y
	o
	u
	 
	d
	o
	 
	n
	o
	t
	 
	h
	a
	v
	e
	 
	a
	 
	s
	u
	c
	c
	e
	s
	s
	 
	m
	e
	s
	s
	a
	g
	e
	 
	w
	h
	i
	l
	e
	 
	t
	h
	e
	 
	r
	e
	f
	e
	r
	e
	n
	c
	e
	 
	d
	o
	e
	s
	.
	N
	O
	T
	E
	:
	 
	Y
	o
	u
	r
	 
	s
	u
	c
	c
	e
	s
	s
	 
	m
	e
	s
	s
	a
	g
	e
	 
	m
	u
	s
	t
	 
	c
	o
	n
	t
	a
	i
	n
	 
	t
	h
	e
	 
	w
	o
	r
	d
	 
	"
	(
	S
	|
	s
	)
	u
	c
	c
	e
	e
	d
	e
	d
	"
	,
	 
	"
	(
	S
	|
	s
	)
	u
	c
	c
	e
	s
	s
	"
	,
	 
	"
	S
	U
	C
	C
	E
	S
	S
	"
	,
	 
	o
	r
	 
	"
	S
	U
	C
	C
	E
	E
	D
	E
	D
	"
	;
	 
	t
	h
	i
	s
	 
	c
	a
	n
	 
	b
	e
	 
	c
	h
	a
	n
	g
	e
	d
	 
	i
	n
	 
	r
	u
	n
	n
	e
	r
	.
	p
	y
	.
- Reference output:
	P
	a
	r
	s
	e
	 
	s
	u
	c
	c
	e
	e
	d
	e
	d
	,
	 
	f
	i
	n
	d
	i
	n
	g
	 
	2
	0
	 
	I
	L
	O
	C
	 
	o
	p
	e
	r
	a
	t
	i
	o
	n
	s
	.
- Your output:
	P
	O
	O
	 
	P
	O
	O
	O
	 
	P
	O
	O
	

	M
	u
	s
	t
	 
	s
	p
	e
	c
	i
	f
	y
	 
	a
	 
	f
	i
	l
	e
	 
	n
	a
	m
	e
	 
	a
	f
	t
	e
	r
	 
	t
	h
	e
	 
	f
	l
	a
	g
	.
❌ /clear/courses/comp412/students/ILOC/contributed/2015/lab3/yz56.i failed!
- Summary:
	Y
	o
	u
	 
	i
	d
	e
	n
	t
	i
	f
	i
	e
	d
	 
	0
	/
	0
	 
	e
	r
	r
	o
	r
	s
	 
	c
	o
	r
	r
	e
	c
	t
	l
	y
	.
	Y
	o
	u
	 
	i
	d
	e
	n
	t
	i
	f
	i
	e
	d
	 
	0
	 
	c
	o
	r
	r
	e
	c
	t
	 
	l
	i
	n
	e
	s
	 
	a
	s
	 
	e
	r
	r
	o
	r
	s
	.
	Y
	o
	u
	 
	d
	o
	 
	n
	o
	t
	 
	h
	a
	v
	e
	 
	a
	 
	s
	u
	c
	c
	e
	s
	s
	 
	m
	e
	s
	s
	a
	g
	e
	 
	w
	h
	i
	l
	e
	 
	t
	h
	e
	 
	r
	e
	f
	e
	r
	e
	n
	c
	e
	 
	d
	o
	e
	s
	.
	N
	O
	T
	E
	:
	 
	Y
	o
	u
	r
	 
	s
	u
	c
	c
	e
	s
	s
	 
	m
	e
	s
	s
	a
	g
	e
	 
	m
	u
	s
	t
	 
	c
	o
	n
	t
	a
	i
	n
	 
	t
	h
	e
	 
	w
	o
	r
	d
	 
	"
	(
	S
	|
	s
	)
	u
	c
	c
	e
	e
	d
	e
	d
	"
	,
	 
	"
	(
	S
	|
	s
	)
	u
	c
	c
	e
	s
	s
	"
	,
	 
	"
	S
	U
	C
	C
	E
	S
	S
	"
	,
	 
	o
	r
	 
	"
	S
	U
	C
	C
	E
	E
	D
	E
	D
	"
	;
	 
	t
	h
	i
	s
	 
	c
	a
	n
	 
	b
	e
	 
	c
	h
	a
	n
	g
	e
	d
	 
	i
	n
	 
	r
	u
	n
	n
	e
	r
	.
	p
	y
	.
- Reference output:
	P
	a
	r
	s
	e
	 
	s
	u
	c
	c
	e
	e
	d
	e
	d
	,
	 
	f
	i
	n
	d
	i
	n
	g
	 
	3
	0
	 
	I
	L
	O
	C
	 
	o
	p
	e
	r
	a
	t
	i
	o
	n
	s
	.
- Your output:
	P
	O
	O
	 
	P
	O
	O
	O
	 
	P
	O
	O
	

	M
	u
	s
	t
	 
	s
	p
	e
	c
	i
	f
	y
	 
	a
	 
	f
	i
	l
	e
	 
	n
	a
	m
	e
	 
	a
	f
	t
	e
	r
	 
	t
	h
	e
	 
	f
	l
	a
	g
	.
❌ /clear/courses/comp412/students/ILOC/contributed/2015/lab3/fgd1.i failed!
- Summary:
	Y
	o
	u
	 
	i
	d
	e
	n
	t
	i
	f
	i
	e
	d
	 
	0
	/
	0
	 
	e
	r
	r
	o
	r
	s
	 
	c
	o
	r
	r
	e
	c
	t
	l
	y
	.
	Y
	o
	u
	 
	i
	d
	e
	n
	t
	i
	f
	i
	e
	d
	 
	0
	 
	c
	o
	r
	r
	e
	c
	t
	 
	l
	i
	n
	e
	s
	 
	a
	s
	 
	e
	r
	r
	o
	r
	s
	.
	Y
	o
	u
	 
	d
	o
	 
	n
	o
	t
	 
	h
	a
	v
	e
	 
	a
	 
	s
	u
	c
	c
	e
	s
	s
	 
	m
	e
	s
	s
	a
	g
	e
	 
	w
	h
	i
	l
	e
	 
	t
	h
	e
	 
	r
	e
	f
	e
	r
	e
	n
	c
	e
	 
	d
	o
	e
	s
	.
	N
	O
	T
	E
	:
	 
	Y
	o
	u
	r
	 
	s
	u
	c
	c
	e
	s
	s
	 
	m
	e
	s
	s
	a
	g
	e
	 
	m
	u
	s
	t
	 
	c
	o
	n
	t
	a
	i
	n
	 
	t
	h
	e
	 
	w
	o
	r
	d
	 
	"
	(
	S
	|
	s
	)
	u
	c
	c
	e
	e
	d
	e
	d
	"
	,
	 
	"
	(
	S
	|
	s
	)
	u
	c
	c
	e
	s
	s
	"
	,
	 
	"
	S
	U
	C
	C
	E
	S
	S
	"
	,
	 
	o
	r
	 
	"
	S
	U
	C
	C
	E
	E
	D
	E
	D
	"
	;
	 
	t
	h
	i
	s
	 
	c
	a
	n
	 
	b
	e
	 
	c
	h
	a
	n
	g
	e
	d
	 
	i
	n
	 
	r
	u
	n
	n
	e
	r
	.
	p
	y
	.
- Reference output:
	P
	a
	r
	s
	e
	 
	s
	u
	c
	c
	e
	e
	d
	e
	d
	,
	 
	f
	i
	n
	d
	i
	n
	g
	 
	4
	1
	 
	I
	L
	O
	C
	 
	o
	p
	e
	r
	a
	t
	i
	o
	n
	s
	.
- Your output:
	P
	O
	O
	 
	P
	O
	O
	O
	 
	P
	O
	O
	

	M
	u
	s
	t
	 
	s
	p
	e
	c
	i
	f
	y
	 
	a
	 
	f
	i
	l
	e
	 
	n
	a
	m
	e
	 
	a
	f
	t
	e
	r
	 
	t
	h
	e
	 
	f
	l
	a
	g
	.
❌ /clear/courses/comp412/students/ILOC/contributed/2015/lab3/am98.i failed!
- Summary:
	Y
	o
	u
	 
	i
	d
	e
	n
	t
	i
	f
	i
	e
	d
	 
	0
	/
	0
	 
	e
	r
	r
	o
	r
	s
	 
	c
	o
	r
	r
	e
	c
	t
	l
	y
	.
	Y
	o
	u
	 
	i
	d
	e
	n
	t
	i
	f
	i
	e
	d
	 
	0
	 
	c
	o
	r
	r
	e
	c
	t
	 
	l
	i
	n
	e
	s
	 
	a
	s
	 
	e
	r
	r
	o
	r
	s
	.
	Y
	o
	u
	 
	d
	o
	 
	n
	o
	t
	 
	h
	a
	v
	e
	 
	a
	 
	s
	u
	c
	c
	e
	s
	s
	 
	m
	e
	s
	s
	a
	g
	e
	 
	w
	h
	i
	l
	e
	 
	t
	h
	e
	 
	r
	e
	f
	e
	r
	e
	n
	c
	e
	 
	d
	o
	e
	s
	.
	N
	O
	T
	E
	:
	 
	Y
	o
	u
	r
	 
	s
	u
	c
	c
	e
	s
	s
	 
	m
	e
	s
	s
	a
	g
	e
	 
	m
	u
	s
	t
	 
	c
	o
	n
	t
	a
	i
	n
	 
	t
	h
	e
	 
	w
	o
	r
	d
	 
	"
	(
	S
	|
	s
	)
	u
	c
	c
	e
	e
	d
	e
	d
	"
	,
	 
	"
	(
	S
	|
	s
	)
	u
	c
	c
	e
	s
	s
	"
	,
	 
	"
	S
	U
	C
	C
	E
	S
	S
	"
	,
	 
	o
	r
	 
	"
	S
	U
	C
	C
	E
	E
	D
	E
	D
	"
	;
	 
	t
	h
	i
	s
	 
	c
	a
	n
	 
	b
	e
	 
	c
	h
	a
	n
	g
	e
	d
	 
	i
	n
	 
	r
	u
	n
	n
	e
	r
	.
	p
	y
	.
- Reference output:
	P
	a
	r
	s
	e
	 
	s
	u
	c
	c
	e
	e
	d
	e
	d
	,
	 
	f
	i
	n
	d
	i
	n
	g
	 
	3
	9
	 
	I
	L
	O
	C
	 
	o
	p
	e
	r
	a
	t
	i
	o
	n
	s
	.
- Your output:
	P
	O
	O
	 
	P
	O
	O
	O
	 
	P
	O
	O
	

	M
	u
	s
	t
	 
	s
	p
	e
	c
	i
	f
	y
	 
	a
	 
	f
	i
	l
	e
	 
	n
	a
	m
	e
	 
	a
	f
	t
	e
	r
	 
	t
	h
	e
	 
	f
	l
	a
	g
	.
❌ /clear/courses/comp412/students/ILOC/contributed/2015/lab3/zc12.i failed!
- Summary:
	Y
	o
	u
	 
	i
	d
	e
	n
	t
	i
	f
	i
	e
	d
	 
	0
	/
	0
	 
	e
	r
	r
	o
	r
	s
	 
	c
	o
	r
	r
	e
	c
	t
	l
	y
	.
	Y
	o
	u
	 
	i
	d
	e
	n
	t
	i
	f
	i
	e
	d
	 
	0
	 
	c
	o
	r
	r
	e
	c
	t
	 
	l
	i
	n
	e
	s
	 
	a
	s
	 
	e
	r
	r
	o
	r
	s
	.
	Y
	o
	u
	 
	d
	o
	 
	n
	o
	t
	 
	h
	a
	v
	e
	 
	a
	 
	s
	u
	c
	c
	e
	s
	s
	 
	m
	e
	s
	s
	a
	g
	e
	 
	w
	h
	i
	l
	e
	 
	t
	h
	e
	 
	r
	e
	f
	e
	r
	e
	n
	c
	e
	 
	d
	o
	e
	s
	.
	N
	O
	T
	E
	:
	 
	Y
	o
	u
	r
	 
	s
	u
	c
	c
	e
	s
	s
	 
	m
	e
	s
	s
	a
	g
	e
	 
	m
	u
	s
	t
	 
	c
	o
	n
	t
	a
	i
	n
	 
	t
	h
	e
	 
	w
	o
	r
	d
	 
	"
	(
	S
	|
	s
	)
	u
	c
	c
	e
	e
	d
	e
	d
	"
	,
	 
	"
	(
	S
	|
	s
	)
	u
	c
	c
	e
	s
	s
	"
	,
	 
	"
	S
	U
	C
	C
	E
	S
	S
	"
	,
	 
	o
	r
	 
	"
	S
	U
	C
	C
	E
	E
	D
	E
	D
	"
	;
	 
	t
	h
	i
	s
	 
	c
	a
	n
	 
	b
	e
	 
	c
	h
	a
	n
	g
	e
	d
	 
	i
	n
	 
	r
	u
	n
	n
	e
	r
	.
	p
	y
	.
- Reference output:
	P
	a
	r
	s
	e
	 
	s
	u
	c
	c
	e
	e
	d
	e
	d
	,
	 
	f
	i
	n
	d
	i
	n
	g
	 
	3
	3
	 
	I
	L
	O
	C
	 
	o
	p
	e
	r
	a
	t
	i
	o
	n
	s
	.
- Your output:
	P
	O
	O
	 
	P
	O
	O
	O
	 
	P
	O
	O
	

	M
	u
	s
	t
	 
	s
	p
	e
	c
	i
	f
	y
	 
	a
	 
	f
	i
	l
	e
	 
	n
	a
	m
	e
	 
	a
	f
	t
	e
	r
	 
	t
	h
	e
	 
	f
	l
	a
	g
	.
❌ /clear/courses/comp412/students/ILOC/contributed/2015/lab3/ptd3.i failed!
- Summary:
	Y
	o
	u
	 
	i
	d
	e
	n
	t
	i
	f
	i
	e
	d
	 
	0
	/
	0
	 
	e
	r
	r
	o
	r
	s
	 
	c
	o
	r
	r
	e
	c
	t
	l
	y
	.
	Y
	o
	u
	 
	i
	d
	e
	n
	t
	i
	f
	i
	e
	d
	 
	0
	 
	c
	o
	r
	r
	e
	c
	t
	 
	l
	i
	n
	e
	s
	 
	a
	s
	 
	e
	r
	r
	o
	r
	s
	.
	Y
	o
	u
	 
	d
	o
	 
	n
	o
	t
	 
	h
	a
	v
	e
	 
	a
	 
	s
	u
	c
	c
	e
	s
	s
	 
	m
	e
	s
	s
	a
	g
	e
	 
	w
	h
	i
	l
	e
	 
	t
	h
	e
	 
	r
	e
	f
	e
	r
	e
	n
	c
	e
	 
	d
	o
	e
	s
	.
	N
	O
	T
	E
	:
	 
	Y
	o
	u
	r
	 
	s
	u
	c
	c
	e
	s
	s
	 
	m
	e
	s
	s
	a
	g
	e
	 
	m
	u
	s
	t
	 
	c
	o
	n
	t
	a
	i
	n
	 
	t
	h
	e
	 
	w
	o
	r
	d
	 
	"
	(
	S
	|
	s
	)
	u
	c
	c
	e
	e
	d
	e
	d
	"
	,
	 
	"
	(
	S
	|
	s
	)
	u
	c
	c
	e
	s
	s
	"
	,
	 
	"
	S
	U
	C
	C
	E
	S
	S
	"
	,
	 
	o
	r
	 
	"
	S
	U
	C
	C
	E
	E
	D
	E
	D
	"
	;
	 
	t
	h
	i
	s
	 
	c
	a
	n
	 
	b
	e
	 
	c
	h
	a
	n
	g
	e
	d
	 
	i
	n
	 
	r
	u
	n
	n
	e
	r
	.
	p
	y
	.
- Reference output:
	P
	a
	r
	s
	e
	 
	s
	u
	c
	c
	e
	e
	d
	e
	d
	,
	 
	f
	i
	n
	d
	i
	n
	g
	 
	2
	2
	 
	I
	L
	O
	C
	 
	o
	p
	e
	r
	a
	t
	i
	o
	n
	s
	.
- Your output:
	P
	O
	O
	 
	P
	O
	O
	O
	 
	P
	O
	O
	

	M
	u
	s
	t
	 
	s
	p
	e
	c
	i
	f
	y
	 
	a
	 
	f
	i
	l
	e
	 
	n
	a
	m
	e
	 
	a
	f
	t
	e
	r
	 
	t
	h
	e
	 
	f
	l
	a
	g
	.
❌ /clear/courses/comp412/students/ILOC/contributed/2015/lab3/dh15.i failed!
- Summary:
	Y
	o
	u
	 
	i
	d
	e
	n
	t
	i
	f
	i
	e
	d
	 
	0
	/
	0
	 
	e
	r
	r
	o
	r
	s
	 
	c
	o
	r
	r
	e
	c
	t
	l
	y
	.
	Y
	o
	u
	 
	i
	d
	e
	n
	t
	i
	f
	i
	e
	d
	 
	0
	 
	c
	o
	r
	r
	e
	c
	t
	 
	l
	i
	n
	e
	s
	 
	a
	s
	 
	e
	r
	r
	o
	r
	s
	.
	Y
	o
	u
	 
	d
	o
	 
	n
	o
	t
	 
	h
	a
	v
	e
	 
	a
	 
	s
	u
	c
	c
	e
	s
	s
	 
	m
	e
	s
	s
	a
	g
	e
	 
	w
	h
	i
	l
	e
	 
	t
	h
	e
	 
	r
	e
	f
	e
	r
	e
	n
	c
	e
	 
	d
	o
	e
	s
	.
	N
	O
	T
	E
	:
	 
	Y
	o
	u
	r
	 
	s
	u
	c
	c
	e
	s
	s
	 
	m
	e
	s
	s
	a
	g
	e
	 
	m
	u
	s
	t
	 
	c
	o
	n
	t
	a
	i
	n
	 
	t
	h
	e
	 
	w
	o
	r
	d
	 
	"
	(
	S
	|
	s
	)
	u
	c
	c
	e
	e
	d
	e
	d
	"
	,
	 
	"
	(
	S
	|
	s
	)
	u
	c
	c
	e
	s
	s
	"
	,
	 
	"
	S
	U
	C
	C
	E
	S
	S
	"
	,
	 
	o
	r
	 
	"
	S
	U
	C
	C
	E
	E
	D
	E
	D
	"
	;
	 
	t
	h
	i
	s
	 
	c
	a
	n
	 
	b
	e
	 
	c
	h
	a
	n
	g
	e
	d
	 
	i
	n
	 
	r
	u
	n
	n
	e
	r
	.
	p
	y
	.
- Reference output:
	P
	a
	r
	s
	e
	 
	s
	u
	c
	c
	e
	e
	d
	e
	d
	,
	 
	f
	i
	n
	d
	i
	n
	g
	 
	1
	6
	 
	I
	L
	O
	C
	 
	o
	p
	e
	r
	a
	t
	i
	o
	n
	s
	.
- Your output:
	P
	O
	O
	 
	P
	O
	O
	O
	 
	P
	O
	O
	

	M
	u
	s
	t
	 
	s
	p
	e
	c
	i
	f
	y
	 
	a
	 
	f
	i
	l
	e
	 
	n
	a
	m
	e
	 
	a
	f
	t
	e
	r
	 
	t
	h
	e
	 
	f
	l
	a
	g
	.
❌ /clear/courses/comp412/students/ILOC/contributed/2015/lab3/wl22.i failed!
- Summary:
	Y
	o
	u
	 
	i
	d
	e
	n
	t
	i
	f
	i
	e
	d
	 
	0
	/
	0
	 
	e
	r
	r
	o
	r
	s
	 
	c
	o
	r
	r
	e
	c
	t
	l
	y
	.
	Y
	o
	u
	 
	i
	d
	e
	n
	t
	i
	f
	i
	e
	d
	 
	0
	 
	c
	o
	r
	r
	e
	c
	t
	 
	l
	i
	n
	e
	s
	 
	a
	s
	 
	e
	r
	r
	o
	r
	s
	.
	Y
	o
	u
	 
	d
	o
	 
	n
	o
	t
	 
	h
	a
	v
	e
	 
	a
	 
	s
	u
	c
	c
	e
	s
	s
	 
	m
	e
	s
	s
	a
	g
	e
	 
	w
	h
	i
	l
	e
	 
	t
	h
	e
	 
	r
	e
	f
	e
	r
	e
	n
	c
	e
	 
	d
	o
	e
	s
	.
	N
	O
	T
	E
	:
	 
	Y
	o
	u
	r
	 
	s
	u
	c
	c
	e
	s
	s
	 
	m
	e
	s
	s
	a
	g
	e
	 
	m
	u
	s
	t
	 
	c
	o
	n
	t
	a
	i
	n
	 
	t
	h
	e
	 
	w
	o
	r
	d
	 
	"
	(
	S
	|
	s
	)
	u
	c
	c
	e
	e
	d
	e
	d
	"
	,
	 
	"
	(
	S
	|
	s
	)
	u
	c
	c
	e
	s
	s
	"
	,
	 
	"
	S
	U
	C
	C
	E
	S
	S
	"
	,
	 
	o
	r
	 
	"
	S
	U
	C
	C
	E
	E
	D
	E
	D
	"
	;
	 
	t
	h
	i
	s
	 
	c
	a
	n
	 
	b
	e
	 
	c
	h
	a
	n
	g
	e
	d
	 
	i
	n
	 
	r
	u
	n
	n
	e
	r
	.
	p
	y
	.
- Reference output:
	P
	a
	r
	s
	e
	 
	s
	u
	c
	c
	e
	e
	d
	e
	d
	,
	 
	f
	i
	n
	d
	i
	n
	g
	 
	3
	5
	 
	I
	L
	O
	C
	 
	o
	p
	e
	r
	a
	t
	i
	o
	n
	s
	.
- Your output:
	P
	O
	O
	 
	P
	O
	O
	O
	 
	P
	O
	O
	

	M
	u
	s
	t
	 
	s
	p
	e
	c
	i
	f
	y
	 
	a
	 
	f
	i
	l
	e
	 
	n
	a
	m
	e
	 
	a
	f
	t
	e
	r
	 
	t
	h
	e
	 
	f
	l
	a
	g
	.
❌ /clear/courses/comp412/students/ILOC/contributed/2015/lab3/jnd2.i failed!
- Summary:
	Y
	o
	u
	 
	i
	d
	e
	n
	t
	i
	f
	i
	e
	d
	 
	0
	/
	0
	 
	e
	r
	r
	o
	r
	s
	 
	c
	o
	r
	r
	e
	c
	t
	l
	y
	.
	Y
	o
	u
	 
	i
	d
	e
	n
	t
	i
	f
	i
	e
	d
	 
	0
	 
	c
	o
	r
	r
	e
	c
	t
	 
	l
	i
	n
	e
	s
	 
	a
	s
	 
	e
	r
	r
	o
	r
	s
	.
	Y
	o
	u
	 
	d
	o
	 
	n
	o
	t
	 
	h
	a
	v
	e
	 
	a
	 
	s
	u
	c
	c
	e
	s
	s
	 
	m
	e
	s
	s
	a
	g
	e
	 
	w
	h
	i
	l
	e
	 
	t
	h
	e
	 
	r
	e
	f
	e
	r
	e
	n
	c
	e
	 
	d
	o
	e
	s
	.
	N
	O
	T
	E
	:
	 
	Y
	o
	u
	r
	 
	s
	u
	c
	c
	e
	s
	s
	 
	m
	e
	s
	s
	a
	g
	e
	 
	m
	u
	s
	t
	 
	c
	o
	n
	t
	a
	i
	n
	 
	t
	h
	e
	 
	w
	o
	r
	d
	 
	"
	(
	S
	|
	s
	)
	u
	c
	c
	e
	e
	d
	e
	d
	"
	,
	 
	"
	(
	S
	|
	s
	)
	u
	c
	c
	e
	s
	s
	"
	,
	 
	"
	S
	U
	C
	C
	E
	S
	S
	"
	,
	 
	o
	r
	 
	"
	S
	U
	C
	C
	E
	E
	D
	E
	D
	"
	;
	 
	t
	h
	i
	s
	 
	c
	a
	n
	 
	b
	e
	 
	c
	h
	a
	n
	g
	e
	d
	 
	i
	n
	 
	r
	u
	n
	n
	e
	r
	.
	p
	y
	.
- Reference output:
	P
	a
	r
	s
	e
	 
	s
	u
	c
	c
	e
	e
	d
	e
	d
	,
	 
	f
	i
	n
	d
	i
	n
	g
	 
	2
	0
	 
	I
	L
	O
	C
	 
	o
	p
	e
	r
	a
	t
	i
	o
	n
	s
	.
- Your output:
	P
	O
	O
	 
	P
	O
	O
	O
	 
	P
	O
	O
	

	M
	u
	s
	t
	 
	s
	p
	e
	c
	i
	f
	y
	 
	a
	 
	f
	i
	l
	e
	 
	n
	a
	m
	e
	 
	a
	f
	t
	e
	r
	 
	t
	h
	e
	 
	f
	l
	a
	g
	.
❌ /clear/courses/comp412/students/ILOC/contributed/2015/lab3/kh25.i failed!
- Summary:
	Y
	o
	u
	 
	i
	d
	e
	n
	t
	i
	f
	i
	e
	d
	 
	0
	/
	0
	 
	e
	r
	r
	o
	r
	s
	 
	c
	o
	r
	r
	e
	c
	t
	l
	y
	.
	Y
	o
	u
	 
	i
	d
	e
	n
	t
	i
	f
	i
	e
	d
	 
	0
	 
	c
	o
	r
	r
	e
	c
	t
	 
	l
	i
	n
	e
	s
	 
	a
	s
	 
	e
	r
	r
	o
	r
	s
	.
	Y
	o
	u
	 
	d
	o
	 
	n
	o
	t
	 
	h
	a
	v
	e
	 
	a
	 
	s
	u
	c
	c
	e
	s
	s
	 
	m
	e
	s
	s
	a
	g
	e
	 
	w
	h
	i
	l
	e
	 
	t
	h
	e
	 
	r
	e
	f
	e
	r
	e
	n
	c
	e
	 
	d
	o
	e
	s
	.
	N
	O
	T
	E
	:
	 
	Y
	o
	u
	r
	 
	s
	u
	c
	c
	e
	s
	s
	 
	m
	e
	s
	s
	a
	g
	e
	 
	m
	u
	s
	t
	 
	c
	o
	n
	t
	a
	i
	n
	 
	t
	h
	e
	 
	w
	o
	r
	d
	 
	"
	(
	S
	|
	s
	)
	u
	c
	c
	e
	e
	d
	e
	d
	"
	,
	 
	"
	(
	S
	|
	s
	)
	u
	c
	c
	e
	s
	s
	"
	,
	 
	"
	S
	U
	C
	C
	E
	S
	S
	"
	,
	 
	o
	r
	 
	"
	S
	U
	C
	C
	E
	E
	D
	E
	D
	"
	;
	 
	t
	h
	i
	s
	 
	c
	a
	n
	 
	b
	e
	 
	c
	h
	a
	n
	g
	e
	d
	 
	i
	n
	 
	r
	u
	n
	n
	e
	r
	.
	p
	y
	.
- Reference output:
	P
	a
	r
	s
	e
	 
	s
	u
	c
	c
	e
	e
	d
	e
	d
	,
	 
	f
	i
	n
	d
	i
	n
	g
	 
	3
	7
	 
	I
	L
	O
	C
	 
	o
	p
	e
	r
	a
	t
	i
	o
	n
	s
	.
- Your output:
	P
	O
	O
	 
	P
	O
	O
	O
	 
	P
	O
	O
	

	M
	u
	s
	t
	 
	s
	p
	e
	c
	i
	f
	y
	 
	a
	 
	f
	i
	l
	e
	 
	n
	a
	m
	e
	 
	a
	f
	t
	e
	r
	 
	t
	h
	e
	 
	f
	l
	a
	g
	.
❌ /clear/courses/comp412/students/ILOC/contributed/2015/lab3/med7.i failed!
- Summary:
	Y
	o
	u
	 
	i
	d
	e
	n
	t
	i
	f
	i
	e
	d
	 
	0
	/
	0
	 
	e
	r
	r
	o
	r
	s
	 
	c
	o
	r
	r
	e
	c
	t
	l
	y
	.
	Y
	o
	u
	 
	i
	d
	e
	n
	t
	i
	f
	i
	e
	d
	 
	0
	 
	c
	o
	r
	r
	e
	c
	t
	 
	l
	i
	n
	e
	s
	 
	a
	s
	 
	e
	r
	r
	o
	r
	s
	.
	Y
	o
	u
	 
	d
	o
	 
	n
	o
	t
	 
	h
	a
	v
	e
	 
	a
	 
	s
	u
	c
	c
	e
	s
	s
	 
	m
	e
	s
	s
	a
	g
	e
	 
	w
	h
	i
	l
	e
	 
	t
	h
	e
	 
	r
	e
	f
	e
	r
	e
	n
	c
	e
	 
	d
	o
	e
	s
	.
	N
	O
	T
	E
	:
	 
	Y
	o
	u
	r
	 
	s
	u
	c
	c
	e
	s
	s
	 
	m
	e
	s
	s
	a
	g
	e
	 
	m
	u
	s
	t
	 
	c
	o
	n
	t
	a
	i
	n
	 
	t
	h
	e
	 
	w
	o
	r
	d
	 
	"
	(
	S
	|
	s
	)
	u
	c
	c
	e
	e
	d
	e
	d
	"
	,
	 
	"
	(
	S
	|
	s
	)
	u
	c
	c
	e
	s
	s
	"
	,
	 
	"
	S
	U
	C
	C
	E
	S
	S
	"
	,
	 
	o
	r
	 
	"
	S
	U
	C
	C
	E
	E
	D
	E
	D
	"
	;
	 
	t
	h
	i
	s
	 
	c
	a
	n
	 
	b
	e
	 
	c
	h
	a
	n
	g
	e
	d
	 
	i
	n
	 
	r
	u
	n
	n
	e
	r
	.
	p
	y
	.
- Reference output:
	P
	a
	r
	s
	e
	 
	s
	u
	c
	c
	e
	e
	d
	e
	d
	,
	 
	f
	i
	n
	d
	i
	n
	g
	 
	2
	6
	 
	I
	L
	O
	C
	 
	o
	p
	e
	r
	a
	t
	i
	o
	n
	s
	.
- Your output:
	P
	O
	O
	 
	P
	O
	O
	O
	 
	P
	O
	O
	

	M
	u
	s
	t
	 
	s
	p
	e
	c
	i
	f
	y
	 
	a
	 
	f
	i
	l
	e
	 
	n
	a
	m
	e
	 
	a
	f
	t
	e
	r
	 
	t
	h
	e
	 
	f
	l
	a
	g
	.
❌ /clear/courses/comp412/students/ILOC/contributed/2015/lab3/lh15.i failed!
- Summary:
	Y
	o
	u
	 
	i
	d
	e
	n
	t
	i
	f
	i
	e
	d
	 
	0
	/
	0
	 
	e
	r
	r
	o
	r
	s
	 
	c
	o
	r
	r
	e
	c
	t
	l
	y
	.
	Y
	o
	u
	 
	i
	d
	e
	n
	t
	i
	f
	i
	e
	d
	 
	0
	 
	c
	o
	r
	r
	e
	c
	t
	 
	l
	i
	n
	e
	s
	 
	a
	s
	 
	e
	r
	r
	o
	r
	s
	.
	Y
	o
	u
	 
	d
	o
	 
	n
	o
	t
	 
	h
	a
	v
	e
	 
	a
	 
	s
	u
	c
	c
	e
	s
	s
	 
	m
	e
	s
	s
	a
	g
	e
	 
	w
	h
	i
	l
	e
	 
	t
	h
	e
	 
	r
	e
	f
	e
	r
	e
	n
	c
	e
	 
	d
	o
	e
	s
	.
	N
	O
	T
	E
	:
	 
	Y
	o
	u
	r
	 
	s
	u
	c
	c
	e
	s
	s
	 
	m
	e
	s
	s
	a
	g
	e
	 
	m
	u
	s
	t
	 
	c
	o
	n
	t
	a
	i
	n
	 
	t
	h
	e
	 
	w
	o
	r
	d
	 
	"
	(
	S
	|
	s
	)
	u
	c
	c
	e
	e
	d
	e
	d
	"
	,
	 
	"
	(
	S
	|
	s
	)
	u
	c
	c
	e
	s
	s
	"
	,
	 
	"
	S
	U
	C
	C
	E
	S
	S
	"
	,
	 
	o
	r
	 
	"
	S
	U
	C
	C
	E
	E
	D
	E
	D
	"
	;
	 
	t
	h
	i
	s
	 
	c
	a
	n
	 
	b
	e
	 
	c
	h
	a
	n
	g
	e
	d
	 
	i
	n
	 
	r
	u
	n
	n
	e
	r
	.
	p
	y
	.
- Reference output:
	P
	a
	r
	s
	e
	 
	s
	u
	c
	c
	e
	e
	d
	e
	d
	,
	 
	f
	i
	n
	d
	i
	n
	g
	 
	1
	7
	 
	I
	L
	O
	C
	 
	o
	p
	e
	r
	a
	t
	i
	o
	n
	s
	.
- Your output:
	P
	O
	O
	 
	P
	O
	O
	O
	 
	P
	O
	O
	

	M
	u
	s
	t
	 
	s
	p
	e
	c
	i
	f
	y
	 
	a
	 
	f
	i
	l
	e
	 
	n
	a
	m
	e
	 
	a
	f
	t
	e
	r
	 
	t
	h
	e
	 
	f
	l
	a
	g
	.
❌ /clear/courses/comp412/students/ILOC/contributed/2015/lab3/kws4.i failed!
- Summary:
	Y
	o
	u
	 
	i
	d
	e
	n
	t
	i
	f
	i
	e
	d
	 
	0
	/
	0
	 
	e
	r
	r
	o
	r
	s
	 
	c
	o
	r
	r
	e
	c
	t
	l
	y
	.
	Y
	o
	u
	 
	i
	d
	e
	n
	t
	i
	f
	i
	e
	d
	 
	0
	 
	c
	o
	r
	r
	e
	c
	t
	 
	l
	i
	n
	e
	s
	 
	a
	s
	 
	e
	r
	r
	o
	r
	s
	.
	Y
	o
	u
	 
	d
	o
	 
	n
	o
	t
	 
	h
	a
	v
	e
	 
	a
	 
	s
	u
	c
	c
	e
	s
	s
	 
	m
	e
	s
	s
	a
	g
	e
	 
	w
	h
	i
	l
	e
	 
	t
	h
	e
	 
	r
	e
	f
	e
	r
	e
	n
	c
	e
	 
	d
	o
	e
	s
	.
	N
	O
	T
	E
	:
	 
	Y
	o
	u
	r
	 
	s
	u
	c
	c
	e
	s
	s
	 
	m
	e
	s
	s
	a
	g
	e
	 
	m
	u
	s
	t
	 
	c
	o
	n
	t
	a
	i
	n
	 
	t
	h
	e
	 
	w
	o
	r
	d
	 
	"
	(
	S
	|
	s
	)
	u
	c
	c
	e
	e
	d
	e
	d
	"
	,
	 
	"
	(
	S
	|
	s
	)
	u
	c
	c
	e
	s
	s
	"
	,
	 
	"
	S
	U
	C
	C
	E
	S
	S
	"
	,
	 
	o
	r
	 
	"
	S
	U
	C
	C
	E
	E
	D
	E
	D
	"
	;
	 
	t
	h
	i
	s
	 
	c
	a
	n
	 
	b
	e
	 
	c
	h
	a
	n
	g
	e
	d
	 
	i
	n
	 
	r
	u
	n
	n
	e
	r
	.
	p
	y
	.
- Reference output:
	P
	a
	r
	s
	e
	 
	s
	u
	c
	c
	e
	e
	d
	e
	d
	,
	 
	f
	i
	n
	d
	i
	n
	g
	 
	2
	2
	 
	I
	L
	O
	C
	 
	o
	p
	e
	r
	a
	t
	i
	o
	n
	s
	.
- Your output:
	P
	O
	O
	 
	P
	O
	O
	O
	 
	P
	O
	O
	

	M
	u
	s
	t
	 
	s
	p
	e
	c
	i
	f
	y
	 
	a
	 
	f
	i
	l
	e
	 
	n
	a
	m
	e
	 
	a
	f
	t
	e
	r
	 
	t
	h
	e
	 
	f
	l
	a
	g
	.
❌ /clear/courses/comp412/students/ILOC/contributed/2015/lab3/clf6.i failed!
- Summary:
	Y
	o
	u
	 
	i
	d
	e
	n
	t
	i
	f
	i
	e
	d
	 
	0
	/
	0
	 
	e
	r
	r
	o
	r
	s
	 
	c
	o
	r
	r
	e
	c
	t
	l
	y
	.
	Y
	o
	u
	 
	i
	d
	e
	n
	t
	i
	f
	i
	e
	d
	 
	0
	 
	c
	o
	r
	r
	e
	c
	t
	 
	l
	i
	n
	e
	s
	 
	a
	s
	 
	e
	r
	r
	o
	r
	s
	.
	Y
	o
	u
	 
	d
	o
	 
	n
	o
	t
	 
	h
	a
	v
	e
	 
	a
	 
	s
	u
	c
	c
	e
	s
	s
	 
	m
	e
	s
	s
	a
	g
	e
	 
	w
	h
	i
	l
	e
	 
	t
	h
	e
	 
	r
	e
	f
	e
	r
	e
	n
	c
	e
	 
	d
	o
	e
	s
	.
	N
	O
	T
	E
	:
	 
	Y
	o
	u
	r
	 
	s
	u
	c
	c
	e
	s
	s
	 
	m
	e
	s
	s
	a
	g
	e
	 
	m
	u
	s
	t
	 
	c
	o
	n
	t
	a
	i
	n
	 
	t
	h
	e
	 
	w
	o
	r
	d
	 
	"
	(
	S
	|
	s
	)
	u
	c
	c
	e
	e
	d
	e
	d
	"
	,
	 
	"
	(
	S
	|
	s
	)
	u
	c
	c
	e
	s
	s
	"
	,
	 
	"
	S
	U
	C
	C
	E
	S
	S
	"
	,
	 
	o
	r
	 
	"
	S
	U
	C
	C
	E
	E
	D
	E
	D
	"
	;
	 
	t
	h
	i
	s
	 
	c
	a
	n
	 
	b
	e
	 
	c
	h
	a
	n
	g
	e
	d
	 
	i
	n
	 
	r
	u
	n
	n
	e
	r
	.
	p
	y
	.
- Reference output:
	P
	a
	r
	s
	e
	 
	s
	u
	c
	c
	e
	e
	d
	e
	d
	,
	 
	f
	i
	n
	d
	i
	n
	g
	 
	1
	5
	 
	I
	L
	O
	C
	 
	o
	p
	e
	r
	a
	t
	i
	o
	n
	s
	.
- Your output:
	P
	O
	O
	 
	P
	O
	O
	O
	 
	P
	O
	O
	

	M
	u
	s
	t
	 
	s
	p
	e
	c
	i
	f
	y
	 
	a
	 
	f
	i
	l
	e
	 
	n
	a
	m
	e
	 
	a
	f
	t
	e
	r
	 
	t
	h
	e
	 
	f
	l
	a
	g
	.
❌ /clear/courses/comp412/students/ILOC/contributed/2015/lab3/meh9.i failed!
- Summary:
	Y
	o
	u
	 
	i
	d
	e
	n
	t
	i
	f
	i
	e
	d
	 
	0
	/
	0
	 
	e
	r
	r
	o
	r
	s
	 
	c
	o
	r
	r
	e
	c
	t
	l
	y
	.
	Y
	o
	u
	 
	i
	d
	e
	n
	t
	i
	f
	i
	e
	d
	 
	0
	 
	c
	o
	r
	r
	e
	c
	t
	 
	l
	i
	n
	e
	s
	 
	a
	s
	 
	e
	r
	r
	o
	r
	s
	.
	Y
	o
	u
	 
	d
	o
	 
	n
	o
	t
	 
	h
	a
	v
	e
	 
	a
	 
	s
	u
	c
	c
	e
	s
	s
	 
	m
	e
	s
	s
	a
	g
	e
	 
	w
	h
	i
	l
	e
	 
	t
	h
	e
	 
	r
	e
	f
	e
	r
	e
	n
	c
	e
	 
	d
	o
	e
	s
	.
	N
	O
	T
	E
	:
	 
	Y
	o
	u
	r
	 
	s
	u
	c
	c
	e
	s
	s
	 
	m
	e
	s
	s
	a
	g
	e
	 
	m
	u
	s
	t
	 
	c
	o
	n
	t
	a
	i
	n
	 
	t
	h
	e
	 
	w
	o
	r
	d
	 
	"
	(
	S
	|
	s
	)
	u
	c
	c
	e
	e
	d
	e
	d
	"
	,
	 
	"
	(
	S
	|
	s
	)
	u
	c
	c
	e
	s
	s
	"
	,
	 
	"
	S
	U
	C
	C
	E
	S
	S
	"
	,
	 
	o
	r
	 
	"
	S
	U
	C
	C
	E
	E
	D
	E
	D
	"
	;
	 
	t
	h
	i
	s
	 
	c
	a
	n
	 
	b
	e
	 
	c
	h
	a
	n
	g
	e
	d
	 
	i
	n
	 
	r
	u
	n
	n
	e
	r
	.
	p
	y
	.
- Reference output:
	P
	a
	r
	s
	e
	 
	s
	u
	c
	c
	e
	e
	d
	e
	d
	,
	 
	f
	i
	n
	d
	i
	n
	g
	 
	3
	6
	 
	I
	L
	O
	C
	 
	o
	p
	e
	r
	a
	t
	i
	o
	n
	s
	.
- Your output:
	P
	O
	O
	 
	P
	O
	O
	O
	 
	P
	O
	O
	

	M
	u
	s
	t
	 
	s
	p
	e
	c
	i
	f
	y
	 
	a
	 
	f
	i
	l
	e
	 
	n
	a
	m
	e
	 
	a
	f
	t
	e
	r
	 
	t
	h
	e
	 
	f
	l
	a
	g
	.
❌ /clear/courses/comp412/students/ILOC/contributed/2015/lab3/jml13.i failed!
- Summary:
	Y
	o
	u
	 
	i
	d
	e
	n
	t
	i
	f
	i
	e
	d
	 
	0
	/
	0
	 
	e
	r
	r
	o
	r
	s
	 
	c
	o
	r
	r
	e
	c
	t
	l
	y
	.
	Y
	o
	u
	 
	i
	d
	e
	n
	t
	i
	f
	i
	e
	d
	 
	0
	 
	c
	o
	r
	r
	e
	c
	t
	 
	l
	i
	n
	e
	s
	 
	a
	s
	 
	e
	r
	r
	o
	r
	s
	.
	Y
	o
	u
	 
	d
	o
	 
	n
	o
	t
	 
	h
	a
	v
	e
	 
	a
	 
	s
	u
	c
	c
	e
	s
	s
	 
	m
	e
	s
	s
	a
	g
	e
	 
	w
	h
	i
	l
	e
	 
	t
	h
	e
	 
	r
	e
	f
	e
	r
	e
	n
	c
	e
	 
	d
	o
	e
	s
	.
	N
	O
	T
	E
	:
	 
	Y
	o
	u
	r
	 
	s
	u
	c
	c
	e
	s
	s
	 
	m
	e
	s
	s
	a
	g
	e
	 
	m
	u
	s
	t
	 
	c
	o
	n
	t
	a
	i
	n
	 
	t
	h
	e
	 
	w
	o
	r
	d
	 
	"
	(
	S
	|
	s
	)
	u
	c
	c
	e
	e
	d
	e
	d
	"
	,
	 
	"
	(
	S
	|
	s
	)
	u
	c
	c
	e
	s
	s
	"
	,
	 
	"
	S
	U
	C
	C
	E
	S
	S
	"
	,
	 
	o
	r
	 
	"
	S
	U
	C
	C
	E
	E
	D
	E
	D
	"
	;
	 
	t
	h
	i
	s
	 
	c
	a
	n
	 
	b
	e
	 
	c
	h
	a
	n
	g
	e
	d
	 
	i
	n
	 
	r
	u
	n
	n
	e
	r
	.
	p
	y
	.
- Reference output:
	P
	a
	r
	s
	e
	 
	s
	u
	c
	c
	e
	e
	d
	e
	d
	,
	 
	f
	i
	n
	d
	i
	n
	g
	 
	2
	8
	 
	I
	L
	O
	C
	 
	o
	p
	e
	r
	a
	t
	i
	o
	n
	s
	.
- Your output:
	P
	O
	O
	 
	P
	O
	O
	O
	 
	P
	O
	O
	

	M
	u
	s
	t
	 
	s
	p
	e
	c
	i
	f
	y
	 
	a
	 
	f
	i
	l
	e
	 
	n
	a
	m
	e
	 
	a
	f
	t
	e
	r
	 
	t
	h
	e
	 
	f
	l
	a
	g
	.
❌ /clear/courses/comp412/students/ILOC/contributed/2015/lab3/bsl3.i failed!
- Summary:
	Y
	o
	u
	 
	i
	d
	e
	n
	t
	i
	f
	i
	e
	d
	 
	0
	/
	0
	 
	e
	r
	r
	o
	r
	s
	 
	c
	o
	r
	r
	e
	c
	t
	l
	y
	.
	Y
	o
	u
	 
	i
	d
	e
	n
	t
	i
	f
	i
	e
	d
	 
	0
	 
	c
	o
	r
	r
	e
	c
	t
	 
	l
	i
	n
	e
	s
	 
	a
	s
	 
	e
	r
	r
	o
	r
	s
	.
	Y
	o
	u
	 
	d
	o
	 
	n
	o
	t
	 
	h
	a
	v
	e
	 
	a
	 
	s
	u
	c
	c
	e
	s
	s
	 
	m
	e
	s
	s
	a
	g
	e
	 
	w
	h
	i
	l
	e
	 
	t
	h
	e
	 
	r
	e
	f
	e
	r
	e
	n
	c
	e
	 
	d
	o
	e
	s
	.
	N
	O
	T
	E
	:
	 
	Y
	o
	u
	r
	 
	s
	u
	c
	c
	e
	s
	s
	 
	m
	e
	s
	s
	a
	g
	e
	 
	m
	u
	s
	t
	 
	c
	o
	n
	t
	a
	i
	n
	 
	t
	h
	e
	 
	w
	o
	r
	d
	 
	"
	(
	S
	|
	s
	)
	u
	c
	c
	e
	e
	d
	e
	d
	"
	,
	 
	"
	(
	S
	|
	s
	)
	u
	c
	c
	e
	s
	s
	"
	,
	 
	"
	S
	U
	C
	C
	E
	S
	S
	"
	,
	 
	o
	r
	 
	"
	S
	U
	C
	C
	E
	E
	D
	E
	D
	"
	;
	 
	t
	h
	i
	s
	 
	c
	a
	n
	 
	b
	e
	 
	c
	h
	a
	n
	g
	e
	d
	 
	i
	n
	 
	r
	u
	n
	n
	e
	r
	.
	p
	y
	.
- Reference output:
	P
	a
	r
	s
	e
	 
	s
	u
	c
	c
	e
	e
	d
	e
	d
	,
	 
	f
	i
	n
	d
	i
	n
	g
	 
	4
	5
	 
	I
	L
	O
	C
	 
	o
	p
	e
	r
	a
	t
	i
	o
	n
	s
	.
- Your output:
	P
	O
	O
	 
	P
	O
	O
	O
	 
	P
	O
	O
	

	M
	u
	s
	t
	 
	s
	p
	e
	c
	i
	f
	y
	 
	a
	 
	f
	i
	l
	e
	 
	n
	a
	m
	e
	 
	a
	f
	t
	e
	r
	 
	t
	h
	e
	 
	f
	l
	a
	g
	.
❌ /clear/courses/comp412/students/ILOC/contributed/2015/lab3/pd22.i failed!
- Summary:
	Y
	o
	u
	 
	i
	d
	e
	n
	t
	i
	f
	i
	e
	d
	 
	0
	/
	0
	 
	e
	r
	r
	o
	r
	s
	 
	c
	o
	r
	r
	e
	c
	t
	l
	y
	.
	Y
	o
	u
	 
	i
	d
	e
	n
	t
	i
	f
	i
	e
	d
	 
	0
	 
	c
	o
	r
	r
	e
	c
	t
	 
	l
	i
	n
	e
	s
	 
	a
	s
	 
	e
	r
	r
	o
	r
	s
	.
	Y
	o
	u
	 
	d
	o
	 
	n
	o
	t
	 
	h
	a
	v
	e
	 
	a
	 
	s
	u
	c
	c
	e
	s
	s
	 
	m
	e
	s
	s
	a
	g
	e
	 
	w
	h
	i
	l
	e
	 
	t
	h
	e
	 
	r
	e
	f
	e
	r
	e
	n
	c
	e
	 
	d
	o
	e
	s
	.
	N
	O
	T
	E
	:
	 
	Y
	o
	u
	r
	 
	s
	u
	c
	c
	e
	s
	s
	 
	m
	e
	s
	s
	a
	g
	e
	 
	m
	u
	s
	t
	 
	c
	o
	n
	t
	a
	i
	n
	 
	t
	h
	e
	 
	w
	o
	r
	d
	 
	"
	(
	S
	|
	s
	)
	u
	c
	c
	e
	e
	d
	e
	d
	"
	,
	 
	"
	(
	S
	|
	s
	)
	u
	c
	c
	e
	s
	s
	"
	,
	 
	"
	S
	U
	C
	C
	E
	S
	S
	"
	,
	 
	o
	r
	 
	"
	S
	U
	C
	C
	E
	E
	D
	E
	D
	"
	;
	 
	t
	h
	i
	s
	 
	c
	a
	n
	 
	b
	e
	 
	c
	h
	a
	n
	g
	e
	d
	 
	i
	n
	 
	r
	u
	n
	n
	e
	r
	.
	p
	y
	.
- Reference output:
	P
	a
	r
	s
	e
	 
	s
	u
	c
	c
	e
	e
	d
	e
	d
	,
	 
	f
	i
	n
	d
	i
	n
	g
	 
	1
	6
	 
	I
	L
	O
	C
	 
	o
	p
	e
	r
	a
	t
	i
	o
	n
	s
	.
- Your output:
	P
	O
	O
	 
	P
	O
	O
	O
	 
	P
	O
	O
	

	M
	u
	s
	t
	 
	s
	p
	e
	c
	i
	f
	y
	 
	a
	 
	f
	i
	l
	e
	 
	n
	a
	m
	e
	 
	a
	f
	t
	e
	r
	 
	t
	h
	e
	 
	f
	l
	a
	g
	.
❌ /clear/courses/comp412/students/ILOC/contributed/2015/lab3/pat2.i failed!
- Summary:
	Y
	o
	u
	 
	i
	d
	e
	n
	t
	i
	f
	i
	e
	d
	 
	0
	/
	0
	 
	e
	r
	r
	o
	r
	s
	 
	c
	o
	r
	r
	e
	c
	t
	l
	y
	.
	Y
	o
	u
	 
	i
	d
	e
	n
	t
	i
	f
	i
	e
	d
	 
	0
	 
	c
	o
	r
	r
	e
	c
	t
	 
	l
	i
	n
	e
	s
	 
	a
	s
	 
	e
	r
	r
	o
	r
	s
	.
	Y
	o
	u
	 
	d
	o
	 
	n
	o
	t
	 
	h
	a
	v
	e
	 
	a
	 
	s
	u
	c
	c
	e
	s
	s
	 
	m
	e
	s
	s
	a
	g
	e
	 
	w
	h
	i
	l
	e
	 
	t
	h
	e
	 
	r
	e
	f
	e
	r
	e
	n
	c
	e
	 
	d
	o
	e
	s
	.
	N
	O
	T
	E
	:
	 
	Y
	o
	u
	r
	 
	s
	u
	c
	c
	e
	s
	s
	 
	m
	e
	s
	s
	a
	g
	e
	 
	m
	u
	s
	t
	 
	c
	o
	n
	t
	a
	i
	n
	 
	t
	h
	e
	 
	w
	o
	r
	d
	 
	"
	(
	S
	|
	s
	)
	u
	c
	c
	e
	e
	d
	e
	d
	"
	,
	 
	"
	(
	S
	|
	s
	)
	u
	c
	c
	e
	s
	s
	"
	,
	 
	"
	S
	U
	C
	C
	E
	S
	S
	"
	,
	 
	o
	r
	 
	"
	S
	U
	C
	C
	E
	E
	D
	E
	D
	"
	;
	 
	t
	h
	i
	s
	 
	c
	a
	n
	 
	b
	e
	 
	c
	h
	a
	n
	g
	e
	d
	 
	i
	n
	 
	r
	u
	n
	n
	e
	r
	.
	p
	y
	.
- Reference output:
	P
	a
	r
	s
	e
	 
	s
	u
	c
	c
	e
	e
	d
	e
	d
	,
	 
	f
	i
	n
	d
	i
	n
	g
	 
	2
	2
	 
	I
	L
	O
	C
	 
	o
	p
	e
	r
	a
	t
	i
	o
	n
	s
	.
- Your output:
	P
	O
	O
	 
	P
	O
	O
	O
	 
	P
	O
	O
	

	M
	u
	s
	t
	 
	s
	p
	e
	c
	i
	f
	y
	 
	a
	 
	f
	i
	l
	e
	 
	n
	a
	m
	e
	 
	a
	f
	t
	e
	r
	 
	t
	h
	e
	 
	f
	l
	a
	g
	.
❌ /clear/courses/comp412/students/ILOC/contributed/2015/lab3/arb11.i failed!
- Summary:
	Y
	o
	u
	 
	i
	d
	e
	n
	t
	i
	f
	i
	e
	d
	 
	0
	/
	0
	 
	e
	r
	r
	o
	r
	s
	 
	c
	o
	r
	r
	e
	c
	t
	l
	y
	.
	Y
	o
	u
	 
	i
	d
	e
	n
	t
	i
	f
	i
	e
	d
	 
	0
	 
	c
	o
	r
	r
	e
	c
	t
	 
	l
	i
	n
	e
	s
	 
	a
	s
	 
	e
	r
	r
	o
	r
	s
	.
	Y
	o
	u
	 
	d
	o
	 
	n
	o
	t
	 
	h
	a
	v
	e
	 
	a
	 
	s
	u
	c
	c
	e
	s
	s
	 
	m
	e
	s
	s
	a
	g
	e
	 
	w
	h
	i
	l
	e
	 
	t
	h
	e
	 
	r
	e
	f
	e
	r
	e
	n
	c
	e
	 
	d
	o
	e
	s
	.
	N
	O
	T
	E
	:
	 
	Y
	o
	u
	r
	 
	s
	u
	c
	c
	e
	s
	s
	 
	m
	e
	s
	s
	a
	g
	e
	 
	m
	u
	s
	t
	 
	c
	o
	n
	t
	a
	i
	n
	 
	t
	h
	e
	 
	w
	o
	r
	d
	 
	"
	(
	S
	|
	s
	)
	u
	c
	c
	e
	e
	d
	e
	d
	"
	,
	 
	"
	(
	S
	|
	s
	)
	u
	c
	c
	e
	s
	s
	"
	,
	 
	"
	S
	U
	C
	C
	E
	S
	S
	"
	,
	 
	o
	r
	 
	"
	S
	U
	C
	C
	E
	E
	D
	E
	D
	"
	;
	 
	t
	h
	i
	s
	 
	c
	a
	n
	 
	b
	e
	 
	c
	h
	a
	n
	g
	e
	d
	 
	i
	n
	 
	r
	u
	n
	n
	e
	r
	.
	p
	y
	.
- Reference output:
	P
	a
	r
	s
	e
	 
	s
	u
	c
	c
	e
	e
	d
	e
	d
	,
	 
	f
	i
	n
	d
	i
	n
	g
	 
	3
	1
	 
	I
	L
	O
	C
	 
	o
	p
	e
	r
	a
	t
	i
	o
	n
	s
	.
- Your output:
	P
	O
	O
	 
	P
	O
	O
	O
	 
	P
	O
	O
	

	M
	u
	s
	t
	 
	s
	p
	e
	c
	i
	f
	y
	 
	a
	 
	f
	i
	l
	e
	 
	n
	a
	m
	e
	 
	a
	f
	t
	e
	r
	 
	t
	h
	e
	 
	f
	l
	a
	g
	.
❌ /clear/courses/comp412/students/ILOC/contributed/2015/lab3/jbk2.i failed!
- Summary:
	Y
	o
	u
	 
	i
	d
	e
	n
	t
	i
	f
	i
	e
	d
	 
	0
	/
	0
	 
	e
	r
	r
	o
	r
	s
	 
	c
	o
	r
	r
	e
	c
	t
	l
	y
	.
	Y
	o
	u
	 
	i
	d
	e
	n
	t
	i
	f
	i
	e
	d
	 
	0
	 
	c
	o
	r
	r
	e
	c
	t
	 
	l
	i
	n
	e
	s
	 
	a
	s
	 
	e
	r
	r
	o
	r
	s
	.
	Y
	o
	u
	 
	d
	o
	 
	n
	o
	t
	 
	h
	a
	v
	e
	 
	a
	 
	s
	u
	c
	c
	e
	s
	s
	 
	m
	e
	s
	s
	a
	g
	e
	 
	w
	h
	i
	l
	e
	 
	t
	h
	e
	 
	r
	e
	f
	e
	r
	e
	n
	c
	e
	 
	d
	o
	e
	s
	.
	N
	O
	T
	E
	:
	 
	Y
	o
	u
	r
	 
	s
	u
	c
	c
	e
	s
	s
	 
	m
	e
	s
	s
	a
	g
	e
	 
	m
	u
	s
	t
	 
	c
	o
	n
	t
	a
	i
	n
	 
	t
	h
	e
	 
	w
	o
	r
	d
	 
	"
	(
	S
	|
	s
	)
	u
	c
	c
	e
	e
	d
	e
	d
	"
	,
	 
	"
	(
	S
	|
	s
	)
	u
	c
	c
	e
	s
	s
	"
	,
	 
	"
	S
	U
	C
	C
	E
	S
	S
	"
	,
	 
	o
	r
	 
	"
	S
	U
	C
	C
	E
	E
	D
	E
	D
	"
	;
	 
	t
	h
	i
	s
	 
	c
	a
	n
	 
	b
	e
	 
	c
	h
	a
	n
	g
	e
	d
	 
	i
	n
	 
	r
	u
	n
	n
	e
	r
	.
	p
	y
	.
- Reference output:
	P
	a
	r
	s
	e
	 
	s
	u
	c
	c
	e
	e
	d
	e
	d
	,
	 
	f
	i
	n
	d
	i
	n
	g
	 
	1
	2
	2
	0
	 
	I
	L
	O
	C
	 
	o
	p
	e
	r
	a
	t
	i
	o
	n
	s
	.
- Your output:
	P
	O
	O
	 
	P
	O
	O
	O
	 
	P
	O
	O
	

	M
	u
	s
	t
	 
	s
	p
	e
	c
	i
	f
	y
	 
	a
	 
	f
	i
	l
	e
	 
	n
	a
	m
	e
	 
	a
	f
	t
	e
	r
	 
	t
	h
	e
	 
	f
	l
	a
	g
	.
❌ /clear/courses/comp412/students/ILOC/contributed/2015/lab3/xal1.i failed!
- Summary:
	Y
	o
	u
	 
	i
	d
	e
	n
	t
	i
	f
	i
	e
	d
	 
	0
	/
	0
	 
	e
	r
	r
	o
	r
	s
	 
	c
	o
	r
	r
	e
	c
	t
	l
	y
	.
	Y
	o
	u
	 
	i
	d
	e
	n
	t
	i
	f
	i
	e
	d
	 
	0
	 
	c
	o
	r
	r
	e
	c
	t
	 
	l
	i
	n
	e
	s
	 
	a
	s
	 
	e
	r
	r
	o
	r
	s
	.
	Y
	o
	u
	 
	d
	o
	 
	n
	o
	t
	 
	h
	a
	v
	e
	 
	a
	 
	s
	u
	c
	c
	e
	s
	s
	 
	m
	e
	s
	s
	a
	g
	e
	 
	w
	h
	i
	l
	e
	 
	t
	h
	e
	 
	r
	e
	f
	e
	r
	e
	n
	c
	e
	 
	d
	o
	e
	s
	.
	N
	O
	T
	E
	:
	 
	Y
	o
	u
	r
	 
	s
	u
	c
	c
	e
	s
	s
	 
	m
	e
	s
	s
	a
	g
	e
	 
	m
	u
	s
	t
	 
	c
	o
	n
	t
	a
	i
	n
	 
	t
	h
	e
	 
	w
	o
	r
	d
	 
	"
	(
	S
	|
	s
	)
	u
	c
	c
	e
	e
	d
	e
	d
	"
	,
	 
	"
	(
	S
	|
	s
	)
	u
	c
	c
	e
	s
	s
	"
	,
	 
	"
	S
	U
	C
	C
	E
	S
	S
	"
	,
	 
	o
	r
	 
	"
	S
	U
	C
	C
	E
	E
	D
	E
	D
	"
	;
	 
	t
	h
	i
	s
	 
	c
	a
	n
	 
	b
	e
	 
	c
	h
	a
	n
	g
	e
	d
	 
	i
	n
	 
	r
	u
	n
	n
	e
	r
	.
	p
	y
	.
- Reference output:
	P
	a
	r
	s
	e
	 
	s
	u
	c
	c
	e
	e
	d
	e
	d
	,
	 
	f
	i
	n
	d
	i
	n
	g
	 
	1
	3
	 
	I
	L
	O
	C
	 
	o
	p
	e
	r
	a
	t
	i
	o
	n
	s
	.
- Your output:
	P
	O
	O
	 
	P
	O
	O
	O
	 
	P
	O
	O
	

	M
	u
	s
	t
	 
	s
	p
	e
	c
	i
	f
	y
	 
	a
	 
	f
	i
	l
	e
	 
	n
	a
	m
	e
	 
	a
	f
	t
	e
	r
	 
	t
	h
	e
	 
	f
	l
	a
	g
	.
❌ /clear/courses/comp412/students/ILOC/contributed/2015/lab3/wsb1.i failed!
- Summary:
	Y
	o
	u
	 
	i
	d
	e
	n
	t
	i
	f
	i
	e
	d
	 
	0
	/
	0
	 
	e
	r
	r
	o
	r
	s
	 
	c
	o
	r
	r
	e
	c
	t
	l
	y
	.
	Y
	o
	u
	 
	i
	d
	e
	n
	t
	i
	f
	i
	e
	d
	 
	0
	 
	c
	o
	r
	r
	e
	c
	t
	 
	l
	i
	n
	e
	s
	 
	a
	s
	 
	e
	r
	r
	o
	r
	s
	.
	Y
	o
	u
	 
	d
	o
	 
	n
	o
	t
	 
	h
	a
	v
	e
	 
	a
	 
	s
	u
	c
	c
	e
	s
	s
	 
	m
	e
	s
	s
	a
	g
	e
	 
	w
	h
	i
	l
	e
	 
	t
	h
	e
	 
	r
	e
	f
	e
	r
	e
	n
	c
	e
	 
	d
	o
	e
	s
	.
	N
	O
	T
	E
	:
	 
	Y
	o
	u
	r
	 
	s
	u
	c
	c
	e
	s
	s
	 
	m
	e
	s
	s
	a
	g
	e
	 
	m
	u
	s
	t
	 
	c
	o
	n
	t
	a
	i
	n
	 
	t
	h
	e
	 
	w
	o
	r
	d
	 
	"
	(
	S
	|
	s
	)
	u
	c
	c
	e
	e
	d
	e
	d
	"
	,
	 
	"
	(
	S
	|
	s
	)
	u
	c
	c
	e
	s
	s
	"
	,
	 
	"
	S
	U
	C
	C
	E
	S
	S
	"
	,
	 
	o
	r
	 
	"
	S
	U
	C
	C
	E
	E
	D
	E
	D
	"
	;
	 
	t
	h
	i
	s
	 
	c
	a
	n
	 
	b
	e
	 
	c
	h
	a
	n
	g
	e
	d
	 
	i
	n
	 
	r
	u
	n
	n
	e
	r
	.
	p
	y
	.
- Reference output:
	P
	a
	r
	s
	e
	 
	s
	u
	c
	c
	e
	e
	d
	e
	d
	,
	 
	f
	i
	n
	d
	i
	n
	g
	 
	1
	9
	 
	I
	L
	O
	C
	 
	o
	p
	e
	r
	a
	t
	i
	o
	n
	s
	.
- Your output:
	P
	O
	O
	 
	P
	O
	O
	O
	 
	P
	O
	O
	

	M
	u
	s
	t
	 
	s
	p
	e
	c
	i
	f
	y
	 
	a
	 
	f
	i
	l
	e
	 
	n
	a
	m
	e
	 
	a
	f
	t
	e
	r
	 
	t
	h
	e
	 
	f
	l
	a
	g
	.
❌ /clear/courses/comp412/students/ILOC/contributed/2015/lab3/hz30.i failed!
- Summary:
	Y
	o
	u
	 
	i
	d
	e
	n
	t
	i
	f
	i
	e
	d
	 
	0
	/
	0
	 
	e
	r
	r
	o
	r
	s
	 
	c
	o
	r
	r
	e
	c
	t
	l
	y
	.
	Y
	o
	u
	 
	i
	d
	e
	n
	t
	i
	f
	i
	e
	d
	 
	0
	 
	c
	o
	r
	r
	e
	c
	t
	 
	l
	i
	n
	e
	s
	 
	a
	s
	 
	e
	r
	r
	o
	r
	s
	.
	Y
	o
	u
	 
	d
	o
	 
	n
	o
	t
	 
	h
	a
	v
	e
	 
	a
	 
	s
	u
	c
	c
	e
	s
	s
	 
	m
	e
	s
	s
	a
	g
	e
	 
	w
	h
	i
	l
	e
	 
	t
	h
	e
	 
	r
	e
	f
	e
	r
	e
	n
	c
	e
	 
	d
	o
	e
	s
	.
	N
	O
	T
	E
	:
	 
	Y
	o
	u
	r
	 
	s
	u
	c
	c
	e
	s
	s
	 
	m
	e
	s
	s
	a
	g
	e
	 
	m
	u
	s
	t
	 
	c
	o
	n
	t
	a
	i
	n
	 
	t
	h
	e
	 
	w
	o
	r
	d
	 
	"
	(
	S
	|
	s
	)
	u
	c
	c
	e
	e
	d
	e
	d
	"
	,
	 
	"
	(
	S
	|
	s
	)
	u
	c
	c
	e
	s
	s
	"
	,
	 
	"
	S
	U
	C
	C
	E
	S
	S
	"
	,
	 
	o
	r
	 
	"
	S
	U
	C
	C
	E
	E
	D
	E
	D
	"
	;
	 
	t
	h
	i
	s
	 
	c
	a
	n
	 
	b
	e
	 
	c
	h
	a
	n
	g
	e
	d
	 
	i
	n
	 
	r
	u
	n
	n
	e
	r
	.
	p
	y
	.
- Reference output:
	P
	a
	r
	s
	e
	 
	s
	u
	c
	c
	e
	e
	d
	e
	d
	,
	 
	f
	i
	n
	d
	i
	n
	g
	 
	2
	6
	 
	I
	L
	O
	C
	 
	o
	p
	e
	r
	a
	t
	i
	o
	n
	s
	.
- Your output:
	P
	O
	O
	 
	P
	O
	O
	O
	 
	P
	O
	O
	

	M
	u
	s
	t
	 
	s
	p
	e
	c
	i
	f
	y
	 
	a
	 
	f
	i
	l
	e
	 
	n
	a
	m
	e
	 
	a
	f
	t
	e
	r
	 
	t
	h
	e
	 
	f
	l
	a
	g
	.
❌ /clear/courses/comp412/students/ILOC/contributed/2015/lab3/wcr1.i failed!
- Summary:
	Y
	o
	u
	 
	i
	d
	e
	n
	t
	i
	f
	i
	e
	d
	 
	0
	/
	0
	 
	e
	r
	r
	o
	r
	s
	 
	c
	o
	r
	r
	e
	c
	t
	l
	y
	.
	Y
	o
	u
	 
	i
	d
	e
	n
	t
	i
	f
	i
	e
	d
	 
	0
	 
	c
	o
	r
	r
	e
	c
	t
	 
	l
	i
	n
	e
	s
	 
	a
	s
	 
	e
	r
	r
	o
	r
	s
	.
	Y
	o
	u
	 
	d
	o
	 
	n
	o
	t
	 
	h
	a
	v
	e
	 
	a
	 
	s
	u
	c
	c
	e
	s
	s
	 
	m
	e
	s
	s
	a
	g
	e
	 
	w
	h
	i
	l
	e
	 
	t
	h
	e
	 
	r
	e
	f
	e
	r
	e
	n
	c
	e
	 
	d
	o
	e
	s
	.
	N
	O
	T
	E
	:
	 
	Y
	o
	u
	r
	 
	s
	u
	c
	c
	e
	s
	s
	 
	m
	e
	s
	s
	a
	g
	e
	 
	m
	u
	s
	t
	 
	c
	o
	n
	t
	a
	i
	n
	 
	t
	h
	e
	 
	w
	o
	r
	d
	 
	"
	(
	S
	|
	s
	)
	u
	c
	c
	e
	e
	d
	e
	d
	"
	,
	 
	"
	(
	S
	|
	s
	)
	u
	c
	c
	e
	s
	s
	"
	,
	 
	"
	S
	U
	C
	C
	E
	S
	S
	"
	,
	 
	o
	r
	 
	"
	S
	U
	C
	C
	E
	E
	D
	E
	D
	"
	;
	 
	t
	h
	i
	s
	 
	c
	a
	n
	 
	b
	e
	 
	c
	h
	a
	n
	g
	e
	d
	 
	i
	n
	 
	r
	u
	n
	n
	e
	r
	.
	p
	y
	.
- Reference output:
	P
	a
	r
	s
	e
	 
	s
	u
	c
	c
	e
	e
	d
	e
	d
	,
	 
	f
	i
	n
	d
	i
	n
	g
	 
	2
	4
	 
	I
	L
	O
	C
	 
	o
	p
	e
	r
	a
	t
	i
	o
	n
	s
	.
- Your output:
	P
	O
	O
	 
	P
	O
	O
	O
	 
	P
	O
	O
	

	M
	u
	s
	t
	 
	s
	p
	e
	c
	i
	f
	y
	 
	a
	 
	f
	i
	l
	e
	 
	n
	a
	m
	e
	 
	a
	f
	t
	e
	r
	 
	t
	h
	e
	 
	f
	l
	a
	g
	.
❌ /clear/courses/comp412/students/ILOC/contributed/2015/lab3/yz75.i failed!
- Summary:
	Y
	o
	u
	 
	i
	d
	e
	n
	t
	i
	f
	i
	e
	d
	 
	0
	/
	0
	 
	e
	r
	r
	o
	r
	s
	 
	c
	o
	r
	r
	e
	c
	t
	l
	y
	.
	Y
	o
	u
	 
	i
	d
	e
	n
	t
	i
	f
	i
	e
	d
	 
	0
	 
	c
	o
	r
	r
	e
	c
	t
	 
	l
	i
	n
	e
	s
	 
	a
	s
	 
	e
	r
	r
	o
	r
	s
	.
	Y
	o
	u
	 
	d
	o
	 
	n
	o
	t
	 
	h
	a
	v
	e
	 
	a
	 
	s
	u
	c
	c
	e
	s
	s
	 
	m
	e
	s
	s
	a
	g
	e
	 
	w
	h
	i
	l
	e
	 
	t
	h
	e
	 
	r
	e
	f
	e
	r
	e
	n
	c
	e
	 
	d
	o
	e
	s
	.
	N
	O
	T
	E
	:
	 
	Y
	o
	u
	r
	 
	s
	u
	c
	c
	e
	s
	s
	 
	m
	e
	s
	s
	a
	g
	e
	 
	m
	u
	s
	t
	 
	c
	o
	n
	t
	a
	i
	n
	 
	t
	h
	e
	 
	w
	o
	r
	d
	 
	"
	(
	S
	|
	s
	)
	u
	c
	c
	e
	e
	d
	e
	d
	"
	,
	 
	"
	(
	S
	|
	s
	)
	u
	c
	c
	e
	s
	s
	"
	,
	 
	"
	S
	U
	C
	C
	E
	S
	S
	"
	,
	 
	o
	r
	 
	"
	S
	U
	C
	C
	E
	E
	D
	E
	D
	"
	;
	 
	t
	h
	i
	s
	 
	c
	a
	n
	 
	b
	e
	 
	c
	h
	a
	n
	g
	e
	d
	 
	i
	n
	 
	r
	u
	n
	n
	e
	r
	.
	p
	y
	.
- Reference output:
	P
	a
	r
	s
	e
	 
	s
	u
	c
	c
	e
	e
	d
	e
	d
	,
	 
	f
	i
	n
	d
	i
	n
	g
	 
	2
	9
	 
	I
	L
	O
	C
	 
	o
	p
	e
	r
	a
	t
	i
	o
	n
	s
	.
- Your output:
	P
	O
	O
	 
	P
	O
	O
	O
	 
	P
	O
	O
	

	M
	u
	s
	t
	 
	s
	p
	e
	c
	i
	f
	y
	 
	a
	 
	f
	i
	l
	e
	 
	n
	a
	m
	e
	 
	a
	f
	t
	e
	r
	 
	t
	h
	e
	 
	f
	l
	a
	g
	.
❌ /clear/courses/comp412/students/ILOC/contributed/2015/lab3/njm3.i failed!
- Summary:
	Y
	o
	u
	 
	i
	d
	e
	n
	t
	i
	f
	i
	e
	d
	 
	0
	/
	0
	 
	e
	r
	r
	o
	r
	s
	 
	c
	o
	r
	r
	e
	c
	t
	l
	y
	.
	Y
	o
	u
	 
	i
	d
	e
	n
	t
	i
	f
	i
	e
	d
	 
	0
	 
	c
	o
	r
	r
	e
	c
	t
	 
	l
	i
	n
	e
	s
	 
	a
	s
	 
	e
	r
	r
	o
	r
	s
	.
	Y
	o
	u
	 
	d
	o
	 
	n
	o
	t
	 
	h
	a
	v
	e
	 
	a
	 
	s
	u
	c
	c
	e
	s
	s
	 
	m
	e
	s
	s
	a
	g
	e
	 
	w
	h
	i
	l
	e
	 
	t
	h
	e
	 
	r
	e
	f
	e
	r
	e
	n
	c
	e
	 
	d
	o
	e
	s
	.
	N
	O
	T
	E
	:
	 
	Y
	o
	u
	r
	 
	s
	u
	c
	c
	e
	s
	s
	 
	m
	e
	s
	s
	a
	g
	e
	 
	m
	u
	s
	t
	 
	c
	o
	n
	t
	a
	i
	n
	 
	t
	h
	e
	 
	w
	o
	r
	d
	 
	"
	(
	S
	|
	s
	)
	u
	c
	c
	e
	e
	d
	e
	d
	"
	,
	 
	"
	(
	S
	|
	s
	)
	u
	c
	c
	e
	s
	s
	"
	,
	 
	"
	S
	U
	C
	C
	E
	S
	S
	"
	,
	 
	o
	r
	 
	"
	S
	U
	C
	C
	E
	E
	D
	E
	D
	"
	;
	 
	t
	h
	i
	s
	 
	c
	a
	n
	 
	b
	e
	 
	c
	h
	a
	n
	g
	e
	d
	 
	i
	n
	 
	r
	u
	n
	n
	e
	r
	.
	p
	y
	.
- Reference output:
	P
	a
	r
	s
	e
	 
	s
	u
	c
	c
	e
	e
	d
	e
	d
	,
	 
	f
	i
	n
	d
	i
	n
	g
	 
	7
	7
	 
	I
	L
	O
	C
	 
	o
	p
	e
	r
	a
	t
	i
	o
	n
	s
	.
- Your output:
	P
	O
	O
	 
	P
	O
	O
	O
	 
	P
	O
	O
	

	M
	u
	s
	t
	 
	s
	p
	e
	c
	i
	f
	y
	 
	a
	 
	f
	i
	l
	e
	 
	n
	a
	m
	e
	 
	a
	f
	t
	e
	r
	 
	t
	h
	e
	 
	f
	l
	a
	g
	.
❌ /clear/courses/comp412/students/ILOC/contributed/2015/lab3/xc12.i failed!
- Summary:
	Y
	o
	u
	 
	i
	d
	e
	n
	t
	i
	f
	i
	e
	d
	 
	0
	/
	0
	 
	e
	r
	r
	o
	r
	s
	 
	c
	o
	r
	r
	e
	c
	t
	l
	y
	.
	Y
	o
	u
	 
	i
	d
	e
	n
	t
	i
	f
	i
	e
	d
	 
	0
	 
	c
	o
	r
	r
	e
	c
	t
	 
	l
	i
	n
	e
	s
	 
	a
	s
	 
	e
	r
	r
	o
	r
	s
	.
	Y
	o
	u
	 
	d
	o
	 
	n
	o
	t
	 
	h
	a
	v
	e
	 
	a
	 
	s
	u
	c
	c
	e
	s
	s
	 
	m
	e
	s
	s
	a
	g
	e
	 
	w
	h
	i
	l
	e
	 
	t
	h
	e
	 
	r
	e
	f
	e
	r
	e
	n
	c
	e
	 
	d
	o
	e
	s
	.
	N
	O
	T
	E
	:
	 
	Y
	o
	u
	r
	 
	s
	u
	c
	c
	e
	s
	s
	 
	m
	e
	s
	s
	a
	g
	e
	 
	m
	u
	s
	t
	 
	c
	o
	n
	t
	a
	i
	n
	 
	t
	h
	e
	 
	w
	o
	r
	d
	 
	"
	(
	S
	|
	s
	)
	u
	c
	c
	e
	e
	d
	e
	d
	"
	,
	 
	"
	(
	S
	|
	s
	)
	u
	c
	c
	e
	s
	s
	"
	,
	 
	"
	S
	U
	C
	C
	E
	S
	S
	"
	,
	 
	o
	r
	 
	"
	S
	U
	C
	C
	E
	E
	D
	E
	D
	"
	;
	 
	t
	h
	i
	s
	 
	c
	a
	n
	 
	b
	e
	 
	c
	h
	a
	n
	g
	e
	d
	 
	i
	n
	 
	r
	u
	n
	n
	e
	r
	.
	p
	y
	.
- Reference output:
	P
	a
	r
	s
	e
	 
	s
	u
	c
	c
	e
	e
	d
	e
	d
	,
	 
	f
	i
	n
	d
	i
	n
	g
	 
	1
	8
	 
	I
	L
	O
	C
	 
	o
	p
	e
	r
	a
	t
	i
	o
	n
	s
	.
- Your output:
	P
	O
	O
	 
	P
	O
	O
	O
	 
	P
	O
	O
	

	M
	u
	s
	t
	 
	s
	p
	e
	c
	i
	f
	y
	 
	a
	 
	f
	i
	l
	e
	 
	n
	a
	m
	e
	 
	a
	f
	t
	e
	r
	 
	t
	h
	e
	 
	f
	l
	a
	g
	.
❌ /clear/courses/comp412/students/ILOC/contributed/2015/lab3/ish1.i failed!
- Summary:
	Y
	o
	u
	 
	i
	d
	e
	n
	t
	i
	f
	i
	e
	d
	 
	0
	/
	0
	 
	e
	r
	r
	o
	r
	s
	 
	c
	o
	r
	r
	e
	c
	t
	l
	y
	.
	Y
	o
	u
	 
	i
	d
	e
	n
	t
	i
	f
	i
	e
	d
	 
	0
	 
	c
	o
	r
	r
	e
	c
	t
	 
	l
	i
	n
	e
	s
	 
	a
	s
	 
	e
	r
	r
	o
	r
	s
	.
	Y
	o
	u
	 
	d
	o
	 
	n
	o
	t
	 
	h
	a
	v
	e
	 
	a
	 
	s
	u
	c
	c
	e
	s
	s
	 
	m
	e
	s
	s
	a
	g
	e
	 
	w
	h
	i
	l
	e
	 
	t
	h
	e
	 
	r
	e
	f
	e
	r
	e
	n
	c
	e
	 
	d
	o
	e
	s
	.
	N
	O
	T
	E
	:
	 
	Y
	o
	u
	r
	 
	s
	u
	c
	c
	e
	s
	s
	 
	m
	e
	s
	s
	a
	g
	e
	 
	m
	u
	s
	t
	 
	c
	o
	n
	t
	a
	i
	n
	 
	t
	h
	e
	 
	w
	o
	r
	d
	 
	"
	(
	S
	|
	s
	)
	u
	c
	c
	e
	e
	d
	e
	d
	"
	,
	 
	"
	(
	S
	|
	s
	)
	u
	c
	c
	e
	s
	s
	"
	,
	 
	"
	S
	U
	C
	C
	E
	S
	S
	"
	,
	 
	o
	r
	 
	"
	S
	U
	C
	C
	E
	E
	D
	E
	D
	"
	;
	 
	t
	h
	i
	s
	 
	c
	a
	n
	 
	b
	e
	 
	c
	h
	a
	n
	g
	e
	d
	 
	i
	n
	 
	r
	u
	n
	n
	e
	r
	.
	p
	y
	.
- Reference output:
	P
	a
	r
	s
	e
	 
	s
	u
	c
	c
	e
	e
	d
	e
	d
	,
	 
	f
	i
	n
	d
	i
	n
	g
	 
	3
	9
	 
	I
	L
	O
	C
	 
	o
	p
	e
	r
	a
	t
	i
	o
	n
	s
	.
- Your output:
	P
	O
	O
	 
	P
	O
	O
	O
	 
	P
	O
	O
	

	M
	u
	s
	t
	 
	s
	p
	e
	c
	i
	f
	y
	 
	a
	 
	f
	i
	l
	e
	 
	n
	a
	m
	e
	 
	a
	f
	t
	e
	r
	 
	t
	h
	e
	 
	f
	l
	a
	g
	.
❌ /clear/courses/comp412/students/ILOC/contributed/2015/lab3/kl33.i failed!
- Summary:
	Y
	o
	u
	 
	i
	d
	e
	n
	t
	i
	f
	i
	e
	d
	 
	0
	/
	0
	 
	e
	r
	r
	o
	r
	s
	 
	c
	o
	r
	r
	e
	c
	t
	l
	y
	.
	Y
	o
	u
	 
	i
	d
	e
	n
	t
	i
	f
	i
	e
	d
	 
	0
	 
	c
	o
	r
	r
	e
	c
	t
	 
	l
	i
	n
	e
	s
	 
	a
	s
	 
	e
	r
	r
	o
	r
	s
	.
	Y
	o
	u
	 
	d
	o
	 
	n
	o
	t
	 
	h
	a
	v
	e
	 
	a
	 
	s
	u
	c
	c
	e
	s
	s
	 
	m
	e
	s
	s
	a
	g
	e
	 
	w
	h
	i
	l
	e
	 
	t
	h
	e
	 
	r
	e
	f
	e
	r
	e
	n
	c
	e
	 
	d
	o
	e
	s
	.
	N
	O
	T
	E
	:
	 
	Y
	o
	u
	r
	 
	s
	u
	c
	c
	e
	s
	s
	 
	m
	e
	s
	s
	a
	g
	e
	 
	m
	u
	s
	t
	 
	c
	o
	n
	t
	a
	i
	n
	 
	t
	h
	e
	 
	w
	o
	r
	d
	 
	"
	(
	S
	|
	s
	)
	u
	c
	c
	e
	e
	d
	e
	d
	"
	,
	 
	"
	(
	S
	|
	s
	)
	u
	c
	c
	e
	s
	s
	"
	,
	 
	"
	S
	U
	C
	C
	E
	S
	S
	"
	,
	 
	o
	r
	 
	"
	S
	U
	C
	C
	E
	E
	D
	E
	D
	"
	;
	 
	t
	h
	i
	s
	 
	c
	a
	n
	 
	b
	e
	 
	c
	h
	a
	n
	g
	e
	d
	 
	i
	n
	 
	r
	u
	n
	n
	e
	r
	.
	p
	y
	.
- Reference output:
	P
	a
	r
	s
	e
	 
	s
	u
	c
	c
	e
	e
	d
	e
	d
	,
	 
	f
	i
	n
	d
	i
	n
	g
	 
	3
	0
	 
	I
	L
	O
	C
	 
	o
	p
	e
	r
	a
	t
	i
	o
	n
	s
	.
- Your output:
	P
	O
	O
	 
	P
	O
	O
	O
	 
	P
	O
	O
	

	M
	u
	s
	t
	 
	s
	p
	e
	c
	i
	f
	y
	 
	a
	 
	f
	i
	l
	e
	 
	n
	a
	m
	e
	 
	a
	f
	t
	e
	r
	 
	t
	h
	e
	 
	f
	l
	a
	g
	.
❌ /clear/courses/comp412/students/ILOC/contributed/2015/lab3/skn2.i failed!
- Summary:
	Y
	o
	u
	 
	i
	d
	e
	n
	t
	i
	f
	i
	e
	d
	 
	0
	/
	0
	 
	e
	r
	r
	o
	r
	s
	 
	c
	o
	r
	r
	e
	c
	t
	l
	y
	.
	Y
	o
	u
	 
	i
	d
	e
	n
	t
	i
	f
	i
	e
	d
	 
	0
	 
	c
	o
	r
	r
	e
	c
	t
	 
	l
	i
	n
	e
	s
	 
	a
	s
	 
	e
	r
	r
	o
	r
	s
	.
	Y
	o
	u
	 
	d
	o
	 
	n
	o
	t
	 
	h
	a
	v
	e
	 
	a
	 
	s
	u
	c
	c
	e
	s
	s
	 
	m
	e
	s
	s
	a
	g
	e
	 
	w
	h
	i
	l
	e
	 
	t
	h
	e
	 
	r
	e
	f
	e
	r
	e
	n
	c
	e
	 
	d
	o
	e
	s
	.
	N
	O
	T
	E
	:
	 
	Y
	o
	u
	r
	 
	s
	u
	c
	c
	e
	s
	s
	 
	m
	e
	s
	s
	a
	g
	e
	 
	m
	u
	s
	t
	 
	c
	o
	n
	t
	a
	i
	n
	 
	t
	h
	e
	 
	w
	o
	r
	d
	 
	"
	(
	S
	|
	s
	)
	u
	c
	c
	e
	e
	d
	e
	d
	"
	,
	 
	"
	(
	S
	|
	s
	)
	u
	c
	c
	e
	s
	s
	"
	,
	 
	"
	S
	U
	C
	C
	E
	S
	S
	"
	,
	 
	o
	r
	 
	"
	S
	U
	C
	C
	E
	E
	D
	E
	D
	"
	;
	 
	t
	h
	i
	s
	 
	c
	a
	n
	 
	b
	e
	 
	c
	h
	a
	n
	g
	e
	d
	 
	i
	n
	 
	r
	u
	n
	n
	e
	r
	.
	p
	y
	.
- Reference output:
	P
	a
	r
	s
	e
	 
	s
	u
	c
	c
	e
	e
	d
	e
	d
	,
	 
	f
	i
	n
	d
	i
	n
	g
	 
	3
	3
	 
	I
	L
	O
	C
	 
	o
	p
	e
	r
	a
	t
	i
	o
	n
	s
	.
- Your output:
	P
	O
	O
	 
	P
	O
	O
	O
	 
	P
	O
	O
	

	M
	u
	s
	t
	 
	s
	p
	e
	c
	i
	f
	y
	 
	a
	 
	f
	i
	l
	e
	 
	n
	a
	m
	e
	 
	a
	f
	t
	e
	r
	 
	t
	h
	e
	 
	f
	l
	a
	g
	.
❌ /clear/courses/comp412/students/ILOC/contributed/2015/lab3/ktr2.i failed!
- Summary:
	Y
	o
	u
	 
	i
	d
	e
	n
	t
	i
	f
	i
	e
	d
	 
	0
	/
	0
	 
	e
	r
	r
	o
	r
	s
	 
	c
	o
	r
	r
	e
	c
	t
	l
	y
	.
	Y
	o
	u
	 
	i
	d
	e
	n
	t
	i
	f
	i
	e
	d
	 
	0
	 
	c
	o
	r
	r
	e
	c
	t
	 
	l
	i
	n
	e
	s
	 
	a
	s
	 
	e
	r
	r
	o
	r
	s
	.
	Y
	o
	u
	 
	d
	o
	 
	n
	o
	t
	 
	h
	a
	v
	e
	 
	a
	 
	s
	u
	c
	c
	e
	s
	s
	 
	m
	e
	s
	s
	a
	g
	e
	 
	w
	h
	i
	l
	e
	 
	t
	h
	e
	 
	r
	e
	f
	e
	r
	e
	n
	c
	e
	 
	d
	o
	e
	s
	.
	N
	O
	T
	E
	:
	 
	Y
	o
	u
	r
	 
	s
	u
	c
	c
	e
	s
	s
	 
	m
	e
	s
	s
	a
	g
	e
	 
	m
	u
	s
	t
	 
	c
	o
	n
	t
	a
	i
	n
	 
	t
	h
	e
	 
	w
	o
	r
	d
	 
	"
	(
	S
	|
	s
	)
	u
	c
	c
	e
	e
	d
	e
	d
	"
	,
	 
	"
	(
	S
	|
	s
	)
	u
	c
	c
	e
	s
	s
	"
	,
	 
	"
	S
	U
	C
	C
	E
	S
	S
	"
	,
	 
	o
	r
	 
	"
	S
	U
	C
	C
	E
	E
	D
	E
	D
	"
	;
	 
	t
	h
	i
	s
	 
	c
	a
	n
	 
	b
	e
	 
	c
	h
	a
	n
	g
	e
	d
	 
	i
	n
	 
	r
	u
	n
	n
	e
	r
	.
	p
	y
	.
- Reference output:
	P
	a
	r
	s
	e
	 
	s
	u
	c
	c
	e
	e
	d
	e
	d
	,
	 
	f
	i
	n
	d
	i
	n
	g
	 
	1
	0
	 
	I
	L
	O
	C
	 
	o
	p
	e
	r
	a
	t
	i
	o
	n
	s
	.
- Your output:
	P
	O
	O
	 
	P
	O
	O
	O
	 
	P
	O
	O
	

	M
	u
	s
	t
	 
	s
	p
	e
	c
	i
	f
	y
	 
	a
	 
	f
	i
	l
	e
	 
	n
	a
	m
	e
	 
	a
	f
	t
	e
	r
	 
	t
	h
	e
	 
	f
	l
	a
	g
	.
❌ /clear/courses/comp412/students/ILOC/contributed/2015/lab3/lss4.i failed!
- Summary:
	Y
	o
	u
	 
	i
	d
	e
	n
	t
	i
	f
	i
	e
	d
	 
	0
	/
	0
	 
	e
	r
	r
	o
	r
	s
	 
	c
	o
	r
	r
	e
	c
	t
	l
	y
	.
	Y
	o
	u
	 
	i
	d
	e
	n
	t
	i
	f
	i
	e
	d
	 
	0
	 
	c
	o
	r
	r
	e
	c
	t
	 
	l
	i
	n
	e
	s
	 
	a
	s
	 
	e
	r
	r
	o
	r
	s
	.
	Y
	o
	u
	 
	d
	o
	 
	n
	o
	t
	 
	h
	a
	v
	e
	 
	a
	 
	s
	u
	c
	c
	e
	s
	s
	 
	m
	e
	s
	s
	a
	g
	e
	 
	w
	h
	i
	l
	e
	 
	t
	h
	e
	 
	r
	e
	f
	e
	r
	e
	n
	c
	e
	 
	d
	o
	e
	s
	.
	N
	O
	T
	E
	:
	 
	Y
	o
	u
	r
	 
	s
	u
	c
	c
	e
	s
	s
	 
	m
	e
	s
	s
	a
	g
	e
	 
	m
	u
	s
	t
	 
	c
	o
	n
	t
	a
	i
	n
	 
	t
	h
	e
	 
	w
	o
	r
	d
	 
	"
	(
	S
	|
	s
	)
	u
	c
	c
	e
	e
	d
	e
	d
	"
	,
	 
	"
	(
	S
	|
	s
	)
	u
	c
	c
	e
	s
	s
	"
	,
	 
	"
	S
	U
	C
	C
	E
	S
	S
	"
	,
	 
	o
	r
	 
	"
	S
	U
	C
	C
	E
	E
	D
	E
	D
	"
	;
	 
	t
	h
	i
	s
	 
	c
	a
	n
	 
	b
	e
	 
	c
	h
	a
	n
	g
	e
	d
	 
	i
	n
	 
	r
	u
	n
	n
	e
	r
	.
	p
	y
	.
- Reference output:
	P
	a
	r
	s
	e
	 
	s
	u
	c
	c
	e
	e
	d
	e
	d
	,
	 
	f
	i
	n
	d
	i
	n
	g
	 
	2
	5
	 
	I
	L
	O
	C
	 
	o
	p
	e
	r
	a
	t
	i
	o
	n
	s
	.
- Your output:
	P
	O
	O
	 
	P
	O
	O
	O
	 
	P
	O
	O
	

	M
	u
	s
	t
	 
	s
	p
	e
	c
	i
	f
	y
	 
	a
	 
	f
	i
	l
	e
	 
	n
	a
	m
	e
	 
	a
	f
	t
	e
	r
	 
	t
	h
	e
	 
	f
	l
	a
	g
	.
----------------------------------------------------------------------
